******************************************************************************
                  TI ARM Linker PC v20.2.7                     
******************************************************************************
>> Linked Thu Oct 26 10:10:09 2023

OUTPUT FILE NAME:   <MDE_UART_CCS.out>
ENTRY POINT SYMBOL: "_c_int00_noargs"  address: 000083b9


MEMORY CONFIGURATION

         name            origin    length      used     unused   attr    fill
----------------------  --------  ---------  --------  --------  ----  --------
  FLASH                 00000000   00040000  00008dd6  0003722a  R  X
  SRAM                  20000000   00008000  00004501  00003aff  RW X


SEGMENT ALLOCATION MAP

run origin  load origin   length   init length attrs members
----------  ----------- ---------- ----------- ----- -------
00000000    00000000    00008dd8   00008dd8    r-x
  00000000    00000000    0000026c   0000026c    r-- .intvecs
  0000026c    0000026c    00008326   00008326    r-x .text
  00008594    00008594    000007ec   000007ec    r-- .const
  00008d80    00008d80    00000058   00000058    r-- .cinit
20000000    20000000    00004508   00000000    rw-
  20000000    20000000    0000026c   00000000    rw- .vtable
  20000270    20000270    00004000   00000000    rw- .sysmem
  20004270    20004270    00000200   00000000    rw- .stack
  20004470    20004470    00000065   00000000    rw- .bss
  200044d8    200044d8    00000030   00000000    rw- .data


SECTION ALLOCATION MAP

 output                                  attributes/
section   page    origin      length       input sections
--------  ----  ----------  ----------   ----------------
.intvecs   0    00000000    0000026c     
                  00000000    0000026c     tm4c123gh6pm_startup_ccs.obj (.intvecs)

.text      0    0000026c    00008326     
                  0000026c    000019d0     devtools.obj (.text)
                  00001c3c    00000f80     sysctl.obj (.text)
                  00002bbc    00000b94     gpio.obj (.text)
                  00003750    00000a4e     rtsv7M4_T_le_v4SPD16_eabi.lib : _printfi.c.obj (.text:__TI_printfi)
                  0000419e    00000002                                   : _lock.c.obj (.text:_nop)
                  000041a0    00000642     timer.obj (.text)
                  000047e2    00000002     rtsv7M4_T_le_v4SPD16_eabi.lib : div0.asm.obj (.text)
                  000047e4    0000062e     uart.obj (.text)
                  00004e12    00000002     --HOLE-- [fill = 0]
                  00004e14    000004e8     FLASHfunc.obj (.text)
                  000052fc    000003c0     interrupt.obj (.text)
                  000056bc    00000358     MRAMfunc.obj (.text)
                  00005a14    00000336     ssi.obj (.text)
                  00005d4a    00000002     --HOLE-- [fill = 0]
                  00005d4c    0000028c     FRAMfunc.obj (.text)
                  00005fd8    00000270     rtsv7M4_T_le_v4SPD16_eabi.lib : _printfi.c.obj (.text:_pconv_a)
                  00006248    00000214     main.obj (.text)
                  0000645c    000001d8     SRAMfunc.obj (.text)
                  00006634    000001d0     rtsv7M4_T_le_v4SPD16_eabi.lib : _printfi.c.obj (.text:_pconv_g)
                  00006804    000001b8     bit_errors.obj (.text)
                  000069bc    000001b6     rtsv7M4_T_le_v4SPD16_eabi.lib : fd_add_t2.asm.obj (.text)
                  00006b72    00000002     --HOLE-- [fill = 0]
                  00006b74    000001ac     mde.obj (.text)
                  00006d20    000001a8     multiplexer.obj (.text)
                  00006ec8    000001a4     mde_timers.obj (.text)
                  0000706c    00000188     chip_health.obj (.text)
                  000071f4    00000188     watchdog.obj (.text)
                  0000737c    0000013c     rtsv7M4_T_le_v4SPD16_eabi.lib : _printfi.c.obj (.text:_pconv_e)
                  000074b8    00000136                                   : fd_div_t2.asm.obj (.text)
                  000075ee    00000002     --HOLE-- [fill = 0]
                  000075f0    00000124                                   : _printfi.c.obj (.text:fcvt)
                  00007714    00000110                                   : s_scalbn.c.obj (.text:scalbn)
                  00007824    00000100                                   : memory.c.obj (.text:aligned_alloc)
                  00007924    000000fc                                   : fd_mul_t2.asm.obj (.text)
                  00007a20    000000e4                                   : memory.c.obj (.text:free)
                  00007b04    000000c0     fpu.obj (.text)
                  00007bc4    000000b1     rtsv7M4_T_le_v4SPD16_eabi.lib : _printfi.c.obj (.text:_ltostr)
                  00007c75    00000001     --HOLE-- [fill = 0]
                  00007c76    0000009c                                   : memcpy_t2.asm.obj (.text)
                  00007d12    00000096                                   : ull_div_t2.asm.obj (.text)
                  00007da8    00000086                                   : fd_cmp_t2.asm.obj (.text:__aeabi_cdcmple)
                  00007e2e    00000086                                   : fd_cmp_t2.asm.obj (.text:__aeabi_cdrcmple)
                  00007eb4    0000007a                                   : memset_t2.asm.obj (.text)
                  00007f2e    00000002     --HOLE-- [fill = 0]
                  00007f30    00000070                                   : memory.c.obj (.text:split)
                  00007fa0    0000006e                                   : _printfi.c.obj (.text:_mcpy)
                  0000800e    00000068                                   : copy_decompress_lzss.c.obj (.text:decompress:lzss:__TI_decompress_lzss)
                  00008076    00000002     --HOLE-- [fill = 0]
                  00008078    00000064                                   : s_frexp.c.obj (.text:frexp)
                  000080dc    00000056                                   : _printfi.c.obj (.text:_pconv_f)
                  00008132    00000054                                   : _ltoa.c.obj (.text:__TI_ltoa)
                  00008186    00000052                                   : _printfi.c.obj (.text:_ecpy)
                  000081d8    0000004c                                   : atoi.c.obj (.text:atoi)
                  00008224    0000004c                                   : snprintf.c.obj (.text:snprintf)
                  00008270    00000048                                   : fd_toi_t2.asm.obj (.text)
                  000082b8    00000044                                   : autoinit.c.obj (.text:__TI_auto_init_nobinit_nopinit:__TI_auto_init_nobinit_nopinit)
                  000082fc    00000040                                   : sprintf.c.obj (.text:sprintf)
                  0000833c    0000003e                                   : _printfi.c.obj (.text:_fcpy)
                  0000837a    0000003e     cpu.obj (.text)
                  000083b8    00000034     rtsv7M4_T_le_v4SPD16_eabi.lib : boot_cortex_m.c.obj (.text:_c_int00_noargs:_c_int00_noargs)
                  000083ec    00000030                                   : snprintf.c.obj (.text:_outs)
                  0000841c    0000002e                                   : i_tofd_t2.asm.obj (.text)
                  0000844a    00000002     --HOLE-- [fill = 0]
                  0000844c    00000028                                   : memory.c.obj (.text:free_list_insert)
                  00008474    0000001c                                   : copy_zero_init.c.obj (.text:decompress:ZI:__TI_zero_init_nomemset:__TI_zero_init_nomemset)
                  00008490    0000001c                                   : memory.c.obj (.text:free_list_remove)
                  000084ac    0000001c                                   : memccpy.c.obj (.text:memccpy)
                  000084c8    0000001a                                   : s_copysign.c.obj (.text:copysign)
                  000084e2    00000018                                   : snprintf.c.obj (.text:_outc)
                  000084fa    00000018                                   : sprintf.c.obj (.text:_outs)
                  00008512    00000016                                   : strchr.c.obj (.text:strchr)
                  00008528    00000014                                   : strlen.c.obj (.text:strlen)
                  0000853c    00000012                                   : wcslen.c.obj (.text:wcslen)
                  0000854e    0000000e                                   : copy_decompress_none.c.obj (.text:decompress:none:__TI_decompress_none)
                  0000855c    0000000c     tm4c123gh6pm_startup_ccs.obj (.text)
                  00008568    0000000a     rtsv7M4_T_le_v4SPD16_eabi.lib : sprintf.c.obj (.text:_outc)
                  00008572    00000002     --HOLE-- [fill = 0]
                  00008574    00000008                                   : errno.c.obj (.text:__aeabi_errno_addr)
                  0000857c    00000008                                   : memory.c.obj (.text:malloc)
                  00008584    00000006     sysctl.obj (.text:SysCtlDelay)
                  0000858a    00000004     rtsv7M4_T_le_v4SPD16_eabi.lib : pre_init.c.obj (.text:_system_pre_init)
                  0000858e    00000004                                   : exit.c.obj (.text:abort:abort)

.const     0    00008594    000007ec     
                  00008594    000001b0     sysctl.obj (.const:g_pppui32XTALtoVCO)
                  00008744    00000101     rtsv7M4_T_le_v4SPD16_eabi.lib : ctype.c.obj (.const:.string:_ctypes_)
                  00008845    00000003     --HOLE-- [fill = 0]
                  00008848    000000d8     gpio.obj (.const:g_ppui32GPIOIntMapSnowflake)
                  00008920    000000c0     gpio.obj (.const:g_ppui32GPIOIntMapBlizzard)
                  000089e0    0000009c     interrupt.obj (.const:g_pui32Regs)
                  00008a7c    00000090     gpio.obj (.const:g_pui32GPIOBaseAddrs)
                  00008b0c    0000006c     sysctl.obj (.const:g_pui32Xtals)
                  00008b78    00000060     timer.obj (.const:g_ppui32TimerIntMap)
                  00008bd8    00000040     timer.obj (.const:g_ppui32TimerIntMapSnowflake)
                  00008c18    00000040     uart.obj (.const:g_ppui32UARTIntMap)
                  00008c58    00000040     uart.obj (.const:g_ppui32UARTIntMapSnowflake)
                  00008c98    00000030     sysctl.obj (.const:g_sXTALtoMEMTIM)
                  00008cc8    00000020     ssi.obj (.const:g_ppui32SSIIntMap)
                  00008ce8    00000020     ssi.obj (.const:g_ppui32SSIIntMapSnowflake)
                  00008d08    00000020     interrupt.obj (.const:g_pui32Priority)
                  00008d28    00000014     interrupt.obj (.const:g_pui32Dii16Regs)
                  00008d3c    00000014     interrupt.obj (.const:g_pui32EnRegs)
                  00008d50    00000014     interrupt.obj (.const:g_pui32PendRegs)
                  00008d64    00000014     interrupt.obj (.const:g_pui32UnpendRegs)
                  00008d78    00000008     sysctl.obj (.const:g_pui32VCOFrequencies)

.cinit     0    00008d80    00000058     
                  00008d80    00000021     (.cinit..data.load) [load image, compression = lzss]
                  00008da1    00000003     --HOLE-- [fill = 0]
                  00008da4    0000000c     (__TI_handler_table)
                  00008db0    00000008     (.cinit..bss.load) [load image, compression = zero_init]
                  00008db8    00000008     (.cinit..vtable.load) [load image, compression = zero_init]
                  00008dc0    00000018     (__TI_cinit_table)

.init_array 
*          0    00000000    00000000     UNINITIALIZED

.vtable    0    20000000    0000026c     UNINITIALIZED
                  20000000    0000026c     interrupt.obj (.vtable)

.sysmem    0    20000270    00004000     UNINITIALIZED
                  20000270    00000010     rtsv7M4_T_le_v4SPD16_eabi.lib : memory.c.obj (.sysmem)
                  20000280    00003ff0     --HOLE--

.stack     0    20004270    00000200     UNINITIALIZED
                  20004270    00000004     rtsv7M4_T_le_v4SPD16_eabi.lib : boot_cortex_m.c.obj (.stack)
                  20004274    000001fc     --HOLE--

.bss       0    20004470    00000065     UNINITIALIZED
                  20004470    00000040     (.common:chip_health_array)
                  200044b0    00000020     (.common:chip_death_array)
                  200044d0    00000004     (.common:ui32Loop)
                  200044d4    00000001     (.common:reading_chip)

.data      0    200044d8    00000030     UNINITIALIZED
                  200044d8    0000001b     main.obj (.data)
                  200044f3    00000001     --HOLE--
                  200044f4    00000008     rtsv7M4_T_le_v4SPD16_eabi.lib : _lock.c.obj (.data:$O1$$)
                  200044fc    00000008                                   : memory.c.obj (.data:$O1$$)
                  20004504    00000004                                   : errno.c.obj (.data)

__llvm_prf_cnts 
*          0    20000000    00000000     UNINITIALIZED

MODULE SUMMARY

       Module                         code    ro data   rw data
       ------                         ----    -------   -------
    .\driverlib\
       sysctl.obj                     3974    596       0      
       gpio.obj                       2964    552       0      
       interrupt.obj                  960     268       620    
       timer.obj                      1602    160       0      
       uart.obj                       1582    128       0      
       ssi.obj                        822     64        0      
       watchdog.obj                   392     0         0      
       fpu.obj                        192     0         0      
       cpu.obj                        62      0         0      
    +--+------------------------------+-------+---------+---------+
       Total:                         12550   1768      620    
                                                               
    .\source\
       devtools.obj                   6608    0         0      
       main.obj                       532     0         128    
       tm4c123gh6pm_startup_ccs.obj   12      620       0      
       bit_errors.obj                 440     0         0      
       mde.obj                        428     0         0      
       multiplexer.obj                424     0         0      
       mde_timers.obj                 420     0         0      
       chip_health.obj                392     0         0      
    +--+------------------------------+-------+---------+---------+
       Total:                         9256    620       128    
                                                               
    .\source\chipDrivers\
       FLASHfunc.obj                  1256    0         0      
       MRAMfunc.obj                   856     0         0      
       FRAMfunc.obj                   652     0         0      
       SRAMfunc.obj                   472     0         0      
    +--+------------------------------+-------+---------+---------+
       Total:                         3236    0         0      
                                                               
    C:\ti\ccs1120\ccs\tools\compiler\ti-cgt-arm_20.2.7.LTS\lib\rtsv7M4_T_le_v4SPD16_eabi.lib
       _printfi.c.obj                 4851    0         0      
       memory.c.obj                   672     0         8      
       fd_add_t2.asm.obj              438     0         0      
       fd_div_t2.asm.obj              310     0         0      
       s_scalbn.c.obj                 272     0         0      
       fd_cmp_t2.asm.obj              268     0         0      
       ctype.c.obj                    0       257       0      
       fd_mul_t2.asm.obj              252     0         0      
       memcpy_t2.asm.obj              156     0         0      
       ull_div_t2.asm.obj             150     0         0      
       snprintf.c.obj                 148     0         0      
       memset_t2.asm.obj              122     0         0      
       copy_decompress_lzss.c.obj     104     0         0      
       s_frexp.c.obj                  100     0         0      
       sprintf.c.obj                  98      0         0      
       _ltoa.c.obj                    84      0         0      
       atoi.c.obj                     76      0         0      
       fd_toi_t2.asm.obj              72      0         0      
       autoinit.c.obj                 68      0         0      
       boot_cortex_m.c.obj            52      0         0      
       i_tofd_t2.asm.obj              46      0         0      
       copy_zero_init.c.obj           28      0         0      
       memccpy.c.obj                  28      0         0      
       s_copysign.c.obj               26      0         0      
       strchr.c.obj                   22      0         0      
       strlen.c.obj                   20      0         0      
       wcslen.c.obj                   18      0         0      
       copy_decompress_none.c.obj     14      0         0      
       errno.c.obj                    8       0         4      
       _lock.c.obj                    2       0         8      
       exit.c.obj                     4       0         0      
       pre_init.c.obj                 4       0         0      
       div0.asm.obj                   2       0         0      
    +--+------------------------------+-------+---------+---------+
       Total:                         8515    257       20     
                                                               
       Heap:                          0       0         16384  
       Stack:                         0       0         512    
       Linker Generated:              0       85        0      
    +--+------------------------------+-------+---------+---------+
       Grand Total:                   33557   2730      17664  


LINKER GENERATED COPY TABLES

__TI_cinit_table @ 00008dc0 records: 3, size/record: 8, table size: 24
	.data: load addr=00008d80, load size=00000021 bytes, run addr=200044d8, run size=00000030 bytes, compression=lzss
	.bss: load addr=00008db0, load size=00000008 bytes, run addr=20004470, run size=00000065 bytes, compression=zero_init
	.vtable: load addr=00008db8, load size=00000008 bytes, run addr=20000000, run size=0000026c bytes, compression=zero_init


LINKER GENERATED HANDLER TABLE

__TI_handler_table @ 00008da4 records: 3, size/record: 4, table size: 12
	index: 0, handler: __TI_zero_init
	index: 1, handler: __TI_decompress_lzss
	index: 2, handler: __TI_decompress_none


GLOBAL SYMBOLS: SORTED ALPHABETICALLY BY Name 

address   name                            
-------   ----                            
00006319  BlinkBlueLED                    
00006375  BlinkGreenLED                   
000062bd  BlinkRedLED                     
0000858f  C$$EXIT                         
000083af  CPUbasepriGet                   
000083a1  CPUbasepriSet                   
0000837b  CPUcpsid                        
00008391  CPUcpsie                        
00008387  CPUprimask                      
0000839d  CPUwfi                          
0000706d  CheckChipHealth                 
00006805  CheckErrors                     
00006bad  ChipCycle                       
00006ffb  ChipWatchdogInt                 
00006fa7  ChipWatchdogPoke                
00006249  EnableBoard1ChipSelectPins      
00006271  EnableBoard2ChipSelectPins      
00006291  EnableLED                       
00006bff  EnableSPI                       
0000699b  ErrorQueue_Destroy              
00006865  ErrorQueue_Init                 
000068af  ErrorQueue_Insert               
0000692f  ErrorQueue_IsEmpty              
00001aa1  ErrorQueue_PrintLink            
0000694b  ErrorQueue_Remove               
00007b17  FPUDisable                      
00007b05  FPUEnable                       
00007b83  FPUFlushToZeroModeSet           
00007b4f  FPUHalfPrecisionModeSet         
00007b37  FPULazyStackingEnable           
00007b69  FPUNaNModeSet                   
00007b9d  FPURoundingModeSet              
00007b43  FPUStackingDisable              
00007b25  FPUStackingEnable               
00005ef5  FRAMSequenceRetrieve            
00005e37  FRAMSequenceTransmit            
00005d4d  FRAMStatusRead                  
00004f2d  FlashErase                      
000051f1  FlashSequenceRetrieve           
00005043  FlashSequenceTransmit           
00004e15  FlashStatusRead                 
00003729  GPIOADCTriggerDisable           
0000370b  GPIOADCTriggerEnable            
000036ed  GPIODMATriggerDisable           
000036cf  GPIODMATriggerEnable            
00002c77  GPIODirModeGet                  
00002c1b  GPIODirModeSet                  
000031df  GPIOIntClear                    
000031a3  GPIOIntDisable                  
00003189  GPIOIntEnable                   
000031f3  GPIOIntRegister                 
0000322b  GPIOIntRegisterPin              
000031bd  GPIOIntStatus                   
00002d67  GPIOIntTypeGet                  
00002cc3  GPIOIntTypeSet                  
00003211  GPIOIntUnregister               
00003259  GPIOIntUnregisterPin            
00003037  GPIOPadConfigGet                
00002dfd  GPIOPadConfigSet                
00003671  GPIOPinConfigure                
0000327d  GPIOPinRead                     
000032b5  GPIOPinTypeADC                  
000032d9  GPIOPinTypeCAN                  
000032fd  GPIOPinTypeComparator           
00003321  GPIOPinTypeComparatorOutput     
00003345  GPIOPinTypeDIVSCLK              
00003369  GPIOPinTypeEPI                  
0000338d  GPIOPinTypeEthernetLED          
000033b1  GPIOPinTypeEthernetMII          
000033d5  GPIOPinTypeGPIOInput            
000033f9  GPIOPinTypeGPIOOutput           
0000341d  GPIOPinTypeGPIOOutputOD         
00003441  GPIOPinTypeHibernateRTCCLK      
00003465  GPIOPinTypeI2C                  
00003489  GPIOPinTypeI2CSCL               
000034ad  GPIOPinTypeLCD                  
000034d1  GPIOPinTypeOneWire              
000034f5  GPIOPinTypePWM                  
00003519  GPIOPinTypeQEI                  
0000353d  GPIOPinTypeSSI                  
00003561  GPIOPinTypeTimer                
00003585  GPIOPinTypeTrace                
000035a9  GPIOPinTypeUART                 
000035cd  GPIOPinTypeUSBAnalog            
000035f1  GPIOPinTypeUSBDigital           
00003615  GPIOPinTypeWakeHigh             
0000363b  GPIOPinTypeWakeLow              
00003661  GPIOPinWakeStatus               
00003295  GPIOPinWrite                    
0000719d  InitializeChipHealth            
000054bd  IntDisable                      
0000544b  IntEnable                       
0000552f  IntIsEnabled                    
0000530f  IntMasterDisable                
000052ff  IntMasterEnable                 
00005625  IntPendClear                    
000055b5  IntPendSet                      
00005427  IntPriorityGet                  
0000539f  IntPriorityGroupingGet          
00005385  IntPriorityGroupingSet          
0000567f  IntPriorityMaskGet              
00005673  IntPriorityMaskSet              
000053d7  IntPrioritySet                  
0000531f  IntRegister                     
00005687  IntTrigger                      
00005371  IntUnregister                   
00006b75  MDEProcessCycle                 
00006ec9  MDETimerConfigure               
00006f0f  MDETimerDisable                 
00006ef7  MDETimerEnable                  
00006f1b  MDETimerInt                     
00006fef  MDEWatchdogInt                  
00006fc7  MDEWatchdogPoke                 
00006f43  MDEWatchdogsEnable              
000058db  MRAMSequenceRetrieve            
000057e5  MRAMSequenceTransmit            
00005731  MRAMStatusPrepare               
000056bd  MRAMStatusRead                  
00006e95  ResetChipSelect1                
00006eab  ResetChipSelect2                
0000855d  ResetISR                        
00006d4f  RetreiveCSCode                  
00006d21  RetreiveCSPort                  
00006551  SRAMSequenceRetrieve            
000064c9  SRAMSequenceTransmit            
0000645d  SRAMStatusRead                  
00005ccd  SSIAdvDataPutFrameEnd           
00005cf3  SSIAdvDataPutFrameEndNonBlocking
00005d35  SSIAdvFrameHoldDisable          
00005d1f  SSIAdvFrameHoldEnable           
00005c9b  SSIAdvModeSet                   
00005c59  SSIBusy                         
00005c8b  SSIClockSourceGet               
00005c77  SSIClockSourceSet               
00005a73  SSIConfigSetExpClk              
00005c41  SSIDMADisable                   
00005c29  SSIDMAEnable                    
00005beb  SSIDataGet                      
00005c07  SSIDataGetNonBlocking           
00005bb1  SSIDataPut                      
00005bcb  SSIDataPutNonBlocking           
00005b03  SSIDisable                      
00005aed  SSIEnable                       
00005b9f  SSIIntClear                     
00005b69  SSIIntDisable                   
00005b51  SSIIntEnable                    
00005b19  SSIIntRegister                  
00005b81  SSIIntStatus                    
00005b37  SSIIntUnregister                
00006e15  SetChipSelect                   
00002b79  SysCtlAltClkConfig              
000022a1  SysCtlClockFreqSet              
00002769  SysCtlClockGet                  
00002b5d  SysCtlClockOutConfig            
00002599  SysCtlClockSet                  
000021a5  SysCtlDeepSleep                 
0000292d  SysCtlDeepSleepClockConfigSet   
0000290f  SysCtlDeepSleepClockSet         
00002185  SysCtlDeepSleepPowerSet         
00008585  SysCtlDelay                     
00001d33  SysCtlFlashSectorSizeGet        
00001d07  SysCtlFlashSizeGet              
00002a03  SysCtlGPIOAHBDisable            
000029e7  SysCtlGPIOAHBEnable             
00002119  SysCtlIntClear                  
00002101  SysCtlIntDisable                
000020ed  SysCtlIntEnable                 
000020c5  SysCtlIntRegister               
00002129  SysCtlIntStatus                 
000020dd  SysCtlIntUnregister             
0000216b  SysCtlLDODeepSleepGet           
0000215b  SysCtlLDODeepSleepSet           
00002155  SysCtlLDOSleepGet               
00002145  SysCtlLDOSleepSet               
000021db  SysCtlMOSCConfigSet             
00002b41  SysCtlNMIClear                  
00002b2d  SysCtlNMIStatus                 
000021f1  SysCtlPIOSCCalibrate            
000029d1  SysCtlPWMClockGet               
000029b7  SysCtlPWMClockSet               
00002071  SysCtlPeripheralClockGating     
00002029  SysCtlPeripheralDeepSleepDisable
00001fd9  SysCtlPeripheralDeepSleepEnable 
00001f15  SysCtlPeripheralDisable         
00001ed9  SysCtlPeripheralEnable          
00001e15  SysCtlPeripheralPowerOff        
00001dd9  SysCtlPeripheralPowerOn         
00001d59  SysCtlPeripheralPresent         
00001d99  SysCtlPeripheralReady           
00001e51  SysCtlPeripheralReset           
00001f9d  SysCtlPeripheralSleepDisable    
00001f59  SysCtlPeripheralSleepEnable     
00002195  SysCtlReset                     
00002251  SysCtlResetBehaviorGet          
00002241  SysCtlResetBehaviorSet          
000021c7  SysCtlResetCauseClear           
000021c1  SysCtlResetCauseGet             
00001cfd  SysCtlSRAMSizeGet               
0000219d  SysCtlSleep                     
00002171  SysCtlSleepPowerSet             
00002a2b  SysCtlUSBPLLDisable             
00002a1f  SysCtlUSBPLLEnable              
00002a71  SysCtlVCOGet                    
00002a59  SysCtlVoltageEventClear         
00002a3d  SysCtlVoltageEventConfig        
00002a4d  SysCtlVoltageEventStatus        
00004761  TimerADCEventGet                
0000474f  TimerADCEventSet                
00004485  TimerClockSourceGet             
0000445b  TimerClockSourceSet             
0000424f  TimerConfigure                  
0000436f  TimerControlEvent               
000042cb  TimerControlLevel               
00004399  TimerControlStall               
00004301  TimerControlTrigger             
000043cf  TimerControlWaitOnTrigger       
00004781  TimerDMAEventGet                
0000476f  TimerDMAEventSet                
00004231  TimerDisable                    
00004213  TimerEnable                     
0000472b  TimerIntClear                   
000046f5  TimerIntDisable                 
000046dd  TimerIntEnable                  
00004697  TimerIntRegister                
0000470d  TimerIntStatus                  
000046bf  TimerIntUnregister              
0000454f  TimerLoadGet                    
00004585  TimerLoadGet64                  
00004525  TimerLoadSet                    
0000456b  TimerLoadSet64                  
0000462f  TimerMatchGet                   
00004665  TimerMatchGet64                 
00004605  TimerMatchSet                   
0000464b  TimerMatchSet64                 
000044bf  TimerPrescaleGet                
00004509  TimerPrescaleMatchGet           
000044db  TimerPrescaleMatchSet           
00004495  TimerPrescaleSet                
00004445  TimerRTCDisable                 
0000442f  TimerRTCEnable                  
0000473d  TimerSynchronize                
0000478f  TimerUpdateMode                 
000045b7  TimerValueGet                   
000045d3  TimerValueGet64                 
00004db5  UART9BitAddrSend                
00004d8f  UART9BitAddrSet                 
00004d79  UART9BitDisable                 
00004d63  UART9BitEnable                  
00004c07  UARTBreakCtl                    
00004c31  UARTBusy                        
00004baf  UARTCharGet                     
00004b93  UARTCharGetNonBlocking          
00004be9  UARTCharPut                     
00004bc5  UARTCharPutNonBlocking          
00004b57  UARTCharsAvail                  
00004d53  UARTClockSourceGet              
00004d3f  UARTClockSourceSet              
00004927  UARTConfigGetExpClk             
000048b1  UARTConfigSetExpClk             
00004d05  UARTDMADisable                  
00004ced  UARTDMAEnable                   
000002a5  UARTDebugEnable                 
0000026d  UARTDebugIntHandler             
00000303  UARTDebugSend                   
00004997  UARTDisable                     
00004a1b  UARTDisableSIR                  
00004973  UARTEnable                      
000049ed  UARTEnableSIR                   
000049d7  UARTFIFODisable                 
000049c1  UARTFIFOEnable                  
00004889  UARTFIFOLevelGet                
00004871  UARTFIFOLevelSet                
00004b17  UARTFlowControlGet              
00004afb  UARTFlowControlSet              
00004cdb  UARTIntClear                    
00004ca5  UARTIntDisable                  
00004c8d  UARTIntEnable                   
00004c4f  UARTIntRegister                 
00004cbd  UARTIntStatus                   
00004c6d  UARTIntUnregister               
00004dfd  UARTLoopbackEnable              
00004ab1  UARTModemControlClear           
00004ad5  UARTModemControlGet             
00004a79  UARTModemControlSet             
00004ae7  UARTModemStatusGet              
0000485f  UARTParityModeGet               
00004843  UARTParityModeSet               
00004d2f  UARTRxErrorClear                
00004d1d  UARTRxErrorGet                  
00004a63  UARTSmartCardDisable            
00004a31  UARTSmartCardEnable             
00004b75  UARTSpaceAvail                  
00004b45  UARTTxIntModeGet                
00004b29  UARTTxIntModeSet                
0000720b  WatchdogEnable                  
0000731d  WatchdogIntClear                
000072e9  WatchdogIntEnable               
000072c1  WatchdogIntRegister             
000072ff  WatchdogIntStatus               
0000732d  WatchdogIntTypeSet              
000072d7  WatchdogIntUnregister           
0000724d  WatchdogLock                    
00007271  WatchdogLockState               
000072a5  WatchdogReloadGet               
00007293  WatchdogReloadSet               
00007237  WatchdogResetDisable            
00007221  WatchdogResetEnable             
000071f5  WatchdogRunning                 
00007361  WatchdogStallDisable            
00007349  WatchdogStallEnable             
0000725f  WatchdogUnlock                  
000072b3  WatchdogValueGet                
20004470  __STACK_END                     
00000200  __STACK_SIZE                    
20004470  __STACK_TOP                     
00004000  __SYSMEM_SIZE                   
00008dc0  __TI_CINIT_Base                 
00008dd8  __TI_CINIT_Limit                
00008da4  __TI_Handler_Table_Base         
00008db0  __TI_Handler_Table_Limit        
000082b9  __TI_auto_init_nobinit_nopinit  
0000800f  __TI_decompress_lzss            
0000854f  __TI_decompress_none            
00008133  __TI_ltoa                       
ffffffff  __TI_pprof_out_hndl             
00003751  __TI_printfi                    
ffffffff  __TI_prof_data_size             
ffffffff  __TI_prof_data_start            
00000000  __TI_static_base__              
00008475  __TI_zero_init_nomemset         
00007da9  __aeabi_cdcmpeq                 
00007da9  __aeabi_cdcmple                 
00007e2f  __aeabi_cdrcmple                
00008271  __aeabi_d2iz                    
000069c7  __aeabi_dadd                    
000074b9  __aeabi_ddiv                    
00007925  __aeabi_dmul                    
000069bd  __aeabi_dsub                    
00008575  __aeabi_errno_addr              
0000841d  __aeabi_i2d                     
000047e3  __aeabi_idiv0                   
000047e3  __aeabi_ldiv0                   
00007eb5  __aeabi_memclr                  
00007eb5  __aeabi_memclr4                 
00007eb5  __aeabi_memclr8                 
00007c77  __aeabi_memcpy                  
00007c77  __aeabi_memcpy4                 
00007c77  __aeabi_memcpy8                 
00007eb7  __aeabi_memset                  
00007eb7  __aeabi_memset4                 
00007eb7  __aeabi_memset8                 
00007d13  __aeabi_uldivmod                
ffffffff  __binit__                       
ffffffff  __c_args__                      
UNDEFED   __mpu_init                      
20004270  __stack                         
20000000  __start___llvm_prf_cnts         
20000000  __stop___llvm_prf_cnts          
000083b9  _c_int00_noargs                 
00008744  _ctypes_                        
200044f4  _lock                           
0000419f  _nop                            
20000270  _sys_memory                     
UNDEFED   _system_post_cinit              
0000858b  _system_pre_init                
200044f8  _unlock                         
0000858f  abort                           
00007825  aligned_alloc                   
000081d9  atoi                            
200044ec  auto_chip_number                
ffffffff  binit                           
200044f1  chipSelectStep                  
200044b0  chip_death_array                
20004470  chip_health_array               
000084c9  copysign                        
000084c9  copysignl                       
200044f0  currentCycle                    
200044ed  current_chip                    
200044e4  current_error                   
200044e0  cycle_time_clockrate            
20004504  errno                           
200044e8  errorHead                       
00007a21  free                            
00008079  frexp                           
00008079  frexpl                          
20000000  g_pfnRAMVectors                 
00000000  g_pfnVectors                    
00007715  ldexp                           
00007715  ldexpl                          
000063d1  main                            
0000857d  malloc                          
00007825  memalign                        
000084ad  memccpy                         
00007c77  memcpy                          
00007ebd  memset                          
200044ee  menuState                       
00000339  printDebugMenu                  
00001081  processChipFunctionsInput       
000018c7  processChipHealthInput          
000017f7  processChipSelectInput          
00000d7d  processDebugInput               
000019ed  processErrorInput               
00000f63  processMainMenuInput            
200044d4  reading_chip                    
00007715  scalbn                          
00007715  scalbnl                         
200044f2  seedErrors                      
200044ef  selectedBoard                   
00008225  snprintf                        
000082fd  sprintf                         
00008513  strchr                          
00008529  strlen                          
200044d8  timer_current_cycle             
200044dc  timer_wakeup                    
200044d0  ui32Loop                        
0000853d  wcslen                          


GLOBAL SYMBOLS: SORTED BY Symbol Address 

address   name                            
-------   ----                            
00000000  __TI_static_base__              
00000000  g_pfnVectors                    
00000200  __STACK_SIZE                    
0000026d  UARTDebugIntHandler             
000002a5  UARTDebugEnable                 
00000303  UARTDebugSend                   
00000339  printDebugMenu                  
00000d7d  processDebugInput               
00000f63  processMainMenuInput            
00001081  processChipFunctionsInput       
000017f7  processChipSelectInput          
000018c7  processChipHealthInput          
000019ed  processErrorInput               
00001aa1  ErrorQueue_PrintLink            
00001cfd  SysCtlSRAMSizeGet               
00001d07  SysCtlFlashSizeGet              
00001d33  SysCtlFlashSectorSizeGet        
00001d59  SysCtlPeripheralPresent         
00001d99  SysCtlPeripheralReady           
00001dd9  SysCtlPeripheralPowerOn         
00001e15  SysCtlPeripheralPowerOff        
00001e51  SysCtlPeripheralReset           
00001ed9  SysCtlPeripheralEnable          
00001f15  SysCtlPeripheralDisable         
00001f59  SysCtlPeripheralSleepEnable     
00001f9d  SysCtlPeripheralSleepDisable    
00001fd9  SysCtlPeripheralDeepSleepEnable 
00002029  SysCtlPeripheralDeepSleepDisable
00002071  SysCtlPeripheralClockGating     
000020c5  SysCtlIntRegister               
000020dd  SysCtlIntUnregister             
000020ed  SysCtlIntEnable                 
00002101  SysCtlIntDisable                
00002119  SysCtlIntClear                  
00002129  SysCtlIntStatus                 
00002145  SysCtlLDOSleepSet               
00002155  SysCtlLDOSleepGet               
0000215b  SysCtlLDODeepSleepSet           
0000216b  SysCtlLDODeepSleepGet           
00002171  SysCtlSleepPowerSet             
00002185  SysCtlDeepSleepPowerSet         
00002195  SysCtlReset                     
0000219d  SysCtlSleep                     
000021a5  SysCtlDeepSleep                 
000021c1  SysCtlResetCauseGet             
000021c7  SysCtlResetCauseClear           
000021db  SysCtlMOSCConfigSet             
000021f1  SysCtlPIOSCCalibrate            
00002241  SysCtlResetBehaviorSet          
00002251  SysCtlResetBehaviorGet          
000022a1  SysCtlClockFreqSet              
00002599  SysCtlClockSet                  
00002769  SysCtlClockGet                  
0000290f  SysCtlDeepSleepClockSet         
0000292d  SysCtlDeepSleepClockConfigSet   
000029b7  SysCtlPWMClockSet               
000029d1  SysCtlPWMClockGet               
000029e7  SysCtlGPIOAHBEnable             
00002a03  SysCtlGPIOAHBDisable            
00002a1f  SysCtlUSBPLLEnable              
00002a2b  SysCtlUSBPLLDisable             
00002a3d  SysCtlVoltageEventConfig        
00002a4d  SysCtlVoltageEventStatus        
00002a59  SysCtlVoltageEventClear         
00002a71  SysCtlVCOGet                    
00002b2d  SysCtlNMIStatus                 
00002b41  SysCtlNMIClear                  
00002b5d  SysCtlClockOutConfig            
00002b79  SysCtlAltClkConfig              
00002c1b  GPIODirModeSet                  
00002c77  GPIODirModeGet                  
00002cc3  GPIOIntTypeSet                  
00002d67  GPIOIntTypeGet                  
00002dfd  GPIOPadConfigSet                
00003037  GPIOPadConfigGet                
00003189  GPIOIntEnable                   
000031a3  GPIOIntDisable                  
000031bd  GPIOIntStatus                   
000031df  GPIOIntClear                    
000031f3  GPIOIntRegister                 
00003211  GPIOIntUnregister               
0000322b  GPIOIntRegisterPin              
00003259  GPIOIntUnregisterPin            
0000327d  GPIOPinRead                     
00003295  GPIOPinWrite                    
000032b5  GPIOPinTypeADC                  
000032d9  GPIOPinTypeCAN                  
000032fd  GPIOPinTypeComparator           
00003321  GPIOPinTypeComparatorOutput     
00003345  GPIOPinTypeDIVSCLK              
00003369  GPIOPinTypeEPI                  
0000338d  GPIOPinTypeEthernetLED          
000033b1  GPIOPinTypeEthernetMII          
000033d5  GPIOPinTypeGPIOInput            
000033f9  GPIOPinTypeGPIOOutput           
0000341d  GPIOPinTypeGPIOOutputOD         
00003441  GPIOPinTypeHibernateRTCCLK      
00003465  GPIOPinTypeI2C                  
00003489  GPIOPinTypeI2CSCL               
000034ad  GPIOPinTypeLCD                  
000034d1  GPIOPinTypeOneWire              
000034f5  GPIOPinTypePWM                  
00003519  GPIOPinTypeQEI                  
0000353d  GPIOPinTypeSSI                  
00003561  GPIOPinTypeTimer                
00003585  GPIOPinTypeTrace                
000035a9  GPIOPinTypeUART                 
000035cd  GPIOPinTypeUSBAnalog            
000035f1  GPIOPinTypeUSBDigital           
00003615  GPIOPinTypeWakeHigh             
0000363b  GPIOPinTypeWakeLow              
00003661  GPIOPinWakeStatus               
00003671  GPIOPinConfigure                
000036cf  GPIODMATriggerEnable            
000036ed  GPIODMATriggerDisable           
0000370b  GPIOADCTriggerEnable            
00003729  GPIOADCTriggerDisable           
00003751  __TI_printfi                    
00004000  __SYSMEM_SIZE                   
0000419f  _nop                            
00004213  TimerEnable                     
00004231  TimerDisable                    
0000424f  TimerConfigure                  
000042cb  TimerControlLevel               
00004301  TimerControlTrigger             
0000436f  TimerControlEvent               
00004399  TimerControlStall               
000043cf  TimerControlWaitOnTrigger       
0000442f  TimerRTCEnable                  
00004445  TimerRTCDisable                 
0000445b  TimerClockSourceSet             
00004485  TimerClockSourceGet             
00004495  TimerPrescaleSet                
000044bf  TimerPrescaleGet                
000044db  TimerPrescaleMatchSet           
00004509  TimerPrescaleMatchGet           
00004525  TimerLoadSet                    
0000454f  TimerLoadGet                    
0000456b  TimerLoadSet64                  
00004585  TimerLoadGet64                  
000045b7  TimerValueGet                   
000045d3  TimerValueGet64                 
00004605  TimerMatchSet                   
0000462f  TimerMatchGet                   
0000464b  TimerMatchSet64                 
00004665  TimerMatchGet64                 
00004697  TimerIntRegister                
000046bf  TimerIntUnregister              
000046dd  TimerIntEnable                  
000046f5  TimerIntDisable                 
0000470d  TimerIntStatus                  
0000472b  TimerIntClear                   
0000473d  TimerSynchronize                
0000474f  TimerADCEventSet                
00004761  TimerADCEventGet                
0000476f  TimerDMAEventSet                
00004781  TimerDMAEventGet                
0000478f  TimerUpdateMode                 
000047e3  __aeabi_idiv0                   
000047e3  __aeabi_ldiv0                   
00004843  UARTParityModeSet               
0000485f  UARTParityModeGet               
00004871  UARTFIFOLevelSet                
00004889  UARTFIFOLevelGet                
000048b1  UARTConfigSetExpClk             
00004927  UARTConfigGetExpClk             
00004973  UARTEnable                      
00004997  UARTDisable                     
000049c1  UARTFIFOEnable                  
000049d7  UARTFIFODisable                 
000049ed  UARTEnableSIR                   
00004a1b  UARTDisableSIR                  
00004a31  UARTSmartCardEnable             
00004a63  UARTSmartCardDisable            
00004a79  UARTModemControlSet             
00004ab1  UARTModemControlClear           
00004ad5  UARTModemControlGet             
00004ae7  UARTModemStatusGet              
00004afb  UARTFlowControlSet              
00004b17  UARTFlowControlGet              
00004b29  UARTTxIntModeSet                
00004b45  UARTTxIntModeGet                
00004b57  UARTCharsAvail                  
00004b75  UARTSpaceAvail                  
00004b93  UARTCharGetNonBlocking          
00004baf  UARTCharGet                     
00004bc5  UARTCharPutNonBlocking          
00004be9  UARTCharPut                     
00004c07  UARTBreakCtl                    
00004c31  UARTBusy                        
00004c4f  UARTIntRegister                 
00004c6d  UARTIntUnregister               
00004c8d  UARTIntEnable                   
00004ca5  UARTIntDisable                  
00004cbd  UARTIntStatus                   
00004cdb  UARTIntClear                    
00004ced  UARTDMAEnable                   
00004d05  UARTDMADisable                  
00004d1d  UARTRxErrorGet                  
00004d2f  UARTRxErrorClear                
00004d3f  UARTClockSourceSet              
00004d53  UARTClockSourceGet              
00004d63  UART9BitEnable                  
00004d79  UART9BitDisable                 
00004d8f  UART9BitAddrSet                 
00004db5  UART9BitAddrSend                
00004dfd  UARTLoopbackEnable              
00004e15  FlashStatusRead                 
00004f2d  FlashErase                      
00005043  FlashSequenceTransmit           
000051f1  FlashSequenceRetrieve           
000052ff  IntMasterEnable                 
0000530f  IntMasterDisable                
0000531f  IntRegister                     
00005371  IntUnregister                   
00005385  IntPriorityGroupingSet          
0000539f  IntPriorityGroupingGet          
000053d7  IntPrioritySet                  
00005427  IntPriorityGet                  
0000544b  IntEnable                       
000054bd  IntDisable                      
0000552f  IntIsEnabled                    
000055b5  IntPendSet                      
00005625  IntPendClear                    
00005673  IntPriorityMaskSet              
0000567f  IntPriorityMaskGet              
00005687  IntTrigger                      
000056bd  MRAMStatusRead                  
00005731  MRAMStatusPrepare               
000057e5  MRAMSequenceTransmit            
000058db  MRAMSequenceRetrieve            
00005a73  SSIConfigSetExpClk              
00005aed  SSIEnable                       
00005b03  SSIDisable                      
00005b19  SSIIntRegister                  
00005b37  SSIIntUnregister                
00005b51  SSIIntEnable                    
00005b69  SSIIntDisable                   
00005b81  SSIIntStatus                    
00005b9f  SSIIntClear                     
00005bb1  SSIDataPut                      
00005bcb  SSIDataPutNonBlocking           
00005beb  SSIDataGet                      
00005c07  SSIDataGetNonBlocking           
00005c29  SSIDMAEnable                    
00005c41  SSIDMADisable                   
00005c59  SSIBusy                         
00005c77  SSIClockSourceSet               
00005c8b  SSIClockSourceGet               
00005c9b  SSIAdvModeSet                   
00005ccd  SSIAdvDataPutFrameEnd           
00005cf3  SSIAdvDataPutFrameEndNonBlocking
00005d1f  SSIAdvFrameHoldEnable           
00005d35  SSIAdvFrameHoldDisable          
00005d4d  FRAMStatusRead                  
00005e37  FRAMSequenceTransmit            
00005ef5  FRAMSequenceRetrieve            
00006249  EnableBoard1ChipSelectPins      
00006271  EnableBoard2ChipSelectPins      
00006291  EnableLED                       
000062bd  BlinkRedLED                     
00006319  BlinkBlueLED                    
00006375  BlinkGreenLED                   
000063d1  main                            
0000645d  SRAMStatusRead                  
000064c9  SRAMSequenceTransmit            
00006551  SRAMSequenceRetrieve            
00006805  CheckErrors                     
00006865  ErrorQueue_Init                 
000068af  ErrorQueue_Insert               
0000692f  ErrorQueue_IsEmpty              
0000694b  ErrorQueue_Remove               
0000699b  ErrorQueue_Destroy              
000069bd  __aeabi_dsub                    
000069c7  __aeabi_dadd                    
00006b75  MDEProcessCycle                 
00006bad  ChipCycle                       
00006bff  EnableSPI                       
00006d21  RetreiveCSPort                  
00006d4f  RetreiveCSCode                  
00006e15  SetChipSelect                   
00006e95  ResetChipSelect1                
00006eab  ResetChipSelect2                
00006ec9  MDETimerConfigure               
00006ef7  MDETimerEnable                  
00006f0f  MDETimerDisable                 
00006f1b  MDETimerInt                     
00006f43  MDEWatchdogsEnable              
00006fa7  ChipWatchdogPoke                
00006fc7  MDEWatchdogPoke                 
00006fef  MDEWatchdogInt                  
00006ffb  ChipWatchdogInt                 
0000706d  CheckChipHealth                 
0000719d  InitializeChipHealth            
000071f5  WatchdogRunning                 
0000720b  WatchdogEnable                  
00007221  WatchdogResetEnable             
00007237  WatchdogResetDisable            
0000724d  WatchdogLock                    
0000725f  WatchdogUnlock                  
00007271  WatchdogLockState               
00007293  WatchdogReloadSet               
000072a5  WatchdogReloadGet               
000072b3  WatchdogValueGet                
000072c1  WatchdogIntRegister             
000072d7  WatchdogIntUnregister           
000072e9  WatchdogIntEnable               
000072ff  WatchdogIntStatus               
0000731d  WatchdogIntClear                
0000732d  WatchdogIntTypeSet              
00007349  WatchdogStallEnable             
00007361  WatchdogStallDisable            
000074b9  __aeabi_ddiv                    
00007715  ldexp                           
00007715  ldexpl                          
00007715  scalbn                          
00007715  scalbnl                         
00007825  aligned_alloc                   
00007825  memalign                        
00007925  __aeabi_dmul                    
00007a21  free                            
00007b05  FPUEnable                       
00007b17  FPUDisable                      
00007b25  FPUStackingEnable               
00007b37  FPULazyStackingEnable           
00007b43  FPUStackingDisable              
00007b4f  FPUHalfPrecisionModeSet         
00007b69  FPUNaNModeSet                   
00007b83  FPUFlushToZeroModeSet           
00007b9d  FPURoundingModeSet              
00007c77  __aeabi_memcpy                  
00007c77  __aeabi_memcpy4                 
00007c77  __aeabi_memcpy8                 
00007c77  memcpy                          
00007d13  __aeabi_uldivmod                
00007da9  __aeabi_cdcmpeq                 
00007da9  __aeabi_cdcmple                 
00007e2f  __aeabi_cdrcmple                
00007eb5  __aeabi_memclr                  
00007eb5  __aeabi_memclr4                 
00007eb5  __aeabi_memclr8                 
00007eb7  __aeabi_memset                  
00007eb7  __aeabi_memset4                 
00007eb7  __aeabi_memset8                 
00007ebd  memset                          
0000800f  __TI_decompress_lzss            
00008079  frexp                           
00008079  frexpl                          
00008133  __TI_ltoa                       
000081d9  atoi                            
00008225  snprintf                        
00008271  __aeabi_d2iz                    
000082b9  __TI_auto_init_nobinit_nopinit  
000082fd  sprintf                         
0000837b  CPUcpsid                        
00008387  CPUprimask                      
00008391  CPUcpsie                        
0000839d  CPUwfi                          
000083a1  CPUbasepriSet                   
000083af  CPUbasepriGet                   
000083b9  _c_int00_noargs                 
0000841d  __aeabi_i2d                     
00008475  __TI_zero_init_nomemset         
000084ad  memccpy                         
000084c9  copysign                        
000084c9  copysignl                       
00008513  strchr                          
00008529  strlen                          
0000853d  wcslen                          
0000854f  __TI_decompress_none            
0000855d  ResetISR                        
00008575  __aeabi_errno_addr              
0000857d  malloc                          
00008585  SysCtlDelay                     
0000858b  _system_pre_init                
0000858f  C$$EXIT                         
0000858f  abort                           
00008744  _ctypes_                        
00008da4  __TI_Handler_Table_Base         
00008db0  __TI_Handler_Table_Limit        
00008dc0  __TI_CINIT_Base                 
00008dd8  __TI_CINIT_Limit                
20000000  __start___llvm_prf_cnts         
20000000  __stop___llvm_prf_cnts          
20000000  g_pfnRAMVectors                 
20000270  _sys_memory                     
20004270  __stack                         
20004470  __STACK_END                     
20004470  __STACK_TOP                     
20004470  chip_health_array               
200044b0  chip_death_array                
200044d0  ui32Loop                        
200044d4  reading_chip                    
200044d8  timer_current_cycle             
200044dc  timer_wakeup                    
200044e0  cycle_time_clockrate            
200044e4  current_error                   
200044e8  errorHead                       
200044ec  auto_chip_number                
200044ed  current_chip                    
200044ee  menuState                       
200044ef  selectedBoard                   
200044f0  currentCycle                    
200044f1  chipSelectStep                  
200044f2  seedErrors                      
200044f4  _lock                           
200044f8  _unlock                         
20004504  errno                           
ffffffff  __TI_pprof_out_hndl             
ffffffff  __TI_prof_data_size             
ffffffff  __TI_prof_data_start            
ffffffff  __binit__                       
ffffffff  __c_args__                      
ffffffff  binit                           
UNDEFED   __mpu_init                      
UNDEFED   _system_post_cinit              

[416 symbols]
