******************************************************************************
                  TI ARM Linker PC v20.2.7                     
******************************************************************************
>> Linked Tue Dec 20 20:46:16 2022

OUTPUT FILE NAME:   <MDE_UART_CCS.out>
ENTRY POINT SYMBOL: "_c_int00_noargs"  address: 000048ed


MEMORY CONFIGURATION

         name            origin    length      used     unused   attr    fill
----------------------  --------  ---------  --------  --------  ----  --------
  FLASH                 00000000   00040000  00005182  0003ae7e  R  X
  SRAM                  20000000   00008000  00000488  00007b78  RW X


SEGMENT ALLOCATION MAP

run origin  load origin   length   init length attrs members
----------  ----------- ---------- ----------- ----- -------
00000000    00000000    00005188   00005188    r-x
  00000000    00000000    0000026c   0000026c    r-- .intvecs
  0000026c    0000026c    000047c2   000047c2    r-x .text
  00004a30    00004a30    0000070c   0000070c    r-- .const
  00005140    00005140    00000048   00000048    r-- .cinit
20000000    20000000    00000488   00000000    rw-
  20000000    20000000    0000026c   00000000    rw- .vtable
  2000026c    2000026c    00000004   00000000    rw- .bss
  20000270    20000270    00000200   00000000    rw- .stack
  20000470    20000470    00000018   00000000    rw- .data


SECTION ALLOCATION MAP

 output                                  attributes/
section   page    origin      length       input sections
--------  ----  ----------  ----------   ----------------
.intvecs   0    00000000    0000026c     
                  00000000    0000026c     tm4c123gh6pm_startup_ccs.obj (.intvecs)

.text      0    0000026c    000047c2     
                  0000026c    00000f80     sysctl.obj (.text)
                  000011ec    00000b94     gpio.obj (.text)
                  00001d80    00000a4e     rtsv7M4_T_le_v4SPD16_eabi.lib : _printfi.c.obj (.text:__TI_printfi)
                  000027ce    00000002                                   : div0.asm.obj (.text)
                  000027d0    0000062e     uart.obj (.text)
                  00002dfe    00000002     --HOLE-- [fill = 0]
                  00002e00    000003c0     interrupt.obj (.text)
                  000031c0    0000039c     main.obj (.text)
                  0000355c    00000270     rtsv7M4_T_le_v4SPD16_eabi.lib : _printfi.c.obj (.text:_pconv_a)
                  000037cc    000001d0                                   : _printfi.c.obj (.text:_pconv_g)
                  0000399c    000001b6                                   : fd_add_t2.asm.obj (.text)
                  00003b52    00000002     --HOLE-- [fill = 0]
                  00003b54    0000013c                                   : _printfi.c.obj (.text:_pconv_e)
                  00003c90    00000136                                   : fd_div_t2.asm.obj (.text)
                  00003dc6    00000002     --HOLE-- [fill = 0]
                  00003dc8    00000124                                   : _printfi.c.obj (.text:fcvt)
                  00003eec    00000110                                   : s_scalbn.c.obj (.text:scalbn)
                  00003ffc    000000fc                                   : fd_mul_t2.asm.obj (.text)
                  000040f8    000000c0     fpu.obj (.text)
                  000041b8    000000b1     rtsv7M4_T_le_v4SPD16_eabi.lib : _printfi.c.obj (.text:_ltostr)
                  00004269    00000001     --HOLE-- [fill = 0]
                  0000426a    0000009c                                   : memcpy_t2.asm.obj (.text)
                  00004306    00000096                                   : ull_div_t2.asm.obj (.text)
                  0000439c    00000086                                   : fd_cmp_t2.asm.obj (.text:__aeabi_cdcmple)
                  00004422    00000086                                   : fd_cmp_t2.asm.obj (.text:__aeabi_cdrcmple)
                  000044a8    0000007a                                   : memset_t2.asm.obj (.text)
                  00004522    0000006e                                   : _printfi.c.obj (.text:_mcpy)
                  00004590    00000068                                   : copy_decompress_lzss.c.obj (.text:decompress:lzss:__TI_decompress_lzss)
                  000045f8    00000064                                   : s_frexp.c.obj (.text:frexp)
                  0000465c    00000056                                   : _printfi.c.obj (.text:_pconv_f)
                  000046b2    00000054                                   : _ltoa.c.obj (.text:__TI_ltoa)
                  00004706    00000052                                   : _printfi.c.obj (.text:_ecpy)
                  00004758    0000004c                                   : atoi.c.obj (.text:atoi)
                  000047a4    00000048                                   : fd_toi_t2.asm.obj (.text)
                  000047ec    00000044                                   : autoinit.c.obj (.text:__TI_auto_init_nobinit_nopinit:__TI_auto_init_nobinit_nopinit)
                  00004830    00000040                                   : sprintf.c.obj (.text:sprintf)
                  00004870    0000003e                                   : _printfi.c.obj (.text:_fcpy)
                  000048ae    0000003e     cpu.obj (.text)
                  000048ec    00000034     rtsv7M4_T_le_v4SPD16_eabi.lib : boot_cortex_m.c.obj (.text:_c_int00_noargs:_c_int00_noargs)
                  00004920    0000002e                                   : i_tofd_t2.asm.obj (.text)
                  0000494e    0000001c                                   : copy_zero_init.c.obj (.text:decompress:ZI:__TI_zero_init_nomemset:__TI_zero_init_nomemset)
                  0000496a    0000001c                                   : memccpy.c.obj (.text:memccpy)
                  00004986    0000001a                                   : s_copysign.c.obj (.text:copysign)
                  000049a0    00000018                                   : sprintf.c.obj (.text:_outs)
                  000049b8    00000016                                   : strchr.c.obj (.text:strchr)
                  000049ce    00000014                                   : strlen.c.obj (.text:strlen)
                  000049e2    00000012                                   : wcslen.c.obj (.text:wcslen)
                  000049f4    0000000e                                   : copy_decompress_none.c.obj (.text:decompress:none:__TI_decompress_none)
                  00004a02    0000000c     tm4c123gh6pm_startup_ccs.obj (.text)
                  00004a0e    0000000a     rtsv7M4_T_le_v4SPD16_eabi.lib : sprintf.c.obj (.text:_outc)
                  00004a18    00000008                                   : errno.c.obj (.text:__aeabi_errno_addr)
                  00004a20    00000006     sysctl.obj (.text:SysCtlDelay)
                  00004a26    00000004     rtsv7M4_T_le_v4SPD16_eabi.lib : pre_init.c.obj (.text:_system_pre_init)
                  00004a2a    00000004                                   : exit.c.obj (.text:abort:abort)

.const     0    00004a30    0000070c     
                  00004a30    000001b0     sysctl.obj (.const:g_pppui32XTALtoVCO)
                  00004be0    00000101     rtsv7M4_T_le_v4SPD16_eabi.lib : ctype.c.obj (.const:.string:_ctypes_)
                  00004ce1    00000003     --HOLE-- [fill = 0]
                  00004ce4    000000d8     gpio.obj (.const:g_ppui32GPIOIntMapSnowflake)
                  00004dbc    000000c0     gpio.obj (.const:g_ppui32GPIOIntMapBlizzard)
                  00004e7c    0000009c     interrupt.obj (.const:g_pui32Regs)
                  00004f18    00000090     gpio.obj (.const:g_pui32GPIOBaseAddrs)
                  00004fa8    0000006c     sysctl.obj (.const:g_pui32Xtals)
                  00005014    00000040     uart.obj (.const:g_ppui32UARTIntMap)
                  00005054    00000040     uart.obj (.const:g_ppui32UARTIntMapSnowflake)
                  00005094    00000030     sysctl.obj (.const:g_sXTALtoMEMTIM)
                  000050c4    00000020     interrupt.obj (.const:g_pui32Priority)
                  000050e4    00000014     interrupt.obj (.const:g_pui32Dii16Regs)
                  000050f8    00000014     interrupt.obj (.const:g_pui32EnRegs)
                  0000510c    00000014     interrupt.obj (.const:g_pui32PendRegs)
                  00005120    00000014     interrupt.obj (.const:g_pui32UnpendRegs)
                  00005134    00000008     sysctl.obj (.const:g_pui32VCOFrequencies)

.cinit     0    00005140    00000048     
                  00005140    0000000e     (.cinit..data.load) [load image, compression = lzss]
                  0000514e    00000002     --HOLE-- [fill = 0]
                  00005150    0000000c     (__TI_handler_table)
                  0000515c    00000004     --HOLE-- [fill = 0]
                  00005160    00000008     (.cinit..bss.load) [load image, compression = zero_init]
                  00005168    00000008     (.cinit..vtable.load) [load image, compression = zero_init]
                  00005170    00000018     (__TI_cinit_table)

.init_array 
*          0    00000000    00000000     UNINITIALIZED

.vtable    0    20000000    0000026c     UNINITIALIZED
                  20000000    0000026c     interrupt.obj (.vtable)

.bss       0    2000026c    00000004     UNINITIALIZED
                  2000026c    00000004     (.common:ui32Loop)

.data      0    20000470    00000018     UNINITIALIZED
                  20000470    00000014     main.obj (.data)
                  20000484    00000004     rtsv7M4_T_le_v4SPD16_eabi.lib : errno.c.obj (.data)

.stack     0    20000270    00000200     UNINITIALIZED
                  20000270    00000004     rtsv7M4_T_le_v4SPD16_eabi.lib : boot_cortex_m.c.obj (.stack)
                  20000274    000001fc     --HOLE--

__llvm_prf_cnts 
*          0    20000000    00000000     UNINITIALIZED

MODULE SUMMARY

       Module                         code    ro data   rw data
       ------                         ----    -------   -------
    .\code\
       main.obj                       924     0         24     
       tm4c123gh6pm_startup_ccs.obj   12      620       0      
    +--+------------------------------+-------+---------+---------+
       Total:                         936     620       24     
                                                               
    .\code\driverlib\
       sysctl.obj                     3974    596       0      
       gpio.obj                       2964    552       0      
       interrupt.obj                  960     268       620    
       uart.obj                       1582    128       0      
       fpu.obj                        192     0         0      
       cpu.obj                        62      0         0      
    +--+------------------------------+-------+---------+---------+
       Total:                         9734    1544      620    
                                                               
    C:\ti\ccs1110\ccs\tools\compiler\ti-cgt-arm_20.2.7.LTS\lib\rtsv7M4_T_le_v4SPD16_eabi.lib
       _printfi.c.obj                 4851    0         0      
       fd_add_t2.asm.obj              438     0         0      
       fd_div_t2.asm.obj              310     0         0      
       s_scalbn.c.obj                 272     0         0      
       fd_cmp_t2.asm.obj              268     0         0      
       ctype.c.obj                    0       257       0      
       fd_mul_t2.asm.obj              252     0         0      
       memcpy_t2.asm.obj              156     0         0      
       ull_div_t2.asm.obj             150     0         0      
       memset_t2.asm.obj              122     0         0      
       copy_decompress_lzss.c.obj     104     0         0      
       s_frexp.c.obj                  100     0         0      
       sprintf.c.obj                  98      0         0      
       _ltoa.c.obj                    84      0         0      
       atoi.c.obj                     76      0         0      
       fd_toi_t2.asm.obj              72      0         0      
       autoinit.c.obj                 68      0         0      
       boot_cortex_m.c.obj            52      0         0      
       i_tofd_t2.asm.obj              46      0         0      
       copy_zero_init.c.obj           28      0         0      
       memccpy.c.obj                  28      0         0      
       s_copysign.c.obj               26      0         0      
       strchr.c.obj                   22      0         0      
       strlen.c.obj                   20      0         0      
       wcslen.c.obj                   18      0         0      
       copy_decompress_none.c.obj     14      0         0      
       errno.c.obj                    8       0         4      
       exit.c.obj                     4       0         0      
       pre_init.c.obj                 4       0         0      
       div0.asm.obj                   2       0         0      
    +--+------------------------------+-------+---------+---------+
       Total:                         7693    257       4      
                                                               
       Stack:                         0       0         512    
       Linker Generated:              0       66        0      
    +--+------------------------------+-------+---------+---------+
       Grand Total:                   18363   2487      1160   


LINKER GENERATED COPY TABLES

__TI_cinit_table @ 00005170 records: 3, size/record: 8, table size: 24
	.data: load addr=00005140, load size=0000000e bytes, run addr=20000470, run size=00000018 bytes, compression=lzss
	.bss: load addr=00005160, load size=00000008 bytes, run addr=2000026c, run size=00000004 bytes, compression=zero_init
	.vtable: load addr=00005168, load size=00000008 bytes, run addr=20000000, run size=0000026c bytes, compression=zero_init


LINKER GENERATED HANDLER TABLE

__TI_handler_table @ 00005150 records: 3, size/record: 4, table size: 12
	index: 0, handler: __TI_zero_init
	index: 1, handler: __TI_decompress_lzss
	index: 2, handler: __TI_decompress_none


GLOBAL SYMBOLS: SORTED ALPHABETICALLY BY Name 

address   name                            
-------   ----                            
000033ad  BlinkBlueLED                    
00004a2b  C$$EXIT                         
000048e3  CPUbasepriGet                   
000048d5  CPUbasepriSet                   
000048af  CPUcpsid                        
000048c5  CPUcpsie                        
000048bb  CPUprimask                      
000048d1  CPUwfi                          
00003223  EnableDebugUART                 
00003381  EnableLED                       
000031c1  EnablePrimaryUART               
0000410b  FPUDisable                      
000040f9  FPUEnable                       
00004177  FPUFlushToZeroModeSet           
00004143  FPUHalfPrecisionModeSet         
0000412b  FPULazyStackingEnable           
0000415d  FPUNaNModeSet                   
00004191  FPURoundingModeSet              
00004137  FPUStackingDisable              
00004119  FPUStackingEnable               
00001d59  GPIOADCTriggerDisable           
00001d3b  GPIOADCTriggerEnable            
00001d1d  GPIODMATriggerDisable           
00001cff  GPIODMATriggerEnable            
000012a7  GPIODirModeGet                  
0000124b  GPIODirModeSet                  
0000180f  GPIOIntClear                    
000017d3  GPIOIntDisable                  
000017b9  GPIOIntEnable                   
00001823  GPIOIntRegister                 
0000185b  GPIOIntRegisterPin              
000017ed  GPIOIntStatus                   
00001397  GPIOIntTypeGet                  
000012f3  GPIOIntTypeSet                  
00001841  GPIOIntUnregister               
00001889  GPIOIntUnregisterPin            
00001667  GPIOPadConfigGet                
0000142d  GPIOPadConfigSet                
00001ca1  GPIOPinConfigure                
000018ad  GPIOPinRead                     
000018e5  GPIOPinTypeADC                  
00001909  GPIOPinTypeCAN                  
0000192d  GPIOPinTypeComparator           
00001951  GPIOPinTypeComparatorOutput     
00001975  GPIOPinTypeDIVSCLK              
00001999  GPIOPinTypeEPI                  
000019bd  GPIOPinTypeEthernetLED          
000019e1  GPIOPinTypeEthernetMII          
00001a05  GPIOPinTypeGPIOInput            
00001a29  GPIOPinTypeGPIOOutput           
00001a4d  GPIOPinTypeGPIOOutputOD         
00001a71  GPIOPinTypeHibernateRTCCLK      
00001a95  GPIOPinTypeI2C                  
00001ab9  GPIOPinTypeI2CSCL               
00001add  GPIOPinTypeLCD                  
00001b01  GPIOPinTypeOneWire              
00001b25  GPIOPinTypePWM                  
00001b49  GPIOPinTypeQEI                  
00001b6d  GPIOPinTypeSSI                  
00001b91  GPIOPinTypeTimer                
00001bb5  GPIOPinTypeTrace                
00001bd9  GPIOPinTypeUART                 
00001bfd  GPIOPinTypeUSBAnalog            
00001c21  GPIOPinTypeUSBDigital           
00001c45  GPIOPinTypeWakeHigh             
00001c6b  GPIOPinTypeWakeLow              
00001c91  GPIOPinWakeStatus               
000018c5  GPIOPinWrite                    
00002fc1  IntDisable                      
00002f4f  IntEnable                       
00003033  IntIsEnabled                    
00002e13  IntMasterDisable                
00002e03  IntMasterEnable                 
00003129  IntPendClear                    
000030b9  IntPendSet                      
00002f2b  IntPriorityGet                  
00002ea3  IntPriorityGroupingGet          
00002e89  IntPriorityGroupingSet          
00003183  IntPriorityMaskGet              
00003177  IntPriorityMaskSet              
00002edb  IntPrioritySet                  
00002e23  IntRegister                     
0000318b  IntTrigger                      
00002e75  IntUnregister                   
00004a03  ResetISR                        
20000478  SysClkSpeed                     
000011a9  SysCtlAltClkConfig              
000008d1  SysCtlClockFreqSet              
00000d99  SysCtlClockGet                  
0000118d  SysCtlClockOutConfig            
00000bc9  SysCtlClockSet                  
000007d5  SysCtlDeepSleep                 
00000f5d  SysCtlDeepSleepClockConfigSet   
00000f3f  SysCtlDeepSleepClockSet         
000007b5  SysCtlDeepSleepPowerSet         
00004a21  SysCtlDelay                     
00000363  SysCtlFlashSectorSizeGet        
00000337  SysCtlFlashSizeGet              
00001033  SysCtlGPIOAHBDisable            
00001017  SysCtlGPIOAHBEnable             
00000749  SysCtlIntClear                  
00000731  SysCtlIntDisable                
0000071d  SysCtlIntEnable                 
000006f5  SysCtlIntRegister               
00000759  SysCtlIntStatus                 
0000070d  SysCtlIntUnregister             
0000079b  SysCtlLDODeepSleepGet           
0000078b  SysCtlLDODeepSleepSet           
00000785  SysCtlLDOSleepGet               
00000775  SysCtlLDOSleepSet               
0000080b  SysCtlMOSCConfigSet             
00001171  SysCtlNMIClear                  
0000115d  SysCtlNMIStatus                 
00000821  SysCtlPIOSCCalibrate            
00001001  SysCtlPWMClockGet               
00000fe7  SysCtlPWMClockSet               
000006a1  SysCtlPeripheralClockGating     
00000659  SysCtlPeripheralDeepSleepDisable
00000609  SysCtlPeripheralDeepSleepEnable 
00000545  SysCtlPeripheralDisable         
00000509  SysCtlPeripheralEnable          
00000445  SysCtlPeripheralPowerOff        
00000409  SysCtlPeripheralPowerOn         
00000389  SysCtlPeripheralPresent         
000003c9  SysCtlPeripheralReady           
00000481  SysCtlPeripheralReset           
000005cd  SysCtlPeripheralSleepDisable    
00000589  SysCtlPeripheralSleepEnable     
000007c5  SysCtlReset                     
00000881  SysCtlResetBehaviorGet          
00000871  SysCtlResetBehaviorSet          
000007f7  SysCtlResetCauseClear           
000007f1  SysCtlResetCauseGet             
0000032d  SysCtlSRAMSizeGet               
000007cd  SysCtlSleep                     
000007a1  SysCtlSleepPowerSet             
0000105b  SysCtlUSBPLLDisable             
0000104f  SysCtlUSBPLLEnable              
000010a1  SysCtlVCOGet                    
00001089  SysCtlVoltageEventClear         
0000106d  SysCtlVoltageEventConfig        
0000107d  SysCtlVoltageEventStatus        
000031eb  UART0IntHandler                 
00002da1  UART9BitAddrSend                
00002d7b  UART9BitAddrSet                 
00002d65  UART9BitDisable                 
00002d4f  UART9BitEnable                  
00002bf3  UARTBreakCtl                    
00002c1d  UARTBusy                        
00002b9b  UARTCharGet                     
00002b7f  UARTCharGetNonBlocking          
00002bd5  UARTCharPut                     
00002bb1  UARTCharPutNonBlocking          
00002b43  UARTCharsAvail                  
00002d3f  UARTClockSourceGet              
00002d2b  UARTClockSourceSet              
00002913  UARTConfigGetExpClk             
0000289d  UARTConfigSetExpClk             
00002cf1  UARTDMADisable                  
00002cd9  UARTDMAEnable                   
00002983  UARTDisable                     
00002a07  UARTDisableSIR                  
0000295f  UARTEnable                      
000029d9  UARTEnableSIR                   
000029c3  UARTFIFODisable                 
000029ad  UARTFIFOEnable                  
00002875  UARTFIFOLevelGet                
0000285d  UARTFIFOLevelSet                
00002b03  UARTFlowControlGet              
00002ae7  UARTFlowControlSet              
00002cc7  UARTIntClear                    
00002c91  UARTIntDisable                  
00002c79  UARTIntEnable                   
00002c3b  UARTIntRegister                 
00002ca9  UARTIntStatus                   
00002c59  UARTIntUnregister               
00002de9  UARTLoopbackEnable              
00002a9d  UARTModemControlClear           
00002ac1  UARTModemControlGet             
00002a65  UARTModemControlSet             
00002ad3  UARTModemStatusGet              
0000284b  UARTParityModeGet               
0000282f  UARTParityModeSet               
00002d1b  UARTRxErrorClear                
00002d09  UARTRxErrorGet                  
000031c3  UARTSend                        
0000326f  UARTSendDebug                   
00002a4f  UARTSmartCardDisable            
00002a1d  UARTSmartCardEnable             
00002b61  UARTSpaceAvail                  
00002b31  UARTTxIntModeGet                
00002b15  UARTTxIntModeSet                
20000470  __STACK_END                     
00000200  __STACK_SIZE                    
20000470  __STACK_TOP                     
00005170  __TI_CINIT_Base                 
00005188  __TI_CINIT_Limit                
00005150  __TI_Handler_Table_Base         
0000515c  __TI_Handler_Table_Limit        
000047ed  __TI_auto_init_nobinit_nopinit  
00004591  __TI_decompress_lzss            
000049f5  __TI_decompress_none            
000046b3  __TI_ltoa                       
ffffffff  __TI_pprof_out_hndl             
00001d81  __TI_printfi                    
ffffffff  __TI_prof_data_size             
ffffffff  __TI_prof_data_start            
00000000  __TI_static_base__              
0000494f  __TI_zero_init_nomemset         
0000439d  __aeabi_cdcmpeq                 
0000439d  __aeabi_cdcmple                 
00004423  __aeabi_cdrcmple                
000047a5  __aeabi_d2iz                    
000039a7  __aeabi_dadd                    
00003c91  __aeabi_ddiv                    
00003ffd  __aeabi_dmul                    
0000399d  __aeabi_dsub                    
00004a19  __aeabi_errno_addr              
00004921  __aeabi_i2d                     
000027cf  __aeabi_idiv0                   
000027cf  __aeabi_ldiv0                   
000044a9  __aeabi_memclr                  
000044a9  __aeabi_memclr4                 
000044a9  __aeabi_memclr8                 
0000426b  __aeabi_memcpy                  
0000426b  __aeabi_memcpy4                 
0000426b  __aeabi_memcpy8                 
000044ab  __aeabi_memset                  
000044ab  __aeabi_memset4                 
000044ab  __aeabi_memset8                 
00004307  __aeabi_uldivmod                
ffffffff  __binit__                       
ffffffff  __c_args__                      
UNDEFED   __mpu_init                      
20000270  __stack                         
20000000  __start___llvm_prf_cnts         
20000000  __stop___llvm_prf_cnts          
000048ed  _c_int00_noargs                 
00004be0  _ctypes_                        
UNDEFED   _system_post_cinit              
00004a27  _system_pre_init                
00004a2b  abort                           
00004759  atoi                            
ffffffff  binit                           
00004987  copysign                        
00004987  copysignl                       
20000484  errno                           
000045f9  frexp                           
000045f9  frexpl                          
20000000  g_pfnRAMVectors                 
00000000  g_pfnVectors                    
00003eed  ldexp                           
00003eed  ldexpl                          
00003409  main                            
0000496b  memccpy                         
0000426b  memcpy                          
000044b1  memset                          
2000047c  menu_state                      
00003297  printMenu                       
00003377  processDebugMenu                
00003eed  scalbn                          
00003eed  scalbnl                         
20000480  selected_chip_number            
00004831  sprintf                         
000049b9  strchr                          
000049cf  strlen                          
20000470  timer_current_cycle             
20000474  timer_wakeup                    
2000026c  ui32Loop                        
000049e3  wcslen                          


GLOBAL SYMBOLS: SORTED BY Symbol Address 

address   name                            
-------   ----                            
00000000  __TI_static_base__              
00000000  g_pfnVectors                    
00000200  __STACK_SIZE                    
0000032d  SysCtlSRAMSizeGet               
00000337  SysCtlFlashSizeGet              
00000363  SysCtlFlashSectorSizeGet        
00000389  SysCtlPeripheralPresent         
000003c9  SysCtlPeripheralReady           
00000409  SysCtlPeripheralPowerOn         
00000445  SysCtlPeripheralPowerOff        
00000481  SysCtlPeripheralReset           
00000509  SysCtlPeripheralEnable          
00000545  SysCtlPeripheralDisable         
00000589  SysCtlPeripheralSleepEnable     
000005cd  SysCtlPeripheralSleepDisable    
00000609  SysCtlPeripheralDeepSleepEnable 
00000659  SysCtlPeripheralDeepSleepDisable
000006a1  SysCtlPeripheralClockGating     
000006f5  SysCtlIntRegister               
0000070d  SysCtlIntUnregister             
0000071d  SysCtlIntEnable                 
00000731  SysCtlIntDisable                
00000749  SysCtlIntClear                  
00000759  SysCtlIntStatus                 
00000775  SysCtlLDOSleepSet               
00000785  SysCtlLDOSleepGet               
0000078b  SysCtlLDODeepSleepSet           
0000079b  SysCtlLDODeepSleepGet           
000007a1  SysCtlSleepPowerSet             
000007b5  SysCtlDeepSleepPowerSet         
000007c5  SysCtlReset                     
000007cd  SysCtlSleep                     
000007d5  SysCtlDeepSleep                 
000007f1  SysCtlResetCauseGet             
000007f7  SysCtlResetCauseClear           
0000080b  SysCtlMOSCConfigSet             
00000821  SysCtlPIOSCCalibrate            
00000871  SysCtlResetBehaviorSet          
00000881  SysCtlResetBehaviorGet          
000008d1  SysCtlClockFreqSet              
00000bc9  SysCtlClockSet                  
00000d99  SysCtlClockGet                  
00000f3f  SysCtlDeepSleepClockSet         
00000f5d  SysCtlDeepSleepClockConfigSet   
00000fe7  SysCtlPWMClockSet               
00001001  SysCtlPWMClockGet               
00001017  SysCtlGPIOAHBEnable             
00001033  SysCtlGPIOAHBDisable            
0000104f  SysCtlUSBPLLEnable              
0000105b  SysCtlUSBPLLDisable             
0000106d  SysCtlVoltageEventConfig        
0000107d  SysCtlVoltageEventStatus        
00001089  SysCtlVoltageEventClear         
000010a1  SysCtlVCOGet                    
0000115d  SysCtlNMIStatus                 
00001171  SysCtlNMIClear                  
0000118d  SysCtlClockOutConfig            
000011a9  SysCtlAltClkConfig              
0000124b  GPIODirModeSet                  
000012a7  GPIODirModeGet                  
000012f3  GPIOIntTypeSet                  
00001397  GPIOIntTypeGet                  
0000142d  GPIOPadConfigSet                
00001667  GPIOPadConfigGet                
000017b9  GPIOIntEnable                   
000017d3  GPIOIntDisable                  
000017ed  GPIOIntStatus                   
0000180f  GPIOIntClear                    
00001823  GPIOIntRegister                 
00001841  GPIOIntUnregister               
0000185b  GPIOIntRegisterPin              
00001889  GPIOIntUnregisterPin            
000018ad  GPIOPinRead                     
000018c5  GPIOPinWrite                    
000018e5  GPIOPinTypeADC                  
00001909  GPIOPinTypeCAN                  
0000192d  GPIOPinTypeComparator           
00001951  GPIOPinTypeComparatorOutput     
00001975  GPIOPinTypeDIVSCLK              
00001999  GPIOPinTypeEPI                  
000019bd  GPIOPinTypeEthernetLED          
000019e1  GPIOPinTypeEthernetMII          
00001a05  GPIOPinTypeGPIOInput            
00001a29  GPIOPinTypeGPIOOutput           
00001a4d  GPIOPinTypeGPIOOutputOD         
00001a71  GPIOPinTypeHibernateRTCCLK      
00001a95  GPIOPinTypeI2C                  
00001ab9  GPIOPinTypeI2CSCL               
00001add  GPIOPinTypeLCD                  
00001b01  GPIOPinTypeOneWire              
00001b25  GPIOPinTypePWM                  
00001b49  GPIOPinTypeQEI                  
00001b6d  GPIOPinTypeSSI                  
00001b91  GPIOPinTypeTimer                
00001bb5  GPIOPinTypeTrace                
00001bd9  GPIOPinTypeUART                 
00001bfd  GPIOPinTypeUSBAnalog            
00001c21  GPIOPinTypeUSBDigital           
00001c45  GPIOPinTypeWakeHigh             
00001c6b  GPIOPinTypeWakeLow              
00001c91  GPIOPinWakeStatus               
00001ca1  GPIOPinConfigure                
00001cff  GPIODMATriggerEnable            
00001d1d  GPIODMATriggerDisable           
00001d3b  GPIOADCTriggerEnable            
00001d59  GPIOADCTriggerDisable           
00001d81  __TI_printfi                    
000027cf  __aeabi_idiv0                   
000027cf  __aeabi_ldiv0                   
0000282f  UARTParityModeSet               
0000284b  UARTParityModeGet               
0000285d  UARTFIFOLevelSet                
00002875  UARTFIFOLevelGet                
0000289d  UARTConfigSetExpClk             
00002913  UARTConfigGetExpClk             
0000295f  UARTEnable                      
00002983  UARTDisable                     
000029ad  UARTFIFOEnable                  
000029c3  UARTFIFODisable                 
000029d9  UARTEnableSIR                   
00002a07  UARTDisableSIR                  
00002a1d  UARTSmartCardEnable             
00002a4f  UARTSmartCardDisable            
00002a65  UARTModemControlSet             
00002a9d  UARTModemControlClear           
00002ac1  UARTModemControlGet             
00002ad3  UARTModemStatusGet              
00002ae7  UARTFlowControlSet              
00002b03  UARTFlowControlGet              
00002b15  UARTTxIntModeSet                
00002b31  UARTTxIntModeGet                
00002b43  UARTCharsAvail                  
00002b61  UARTSpaceAvail                  
00002b7f  UARTCharGetNonBlocking          
00002b9b  UARTCharGet                     
00002bb1  UARTCharPutNonBlocking          
00002bd5  UARTCharPut                     
00002bf3  UARTBreakCtl                    
00002c1d  UARTBusy                        
00002c3b  UARTIntRegister                 
00002c59  UARTIntUnregister               
00002c79  UARTIntEnable                   
00002c91  UARTIntDisable                  
00002ca9  UARTIntStatus                   
00002cc7  UARTIntClear                    
00002cd9  UARTDMAEnable                   
00002cf1  UARTDMADisable                  
00002d09  UARTRxErrorGet                  
00002d1b  UARTRxErrorClear                
00002d2b  UARTClockSourceSet              
00002d3f  UARTClockSourceGet              
00002d4f  UART9BitEnable                  
00002d65  UART9BitDisable                 
00002d7b  UART9BitAddrSet                 
00002da1  UART9BitAddrSend                
00002de9  UARTLoopbackEnable              
00002e03  IntMasterEnable                 
00002e13  IntMasterDisable                
00002e23  IntRegister                     
00002e75  IntUnregister                   
00002e89  IntPriorityGroupingSet          
00002ea3  IntPriorityGroupingGet          
00002edb  IntPrioritySet                  
00002f2b  IntPriorityGet                  
00002f4f  IntEnable                       
00002fc1  IntDisable                      
00003033  IntIsEnabled                    
000030b9  IntPendSet                      
00003129  IntPendClear                    
00003177  IntPriorityMaskSet              
00003183  IntPriorityMaskGet              
0000318b  IntTrigger                      
000031c1  EnablePrimaryUART               
000031c3  UARTSend                        
000031eb  UART0IntHandler                 
00003223  EnableDebugUART                 
0000326f  UARTSendDebug                   
00003297  printMenu                       
00003377  processDebugMenu                
00003381  EnableLED                       
000033ad  BlinkBlueLED                    
00003409  main                            
0000399d  __aeabi_dsub                    
000039a7  __aeabi_dadd                    
00003c91  __aeabi_ddiv                    
00003eed  ldexp                           
00003eed  ldexpl                          
00003eed  scalbn                          
00003eed  scalbnl                         
00003ffd  __aeabi_dmul                    
000040f9  FPUEnable                       
0000410b  FPUDisable                      
00004119  FPUStackingEnable               
0000412b  FPULazyStackingEnable           
00004137  FPUStackingDisable              
00004143  FPUHalfPrecisionModeSet         
0000415d  FPUNaNModeSet                   
00004177  FPUFlushToZeroModeSet           
00004191  FPURoundingModeSet              
0000426b  __aeabi_memcpy                  
0000426b  __aeabi_memcpy4                 
0000426b  __aeabi_memcpy8                 
0000426b  memcpy                          
00004307  __aeabi_uldivmod                
0000439d  __aeabi_cdcmpeq                 
0000439d  __aeabi_cdcmple                 
00004423  __aeabi_cdrcmple                
000044a9  __aeabi_memclr                  
000044a9  __aeabi_memclr4                 
000044a9  __aeabi_memclr8                 
000044ab  __aeabi_memset                  
000044ab  __aeabi_memset4                 
000044ab  __aeabi_memset8                 
000044b1  memset                          
00004591  __TI_decompress_lzss            
000045f9  frexp                           
000045f9  frexpl                          
000046b3  __TI_ltoa                       
00004759  atoi                            
000047a5  __aeabi_d2iz                    
000047ed  __TI_auto_init_nobinit_nopinit  
00004831  sprintf                         
000048af  CPUcpsid                        
000048bb  CPUprimask                      
000048c5  CPUcpsie                        
000048d1  CPUwfi                          
000048d5  CPUbasepriSet                   
000048e3  CPUbasepriGet                   
000048ed  _c_int00_noargs                 
00004921  __aeabi_i2d                     
0000494f  __TI_zero_init_nomemset         
0000496b  memccpy                         
00004987  copysign                        
00004987  copysignl                       
000049b9  strchr                          
000049cf  strlen                          
000049e3  wcslen                          
000049f5  __TI_decompress_none            
00004a03  ResetISR                        
00004a19  __aeabi_errno_addr              
00004a21  SysCtlDelay                     
00004a27  _system_pre_init                
00004a2b  C$$EXIT                         
00004a2b  abort                           
00004be0  _ctypes_                        
00005150  __TI_Handler_Table_Base         
0000515c  __TI_Handler_Table_Limit        
00005170  __TI_CINIT_Base                 
00005188  __TI_CINIT_Limit                
20000000  __start___llvm_prf_cnts         
20000000  __stop___llvm_prf_cnts          
20000000  g_pfnRAMVectors                 
2000026c  ui32Loop                        
20000270  __stack                         
20000470  __STACK_END                     
20000470  __STACK_TOP                     
20000470  timer_current_cycle             
20000474  timer_wakeup                    
20000478  SysClkSpeed                     
2000047c  menu_state                      
20000480  selected_chip_number            
20000484  errno                           
ffffffff  __TI_pprof_out_hndl             
ffffffff  __TI_prof_data_size             
ffffffff  __TI_prof_data_start            
ffffffff  __binit__                       
ffffffff  __c_args__                      
ffffffff  binit                           
UNDEFED   __mpu_init                      
UNDEFED   _system_post_cinit              

[270 symbols]
