<?xml version="1.0" encoding="ISO-8859-1" ?>
<link_info>
   <banner>TI ARM Linker PC v20.2.7.LTS</banner>
   <copyright>Copyright (c) 1996-2018 Texas Instruments Incorporated</copyright>
   <link_time>0x653ab8fe</link_time>
   <link_errors>0x0</link_errors>
   <output_file>MDE_UART_CCS.out</output_file>
   <entry_point>
      <name>_c_int00_noargs</name>
      <address>0x89a9</address>
   </entry_point>
   <input_file_list>
      <input_file id="fl-2">
         <path>.\driverlib\</path>
         <kind>object</kind>
         <file>adc.obj</file>
         <name>adc.obj</name>
      </input_file>
      <input_file id="fl-3">
         <path>.\driverlib\</path>
         <kind>object</kind>
         <file>aes.obj</file>
         <name>aes.obj</name>
      </input_file>
      <input_file id="fl-4">
         <path>.\driverlib\</path>
         <kind>object</kind>
         <file>can.obj</file>
         <name>can.obj</name>
      </input_file>
      <input_file id="fl-5">
         <path>.\driverlib\</path>
         <kind>object</kind>
         <file>comp.obj</file>
         <name>comp.obj</name>
      </input_file>
      <input_file id="fl-6">
         <path>.\driverlib\</path>
         <kind>object</kind>
         <file>cpu.obj</file>
         <name>cpu.obj</name>
      </input_file>
      <input_file id="fl-7">
         <path>.\driverlib\</path>
         <kind>object</kind>
         <file>crc.obj</file>
         <name>crc.obj</name>
      </input_file>
      <input_file id="fl-8">
         <path>.\driverlib\</path>
         <kind>object</kind>
         <file>des.obj</file>
         <name>des.obj</name>
      </input_file>
      <input_file id="fl-9">
         <path>.\driverlib\</path>
         <kind>object</kind>
         <file>emac.obj</file>
         <name>emac.obj</name>
      </input_file>
      <input_file id="fl-a">
         <path>.\driverlib\</path>
         <kind>object</kind>
         <file>epi.obj</file>
         <name>epi.obj</name>
      </input_file>
      <input_file id="fl-b">
         <path>.\driverlib\</path>
         <kind>object</kind>
         <file>epi_workaround_ccs.obj</file>
         <name>epi_workaround_ccs.obj</name>
      </input_file>
      <input_file id="fl-c">
         <path>.\driverlib\</path>
         <kind>object</kind>
         <file>fpu.obj</file>
         <name>fpu.obj</name>
      </input_file>
      <input_file id="fl-d">
         <path>.\driverlib\</path>
         <kind>object</kind>
         <file>gpio.obj</file>
         <name>gpio.obj</name>
      </input_file>
      <input_file id="fl-e">
         <path>.\driverlib\</path>
         <kind>object</kind>
         <file>hibernate.obj</file>
         <name>hibernate.obj</name>
      </input_file>
      <input_file id="fl-f">
         <path>.\driverlib\</path>
         <kind>object</kind>
         <file>i2c.obj</file>
         <name>i2c.obj</name>
      </input_file>
      <input_file id="fl-10">
         <path>.\driverlib\</path>
         <kind>object</kind>
         <file>interrupt.obj</file>
         <name>interrupt.obj</name>
      </input_file>
      <input_file id="fl-11">
         <path>.\driverlib\</path>
         <kind>object</kind>
         <file>lcd.obj</file>
         <name>lcd.obj</name>
      </input_file>
      <input_file id="fl-12">
         <path>.\driverlib\</path>
         <kind>object</kind>
         <file>mpu.obj</file>
         <name>mpu.obj</name>
      </input_file>
      <input_file id="fl-13">
         <path>.\driverlib\</path>
         <kind>object</kind>
         <file>onewire.obj</file>
         <name>onewire.obj</name>
      </input_file>
      <input_file id="fl-14">
         <path>.\driverlib\</path>
         <kind>object</kind>
         <file>pwm.obj</file>
         <name>pwm.obj</name>
      </input_file>
      <input_file id="fl-15">
         <path>.\driverlib\</path>
         <kind>object</kind>
         <file>qei.obj</file>
         <name>qei.obj</name>
      </input_file>
      <input_file id="fl-16">
         <path>.\driverlib\</path>
         <kind>object</kind>
         <file>shamd5.obj</file>
         <name>shamd5.obj</name>
      </input_file>
      <input_file id="fl-17">
         <path>.\driverlib\</path>
         <kind>object</kind>
         <file>ssi.obj</file>
         <name>ssi.obj</name>
      </input_file>
      <input_file id="fl-18">
         <path>.\driverlib\</path>
         <kind>object</kind>
         <file>sw_crc.obj</file>
         <name>sw_crc.obj</name>
      </input_file>
      <input_file id="fl-19">
         <path>.\driverlib\</path>
         <kind>object</kind>
         <file>sysctl.obj</file>
         <name>sysctl.obj</name>
      </input_file>
      <input_file id="fl-1a">
         <path>.\driverlib\</path>
         <kind>object</kind>
         <file>sysexc.obj</file>
         <name>sysexc.obj</name>
      </input_file>
      <input_file id="fl-1b">
         <path>.\driverlib\</path>
         <kind>object</kind>
         <file>systick.obj</file>
         <name>systick.obj</name>
      </input_file>
      <input_file id="fl-1c">
         <path>.\driverlib\</path>
         <kind>object</kind>
         <file>timer.obj</file>
         <name>timer.obj</name>
      </input_file>
      <input_file id="fl-1d">
         <path>.\driverlib\</path>
         <kind>object</kind>
         <file>uart.obj</file>
         <name>uart.obj</name>
      </input_file>
      <input_file id="fl-1e">
         <path>.\driverlib\</path>
         <kind>object</kind>
         <file>udma.obj</file>
         <name>udma.obj</name>
      </input_file>
      <input_file id="fl-1f">
         <path>.\driverlib\</path>
         <kind>object</kind>
         <file>usb.obj</file>
         <name>usb.obj</name>
      </input_file>
      <input_file id="fl-20">
         <path>.\driverlib\</path>
         <kind>object</kind>
         <file>watchdog.obj</file>
         <name>watchdog.obj</name>
      </input_file>
      <input_file id="fl-21">
         <path>.\source\</path>
         <kind>object</kind>
         <file>bit_errors.obj</file>
         <name>bit_errors.obj</name>
      </input_file>
      <input_file id="fl-22">
         <path>.\source\</path>
         <kind>object</kind>
         <file>chip_health.obj</file>
         <name>chip_health.obj</name>
      </input_file>
      <input_file id="fl-23">
         <path>.\source\</path>
         <kind>object</kind>
         <file>chips.obj</file>
         <name>chips.obj</name>
      </input_file>
      <input_file id="fl-24">
         <path>.\source\</path>
         <kind>object</kind>
         <file>devtools.obj</file>
         <name>devtools.obj</name>
      </input_file>
      <input_file id="fl-25">
         <path>.\source\</path>
         <kind>object</kind>
         <file>main.obj</file>
         <name>main.obj</name>
      </input_file>
      <input_file id="fl-26">
         <path>.\source\</path>
         <kind>object</kind>
         <file>mde.obj</file>
         <name>mde.obj</name>
      </input_file>
      <input_file id="fl-27">
         <path>.\source\</path>
         <kind>object</kind>
         <file>mde_timers.obj</file>
         <name>mde_timers.obj</name>
      </input_file>
      <input_file id="fl-28">
         <path>.\source\</path>
         <kind>object</kind>
         <file>multiplexer.obj</file>
         <name>multiplexer.obj</name>
      </input_file>
      <input_file id="fl-29">
         <path>.\source\</path>
         <kind>object</kind>
         <file>obc_uart.obj</file>
         <name>obc_uart.obj</name>
      </input_file>
      <input_file id="fl-2a">
         <path>.\source\</path>
         <kind>object</kind>
         <file>tm4c123gh6pm_startup_ccs.obj</file>
         <name>tm4c123gh6pm_startup_ccs.obj</name>
      </input_file>
      <input_file id="fl-2b">
         <path>.\source\chipDrivers\</path>
         <kind>object</kind>
         <file>FLASHfunc.obj</file>
         <name>FLASHfunc.obj</name>
      </input_file>
      <input_file id="fl-2c">
         <path>.\source\chipDrivers\</path>
         <kind>object</kind>
         <file>FRAMfunc.obj</file>
         <name>FRAMfunc.obj</name>
      </input_file>
      <input_file id="fl-2d">
         <path>.\source\chipDrivers\</path>
         <kind>object</kind>
         <file>MRAMfunc.obj</file>
         <name>MRAMfunc.obj</name>
      </input_file>
      <input_file id="fl-2e">
         <path>.\source\chipDrivers\</path>
         <kind>object</kind>
         <file>SRAMfunc.obj</file>
         <name>SRAMfunc.obj</name>
      </input_file>
      <input_file id="fl-33">
         <kind>object</kind>
         <file>&lt;internal&gt;</file>
         <name>&lt;internal&gt;</name>
      </input_file>
      <input_file id="fl-e9">
         <path>C:\ti\ccs1120\ccs\tools\compiler\ti-cgt-arm_20.2.7.LTS\lib\</path>
         <kind>archive</kind>
         <file>rtsv7M4_T_le_v4SPD16_eabi.lib</file>
         <name>snprintf.c.obj</name>
      </input_file>
      <input_file id="fl-ea">
         <path>C:\ti\ccs1120\ccs\tools\compiler\ti-cgt-arm_20.2.7.LTS\lib\</path>
         <kind>archive</kind>
         <file>rtsv7M4_T_le_v4SPD16_eabi.lib</file>
         <name>sprintf.c.obj</name>
      </input_file>
      <input_file id="fl-eb">
         <path>C:\ti\ccs1120\ccs\tools\compiler\ti-cgt-arm_20.2.7.LTS\lib\</path>
         <kind>archive</kind>
         <file>rtsv7M4_T_le_v4SPD16_eabi.lib</file>
         <name>memcpy_t2.asm.obj</name>
      </input_file>
      <input_file id="fl-ec">
         <path>C:\ti\ccs1120\ccs\tools\compiler\ti-cgt-arm_20.2.7.LTS\lib\</path>
         <kind>archive</kind>
         <file>rtsv7M4_T_le_v4SPD16_eabi.lib</file>
         <name>copy_zero_init.c.obj</name>
      </input_file>
      <input_file id="fl-ed">
         <path>C:\ti\ccs1120\ccs\tools\compiler\ti-cgt-arm_20.2.7.LTS\lib\</path>
         <kind>archive</kind>
         <file>rtsv7M4_T_le_v4SPD16_eabi.lib</file>
         <name>copy_decompress_none.c.obj</name>
      </input_file>
      <input_file id="fl-ee">
         <path>C:\ti\ccs1120\ccs\tools\compiler\ti-cgt-arm_20.2.7.LTS\lib\</path>
         <kind>archive</kind>
         <file>rtsv7M4_T_le_v4SPD16_eabi.lib</file>
         <name>copy_decompress_lzss.c.obj</name>
      </input_file>
      <input_file id="fl-ef">
         <path>C:\ti\ccs1120\ccs\tools\compiler\ti-cgt-arm_20.2.7.LTS\lib\</path>
         <kind>archive</kind>
         <file>rtsv7M4_T_le_v4SPD16_eabi.lib</file>
         <name>memory.c.obj</name>
      </input_file>
      <input_file id="fl-f0">
         <path>C:\ti\ccs1120\ccs\tools\compiler\ti-cgt-arm_20.2.7.LTS\lib\</path>
         <kind>archive</kind>
         <file>rtsv7M4_T_le_v4SPD16_eabi.lib</file>
         <name>strlen.c.obj</name>
      </input_file>
      <input_file id="fl-f1">
         <path>C:\ti\ccs1120\ccs\tools\compiler\ti-cgt-arm_20.2.7.LTS\lib\</path>
         <kind>archive</kind>
         <file>rtsv7M4_T_le_v4SPD16_eabi.lib</file>
         <name>boot_cortex_m.c.obj</name>
      </input_file>
      <input_file id="fl-f2">
         <path>C:\ti\ccs1120\ccs\tools\compiler\ti-cgt-arm_20.2.7.LTS\lib\</path>
         <kind>archive</kind>
         <file>rtsv7M4_T_le_v4SPD16_eabi.lib</file>
         <name>_printfi.c.obj</name>
      </input_file>
      <input_file id="fl-f3">
         <path>C:\ti\ccs1120\ccs\tools\compiler\ti-cgt-arm_20.2.7.LTS\lib\</path>
         <kind>archive</kind>
         <file>rtsv7M4_T_le_v4SPD16_eabi.lib</file>
         <name>fd_add_t2.asm.obj</name>
      </input_file>
      <input_file id="fl-f4">
         <path>C:\ti\ccs1120\ccs\tools\compiler\ti-cgt-arm_20.2.7.LTS\lib\</path>
         <kind>archive</kind>
         <file>rtsv7M4_T_le_v4SPD16_eabi.lib</file>
         <name>fd_cmp_t2.asm.obj</name>
      </input_file>
      <input_file id="fl-f5">
         <path>C:\ti\ccs1120\ccs\tools\compiler\ti-cgt-arm_20.2.7.LTS\lib\</path>
         <kind>archive</kind>
         <file>rtsv7M4_T_le_v4SPD16_eabi.lib</file>
         <name>fd_div_t2.asm.obj</name>
      </input_file>
      <input_file id="fl-f6">
         <path>C:\ti\ccs1120\ccs\tools\compiler\ti-cgt-arm_20.2.7.LTS\lib\</path>
         <kind>archive</kind>
         <file>rtsv7M4_T_le_v4SPD16_eabi.lib</file>
         <name>fd_mul_t2.asm.obj</name>
      </input_file>
      <input_file id="fl-f7">
         <path>C:\ti\ccs1120\ccs\tools\compiler\ti-cgt-arm_20.2.7.LTS\lib\</path>
         <kind>archive</kind>
         <file>rtsv7M4_T_le_v4SPD16_eabi.lib</file>
         <name>fd_toi_t2.asm.obj</name>
      </input_file>
      <input_file id="fl-f8">
         <path>C:\ti\ccs1120\ccs\tools\compiler\ti-cgt-arm_20.2.7.LTS\lib\</path>
         <kind>archive</kind>
         <file>rtsv7M4_T_le_v4SPD16_eabi.lib</file>
         <name>i_tofd_t2.asm.obj</name>
      </input_file>
      <input_file id="fl-f9">
         <path>C:\ti\ccs1120\ccs\tools\compiler\ti-cgt-arm_20.2.7.LTS\lib\</path>
         <kind>archive</kind>
         <file>rtsv7M4_T_le_v4SPD16_eabi.lib</file>
         <name>memset_t2.asm.obj</name>
      </input_file>
      <input_file id="fl-fa">
         <path>C:\ti\ccs1120\ccs\tools\compiler\ti-cgt-arm_20.2.7.LTS\lib\</path>
         <kind>archive</kind>
         <file>rtsv7M4_T_le_v4SPD16_eabi.lib</file>
         <name>ull_div_t2.asm.obj</name>
      </input_file>
      <input_file id="fl-fb">
         <path>C:\ti\ccs1120\ccs\tools\compiler\ti-cgt-arm_20.2.7.LTS\lib\</path>
         <kind>archive</kind>
         <file>rtsv7M4_T_le_v4SPD16_eabi.lib</file>
         <name>autoinit.c.obj</name>
      </input_file>
      <input_file id="fl-fc">
         <path>C:\ti\ccs1120\ccs\tools\compiler\ti-cgt-arm_20.2.7.LTS\lib\</path>
         <kind>archive</kind>
         <file>rtsv7M4_T_le_v4SPD16_eabi.lib</file>
         <name>pre_init.c.obj</name>
      </input_file>
      <input_file id="fl-fd">
         <path>C:\ti\ccs1120\ccs\tools\compiler\ti-cgt-arm_20.2.7.LTS\lib\</path>
         <kind>archive</kind>
         <file>rtsv7M4_T_le_v4SPD16_eabi.lib</file>
         <name>cpy_tbl.c.obj</name>
      </input_file>
      <input_file id="fl-fe">
         <path>C:\ti\ccs1120\ccs\tools\compiler\ti-cgt-arm_20.2.7.LTS\lib\</path>
         <kind>archive</kind>
         <file>rtsv7M4_T_le_v4SPD16_eabi.lib</file>
         <name>exit.c.obj</name>
      </input_file>
      <input_file id="fl-ff">
         <path>C:\ti\ccs1120\ccs\tools\compiler\ti-cgt-arm_20.2.7.LTS\lib\</path>
         <kind>archive</kind>
         <file>rtsv7M4_T_le_v4SPD16_eabi.lib</file>
         <name>_lock.c.obj</name>
      </input_file>
      <input_file id="fl-100">
         <path>C:\ti\ccs1120\ccs\tools\compiler\ti-cgt-arm_20.2.7.LTS\lib\</path>
         <kind>archive</kind>
         <file>rtsv7M4_T_le_v4SPD16_eabi.lib</file>
         <name>_ltoa.c.obj</name>
      </input_file>
      <input_file id="fl-101">
         <path>C:\ti\ccs1120\ccs\tools\compiler\ti-cgt-arm_20.2.7.LTS\lib\</path>
         <kind>archive</kind>
         <file>rtsv7M4_T_le_v4SPD16_eabi.lib</file>
         <name>args_main.c.obj</name>
      </input_file>
      <input_file id="fl-102">
         <path>C:\ti\ccs1120\ccs\tools\compiler\ti-cgt-arm_20.2.7.LTS\lib\</path>
         <kind>archive</kind>
         <file>rtsv7M4_T_le_v4SPD16_eabi.lib</file>
         <name>atoi.c.obj</name>
      </input_file>
      <input_file id="fl-103">
         <path>C:\ti\ccs1120\ccs\tools\compiler\ti-cgt-arm_20.2.7.LTS\lib\</path>
         <kind>archive</kind>
         <file>rtsv7M4_T_le_v4SPD16_eabi.lib</file>
         <name>ctype.c.obj</name>
      </input_file>
      <input_file id="fl-104">
         <path>C:\ti\ccs1120\ccs\tools\compiler\ti-cgt-arm_20.2.7.LTS\lib\</path>
         <kind>archive</kind>
         <file>rtsv7M4_T_le_v4SPD16_eabi.lib</file>
         <name>memccpy.c.obj</name>
      </input_file>
      <input_file id="fl-105">
         <path>C:\ti\ccs1120\ccs\tools\compiler\ti-cgt-arm_20.2.7.LTS\lib\</path>
         <kind>archive</kind>
         <file>rtsv7M4_T_le_v4SPD16_eabi.lib</file>
         <name>strchr.c.obj</name>
      </input_file>
      <input_file id="fl-106">
         <path>C:\ti\ccs1120\ccs\tools\compiler\ti-cgt-arm_20.2.7.LTS\lib\</path>
         <kind>archive</kind>
         <file>rtsv7M4_T_le_v4SPD16_eabi.lib</file>
         <name>errno.c.obj</name>
      </input_file>
      <input_file id="fl-107">
         <path>C:\ti\ccs1120\ccs\tools\compiler\ti-cgt-arm_20.2.7.LTS\lib\</path>
         <kind>archive</kind>
         <file>rtsv7M4_T_le_v4SPD16_eabi.lib</file>
         <name>wcslen.c.obj</name>
      </input_file>
      <input_file id="fl-108">
         <path>C:\ti\ccs1120\ccs\tools\compiler\ti-cgt-arm_20.2.7.LTS\lib\</path>
         <kind>archive</kind>
         <file>rtsv7M4_T_le_v4SPD16_eabi.lib</file>
         <name>s_frexp.c.obj</name>
      </input_file>
      <input_file id="fl-109">
         <path>C:\ti\ccs1120\ccs\tools\compiler\ti-cgt-arm_20.2.7.LTS\lib\</path>
         <kind>archive</kind>
         <file>rtsv7M4_T_le_v4SPD16_eabi.lib</file>
         <name>s_scalbn.c.obj</name>
      </input_file>
      <input_file id="fl-10a">
         <path>C:\ti\ccs1120\ccs\tools\compiler\ti-cgt-arm_20.2.7.LTS\lib\</path>
         <kind>archive</kind>
         <file>rtsv7M4_T_le_v4SPD16_eabi.lib</file>
         <name>div0.asm.obj</name>
      </input_file>
      <input_file id="fl-10b">
         <path>C:\ti\ccs1120\ccs\tools\compiler\ti-cgt-arm_20.2.7.LTS\lib\</path>
         <kind>archive</kind>
         <file>rtsv7M4_T_le_v4SPD16_eabi.lib</file>
         <name>s_copysign.c.obj</name>
      </input_file>
   </input_file_list>
   <object_component_list>
      <object_component id="oc-12">
         <name>.intvecs</name>
         <load_address>0x0</load_address>
         <run_address>0x0</run_address>
         <size>0x26c</size>
         <input_file_ref idref="fl-2a"/>
      </object_component>
      <object_component id="oc-99">
         <name>.text</name>
         <load_address>0x26c</load_address>
         <run_address>0x26c</run_address>
         <size>0x1b60</size>
         <input_file_ref idref="fl-24"/>
      </object_component>
      <object_component id="oc-81">
         <name>.text</name>
         <load_address>0x1dcc</load_address>
         <run_address>0x1dcc</run_address>
         <size>0xf80</size>
         <input_file_ref idref="fl-19"/>
      </object_component>
      <object_component id="oc-87">
         <name>.text</name>
         <load_address>0x2d4c</load_address>
         <run_address>0x2d4c</run_address>
         <size>0xb94</size>
         <input_file_ref idref="fl-d"/>
      </object_component>
      <object_component id="oc-159">
         <name>.text:__TI_printfi</name>
         <load_address>0x38e0</load_address>
         <run_address>0x38e0</run_address>
         <size>0xa4e</size>
         <input_file_ref idref="fl-f2"/>
      </object_component>
      <object_component id="oc-3fc">
         <name>.text:_nop</name>
         <load_address>0x432e</load_address>
         <run_address>0x432e</run_address>
         <size>0x2</size>
         <input_file_ref idref="fl-ff"/>
      </object_component>
      <object_component id="oc-2d3">
         <name>.text</name>
         <load_address>0x4330</load_address>
         <run_address>0x4330</run_address>
         <size>0x642</size>
         <input_file_ref idref="fl-1c"/>
      </object_component>
      <object_component id="oc-420">
         <name>.text</name>
         <load_address>0x4972</load_address>
         <run_address>0x4972</run_address>
         <size>0x2</size>
         <input_file_ref idref="fl-10a"/>
      </object_component>
      <object_component id="oc-7b">
         <name>.text</name>
         <load_address>0x4974</load_address>
         <run_address>0x4974</run_address>
         <size>0x62e</size>
         <input_file_ref idref="fl-1d"/>
      </object_component>
      <object_component id="oc-185">
         <name>.text</name>
         <load_address>0x4fa4</load_address>
         <run_address>0x4fa4</run_address>
         <size>0x4e8</size>
         <input_file_ref idref="fl-2b"/>
      </object_component>
      <object_component id="oc-30">
         <name>.text</name>
         <load_address>0x548c</load_address>
         <run_address>0x548c</run_address>
         <size>0x46c</size>
         <input_file_ref idref="fl-29"/>
      </object_component>
      <object_component id="oc-8d">
         <name>.text</name>
         <load_address>0x58f8</load_address>
         <run_address>0x58f8</run_address>
         <size>0x3c0</size>
         <input_file_ref idref="fl-10"/>
      </object_component>
      <object_component id="oc-191">
         <name>.text</name>
         <load_address>0x5cb8</load_address>
         <run_address>0x5cb8</run_address>
         <size>0x350</size>
         <input_file_ref idref="fl-2d"/>
      </object_component>
      <object_component id="oc-2e2">
         <name>.text</name>
         <load_address>0x6008</load_address>
         <run_address>0x6008</run_address>
         <size>0x336</size>
         <input_file_ref idref="fl-17"/>
      </object_component>
      <object_component id="oc-18b">
         <name>.text</name>
         <load_address>0x6340</load_address>
         <run_address>0x6340</run_address>
         <size>0x28c</size>
         <input_file_ref idref="fl-2c"/>
      </object_component>
      <object_component id="oc-2a4">
         <name>.text:_pconv_a</name>
         <load_address>0x65cc</load_address>
         <run_address>0x65cc</run_address>
         <size>0x270</size>
         <input_file_ref idref="fl-f2"/>
      </object_component>
      <object_component id="oc-f7">
         <name>.text</name>
         <load_address>0x683c</load_address>
         <run_address>0x683c</run_address>
         <size>0x228</size>
         <input_file_ref idref="fl-25"/>
      </object_component>
      <object_component id="oc-197">
         <name>.text</name>
         <load_address>0x6a64</load_address>
         <run_address>0x6a64</run_address>
         <size>0x1d8</size>
         <input_file_ref idref="fl-2e"/>
      </object_component>
      <object_component id="oc-292">
         <name>.text:_pconv_g</name>
         <load_address>0x6c3c</load_address>
         <run_address>0x6c3c</run_address>
         <size>0x1d0</size>
         <input_file_ref idref="fl-f2"/>
      </object_component>
      <object_component id="oc-1a3">
         <name>.text</name>
         <load_address>0x6e0c</load_address>
         <run_address>0x6e0c</run_address>
         <size>0x1b8</size>
         <input_file_ref idref="fl-21"/>
      </object_component>
      <object_component id="oc-373">
         <name>.text</name>
         <load_address>0x6fc4</load_address>
         <run_address>0x6fc4</run_address>
         <size>0x1b6</size>
         <input_file_ref idref="fl-f3"/>
      </object_component>
      <object_component id="oc-208">
         <name>.text</name>
         <load_address>0x717c</load_address>
         <run_address>0x717c</run_address>
         <size>0x1ac</size>
         <input_file_ref idref="fl-26"/>
      </object_component>
      <object_component id="oc-1fc">
         <name>.text</name>
         <load_address>0x7328</load_address>
         <run_address>0x7328</run_address>
         <size>0x1a8</size>
         <input_file_ref idref="fl-28"/>
      </object_component>
      <object_component id="oc-17f">
         <name>.text</name>
         <load_address>0x74d0</load_address>
         <run_address>0x74d0</run_address>
         <size>0x1a4</size>
         <input_file_ref idref="fl-27"/>
      </object_component>
      <object_component id="oc-2d9">
         <name>.text</name>
         <load_address>0x7674</load_address>
         <run_address>0x7674</run_address>
         <size>0x188</size>
         <input_file_ref idref="fl-20"/>
      </object_component>
      <object_component id="oc-20e">
         <name>.text</name>
         <load_address>0x77fc</load_address>
         <run_address>0x77fc</run_address>
         <size>0x170</size>
         <input_file_ref idref="fl-22"/>
      </object_component>
      <object_component id="oc-29e">
         <name>.text:_pconv_e</name>
         <load_address>0x796c</load_address>
         <run_address>0x796c</run_address>
         <size>0x13c</size>
         <input_file_ref idref="fl-f2"/>
      </object_component>
      <object_component id="oc-359">
         <name>.text</name>
         <load_address>0x7aa8</load_address>
         <run_address>0x7aa8</run_address>
         <size>0x136</size>
         <input_file_ref idref="fl-f5"/>
      </object_component>
      <object_component id="oc-385">
         <name>.text:fcvt</name>
         <load_address>0x7be0</load_address>
         <run_address>0x7be0</run_address>
         <size>0x124</size>
         <input_file_ref idref="fl-f2"/>
      </object_component>
      <object_component id="oc-399">
         <name>.text:scalbn</name>
         <load_address>0x7d04</load_address>
         <run_address>0x7d04</run_address>
         <size>0x110</size>
         <input_file_ref idref="fl-109"/>
      </object_component>
      <object_component id="oc-3e0">
         <name>.text:aligned_alloc</name>
         <load_address>0x7e14</load_address>
         <run_address>0x7e14</run_address>
         <size>0x100</size>
         <input_file_ref idref="fl-ef"/>
      </object_component>
      <object_component id="oc-354">
         <name>.text</name>
         <load_address>0x7f14</load_address>
         <run_address>0x7f14</run_address>
         <size>0xfc</size>
         <input_file_ref idref="fl-f6"/>
      </object_component>
      <object_component id="oc-304">
         <name>.text:free</name>
         <load_address>0x8010</load_address>
         <run_address>0x8010</run_address>
         <size>0xe4</size>
         <input_file_ref idref="fl-ef"/>
      </object_component>
      <object_component id="oc-202">
         <name>.text</name>
         <load_address>0x80f4</load_address>
         <run_address>0x80f4</run_address>
         <size>0xc0</size>
         <input_file_ref idref="fl-c"/>
      </object_component>
      <object_component id="oc-287">
         <name>.text:_ltostr</name>
         <load_address>0x81b4</load_address>
         <run_address>0x81b4</run_address>
         <size>0xb1</size>
         <input_file_ref idref="fl-f2"/>
      </object_component>
      <object_component id="oc-44">
         <name>.text</name>
         <load_address>0x8266</load_address>
         <run_address>0x8266</run_address>
         <size>0x9c</size>
         <input_file_ref idref="fl-eb"/>
      </object_component>
      <object_component id="oc-34d">
         <name>.text</name>
         <load_address>0x8302</load_address>
         <run_address>0x8302</run_address>
         <size>0x96</size>
         <input_file_ref idref="fl-fa"/>
      </object_component>
      <object_component id="oc-28d">
         <name>.text:__aeabi_cdcmple</name>
         <load_address>0x8398</load_address>
         <run_address>0x8398</run_address>
         <size>0x86</size>
         <input_file_ref idref="fl-f4"/>
      </object_component>
      <object_component id="oc-35e">
         <name>.text:__aeabi_cdrcmple</name>
         <load_address>0x841e</load_address>
         <run_address>0x841e</run_address>
         <size>0x86</size>
         <input_file_ref idref="fl-f4"/>
      </object_component>
      <object_component id="oc-eb">
         <name>.text</name>
         <load_address>0x84a4</load_address>
         <run_address>0x84a4</run_address>
         <size>0x7a</size>
         <input_file_ref idref="fl-f9"/>
      </object_component>
      <object_component id="oc-463">
         <name>.text:split</name>
         <load_address>0x8520</load_address>
         <run_address>0x8520</run_address>
         <size>0x70</size>
         <input_file_ref idref="fl-ef"/>
      </object_component>
      <object_component id="oc-37e">
         <name>.text:_mcpy</name>
         <load_address>0x8590</load_address>
         <run_address>0x8590</run_address>
         <size>0x6e</size>
         <input_file_ref idref="fl-f2"/>
      </object_component>
      <object_component id="oc-15">
         <name>.text:decompress:lzss:__TI_decompress_lzss</name>
         <load_address>0x85fe</load_address>
         <run_address>0x85fe</run_address>
         <size>0x68</size>
         <input_file_ref idref="fl-ee"/>
      </object_component>
      <object_component id="oc-393">
         <name>.text:frexp</name>
         <load_address>0x8668</load_address>
         <run_address>0x8668</run_address>
         <size>0x64</size>
         <input_file_ref idref="fl-108"/>
      </object_component>
      <object_component id="oc-298">
         <name>.text:_pconv_f</name>
         <load_address>0x86cc</load_address>
         <run_address>0x86cc</run_address>
         <size>0x56</size>
         <input_file_ref idref="fl-f2"/>
      </object_component>
      <object_component id="oc-368">
         <name>.text:__TI_ltoa</name>
         <load_address>0x8722</load_address>
         <run_address>0x8722</run_address>
         <size>0x54</size>
         <input_file_ref idref="fl-100"/>
      </object_component>
      <object_component id="oc-378">
         <name>.text:_ecpy</name>
         <load_address>0x8776</load_address>
         <run_address>0x8776</run_address>
         <size>0x52</size>
         <input_file_ref idref="fl-f2"/>
      </object_component>
      <object_component id="oc-281">
         <name>.text:atoi</name>
         <load_address>0x87c8</load_address>
         <run_address>0x87c8</run_address>
         <size>0x4c</size>
         <input_file_ref idref="fl-102"/>
      </object_component>
      <object_component id="oc-93">
         <name>.text:snprintf</name>
         <load_address>0x8814</load_address>
         <run_address>0x8814</run_address>
         <size>0x4c</size>
         <input_file_ref idref="fl-e9"/>
      </object_component>
      <object_component id="oc-363">
         <name>.text</name>
         <load_address>0x8860</load_address>
         <run_address>0x8860</run_address>
         <size>0x48</size>
         <input_file_ref idref="fl-f7"/>
      </object_component>
      <object_component id="oc-222">
         <name>.text:__TI_auto_init_nobinit_nopinit:__TI_auto_init_nobinit_nopinit</name>
         <load_address>0x88a8</load_address>
         <run_address>0x88a8</run_address>
         <size>0x44</size>
         <input_file_ref idref="fl-fb"/>
      </object_component>
      <object_component id="oc-19d">
         <name>.text:sprintf</name>
         <load_address>0x88ec</load_address>
         <run_address>0x88ec</run_address>
         <size>0x40</size>
         <input_file_ref idref="fl-ea"/>
      </object_component>
      <object_component id="oc-38b">
         <name>.text:_fcpy</name>
         <load_address>0x892c</load_address>
         <run_address>0x892c</run_address>
         <size>0x3e</size>
         <input_file_ref idref="fl-f2"/>
      </object_component>
      <object_component id="oc-125">
         <name>.text</name>
         <load_address>0x896a</load_address>
         <run_address>0x896a</run_address>
         <size>0x3e</size>
         <input_file_ref idref="fl-6"/>
      </object_component>
      <object_component id="oc-62">
         <name>.text:_c_int00_noargs:_c_int00_noargs</name>
         <load_address>0x89a8</load_address>
         <run_address>0x89a8</run_address>
         <size>0x34</size>
         <input_file_ref idref="fl-f1"/>
      </object_component>
      <object_component id="oc-15f">
         <name>.text:_outs</name>
         <load_address>0x89dc</load_address>
         <run_address>0x89dc</run_address>
         <size>0x30</size>
         <input_file_ref idref="fl-e9"/>
      </object_component>
      <object_component id="oc-36e">
         <name>.text</name>
         <load_address>0x8a0c</load_address>
         <run_address>0x8a0c</run_address>
         <size>0x2e</size>
         <input_file_ref idref="fl-f8"/>
      </object_component>
      <object_component id="oc-3ed">
         <name>.text:free_list_insert</name>
         <load_address>0x8a3c</load_address>
         <run_address>0x8a3c</run_address>
         <size>0x28</size>
         <input_file_ref idref="fl-ef"/>
      </object_component>
      <object_component id="oc-50">
         <name>.text:decompress:ZI:__TI_zero_init_nomemset:__TI_zero_init_nomemset</name>
         <load_address>0x8a64</load_address>
         <run_address>0x8a64</run_address>
         <size>0x1c</size>
         <input_file_ref idref="fl-ec"/>
      </object_component>
      <object_component id="oc-3e7">
         <name>.text:free_list_remove</name>
         <load_address>0x8a80</load_address>
         <run_address>0x8a80</run_address>
         <size>0x1c</size>
         <input_file_ref idref="fl-ef"/>
      </object_component>
      <object_component id="oc-2aa">
         <name>.text:memccpy</name>
         <load_address>0x8a9c</load_address>
         <run_address>0x8a9c</run_address>
         <size>0x1c</size>
         <input_file_ref idref="fl-104"/>
      </object_component>
      <object_component id="oc-439">
         <name>.text:copysign</name>
         <load_address>0x8ab8</load_address>
         <run_address>0x8ab8</run_address>
         <size>0x1a</size>
         <input_file_ref idref="fl-10b"/>
      </object_component>
      <object_component id="oc-165">
         <name>.text:_outc</name>
         <load_address>0x8ad2</load_address>
         <run_address>0x8ad2</run_address>
         <size>0x18</size>
         <input_file_ref idref="fl-e9"/>
      </object_component>
      <object_component id="oc-2f0">
         <name>.text:_outs</name>
         <load_address>0x8aea</load_address>
         <run_address>0x8aea</run_address>
         <size>0x18</size>
         <input_file_ref idref="fl-ea"/>
      </object_component>
      <object_component id="oc-39f">
         <name>.text:strchr</name>
         <load_address>0x8b02</load_address>
         <run_address>0x8b02</run_address>
         <size>0x16</size>
         <input_file_ref idref="fl-105"/>
      </object_component>
      <object_component id="oc-9f">
         <name>.text:strlen</name>
         <load_address>0x8b18</load_address>
         <run_address>0x8b18</run_address>
         <size>0x14</size>
         <input_file_ref idref="fl-f0"/>
      </object_component>
      <object_component id="oc-2b0">
         <name>.text:wcslen</name>
         <load_address>0x8b2c</load_address>
         <run_address>0x8b2c</run_address>
         <size>0x12</size>
         <input_file_ref idref="fl-107"/>
      </object_component>
      <object_component id="oc-1b">
         <name>.text:decompress:none:__TI_decompress_none</name>
         <load_address>0x8b3e</load_address>
         <run_address>0x8b3e</run_address>
         <size>0xe</size>
         <input_file_ref idref="fl-ed"/>
      </object_component>
      <object_component id="oc-2a">
         <name>.text</name>
         <load_address>0x8b4c</load_address>
         <run_address>0x8b4c</run_address>
         <size>0xc</size>
         <input_file_ref idref="fl-2a"/>
      </object_component>
      <object_component id="oc-2f6">
         <name>.text:_outc</name>
         <load_address>0x8b58</load_address>
         <run_address>0x8b58</run_address>
         <size>0xa</size>
         <input_file_ref idref="fl-ea"/>
      </object_component>
      <object_component id="oc-2b6">
         <name>.text:__aeabi_errno_addr</name>
         <load_address>0x8b64</load_address>
         <run_address>0x8b64</run_address>
         <size>0x8</size>
         <input_file_ref idref="fl-106"/>
      </object_component>
      <object_component id="oc-2fe">
         <name>.text:malloc</name>
         <load_address>0x8b6c</load_address>
         <run_address>0x8b6c</run_address>
         <size>0x8</size>
         <input_file_ref idref="fl-ef"/>
      </object_component>
      <object_component id="oc-134">
         <name>.text:SysCtlDelay</name>
         <load_address>0x8b74</load_address>
         <run_address>0x8b74</run_address>
         <size>0x6</size>
         <input_file_ref idref="fl-19"/>
      </object_component>
      <object_component id="oc-f1">
         <name>.text:_system_pre_init</name>
         <load_address>0x8b7a</load_address>
         <run_address>0x8b7a</run_address>
         <size>0x4</size>
         <input_file_ref idref="fl-fc"/>
      </object_component>
      <object_component id="oc-216">
         <name>.text:abort:abort</name>
         <load_address>0x8b7e</load_address>
         <run_address>0x8b7e</run_address>
         <size>0x4</size>
         <input_file_ref idref="fl-fe"/>
      </object_component>
      <object_component id="oc-131">
         <name>.const:g_pppui32XTALtoVCO</name>
         <load_address>0x8b84</load_address>
         <run_address>0x8b84</run_address>
         <size>0x1b0</size>
         <input_file_ref idref="fl-19"/>
      </object_component>
      <object_component id="oc-348">
         <name>.const:.string:_ctypes_</name>
         <load_address>0x8d34</load_address>
         <run_address>0x8d34</run_address>
         <size>0x101</size>
         <input_file_ref idref="fl-103"/>
      </object_component>
      <object_component id="oc-ae">
         <name>.const:.string:$P$T1$2</name>
         <load_address>0x8e35</load_address>
         <run_address>0x8e35</run_address>
         <size>0x3</size>
         <input_file_ref idref="fl-29"/>
      </object_component>
      <object_component id="oc-13a">
         <name>.const:g_ppui32GPIOIntMapSnowflake</name>
         <load_address>0x8e38</load_address>
         <run_address>0x8e38</run_address>
         <size>0xd8</size>
         <input_file_ref idref="fl-d"/>
      </object_component>
      <object_component id="oc-137">
         <name>.const:g_ppui32GPIOIntMapBlizzard</name>
         <load_address>0x8f10</load_address>
         <run_address>0x8f10</run_address>
         <size>0xc0</size>
         <input_file_ref idref="fl-d"/>
      </object_component>
      <object_component id="oc-148">
         <name>.const:g_pui32Regs</name>
         <load_address>0x8fd0</load_address>
         <run_address>0x8fd0</run_address>
         <size>0x9c</size>
         <input_file_ref idref="fl-10"/>
      </object_component>
      <object_component id="oc-13d">
         <name>.const:g_pui32GPIOBaseAddrs</name>
         <load_address>0x906c</load_address>
         <run_address>0x906c</run_address>
         <size>0x90</size>
         <input_file_ref idref="fl-d"/>
      </object_component>
      <object_component id="oc-12b">
         <name>.const:g_pui32Xtals</name>
         <load_address>0x90fc</load_address>
         <run_address>0x90fc</run_address>
         <size>0x6c</size>
         <input_file_ref idref="fl-19"/>
      </object_component>
      <object_component id="oc-3c0">
         <name>.const:g_ppui32TimerIntMap</name>
         <load_address>0x9168</load_address>
         <run_address>0x9168</run_address>
         <size>0x60</size>
         <input_file_ref idref="fl-1c"/>
      </object_component>
      <object_component id="oc-3c3">
         <name>.const:g_ppui32TimerIntMapSnowflake</name>
         <load_address>0x91c8</load_address>
         <run_address>0x91c8</run_address>
         <size>0x40</size>
         <input_file_ref idref="fl-1c"/>
      </object_component>
      <object_component id="oc-115">
         <name>.const:g_ppui32UARTIntMap</name>
         <load_address>0x9208</load_address>
         <run_address>0x9208</run_address>
         <size>0x40</size>
         <input_file_ref idref="fl-1d"/>
      </object_component>
      <object_component id="oc-118">
         <name>.const:g_ppui32UARTIntMapSnowflake</name>
         <load_address>0x9248</load_address>
         <run_address>0x9248</run_address>
         <size>0x40</size>
         <input_file_ref idref="fl-1d"/>
      </object_component>
      <object_component id="oc-122">
         <name>.const:g_sXTALtoMEMTIM</name>
         <load_address>0x9288</load_address>
         <run_address>0x9288</run_address>
         <size>0x30</size>
         <input_file_ref idref="fl-19"/>
      </object_component>
      <object_component id="oc-3cc">
         <name>.const:g_ppui32SSIIntMap</name>
         <load_address>0x92b8</load_address>
         <run_address>0x92b8</run_address>
         <size>0x20</size>
         <input_file_ref idref="fl-17"/>
      </object_component>
      <object_component id="oc-3cf">
         <name>.const:g_ppui32SSIIntMapSnowflake</name>
         <load_address>0x92d8</load_address>
         <run_address>0x92d8</run_address>
         <size>0x20</size>
         <input_file_ref idref="fl-17"/>
      </object_component>
      <object_component id="oc-145">
         <name>.const:g_pui32Priority</name>
         <load_address>0x92f8</load_address>
         <run_address>0x92f8</run_address>
         <size>0x20</size>
         <input_file_ref idref="fl-10"/>
      </object_component>
      <object_component id="oc-ab">
         <name>.const:.string:$P$T0$1</name>
         <load_address>0x9318</load_address>
         <run_address>0x9318</run_address>
         <size>0x1f</size>
         <input_file_ref idref="fl-29"/>
      </object_component>
      <object_component id="oc-b4">
         <name>.const:.string:$P$T3$4</name>
         <load_address>0x9337</load_address>
         <run_address>0x9337</run_address>
         <size>0x14</size>
         <input_file_ref idref="fl-29"/>
      </object_component>
      <object_component id="oc-14e">
         <name>.const:g_pui32Dii16Regs</name>
         <load_address>0x934c</load_address>
         <run_address>0x934c</run_address>
         <size>0x14</size>
         <input_file_ref idref="fl-10"/>
      </object_component>
      <object_component id="oc-14b">
         <name>.const:g_pui32EnRegs</name>
         <load_address>0x9360</load_address>
         <run_address>0x9360</run_address>
         <size>0x14</size>
         <input_file_ref idref="fl-10"/>
      </object_component>
      <object_component id="oc-151">
         <name>.const:g_pui32PendRegs</name>
         <load_address>0x9374</load_address>
         <run_address>0x9374</run_address>
         <size>0x14</size>
         <input_file_ref idref="fl-10"/>
      </object_component>
      <object_component id="oc-154">
         <name>.const:g_pui32UnpendRegs</name>
         <load_address>0x9388</load_address>
         <run_address>0x9388</run_address>
         <size>0x14</size>
         <input_file_ref idref="fl-10"/>
      </object_component>
      <object_component id="oc-12e">
         <name>.const:g_pui32VCOFrequencies</name>
         <load_address>0x939c</load_address>
         <run_address>0x939c</run_address>
         <size>0x8</size>
         <input_file_ref idref="fl-19"/>
      </object_component>
      <object_component id="oc-ba">
         <name>.const:.string:$P$T5$6</name>
         <load_address>0x93a4</load_address>
         <run_address>0x93a4</run_address>
         <size>0x7</size>
         <input_file_ref idref="fl-29"/>
      </object_component>
      <object_component id="oc-bd">
         <name>.const:.string:$P$T6$7</name>
         <load_address>0x93ab</load_address>
         <run_address>0x93ab</run_address>
         <size>0x7</size>
         <input_file_ref idref="fl-29"/>
      </object_component>
      <object_component id="oc-1ad">
         <name>.const:.string:$P$T0$1</name>
         <load_address>0x93b2</load_address>
         <run_address>0x93b2</run_address>
         <size>0x6</size>
         <input_file_ref idref="fl-24"/>
      </object_component>
      <object_component id="oc-1b0">
         <name>.const:.string:$P$T1$2</name>
         <load_address>0x93b8</load_address>
         <run_address>0x93b8</run_address>
         <size>0x6</size>
         <input_file_ref idref="fl-24"/>
      </object_component>
      <object_component id="oc-b7">
         <name>.const:.string:$P$T4$5</name>
         <load_address>0x93be</load_address>
         <run_address>0x93be</run_address>
         <size>0x6</size>
         <input_file_ref idref="fl-29"/>
      </object_component>
      <object_component id="oc-c0">
         <name>.const:.string:$P$T7$8</name>
         <load_address>0x93c4</load_address>
         <run_address>0x93c4</run_address>
         <size>0x6</size>
         <input_file_ref idref="fl-29"/>
      </object_component>
      <object_component id="oc-b1">
         <name>.const:.string:$P$T2$3</name>
         <load_address>0x93ca</load_address>
         <run_address>0x93ca</run_address>
         <size>0x3</size>
         <input_file_ref idref="fl-29"/>
      </object_component>
      <object_component id="oc-4be">
         <name>.cinit..data.load</name>
         <load_address>0x93d0</load_address>
         <run_address>0x93d0</run_address>
         <size>0x22</size>
      </object_component>
      <object_component id="oc-4bb">
         <name>__TI_handler_table</name>
         <load_address>0x93f4</load_address>
         <run_address>0x93f4</run_address>
         <size>0xc</size>
      </object_component>
      <object_component id="oc-4bf">
         <name>.cinit..bss.load</name>
         <load_address>0x9400</load_address>
         <run_address>0x9400</run_address>
         <size>0x8</size>
      </object_component>
      <object_component id="oc-4bd">
         <name>.cinit..vtable.load</name>
         <load_address>0x9408</load_address>
         <run_address>0x9408</run_address>
         <size>0x8</size>
      </object_component>
      <object_component id="oc-4bc">
         <name>__TI_cinit_table</name>
         <load_address>0x9410</load_address>
         <run_address>0x9410</run_address>
         <size>0x18</size>
      </object_component>
      <object_component id="oc-142">
         <name>.vtable</name>
         <uninitialized>true</uninitialized>
         <run_address>0x20000000</run_address>
         <size>0x26c</size>
         <input_file_ref idref="fl-10"/>
      </object_component>
      <object_component id="oc-17c">
         <name>.data</name>
         <load_address>0x200045d8</load_address>
         <run_address>0x200045d8</run_address>
         <size>0x1b</size>
         <input_file_ref idref="fl-25"/>
      </object_component>
      <object_component id="oc-a5">
         <name>.data</name>
         <load_address>0x20004604</load_address>
         <run_address>0x20004604</run_address>
         <size>0x5</size>
         <input_file_ref idref="fl-29"/>
      </object_component>
      <object_component id="oc-469">
         <name>.data:$O1$$</name>
         <load_address>0x200045fc</load_address>
         <run_address>0x200045fc</run_address>
         <size>0x8</size>
         <input_file_ref idref="fl-ef"/>
      </object_component>
      <object_component id="oc-32c">
         <name>.data:$O1$$</name>
         <load_address>0x200045f4</load_address>
         <run_address>0x200045f4</run_address>
         <size>0x8</size>
         <input_file_ref idref="fl-ff"/>
      </object_component>
      <object_component id="oc-3af">
         <name>.data</name>
         <load_address>0x2000460c</load_address>
         <run_address>0x2000460c</run_address>
         <size>0x4</size>
         <input_file_ref idref="fl-106"/>
      </object_component>
      <object_component id="oc-a8">
         <name>.bss:uart_obc_msg_chars</name>
         <uninitialized>true</uninitialized>
         <run_address>0x20004470</run_address>
         <size>0x100</size>
         <input_file_ref idref="fl-29"/>
      </object_component>
      <object_component id="oc-1a9">
         <name>.common:chip_health_array</name>
         <uninitialized>true</uninitialized>
         <run_address>0x20004570</run_address>
         <size>0x40</size>
      </object_component>
      <object_component id="oc-1ac">
         <name>.common:chip_death_array</name>
         <uninitialized>true</uninitialized>
         <run_address>0x200045b0</run_address>
         <size>0x20</size>
      </object_component>
      <object_component id="oc-2df">
         <name>.common:reading_chip</name>
         <uninitialized>true</uninitialized>
         <run_address>0x200045d4</run_address>
         <size>0x1</size>
      </object_component>
      <object_component id="oc-214">
         <name>.common:ui32Loop</name>
         <uninitialized>true</uninitialized>
         <run_address>0x200045d0</run_address>
         <size>0x4</size>
      </object_component>
      <object_component id="oc-24">
         <name>.sysmem</name>
         <uninitialized>true</uninitialized>
         <run_address>0x20000270</run_address>
         <size>0x10</size>
         <input_file_ref idref="fl-ef"/>
      </object_component>
      <object_component id="oc-4c2">
         <name>.sysmem</name>
         <uninitialized>true</uninitialized>
         <run_address>0x20000270</run_address>
         <size>0x0</size>
      </object_component>
      <object_component id="oc-27">
         <name>.stack</name>
         <uninitialized>true</uninitialized>
         <run_address>0x20004270</run_address>
         <size>0x4</size>
         <input_file_ref idref="fl-f1"/>
      </object_component>
      <object_component id="oc-4c1">
         <name>.stack</name>
         <uninitialized>true</uninitialized>
         <run_address>0x20004270</run_address>
         <size>0x0</size>
      </object_component>
      <object_component id="oc-1f0">
         <name>.debug_info</name>
         <load_address>0x0</load_address>
         <run_address>0x0</run_address>
         <size>0x325</size>
         <input_file_ref idref="fl-2"/>
      </object_component>
      <object_component id="oc-d1">
         <name>.debug_info</name>
         <load_address>0x325</load_address>
         <run_address>0x325</run_address>
         <size>0x26b</size>
         <input_file_ref idref="fl-2"/>
      </object_component>
      <object_component id="oc-c9">
         <name>.debug_info</name>
         <load_address>0x590</load_address>
         <run_address>0x590</run_address>
         <size>0x8b</size>
         <input_file_ref idref="fl-2"/>
      </object_component>
      <object_component id="oc-1da">
         <name>.debug_info</name>
         <load_address>0x61b</load_address>
         <run_address>0x61b</run_address>
         <size>0x2a4</size>
         <input_file_ref idref="fl-2"/>
      </object_component>
      <object_component id="oc-11c">
         <name>.debug_info</name>
         <load_address>0x8bf</load_address>
         <run_address>0x8bf</run_address>
         <size>0xef</size>
         <input_file_ref idref="fl-2"/>
      </object_component>
      <object_component id="oc-c4">
         <name>.debug_info</name>
         <load_address>0x9ae</load_address>
         <run_address>0x9ae</run_address>
         <size>0xbb</size>
         <input_file_ref idref="fl-2"/>
      </object_component>
      <object_component id="oc-128">
         <name>.debug_info</name>
         <load_address>0xa69</load_address>
         <run_address>0xa69</run_address>
         <size>0x32b</size>
         <input_file_ref idref="fl-6"/>
      </object_component>
      <object_component id="oc-3f">
         <name>.debug_info</name>
         <load_address>0xd94</load_address>
         <run_address>0xd94</run_address>
         <size>0x84</size>
         <input_file_ref idref="fl-6"/>
      </object_component>
      <object_component id="oc-204">
         <name>.debug_info</name>
         <load_address>0xe18</load_address>
         <run_address>0xe18</run_address>
         <size>0x51b</size>
         <input_file_ref idref="fl-c"/>
      </object_component>
      <object_component id="oc-141">
         <name>.debug_info</name>
         <load_address>0x1333</load_address>
         <run_address>0x1333</run_address>
         <size>0x34f</size>
         <input_file_ref idref="fl-d"/>
      </object_component>
      <object_component id="oc-138">
         <name>.debug_info</name>
         <load_address>0x1682</load_address>
         <run_address>0x1682</run_address>
         <size>0xef</size>
         <input_file_ref idref="fl-d"/>
      </object_component>
      <object_component id="oc-13b">
         <name>.debug_info</name>
         <load_address>0x1771</load_address>
         <run_address>0x1771</run_address>
         <size>0xf1</size>
         <input_file_ref idref="fl-d"/>
      </object_component>
      <object_component id="oc-13e">
         <name>.debug_info</name>
         <load_address>0x1862</load_address>
         <run_address>0x1862</run_address>
         <size>0xe3</size>
         <input_file_ref idref="fl-d"/>
      </object_component>
      <object_component id="oc-88">
         <name>.debug_info</name>
         <load_address>0x1945</load_address>
         <run_address>0x1945</run_address>
         <size>0x3112</size>
         <input_file_ref idref="fl-d"/>
      </object_component>
      <object_component id="oc-158">
         <name>.debug_info</name>
         <load_address>0x4a57</load_address>
         <run_address>0x4a57</run_address>
         <size>0x32c</size>
         <input_file_ref idref="fl-10"/>
      </object_component>
      <object_component id="oc-146">
         <name>.debug_info</name>
         <load_address>0x4d83</load_address>
         <run_address>0x4d83</run_address>
         <size>0xde</size>
         <input_file_ref idref="fl-10"/>
      </object_component>
      <object_component id="oc-149">
         <name>.debug_info</name>
         <load_address>0x4e61</load_address>
         <run_address>0x4e61</run_address>
         <size>0xd6</size>
         <input_file_ref idref="fl-10"/>
      </object_component>
      <object_component id="oc-14c">
         <name>.debug_info</name>
         <load_address>0x4f37</load_address>
         <run_address>0x4f37</run_address>
         <size>0xda</size>
         <input_file_ref idref="fl-10"/>
      </object_component>
      <object_component id="oc-14f">
         <name>.debug_info</name>
         <load_address>0x5011</load_address>
         <run_address>0x5011</run_address>
         <size>0xe0</size>
         <input_file_ref idref="fl-10"/>
      </object_component>
      <object_component id="oc-152">
         <name>.debug_info</name>
         <load_address>0x50f1</load_address>
         <run_address>0x50f1</run_address>
         <size>0xde</size>
         <input_file_ref idref="fl-10"/>
      </object_component>
      <object_component id="oc-155">
         <name>.debug_info</name>
         <load_address>0x51cf</load_address>
         <run_address>0x51cf</run_address>
         <size>0xe2</size>
         <input_file_ref idref="fl-10"/>
      </object_component>
      <object_component id="oc-143">
         <name>.debug_info</name>
         <load_address>0x52b1</load_address>
         <run_address>0x52b1</run_address>
         <size>0xdf</size>
         <input_file_ref idref="fl-10"/>
      </object_component>
      <object_component id="oc-8e">
         <name>.debug_info</name>
         <load_address>0x5390</load_address>
         <run_address>0x5390</run_address>
         <size>0xcdf</size>
         <input_file_ref idref="fl-10"/>
      </object_component>
      <object_component id="oc-3d3">
         <name>.debug_info</name>
         <load_address>0x606f</load_address>
         <run_address>0x606f</run_address>
         <size>0x330</size>
         <input_file_ref idref="fl-17"/>
      </object_component>
      <object_component id="oc-3cd">
         <name>.debug_info</name>
         <load_address>0x639f</load_address>
         <run_address>0x639f</run_address>
         <size>0xdc</size>
         <input_file_ref idref="fl-17"/>
      </object_component>
      <object_component id="oc-3d0">
         <name>.debug_info</name>
         <load_address>0x647b</load_address>
         <run_address>0x647b</run_address>
         <size>0xee</size>
         <input_file_ref idref="fl-17"/>
      </object_component>
      <object_component id="oc-2e4">
         <name>.debug_info</name>
         <load_address>0x6569</load_address>
         <run_address>0x6569</run_address>
         <size>0x151b</size>
         <input_file_ref idref="fl-17"/>
      </object_component>
      <object_component id="oc-136">
         <name>.debug_info</name>
         <load_address>0x7a84</load_address>
         <run_address>0x7a84</run_address>
         <size>0x3b1</size>
         <input_file_ref idref="fl-19"/>
      </object_component>
      <object_component id="oc-12c">
         <name>.debug_info</name>
         <load_address>0x7e35</load_address>
         <run_address>0x7e35</run_address>
         <size>0xd5</size>
         <input_file_ref idref="fl-19"/>
      </object_component>
      <object_component id="oc-132">
         <name>.debug_info</name>
         <load_address>0x7f0a</load_address>
         <run_address>0x7f0a</run_address>
         <size>0xe1</size>
         <input_file_ref idref="fl-19"/>
      </object_component>
      <object_component id="oc-123">
         <name>.debug_info</name>
         <load_address>0x7feb</load_address>
         <run_address>0x7feb</run_address>
         <size>0xdb</size>
         <input_file_ref idref="fl-19"/>
      </object_component>
      <object_component id="oc-12f">
         <name>.debug_info</name>
         <load_address>0x80c6</load_address>
         <run_address>0x80c6</run_address>
         <size>0xe8</size>
         <input_file_ref idref="fl-19"/>
      </object_component>
      <object_component id="oc-82">
         <name>.debug_info</name>
         <load_address>0x81ae</load_address>
         <run_address>0x81ae</run_address>
         <size>0x2b25</size>
         <input_file_ref idref="fl-19"/>
      </object_component>
      <object_component id="oc-265">
         <name>.debug_info</name>
         <load_address>0xacd3</load_address>
         <run_address>0xacd3</run_address>
         <size>0x51</size>
         <input_file_ref idref="fl-19"/>
      </object_component>
      <object_component id="oc-3c7">
         <name>.debug_info</name>
         <load_address>0xad24</load_address>
         <run_address>0xad24</run_address>
         <size>0x33c</size>
         <input_file_ref idref="fl-1c"/>
      </object_component>
      <object_component id="oc-3c1">
         <name>.debug_info</name>
         <load_address>0xb060</load_address>
         <run_address>0xb060</run_address>
         <size>0xe2</size>
         <input_file_ref idref="fl-1c"/>
      </object_component>
      <object_component id="oc-3c4">
         <name>.debug_info</name>
         <load_address>0xb142</load_address>
         <run_address>0xb142</run_address>
         <size>0xf4</size>
         <input_file_ref idref="fl-1c"/>
      </object_component>
      <object_component id="oc-2d7">
         <name>.debug_info</name>
         <load_address>0xb236</load_address>
         <run_address>0xb236</run_address>
         <size>0x246a</size>
         <input_file_ref idref="fl-1c"/>
      </object_component>
      <object_component id="oc-121">
         <name>.debug_info</name>
         <load_address>0xd6a0</load_address>
         <run_address>0xd6a0</run_address>
         <size>0x331</size>
         <input_file_ref idref="fl-1d"/>
      </object_component>
      <object_component id="oc-116">
         <name>.debug_info</name>
         <load_address>0xd9d1</load_address>
         <run_address>0xd9d1</run_address>
         <size>0xdf</size>
         <input_file_ref idref="fl-1d"/>
      </object_component>
      <object_component id="oc-119">
         <name>.debug_info</name>
         <load_address>0xdab0</load_address>
         <run_address>0xdab0</run_address>
         <size>0xf1</size>
         <input_file_ref idref="fl-1d"/>
      </object_component>
      <object_component id="oc-7d">
         <name>.debug_info</name>
         <load_address>0xdba1</load_address>
         <run_address>0xdba1</run_address>
         <size>0x26f1</size>
         <input_file_ref idref="fl-1d"/>
      </object_component>
      <object_component id="oc-3c9">
         <name>.debug_info</name>
         <load_address>0x10292</load_address>
         <run_address>0x10292</run_address>
         <size>0x306</size>
         <input_file_ref idref="fl-20"/>
      </object_component>
      <object_component id="oc-2da">
         <name>.debug_info</name>
         <load_address>0x10598</load_address>
         <run_address>0x10598</run_address>
         <size>0xd9b</size>
         <input_file_ref idref="fl-20"/>
      </object_component>
      <object_component id="oc-30b">
         <name>.debug_info</name>
         <load_address>0x11333</load_address>
         <run_address>0x11333</run_address>
         <size>0x320</size>
         <input_file_ref idref="fl-21"/>
      </object_component>
      <object_component id="oc-1a5">
         <name>.debug_info</name>
         <load_address>0x11653</load_address>
         <run_address>0x11653</run_address>
         <size>0x7d8</size>
         <input_file_ref idref="fl-21"/>
      </object_component>
      <object_component id="oc-1e1">
         <name>.debug_info</name>
         <load_address>0x11e2b</load_address>
         <run_address>0x11e2b</run_address>
         <size>0xc7</size>
         <input_file_ref idref="fl-21"/>
      </object_component>
      <object_component id="oc-319">
         <name>.debug_info</name>
         <load_address>0x11ef2</load_address>
         <run_address>0x11ef2</run_address>
         <size>0x110</size>
         <input_file_ref idref="fl-21"/>
      </object_component>
      <object_component id="oc-177">
         <name>.debug_info</name>
         <load_address>0x12002</load_address>
         <run_address>0x12002</run_address>
         <size>0x2c</size>
         <input_file_ref idref="fl-21"/>
      </object_component>
      <object_component id="oc-1e6">
         <name>.debug_info</name>
         <load_address>0x1202e</load_address>
         <run_address>0x1202e</run_address>
         <size>0x35</size>
         <input_file_ref idref="fl-21"/>
      </object_component>
      <object_component id="oc-320">
         <name>.debug_info</name>
         <load_address>0x12063</load_address>
         <run_address>0x12063</run_address>
         <size>0x3a7</size>
         <input_file_ref idref="fl-22"/>
      </object_component>
      <object_component id="oc-20f">
         <name>.debug_info</name>
         <load_address>0x1240a</load_address>
         <run_address>0x1240a</run_address>
         <size>0x353</size>
         <input_file_ref idref="fl-22"/>
      </object_component>
      <object_component id="oc-1b5">
         <name>.debug_info</name>
         <load_address>0x1275d</load_address>
         <run_address>0x1275d</run_address>
         <size>0x86</size>
         <input_file_ref idref="fl-22"/>
      </object_component>
      <object_component id="oc-1ba">
         <name>.debug_info</name>
         <load_address>0x127e3</load_address>
         <run_address>0x127e3</run_address>
         <size>0x86</size>
         <input_file_ref idref="fl-22"/>
      </object_component>
      <object_component id="oc-30e">
         <name>.debug_info</name>
         <load_address>0x12869</load_address>
         <run_address>0x12869</run_address>
         <size>0x5e</size>
         <input_file_ref idref="fl-22"/>
      </object_component>
      <object_component id="oc-1eb">
         <name>.debug_info</name>
         <load_address>0x128c7</load_address>
         <run_address>0x128c7</run_address>
         <size>0xcc</size>
         <input_file_ref idref="fl-22"/>
      </object_component>
      <object_component id="oc-2ce">
         <name>.debug_info</name>
         <load_address>0x12993</load_address>
         <run_address>0x12993</run_address>
         <size>0x180</size>
         <input_file_ref idref="fl-23"/>
      </object_component>
      <object_component id="oc-1b4">
         <name>.debug_info</name>
         <load_address>0x12b13</load_address>
         <run_address>0x12b13</run_address>
         <size>0xc06</size>
         <input_file_ref idref="fl-24"/>
      </object_component>
      <object_component id="oc-1ae">
         <name>.debug_info</name>
         <load_address>0x13719</load_address>
         <run_address>0x13719</run_address>
         <size>0xcb</size>
         <input_file_ref idref="fl-24"/>
      </object_component>
      <object_component id="oc-1b1">
         <name>.debug_info</name>
         <load_address>0x137e4</load_address>
         <run_address>0x137e4</run_address>
         <size>0xcb</size>
         <input_file_ref idref="fl-24"/>
      </object_component>
      <object_component id="oc-9a">
         <name>.debug_info</name>
         <load_address>0x138af</load_address>
         <run_address>0x138af</run_address>
         <size>0x244c</size>
         <input_file_ref idref="fl-24"/>
      </object_component>
      <object_component id="oc-1aa">
         <name>.debug_info</name>
         <load_address>0x15cfb</load_address>
         <run_address>0x15cfb</run_address>
         <size>0x699</size>
         <input_file_ref idref="fl-25"/>
      </object_component>
      <object_component id="oc-17d">
         <name>.debug_info</name>
         <load_address>0x16394</load_address>
         <run_address>0x16394</run_address>
         <size>0x2b2</size>
         <input_file_ref idref="fl-25"/>
      </object_component>
      <object_component id="oc-f8">
         <name>.debug_info</name>
         <load_address>0x16646</load_address>
         <run_address>0x16646</run_address>
         <size>0x6db</size>
         <input_file_ref idref="fl-25"/>
      </object_component>
      <object_component id="oc-326">
         <name>.debug_info</name>
         <load_address>0x16d21</load_address>
         <run_address>0x16d21</run_address>
         <size>0x577</size>
         <input_file_ref idref="fl-26"/>
      </object_component>
      <object_component id="oc-20b">
         <name>.debug_info</name>
         <load_address>0x17298</load_address>
         <run_address>0x17298</run_address>
         <size>0x497</size>
         <input_file_ref idref="fl-26"/>
      </object_component>
      <object_component id="oc-2e1">
         <name>.debug_info</name>
         <load_address>0x1772f</load_address>
         <run_address>0x1772f</run_address>
         <size>0x774</size>
         <input_file_ref idref="fl-27"/>
      </object_component>
      <object_component id="oc-183">
         <name>.debug_info</name>
         <load_address>0x17ea3</load_address>
         <run_address>0x17ea3</run_address>
         <size>0x77f</size>
         <input_file_ref idref="fl-27"/>
      </object_component>
      <object_component id="oc-1fd">
         <name>.debug_info</name>
         <load_address>0x18622</load_address>
         <run_address>0x18622</run_address>
         <size>0x541</size>
         <input_file_ref idref="fl-28"/>
      </object_component>
      <object_component id="oc-ce">
         <name>.debug_info</name>
         <load_address>0x18b63</load_address>
         <run_address>0x18b63</run_address>
         <size>0x6b1</size>
         <input_file_ref idref="fl-29"/>
      </object_component>
      <object_component id="oc-a9">
         <name>.debug_info</name>
         <load_address>0x19214</load_address>
         <run_address>0x19214</run_address>
         <size>0xe0</size>
         <input_file_ref idref="fl-29"/>
      </object_component>
      <object_component id="oc-a6">
         <name>.debug_info</name>
         <load_address>0x192f4</load_address>
         <run_address>0x192f4</run_address>
         <size>0x116</size>
         <input_file_ref idref="fl-29"/>
      </object_component>
      <object_component id="oc-ac">
         <name>.debug_info</name>
         <load_address>0x1940a</load_address>
         <run_address>0x1940a</run_address>
         <size>0xcb</size>
         <input_file_ref idref="fl-29"/>
      </object_component>
      <object_component id="oc-af">
         <name>.debug_info</name>
         <load_address>0x194d5</load_address>
         <run_address>0x194d5</run_address>
         <size>0xcb</size>
         <input_file_ref idref="fl-29"/>
      </object_component>
      <object_component id="oc-b2">
         <name>.debug_info</name>
         <load_address>0x195a0</load_address>
         <run_address>0x195a0</run_address>
         <size>0xcb</size>
         <input_file_ref idref="fl-29"/>
      </object_component>
      <object_component id="oc-b5">
         <name>.debug_info</name>
         <load_address>0x1966b</load_address>
         <run_address>0x1966b</run_address>
         <size>0xcb</size>
         <input_file_ref idref="fl-29"/>
      </object_component>
      <object_component id="oc-b8">
         <name>.debug_info</name>
         <load_address>0x19736</load_address>
         <run_address>0x19736</run_address>
         <size>0xcb</size>
         <input_file_ref idref="fl-29"/>
      </object_component>
      <object_component id="oc-bb">
         <name>.debug_info</name>
         <load_address>0x19801</load_address>
         <run_address>0x19801</run_address>
         <size>0xcb</size>
         <input_file_ref idref="fl-29"/>
      </object_component>
      <object_component id="oc-be">
         <name>.debug_info</name>
         <load_address>0x198cc</load_address>
         <run_address>0x198cc</run_address>
         <size>0xcb</size>
         <input_file_ref idref="fl-29"/>
      </object_component>
      <object_component id="oc-c1">
         <name>.debug_info</name>
         <load_address>0x19997</load_address>
         <run_address>0x19997</run_address>
         <size>0xcb</size>
         <input_file_ref idref="fl-29"/>
      </object_component>
      <object_component id="oc-31">
         <name>.debug_info</name>
         <load_address>0x19a62</load_address>
         <run_address>0x19a62</run_address>
         <size>0xc64</size>
         <input_file_ref idref="fl-29"/>
      </object_component>
      <object_component id="oc-38">
         <name>.debug_info</name>
         <load_address>0x1a6c6</load_address>
         <run_address>0x1a6c6</run_address>
         <size>0x2d0</size>
         <input_file_ref idref="fl-2a"/>
      </object_component>
      <object_component id="oc-13">
         <name>.debug_info</name>
         <load_address>0x1a996</load_address>
         <run_address>0x1a996</run_address>
         <size>0xe5</size>
         <input_file_ref idref="fl-2a"/>
      </object_component>
      <object_component id="oc-2e">
         <name>.debug_info</name>
         <load_address>0x1aa7b</load_address>
         <run_address>0x1aa7b</run_address>
         <size>0x299</size>
         <input_file_ref idref="fl-2a"/>
      </object_component>
      <object_component id="oc-2e9">
         <name>.debug_info</name>
         <load_address>0x1ad14</load_address>
         <run_address>0x1ad14</run_address>
         <size>0x450</size>
         <input_file_ref idref="fl-2b"/>
      </object_component>
      <object_component id="oc-186">
         <name>.debug_info</name>
         <load_address>0x1b164</load_address>
         <run_address>0x1b164</run_address>
         <size>0xe11</size>
         <input_file_ref idref="fl-2b"/>
      </object_component>
      <object_component id="oc-2eb">
         <name>.debug_info</name>
         <load_address>0x1bf75</load_address>
         <run_address>0x1bf75</run_address>
         <size>0x426</size>
         <input_file_ref idref="fl-2c"/>
      </object_component>
      <object_component id="oc-18c">
         <name>.debug_info</name>
         <load_address>0x1c39b</load_address>
         <run_address>0x1c39b</run_address>
         <size>0x8db</size>
         <input_file_ref idref="fl-2c"/>
      </object_component>
      <object_component id="oc-2ed">
         <name>.debug_info</name>
         <load_address>0x1cc76</load_address>
         <run_address>0x1cc76</run_address>
         <size>0x47d</size>
         <input_file_ref idref="fl-2d"/>
      </object_component>
      <object_component id="oc-192">
         <name>.debug_info</name>
         <load_address>0x1d0f3</load_address>
         <run_address>0x1d0f3</run_address>
         <size>0xaec</size>
         <input_file_ref idref="fl-2d"/>
      </object_component>
      <object_component id="oc-2ef">
         <name>.debug_info</name>
         <load_address>0x1dbdf</load_address>
         <run_address>0x1dbdf</run_address>
         <size>0x426</size>
         <input_file_ref idref="fl-2e"/>
      </object_component>
      <object_component id="oc-19a">
         <name>.debug_info</name>
         <load_address>0x1e005</load_address>
         <run_address>0x1e005</run_address>
         <size>0x769</size>
         <input_file_ref idref="fl-2e"/>
      </object_component>
      <object_component id="oc-16c">
         <name>.debug_info</name>
         <load_address>0x1e76e</load_address>
         <run_address>0x1e76e</run_address>
         <size>0x33a</size>
         <input_file_ref idref="fl-e9"/>
      </object_component>
      <object_component id="oc-95">
         <name>.debug_info</name>
         <load_address>0x1eaa8</load_address>
         <run_address>0x1eaa8</run_address>
         <size>0x1ee</size>
         <input_file_ref idref="fl-e9"/>
      </object_component>
      <object_component id="oc-163">
         <name>.debug_info</name>
         <load_address>0x1ec96</load_address>
         <run_address>0x1ec96</run_address>
         <size>0x1c3</size>
         <input_file_ref idref="fl-e9"/>
      </object_component>
      <object_component id="oc-166">
         <name>.debug_info</name>
         <load_address>0x1ee59</load_address>
         <run_address>0x1ee59</run_address>
         <size>0x176</size>
         <input_file_ref idref="fl-e9"/>
      </object_component>
      <object_component id="oc-16d">
         <name>.debug_info</name>
         <load_address>0x1efcf</load_address>
         <run_address>0x1efcf</run_address>
         <size>0x2c</size>
         <input_file_ref idref="fl-e9"/>
      </object_component>
      <object_component id="oc-172">
         <name>.debug_info</name>
         <load_address>0x1effb</load_address>
         <run_address>0x1effb</run_address>
         <size>0x69</size>
         <input_file_ref idref="fl-e9"/>
      </object_component>
      <object_component id="oc-2fd">
         <name>.debug_info</name>
         <load_address>0x1f064</load_address>
         <run_address>0x1f064</run_address>
         <size>0x333</size>
         <input_file_ref idref="fl-ea"/>
      </object_component>
      <object_component id="oc-19e">
         <name>.debug_info</name>
         <load_address>0x1f397</load_address>
         <run_address>0x1f397</run_address>
         <size>0x1d1</size>
         <input_file_ref idref="fl-ea"/>
      </object_component>
      <object_component id="oc-2f1">
         <name>.debug_info</name>
         <load_address>0x1f568</load_address>
         <run_address>0x1f568</run_address>
         <size>0x18d</size>
         <input_file_ref idref="fl-ea"/>
      </object_component>
      <object_component id="oc-2f7">
         <name>.debug_info</name>
         <load_address>0x1f6f5</load_address>
         <run_address>0x1f6f5</run_address>
         <size>0x16d</size>
         <input_file_ref idref="fl-ea"/>
      </object_component>
      <object_component id="oc-46">
         <name>.debug_info</name>
         <load_address>0x1f862</load_address>
         <run_address>0x1f862</run_address>
         <size>0x119</size>
         <input_file_ref idref="fl-eb"/>
      </object_component>
      <object_component id="oc-ea">
         <name>.debug_info</name>
         <load_address>0x1f97b</load_address>
         <run_address>0x1f97b</run_address>
         <size>0x2d4</size>
         <input_file_ref idref="fl-ec"/>
      </object_component>
      <object_component id="oc-51">
         <name>.debug_info</name>
         <load_address>0x1fc4f</load_address>
         <run_address>0x1fc4f</run_address>
         <size>0x1d2</size>
         <input_file_ref idref="fl-ec"/>
      </object_component>
      <object_component id="oc-e5">
         <name>.debug_info</name>
         <load_address>0x1fe21</load_address>
         <run_address>0x1fe21</run_address>
         <size>0x46</size>
         <input_file_ref idref="fl-ec"/>
      </object_component>
      <object_component id="oc-1c0">
         <name>.debug_info</name>
         <load_address>0x1fe67</load_address>
         <run_address>0x1fe67</run_address>
         <size>0x2c</size>
         <input_file_ref idref="fl-ec"/>
      </object_component>
      <object_component id="oc-4f">
         <name>.debug_info</name>
         <load_address>0x1fe93</load_address>
         <run_address>0x1fe93</run_address>
         <size>0x2a8</size>
         <input_file_ref idref="fl-ed"/>
      </object_component>
      <object_component id="oc-1e">
         <name>.debug_info</name>
         <load_address>0x2013b</load_address>
         <run_address>0x2013b</run_address>
         <size>0x1ea</size>
         <input_file_ref idref="fl-ed"/>
      </object_component>
      <object_component id="oc-4a">
         <name>.debug_info</name>
         <load_address>0x20325</load_address>
         <run_address>0x20325</run_address>
         <size>0x46</size>
         <input_file_ref idref="fl-ed"/>
      </object_component>
      <object_component id="oc-dd">
         <name>.debug_info</name>
         <load_address>0x2036b</load_address>
         <run_address>0x2036b</run_address>
         <size>0x2c</size>
         <input_file_ref idref="fl-ed"/>
      </object_component>
      <object_component id="oc-db">
         <name>.debug_info</name>
         <load_address>0x20397</load_address>
         <run_address>0x20397</run_address>
         <size>0x29e</size>
         <input_file_ref idref="fl-ee"/>
      </object_component>
      <object_component id="oc-19">
         <name>.debug_info</name>
         <load_address>0x20635</load_address>
         <run_address>0x20635</run_address>
         <size>0x250</size>
         <input_file_ref idref="fl-ee"/>
      </object_component>
      <object_component id="oc-3a">
         <name>.debug_info</name>
         <load_address>0x20885</load_address>
         <run_address>0x20885</run_address>
         <size>0x60</size>
         <input_file_ref idref="fl-ee"/>
      </object_component>
      <object_component id="oc-1f1">
         <name>.debug_info</name>
         <load_address>0x208e5</load_address>
         <run_address>0x208e5</run_address>
         <size>0x46</size>
         <input_file_ref idref="fl-ee"/>
      </object_component>
      <object_component id="oc-d6">
         <name>.debug_info</name>
         <load_address>0x2092b</load_address>
         <run_address>0x2092b</run_address>
         <size>0x39</size>
         <input_file_ref idref="fl-ee"/>
      </object_component>
      <object_component id="oc-76">
         <name>.debug_info</name>
         <load_address>0x20964</load_address>
         <run_address>0x20964</run_address>
         <size>0x3b2</size>
         <input_file_ref idref="fl-ef"/>
      </object_component>
      <object_component id="oc-25">
         <name>.debug_info</name>
         <load_address>0x20d16</load_address>
         <run_address>0x20d16</run_address>
         <size>0x10c</size>
         <input_file_ref idref="fl-ef"/>
      </object_component>
      <object_component id="oc-46a">
         <name>.debug_info</name>
         <load_address>0x20e22</load_address>
         <run_address>0x20e22</run_address>
         <size>0x13f</size>
         <input_file_ref idref="fl-ef"/>
      </object_component>
      <object_component id="oc-300">
         <name>.debug_info</name>
         <load_address>0x20f61</load_address>
         <run_address>0x20f61</run_address>
         <size>0x168</size>
         <input_file_ref idref="fl-ef"/>
      </object_component>
      <object_component id="oc-3e9">
         <name>.debug_info</name>
[...]
         <name>BlinkBlueLED</name>
         <value>0x690d</value>
         <object_component_ref idref="oc-f7"/>
      </symbol>
      <symbol id="sm-78d">
         <name>seedErrors</name>
         <value>0x200045f2</value>
         <object_component_ref idref="oc-17c"/>
      </symbol>
      <symbol id="sm-78e">
         <name>chipSelectStep</name>
         <value>0x200045f1</value>
         <object_component_ref idref="oc-17c"/>
      </symbol>
      <symbol id="sm-78f">
         <name>currentCycle</name>
         <value>0x200045f0</value>
         <object_component_ref idref="oc-17c"/>
      </symbol>
      <symbol id="sm-790">
         <name>EnableBoard1ChipSelectPins</name>
         <value>0x683d</value>
         <object_component_ref idref="oc-f7"/>
      </symbol>
      <symbol id="sm-791">
         <name>EnableBoard2ChipSelectPins</name>
         <value>0x6865</value>
         <object_component_ref idref="oc-f7"/>
      </symbol>
      <symbol id="sm-792">
         <name>menuState</name>
         <value>0x200045ee</value>
         <object_component_ref idref="oc-17c"/>
      </symbol>
      <symbol id="sm-793">
         <name>cycle_time_clockrate</name>
         <value>0x200045e0</value>
         <object_component_ref idref="oc-17c"/>
      </symbol>
      <symbol id="sm-794">
         <name>main</name>
         <value>0x69c5</value>
         <object_component_ref idref="oc-f7"/>
      </symbol>
      <symbol id="sm-795">
         <name>timer_current_cycle</name>
         <value>0x200045d8</value>
         <object_component_ref idref="oc-17c"/>
      </symbol>
      <symbol id="sm-796">
         <name>BlinkGreenLED</name>
         <value>0x6969</value>
         <object_component_ref idref="oc-f7"/>
      </symbol>
      <symbol id="sm-797">
         <name>auto_chip_number</name>
         <value>0x200045ec</value>
         <object_component_ref idref="oc-17c"/>
      </symbol>
      <symbol id="sm-798">
         <name>BlinkRedLED</name>
         <value>0x68b1</value>
         <object_component_ref idref="oc-f7"/>
      </symbol>
      <symbol id="sm-799">
         <name>timer_wakeup</name>
         <value>0x200045dc</value>
         <object_component_ref idref="oc-17c"/>
      </symbol>
      <symbol id="sm-79a">
         <name>selectedBoard</name>
         <value>0x200045ef</value>
         <object_component_ref idref="oc-17c"/>
      </symbol>
      <symbol id="sm-79b">
         <name>EnableLED</name>
         <value>0x6885</value>
         <object_component_ref idref="oc-f7"/>
      </symbol>
      <symbol id="sm-79c">
         <name>current_error</name>
         <value>0x200045e4</value>
         <object_component_ref idref="oc-17c"/>
      </symbol>
      <symbol id="sm-79d">
         <name>errorHead</name>
         <value>0x200045e8</value>
         <object_component_ref idref="oc-17c"/>
      </symbol>
      <symbol id="sm-79e">
         <name>current_chip</name>
         <value>0x200045ed</value>
         <object_component_ref idref="oc-17c"/>
      </symbol>
      <symbol id="sm-7ca">
         <name>EnableSPI</name>
         <value>0x7207</value>
         <object_component_ref idref="oc-208"/>
      </symbol>
      <symbol id="sm-7cb">
         <name>ChipCycle</name>
         <value>0x71b5</value>
         <object_component_ref idref="oc-208"/>
      </symbol>
      <symbol id="sm-7cc">
         <name>MDEProcessCycle</name>
         <value>0x717d</value>
         <object_component_ref idref="oc-208"/>
      </symbol>
      <symbol id="sm-7f5">
         <name>MDEWatchdogsEnable</name>
         <value>0x754b</value>
         <object_component_ref idref="oc-17f"/>
      </symbol>
      <symbol id="sm-7f6">
         <name>MDETimerEnable</name>
         <value>0x74ff</value>
         <object_component_ref idref="oc-17f"/>
      </symbol>
      <symbol id="sm-7f7">
         <name>MDEWatchdogPoke</name>
         <value>0x75cf</value>
         <object_component_ref idref="oc-17f"/>
      </symbol>
      <symbol id="sm-7f8">
         <name>MDETimerDisable</name>
         <value>0x7517</value>
         <object_component_ref idref="oc-17f"/>
      </symbol>
      <symbol id="sm-7f9">
         <name>MDETimerConfigure</name>
         <value>0x74d1</value>
         <object_component_ref idref="oc-17f"/>
      </symbol>
      <symbol id="sm-7fa">
         <name>MDETimerInt</name>
         <value>0x7523</value>
         <object_component_ref idref="oc-17f"/>
      </symbol>
      <symbol id="sm-7fb">
         <name>MDEWatchdogInt</name>
         <value>0x75f7</value>
         <object_component_ref idref="oc-17f"/>
      </symbol>
      <symbol id="sm-7fc">
         <name>ChipWatchdogInt</name>
         <value>0x7603</value>
         <object_component_ref idref="oc-17f"/>
      </symbol>
      <symbol id="sm-7fd">
         <name>ChipWatchdogPoke</name>
         <value>0x75af</value>
         <object_component_ref idref="oc-17f"/>
      </symbol>
      <symbol id="sm-82c">
         <name>SetChipSelect</name>
         <value>0x741d</value>
         <object_component_ref idref="oc-1fc"/>
      </symbol>
      <symbol id="sm-82d">
         <name>RetreiveCSCode</name>
         <value>0x7357</value>
         <object_component_ref idref="oc-1fc"/>
      </symbol>
      <symbol id="sm-82e">
         <name>RetreiveCSPort</name>
         <value>0x7329</value>
         <object_component_ref idref="oc-1fc"/>
      </symbol>
      <symbol id="sm-82f">
         <name>ResetChipSelect2</name>
         <value>0x74b3</value>
         <object_component_ref idref="oc-1fc"/>
      </symbol>
      <symbol id="sm-830">
         <name>ResetChipSelect1</name>
         <value>0x749d</value>
         <object_component_ref idref="oc-1fc"/>
      </symbol>
      <symbol id="sm-8c5">
         <name>FormatErrorDataPacket</name>
         <value>0x55a1</value>
         <object_component_ref idref="oc-30"/>
      </symbol>
      <symbol id="sm-8c6">
         <name>TransmitErrors</name>
         <value>0x55a3</value>
         <object_component_ref idref="oc-30"/>
      </symbol>
      <symbol id="sm-8c7">
         <name>UARTOBCResponseHandler</name>
         <value>0x5819</value>
         <object_component_ref idref="oc-30"/>
      </symbol>
      <symbol id="sm-8c8">
         <name>FormatHealthDataPacket</name>
         <value>0x5649</value>
         <object_component_ref idref="oc-30"/>
      </symbol>
      <symbol id="sm-8c9">
         <name>UARTOBCSetMsg</name>
         <value>0x5859</value>
         <object_component_ref idref="oc-30"/>
      </symbol>
      <symbol id="sm-8ca">
         <name>TransmitHealth</name>
         <value>0x564b</value>
         <object_component_ref idref="oc-30"/>
      </symbol>
      <symbol id="sm-8cb">
         <name>MDERequestReset</name>
         <value>0x5831</value>
         <object_component_ref idref="oc-30"/>
      </symbol>
      <symbol id="sm-8cc">
         <name>UARTOBCRecvMsgHandler</name>
         <value>0x56f9</value>
         <object_component_ref idref="oc-30"/>
      </symbol>
      <symbol id="sm-8cd">
         <name>UARTOBCIntHandler</name>
         <value>0x548d</value>
         <object_component_ref idref="oc-30"/>
      </symbol>
      <symbol id="sm-8ce">
         <name>UARTOBCEnable</name>
         <value>0x5517</value>
         <object_component_ref idref="oc-30"/>
      </symbol>
      <symbol id="sm-8cf">
         <name>UARTOBCIsDataReady</name>
         <value>0x5825</value>
         <object_component_ref idref="oc-30"/>
      </symbol>
      <symbol id="sm-8d0">
         <name>UARTOBCSend</name>
         <value>0x5579</value>
         <object_component_ref idref="oc-30"/>
      </symbol>
      <symbol id="sm-8ec">
         <name>ResetISR</name>
         <value>0x8b4d</value>
         <object_component_ref idref="oc-2a"/>
      </symbol>
      <symbol id="sm-8ed">
         <name>g_pfnVectors</name>
         <value>0x0</value>
         <object_component_ref idref="oc-12"/>
      </symbol>
      <symbol id="sm-938">
         <name>FlashSequenceTransmit</name>
         <value>0x51d3</value>
         <object_component_ref idref="oc-185"/>
      </symbol>
      <symbol id="sm-939">
         <name>FlashErase</name>
         <value>0x50bd</value>
         <object_component_ref idref="oc-185"/>
      </symbol>
      <symbol id="sm-93a">
         <name>FlashSequenceRetrieve</name>
         <value>0x5381</value>
         <object_component_ref idref="oc-185"/>
      </symbol>
      <symbol id="sm-93b">
         <name>FlashStatusRead</name>
         <value>0x4fa5</value>
         <object_component_ref idref="oc-185"/>
      </symbol>
      <symbol id="sm-965">
         <name>FRAMStatusRead</name>
         <value>0x6341</value>
         <object_component_ref idref="oc-18b"/>
      </symbol>
      <symbol id="sm-966">
         <name>FRAMSequenceTransmit</name>
         <value>0x642b</value>
         <object_component_ref idref="oc-18b"/>
      </symbol>
      <symbol id="sm-967">
         <name>FRAMSequenceRetrieve</name>
         <value>0x64e9</value>
         <object_component_ref idref="oc-18b"/>
      </symbol>
      <symbol id="sm-99f">
         <name>MRAMStatusRead</name>
         <value>0x5cb9</value>
         <object_component_ref idref="oc-191"/>
      </symbol>
      <symbol id="sm-9a0">
         <name>MRAMSequenceTransmit</name>
         <value>0x5dd9</value>
         <object_component_ref idref="oc-191"/>
      </symbol>
      <symbol id="sm-9a1">
         <name>MRAMSequenceRetrieve</name>
         <value>0x5ecf</value>
         <object_component_ref idref="oc-191"/>
      </symbol>
      <symbol id="sm-9a2">
         <name>MRAMStatusPrepare</name>
         <value>0x5d2d</value>
         <object_component_ref idref="oc-191"/>
      </symbol>
      <symbol id="sm-9c7">
         <name>SRAMSequenceTransmit</name>
         <value>0x6ad1</value>
         <object_component_ref idref="oc-197"/>
      </symbol>
      <symbol id="sm-9c8">
         <name>SRAMStatusRead</name>
         <value>0x6a65</value>
         <object_component_ref idref="oc-197"/>
      </symbol>
      <symbol id="sm-9c9">
         <name>SRAMSequenceRetrieve</name>
         <value>0x6b59</value>
         <object_component_ref idref="oc-197"/>
      </symbol>
      <symbol id="sm-9f8">
         <name>snprintf</name>
         <value>0x8815</value>
         <object_component_ref idref="oc-93"/>
      </symbol>
      <symbol id="sm-a1a">
         <name>sprintf</name>
         <value>0x88ed</value>
         <object_component_ref idref="oc-19d"/>
      </symbol>
      <symbol id="sm-a35">
         <name>memcpy</name>
         <value>0x8267</value>
         <object_component_ref idref="oc-44"/>
      </symbol>
      <symbol id="sm-a36">
         <name>__aeabi_memcpy</name>
         <value>0x8267</value>
         <object_component_ref idref="oc-44"/>
      </symbol>
      <symbol id="sm-a37">
         <name>__aeabi_memcpy8</name>
         <value>0x8267</value>
         <object_component_ref idref="oc-44"/>
      </symbol>
      <symbol id="sm-a38">
         <name>__aeabi_memcpy4</name>
         <value>0x8267</value>
         <object_component_ref idref="oc-44"/>
      </symbol>
      <symbol id="sm-a51">
         <name>__TI_zero_init_nomemset</name>
         <value>0x8a65</value>
         <object_component_ref idref="oc-50"/>
      </symbol>
      <symbol id="sm-a68">
         <name>__TI_decompress_none</name>
         <value>0x8b3f</value>
         <object_component_ref idref="oc-1b"/>
      </symbol>
      <symbol id="sm-a8b">
         <name>__TI_decompress_lzss</name>
         <value>0x85ff</value>
         <object_component_ref idref="oc-15"/>
      </symbol>
      <symbol id="sm-b14">
         <name>_sys_memory</name>
         <value>0x20000270</value>
         <object_component_ref idref="oc-24"/>
      </symbol>
      <symbol id="sm-b15">
         <name>free</name>
         <value>0x8011</value>
         <object_component_ref idref="oc-304"/>
      </symbol>
      <symbol id="sm-b16">
         <name>memalign</name>
         <value>0x7e15</value>
         <object_component_ref idref="oc-3e0"/>
      </symbol>
      <symbol id="sm-b17">
         <name>malloc</name>
         <value>0x8b6d</value>
         <object_component_ref idref="oc-2fe"/>
      </symbol>
      <symbol id="sm-b18">
         <name>aligned_alloc</name>
         <value>0x7e15</value>
         <object_component_ref idref="oc-3e0"/>
      </symbol>
      <symbol id="sm-b26">
         <name>strlen</name>
         <value>0x8b19</value>
         <object_component_ref idref="oc-9f"/>
      </symbol>
      <symbol id="sm-b39">
         <name>__stack</name>
         <value>0x20004270</value>
         <object_component_ref idref="oc-27"/>
      </symbol>
      <symbol id="sm-b3a">
         <name>_c_int00_noargs</name>
         <value>0x89a9</value>
         <object_component_ref idref="oc-62"/>
      </symbol>
      <symbol id="sm-c9f">
         <name>__TI_printfi</name>
         <value>0x38e1</value>
         <object_component_ref idref="oc-159"/>
      </symbol>
      <symbol id="sm-cb6">
         <name>__aeabi_dsub</name>
         <value>0x6fc5</value>
         <object_component_ref idref="oc-373"/>
      </symbol>
      <symbol id="sm-cb7">
         <name>__aeabi_dadd</name>
         <value>0x6fcf</value>
         <object_component_ref idref="oc-373"/>
      </symbol>
      <symbol id="sm-cd9">
         <name>__aeabi_cdcmpeq</name>
         <value>0x8399</value>
         <object_component_ref idref="oc-28d"/>
      </symbol>
      <symbol id="sm-cda">
         <name>__aeabi_cdcmple</name>
         <value>0x8399</value>
         <object_component_ref idref="oc-28d"/>
      </symbol>
      <symbol id="sm-cdb">
         <name>__aeabi_cdrcmple</name>
         <value>0x841f</value>
         <object_component_ref idref="oc-35e"/>
      </symbol>
      <symbol id="sm-cef">
         <name>__aeabi_ddiv</name>
         <value>0x7aa9</value>
         <object_component_ref idref="oc-359"/>
      </symbol>
      <symbol id="sm-cfa">
         <name>__aeabi_dmul</name>
         <value>0x7f15</value>
         <object_component_ref idref="oc-354"/>
      </symbol>
      <symbol id="sm-d04">
         <name>__aeabi_d2iz</name>
         <value>0x8861</value>
         <object_component_ref idref="oc-363"/>
      </symbol>
      <symbol id="sm-d0e">
         <name>__aeabi_i2d</name>
         <value>0x8a0d</value>
         <object_component_ref idref="oc-36e"/>
      </symbol>
      <symbol id="sm-d1d">
         <name>__aeabi_memset</name>
         <value>0x84a7</value>
         <object_component_ref idref="oc-eb"/>
      </symbol>
      <symbol id="sm-d1e">
         <name>memset</name>
         <value>0x84ad</value>
         <object_component_ref idref="oc-eb"/>
      </symbol>
      <symbol id="sm-d1f">
         <name>__aeabi_memset8</name>
         <value>0x84a7</value>
         <object_component_ref idref="oc-eb"/>
      </symbol>
      <symbol id="sm-d20">
         <name>__aeabi_memset4</name>
         <value>0x84a7</value>
         <object_component_ref idref="oc-eb"/>
      </symbol>
      <symbol id="sm-d21">
         <name>__aeabi_memclr8</name>
         <value>0x84a5</value>
         <object_component_ref idref="oc-eb"/>
      </symbol>
      <symbol id="sm-d22">
         <name>__aeabi_memclr4</name>
         <value>0x84a5</value>
         <object_component_ref idref="oc-eb"/>
      </symbol>
      <symbol id="sm-d23">
         <name>__aeabi_memclr</name>
         <value>0x84a5</value>
         <object_component_ref idref="oc-eb"/>
      </symbol>
      <symbol id="sm-d30">
         <name>__aeabi_uldivmod</name>
         <value>0x8303</value>
         <object_component_ref idref="oc-34d"/>
      </symbol>
      <symbol id="sm-d58">
         <name>__TI_auto_init_nobinit_nopinit</name>
         <value>0x88a9</value>
         <object_component_ref idref="oc-222"/>
      </symbol>
      <symbol id="sm-d62">
         <name>_system_pre_init</name>
         <value>0x8b7b</value>
         <object_component_ref idref="oc-f1"/>
      </symbol>
      <symbol id="sm-d6e">
         <name>C$$EXIT</name>
         <value>0x8b7f</value>
         <object_component_ref idref="oc-216"/>
      </symbol>
      <symbol id="sm-d6f">
         <name>abort</name>
         <value>0x8b7f</value>
         <object_component_ref idref="oc-216"/>
      </symbol>
      <symbol id="sm-d84">
         <name>_nop</name>
         <value>0x432f</value>
         <object_component_ref idref="oc-3fc"/>
      </symbol>
      <symbol id="sm-d85">
         <name>_lock</name>
         <value>0x200045f4</value>
         <object_component_ref idref="oc-32c"/>
      </symbol>
      <symbol id="sm-d86">
         <name>_unlock</name>
         <value>0x200045f8</value>
         <object_component_ref idref="oc-32c"/>
      </symbol>
      <symbol id="sm-d95">
         <name>__TI_ltoa</name>
         <value>0x8723</value>
         <object_component_ref idref="oc-368"/>
      </symbol>
      <symbol id="sm-dac">
         <name>atoi</name>
         <value>0x87c9</value>
         <object_component_ref idref="oc-281"/>
      </symbol>
      <symbol id="sm-db7">
         <name>_ctypes_</name>
         <value>0x8d34</value>
         <object_component_ref idref="oc-348"/>
      </symbol>
      <symbol id="sm-dc7">
         <name>memccpy</name>
         <value>0x8a9d</value>
         <object_component_ref idref="oc-2aa"/>
      </symbol>
      <symbol id="sm-dd7">
         <name>strchr</name>
         <value>0x8b03</value>
         <object_component_ref idref="oc-39f"/>
      </symbol>
      <symbol id="sm-ded">
         <name>__aeabi_errno_addr</name>
         <value>0x8b65</value>
         <object_component_ref idref="oc-2b6"/>
      </symbol>
      <symbol id="sm-dee">
         <name>errno</name>
         <value>0x2000460c</value>
         <object_component_ref idref="oc-3af"/>
      </symbol>
      <symbol id="sm-e07">
         <name>wcslen</name>
         <value>0x8b2d</value>
         <object_component_ref idref="oc-2b0"/>
      </symbol>
      <symbol id="sm-e27">
         <name>frexpl</name>
         <value>0x8669</value>
         <object_component_ref idref="oc-393"/>
      </symbol>
      <symbol id="sm-e28">
         <name>frexp</name>
         <value>0x8669</value>
         <object_component_ref idref="oc-393"/>
      </symbol>
      <symbol id="sm-e45">
         <name>scalbn</name>
         <value>0x7d05</value>
         <object_component_ref idref="oc-399"/>
      </symbol>
      <symbol id="sm-e46">
         <name>scalbnl</name>
         <value>0x7d05</value>
         <object_component_ref idref="oc-399"/>
      </symbol>
      <symbol id="sm-e47">
         <name>ldexpl</name>
         <value>0x7d05</value>
         <object_component_ref idref="oc-399"/>
      </symbol>
      <symbol id="sm-e48">
         <name>ldexp</name>
         <value>0x7d05</value>
         <object_component_ref idref="oc-399"/>
      </symbol>
      <symbol id="sm-e52">
         <name>__aeabi_idiv0</name>
         <value>0x4973</value>
         <object_component_ref idref="oc-420"/>
      </symbol>
      <symbol id="sm-e53">
         <name>__aeabi_ldiv0</name>
         <value>0x4973</value>
         <object_component_ref idref="oc-420"/>
      </symbol>
      <symbol id="sm-e5d">
         <name>copysign</name>
         <value>0x8ab9</value>
         <object_component_ref idref="oc-439"/>
      </symbol>
      <symbol id="sm-e5e">
         <name>copysignl</name>
         <value>0x8ab9</value>
         <object_component_ref idref="oc-439"/>
      </symbol>
      <symbol id="sm-e5f">
         <name>__TI_static_base__</name>
         <value>0x0</value>
      </symbol>
      <symbol id="sm-e62">
         <name>__mpu_init</name>
         <value>0x0</value>
      </symbol>
      <symbol id="sm-e63">
         <name>_system_post_cinit</name>
         <value>0x0</value>
      </symbol>
   </symbol_table>
   <title>Link successful</title>
</link_info>
