******************************************************************************
                  TI ARM Linker PC v20.2.7                     
******************************************************************************
>> Linked Wed Jan  4 17:14:10 2023

OUTPUT FILE NAME:   <MDE_UART_CCS.out>
ENTRY POINT SYMBOL: "_c_int00_noargs"  address: 00005221


MEMORY CONFIGURATION

         name            origin    length      used     unused   attr    fill
----------------------  --------  ---------  --------  --------  ----  --------
  FLASH                 00000000   00040000  00005ab6  0003a54a  R  X
  SRAM                  20000000   00008000  00000490  00007b70  RW X


SEGMENT ALLOCATION MAP

run origin  load origin   length   init length attrs members
----------  ----------- ---------- ----------- ----- -------
00000000    00000000    00005ab8   00005ab8    r-x
  00000000    00000000    0000026c   0000026c    r-- .intvecs
  0000026c    0000026c    000050f6   000050f6    r-x .text
  00005364    00005364    0000070c   0000070c    r-- .const
  00005a70    00005a70    00000048   00000048    r-- .cinit
20000000    20000000    00000494   00000000    rw-
  20000000    20000000    0000026c   00000000    rw- .vtable
  20000270    20000270    00000200   00000000    rw- .stack
  20000470    20000470    00000014   00000000    rw- .data
  20000484    20000484    00000010   00000000    rw- .bss


SECTION ALLOCATION MAP

 output                                  attributes/
section   page    origin      length       input sections
--------  ----  ----------  ----------   ----------------
.intvecs   0    00000000    0000026c     
                  00000000    0000026c     tm4c123gh6pm_startup_ccs.obj (.intvecs)

.text      0    0000026c    000050f6     
                  0000026c    00000f80     sysctl.obj (.text)
                  000011ec    00000b94     gpio.obj (.text)
                  00001d80    00000a4e     rtsv7M4_T_le_v4SPD16_eabi.lib : _printfi.c.obj (.text:__TI_printfi)
                  000027ce    00000002                                   : div0.asm.obj (.text)
                  000027d0    00000964     devtools.obj (.text)
                  00003134    0000062e     uart.obj (.text)
                  00003762    00000002     --HOLE-- [fill = 0]
                  00003764    000003c0     interrupt.obj (.text)
                  00003b24    00000270     rtsv7M4_T_le_v4SPD16_eabi.lib : _printfi.c.obj (.text:_pconv_a)
                  00003d94    000001ec     main.obj (.text)
                  00003f80    000001d0     rtsv7M4_T_le_v4SPD16_eabi.lib : _printfi.c.obj (.text:_pconv_g)
                  00004150    000001b6                                   : fd_add_t2.asm.obj (.text)
                  00004306    00000002     --HOLE-- [fill = 0]
                  00004308    00000180     multiplexer.obj (.text)
                  00004488    0000013c     rtsv7M4_T_le_v4SPD16_eabi.lib : _printfi.c.obj (.text:_pconv_e)
                  000045c4    00000136                                   : fd_div_t2.asm.obj (.text)
                  000046fa    00000002     --HOLE-- [fill = 0]
                  000046fc    00000124                                   : _printfi.c.obj (.text:fcvt)
                  00004820    00000110                                   : s_scalbn.c.obj (.text:scalbn)
                  00004930    000000fc                                   : fd_mul_t2.asm.obj (.text)
                  00004a2c    000000c0     fpu.obj (.text)
                  00004aec    000000b1     rtsv7M4_T_le_v4SPD16_eabi.lib : _printfi.c.obj (.text:_ltostr)
                  00004b9d    00000001     --HOLE-- [fill = 0]
                  00004b9e    0000009c                                   : memcpy_t2.asm.obj (.text)
                  00004c3a    00000096                                   : ull_div_t2.asm.obj (.text)
                  00004cd0    00000086                                   : fd_cmp_t2.asm.obj (.text:__aeabi_cdcmple)
                  00004d56    00000086                                   : fd_cmp_t2.asm.obj (.text:__aeabi_cdrcmple)
                  00004ddc    0000007a                                   : memset_t2.asm.obj (.text)
                  00004e56    0000006e                                   : _printfi.c.obj (.text:_mcpy)
                  00004ec4    00000068                                   : copy_decompress_lzss.c.obj (.text:decompress:lzss:__TI_decompress_lzss)
                  00004f2c    00000064                                   : s_frexp.c.obj (.text:frexp)
                  00004f90    00000056                                   : _printfi.c.obj (.text:_pconv_f)
                  00004fe6    00000054                                   : _ltoa.c.obj (.text:__TI_ltoa)
                  0000503a    00000052                                   : _printfi.c.obj (.text:_ecpy)
                  0000508c    0000004c                                   : atoi.c.obj (.text:atoi)
                  000050d8    00000048                                   : fd_toi_t2.asm.obj (.text)
                  00005120    00000044                                   : autoinit.c.obj (.text:__TI_auto_init_nobinit_nopinit:__TI_auto_init_nobinit_nopinit)
                  00005164    00000040                                   : sprintf.c.obj (.text:sprintf)
                  000051a4    0000003e                                   : _printfi.c.obj (.text:_fcpy)
                  000051e2    0000003e     cpu.obj (.text)
                  00005220    00000034     rtsv7M4_T_le_v4SPD16_eabi.lib : boot_cortex_m.c.obj (.text:_c_int00_noargs:_c_int00_noargs)
                  00005254    0000002e                                   : i_tofd_t2.asm.obj (.text)
                  00005282    0000001c                                   : copy_zero_init.c.obj (.text:decompress:ZI:__TI_zero_init_nomemset:__TI_zero_init_nomemset)
                  0000529e    0000001c                                   : memccpy.c.obj (.text:memccpy)
                  000052ba    0000001a                                   : s_copysign.c.obj (.text:copysign)
                  000052d4    00000018                                   : sprintf.c.obj (.text:_outs)
                  000052ec    00000016                                   : strchr.c.obj (.text:strchr)
                  00005302    00000014                                   : strlen.c.obj (.text:strlen)
                  00005316    00000012                                   : wcslen.c.obj (.text:wcslen)
                  00005328    0000000e                                   : copy_decompress_none.c.obj (.text:decompress:none:__TI_decompress_none)
                  00005336    0000000c     tm4c123gh6pm_startup_ccs.obj (.text)
                  00005342    0000000a     rtsv7M4_T_le_v4SPD16_eabi.lib : sprintf.c.obj (.text:_outc)
                  0000534c    00000008                                   : errno.c.obj (.text:__aeabi_errno_addr)
                  00005354    00000006     sysctl.obj (.text:SysCtlDelay)
                  0000535a    00000004     rtsv7M4_T_le_v4SPD16_eabi.lib : pre_init.c.obj (.text:_system_pre_init)
                  0000535e    00000004                                   : exit.c.obj (.text:abort:abort)

.const     0    00005364    0000070c     
                  00005364    000001b0     sysctl.obj (.const:g_pppui32XTALtoVCO)
                  00005514    00000101     rtsv7M4_T_le_v4SPD16_eabi.lib : ctype.c.obj (.const:.string:_ctypes_)
                  00005615    00000003     --HOLE-- [fill = 0]
                  00005618    000000d8     gpio.obj (.const:g_ppui32GPIOIntMapSnowflake)
                  000056f0    000000c0     gpio.obj (.const:g_ppui32GPIOIntMapBlizzard)
                  000057b0    0000009c     interrupt.obj (.const:g_pui32Regs)
                  0000584c    00000090     gpio.obj (.const:g_pui32GPIOBaseAddrs)
                  000058dc    0000006c     sysctl.obj (.const:g_pui32Xtals)
                  00005948    00000040     uart.obj (.const:g_ppui32UARTIntMap)
                  00005988    00000040     uart.obj (.const:g_ppui32UARTIntMapSnowflake)
                  000059c8    00000030     sysctl.obj (.const:g_sXTALtoMEMTIM)
                  000059f8    00000020     interrupt.obj (.const:g_pui32Priority)
                  00005a18    00000014     interrupt.obj (.const:g_pui32Dii16Regs)
                  00005a2c    00000014     interrupt.obj (.const:g_pui32EnRegs)
                  00005a40    00000014     interrupt.obj (.const:g_pui32PendRegs)
                  00005a54    00000014     interrupt.obj (.const:g_pui32UnpendRegs)
                  00005a68    00000008     sysctl.obj (.const:g_pui32VCOFrequencies)

.cinit     0    00005a70    00000048     
                  00005a70    00000012     (.cinit..data.load) [load image, compression = lzss]
                  00005a82    00000002     --HOLE-- [fill = 0]
                  00005a84    0000000c     (__TI_handler_table)
                  00005a90    00000008     (.cinit..bss.load) [load image, compression = zero_init]
                  00005a98    00000008     (.cinit..vtable.load) [load image, compression = zero_init]
                  00005aa0    00000018     (__TI_cinit_table)

.init_array 
*          0    00000000    00000000     UNINITIALIZED

.vtable    0    20000000    0000026c     UNINITIALIZED
                  20000000    0000026c     interrupt.obj (.vtable)

.data      0    20000470    00000014     UNINITIALIZED
                  20000470    0000000d     main.obj (.data)
                  2000047d    00000003     --HOLE--
                  20000480    00000004     rtsv7M4_T_le_v4SPD16_eabi.lib : errno.c.obj (.data)

.bss       0    20000484    00000010     UNINITIALIZED
                  20000484    00000004     (.common:selectedBoardNumber)
                  20000488    00000004     (.common:selectedChipNumber)
                  2000048c    00000004     (.common:selectedChipType)
                  20000490    00000004     (.common:ui32Loop)

.stack     0    20000270    00000200     UNINITIALIZED
                  20000270    00000004     rtsv7M4_T_le_v4SPD16_eabi.lib : boot_cortex_m.c.obj (.stack)
                  20000274    000001fc     --HOLE--

__llvm_prf_cnts 
*          0    20000000    00000000     UNINITIALIZED

MODULE SUMMARY

       Module                         code    ro data   rw data
       ------                         ----    -------   -------
    .\driverlib\
       sysctl.obj                     3974    596       0      
       gpio.obj                       2964    552       0      
       interrupt.obj                  960     268       620    
       uart.obj                       1582    128       0      
       fpu.obj                        192     0         0      
       cpu.obj                        62      0         0      
    +--+------------------------------+-------+---------+---------+
       Total:                         9734    1544      620    
                                                               
    .\source\
       devtools.obj                   2404    0         12     
       tm4c123gh6pm_startup_ccs.obj   12      620       0      
       main.obj                       492     0         17     
       multiplexer.obj                384     0         0      
    +--+------------------------------+-------+---------+---------+
       Total:                         3292    620       29     
                                                               
    C:\ti\ccs1110\ccs\tools\compiler\ti-cgt-arm_20.2.7.LTS\lib\rtsv7M4_T_le_v4SPD16_eabi.lib
       _printfi.c.obj                 4851    0         0      
       fd_add_t2.asm.obj              438     0         0      
       fd_div_t2.asm.obj              310     0         0      
       s_scalbn.c.obj                 272     0         0      
       fd_cmp_t2.asm.obj              268     0         0      
       ctype.c.obj                    0       257       0      
       fd_mul_t2.asm.obj              252     0         0      
       memcpy_t2.asm.obj              156     0         0      
       ull_div_t2.asm.obj             150     0         0      
       memset_t2.asm.obj              122     0         0      
       copy_decompress_lzss.c.obj     104     0         0      
       s_frexp.c.obj                  100     0         0      
       sprintf.c.obj                  98      0         0      
       _ltoa.c.obj                    84      0         0      
       atoi.c.obj                     76      0         0      
       fd_toi_t2.asm.obj              72      0         0      
       autoinit.c.obj                 68      0         0      
       boot_cortex_m.c.obj            52      0         0      
       i_tofd_t2.asm.obj              46      0         0      
       copy_zero_init.c.obj           28      0         0      
       memccpy.c.obj                  28      0         0      
       s_copysign.c.obj               26      0         0      
       strchr.c.obj                   22      0         0      
       strlen.c.obj                   20      0         0      
       wcslen.c.obj                   18      0         0      
       copy_decompress_none.c.obj     14      0         0      
       errno.c.obj                    8       0         4      
       exit.c.obj                     4       0         0      
       pre_init.c.obj                 4       0         0      
       div0.asm.obj                   2       0         0      
    +--+------------------------------+-------+---------+---------+
       Total:                         7693    257       4      
                                                               
       Stack:                         0       0         512    
       Linker Generated:              0       70        0      
    +--+------------------------------+-------+---------+---------+
       Grand Total:                   20719   2491      1165   


LINKER GENERATED COPY TABLES

__TI_cinit_table @ 00005aa0 records: 3, size/record: 8, table size: 24
	.data: load addr=00005a70, load size=00000012 bytes, run addr=20000470, run size=00000014 bytes, compression=lzss
	.bss: load addr=00005a90, load size=00000008 bytes, run addr=20000484, run size=00000010 bytes, compression=zero_init
	.vtable: load addr=00005a98, load size=00000008 bytes, run addr=20000000, run size=0000026c bytes, compression=zero_init


LINKER GENERATED HANDLER TABLE

__TI_handler_table @ 00005a84 records: 3, size/record: 4, table size: 12
	index: 0, handler: __TI_zero_init
	index: 1, handler: __TI_decompress_lzss
	index: 2, handler: __TI_decompress_none


GLOBAL SYMBOLS: SORTED ALPHABETICALLY BY Name 

address   name                             
-------   ----                             
00003e65  BlinkBlueLED                     
00003ec1  BlinkGreenLED                    
00003e09  BlinkRedLED                      
0000535f  C$$EXIT                          
00005217  CPUbasepriGet                    
00005209  CPUbasepriSet                    
000051e3  CPUcpsid                         
000051f9  CPUcpsie                         
000051ef  CPUprimask                       
00005205  CPUwfi                           
00003d95  EnableBoard1ChipSelectPins       
00003db9  EnableBoard2ChipSelectPins       
00003ddd  EnableLED                        
00004a3f  FPUDisable                       
00004a2d  FPUEnable                        
00004aab  FPUFlushToZeroModeSet            
00004a77  FPUHalfPrecisionModeSet          
00004a5f  FPULazyStackingEnable            
00004a91  FPUNaNModeSet                    
00004ac5  FPURoundingModeSet               
00004a6b  FPUStackingDisable               
00004a4d  FPUStackingEnable                
00001d59  GPIOADCTriggerDisable            
00001d3b  GPIOADCTriggerEnable             
00001d1d  GPIODMATriggerDisable            
00001cff  GPIODMATriggerEnable             
000012a7  GPIODirModeGet                   
0000124b  GPIODirModeSet                   
0000180f  GPIOIntClear                     
000017d3  GPIOIntDisable                   
000017b9  GPIOIntEnable                    
00001823  GPIOIntRegister                  
0000185b  GPIOIntRegisterPin               
000017ed  GPIOIntStatus                    
00001397  GPIOIntTypeGet                   
000012f3  GPIOIntTypeSet                   
00001841  GPIOIntUnregister                
00001889  GPIOIntUnregisterPin             
00001667  GPIOPadConfigGet                 
0000142d  GPIOPadConfigSet                 
00001ca1  GPIOPinConfigure                 
000018ad  GPIOPinRead                      
000018e5  GPIOPinTypeADC                   
00001909  GPIOPinTypeCAN                   
0000192d  GPIOPinTypeComparator            
00001951  GPIOPinTypeComparatorOutput      
00001975  GPIOPinTypeDIVSCLK               
00001999  GPIOPinTypeEPI                   
000019bd  GPIOPinTypeEthernetLED           
000019e1  GPIOPinTypeEthernetMII           
00001a05  GPIOPinTypeGPIOInput             
00001a29  GPIOPinTypeGPIOOutput            
00001a4d  GPIOPinTypeGPIOOutputOD          
00001a71  GPIOPinTypeHibernateRTCCLK       
00001a95  GPIOPinTypeI2C                   
00001ab9  GPIOPinTypeI2CSCL                
00001add  GPIOPinTypeLCD                   
00001b01  GPIOPinTypeOneWire               
00001b25  GPIOPinTypePWM                   
00001b49  GPIOPinTypeQEI                   
00001b6d  GPIOPinTypeSSI                   
00001b91  GPIOPinTypeTimer                 
00001bb5  GPIOPinTypeTrace                 
00001bd9  GPIOPinTypeUART                  
00001bfd  GPIOPinTypeUSBAnalog             
00001c21  GPIOPinTypeUSBDigital            
00001c45  GPIOPinTypeWakeHigh              
00001c6b  GPIOPinTypeWakeLow               
00001c91  GPIOPinWakeStatus                
000018c5  GPIOPinWrite                     
00003925  IntDisable                       
000038b3  IntEnable                        
00003997  IntIsEnabled                     
00003777  IntMasterDisable                 
00003767  IntMasterEnable                  
00003a8d  IntPendClear                     
00003a1d  IntPendSet                       
0000388f  IntPriorityGet                   
00003807  IntPriorityGroupingGet           
000037ed  IntPriorityGroupingSet           
00003ae7  IntPriorityMaskGet               
00003adb  IntPriorityMaskSet               
0000383f  IntPrioritySet                   
00003787  IntRegister                      
00003aef  IntTrigger                       
000037d9  IntUnregister                    
00005337  ResetISR                         
0000433d  RetreiveCSCode                   
00004309  RetreiveCSPort                   
00004401  SetChipSelect                    
20000478  SysClkSpeed                      
000011a9  SysCtlAltClkConfig               
000008d1  SysCtlClockFreqSet               
00000d99  SysCtlClockGet                   
0000118d  SysCtlClockOutConfig             
00000bc9  SysCtlClockSet                   
000007d5  SysCtlDeepSleep                  
00000f5d  SysCtlDeepSleepClockConfigSet    
00000f3f  SysCtlDeepSleepClockSet          
000007b5  SysCtlDeepSleepPowerSet          
00005355  SysCtlDelay                      
00000363  SysCtlFlashSectorSizeGet         
00000337  SysCtlFlashSizeGet               
00001033  SysCtlGPIOAHBDisable             
00001017  SysCtlGPIOAHBEnable              
00000749  SysCtlIntClear                   
00000731  SysCtlIntDisable                 
0000071d  SysCtlIntEnable                  
000006f5  SysCtlIntRegister                
00000759  SysCtlIntStatus                  
0000070d  SysCtlIntUnregister              
0000079b  SysCtlLDODeepSleepGet            
0000078b  SysCtlLDODeepSleepSet            
00000785  SysCtlLDOSleepGet                
00000775  SysCtlLDOSleepSet                
0000080b  SysCtlMOSCConfigSet              
00001171  SysCtlNMIClear                   
0000115d  SysCtlNMIStatus                  
00000821  SysCtlPIOSCCalibrate             
00001001  SysCtlPWMClockGet                
00000fe7  SysCtlPWMClockSet                
000006a1  SysCtlPeripheralClockGating      
00000659  SysCtlPeripheralDeepSleepDisable 
00000609  SysCtlPeripheralDeepSleepEnable  
00000545  SysCtlPeripheralDisable          
00000509  SysCtlPeripheralEnable           
00000445  SysCtlPeripheralPowerOff         
00000409  SysCtlPeripheralPowerOn          
00000389  SysCtlPeripheralPresent          
000003c9  SysCtlPeripheralReady            
00000481  SysCtlPeripheralReset            
000005cd  SysCtlPeripheralSleepDisable     
00000589  SysCtlPeripheralSleepEnable      
000007c5  SysCtlReset                      
00000881  SysCtlResetBehaviorGet           
00000871  SysCtlResetBehaviorSet           
000007f7  SysCtlResetCauseClear            
000007f1  SysCtlResetCauseGet              
0000032d  SysCtlSRAMSizeGet                
000007cd  SysCtlSleep                      
000007a1  SysCtlSleepPowerSet              
0000105b  SysCtlUSBPLLDisable              
0000104f  SysCtlUSBPLLEnable               
000010a1  SysCtlVCOGet                     
00001089  SysCtlVoltageEventClear          
0000106d  SysCtlVoltageEventConfig         
0000107d  SysCtlVoltageEventStatus         
00003705  UART9BitAddrSend                 
000036df  UART9BitAddrSet                  
000036c9  UART9BitDisable                  
000036b3  UART9BitEnable                   
00003557  UARTBreakCtl                     
00003581  UARTBusy                         
000034ff  UARTCharGet                      
000034e3  UARTCharGetNonBlocking           
00003539  UARTCharPut                      
00003515  UARTCharPutNonBlocking           
000034a7  UARTCharsAvail                   
000036a3  UARTClockSourceGet               
0000368f  UARTClockSourceSet               
00003277  UARTConfigGetExpClk              
00003201  UARTConfigSetExpClk              
00003655  UARTDMADisable                   
0000363d  UARTDMAEnable                    
00002809  UARTDebugEnable                  
000027d1  UARTDebugIntHandler              
00002867  UARTDebugSend                    
000032e7  UARTDisable                      
0000336b  UARTDisableSIR                   
000032c3  UARTEnable                       
0000333d  UARTEnableSIR                    
00003327  UARTFIFODisable                  
00003311  UARTFIFOEnable                   
000031d9  UARTFIFOLevelGet                 
000031c1  UARTFIFOLevelSet                 
00003467  UARTFlowControlGet               
0000344b  UARTFlowControlSet               
0000362b  UARTIntClear                     
000035f5  UARTIntDisable                   
000035dd  UARTIntEnable                    
0000359f  UARTIntRegister                  
0000360d  UARTIntStatus                    
000035bd  UARTIntUnregister                
0000374d  UARTLoopbackEnable               
00003401  UARTModemControlClear            
00003425  UARTModemControlGet              
000033c9  UARTModemControlSet              
00003437  UARTModemStatusGet               
000031af  UARTParityModeGet                
00003193  UARTParityModeSet                
0000367f  UARTRxErrorClear                 
0000366d  UARTRxErrorGet                   
000033b3  UARTSmartCardDisable             
00003381  UARTSmartCardEnable              
000034c5  UARTSpaceAvail                   
00003495  UARTTxIntModeGet                 
00003479  UARTTxIntModeSet                 
20000470  __STACK_END                      
00000200  __STACK_SIZE                     
20000470  __STACK_TOP                      
00005aa0  __TI_CINIT_Base                  
00005ab8  __TI_CINIT_Limit                 
00005a84  __TI_Handler_Table_Base          
00005a90  __TI_Handler_Table_Limit         
00005121  __TI_auto_init_nobinit_nopinit   
00004ec5  __TI_decompress_lzss             
00005329  __TI_decompress_none             
00004fe7  __TI_ltoa                        
ffffffff  __TI_pprof_out_hndl              
00001d81  __TI_printfi                     
ffffffff  __TI_prof_data_size              
ffffffff  __TI_prof_data_start             
00000000  __TI_static_base__               
00005283  __TI_zero_init_nomemset          
00004cd1  __aeabi_cdcmpeq                  
00004cd1  __aeabi_cdcmple                  
00004d57  __aeabi_cdrcmple                 
000050d9  __aeabi_d2iz                     
0000415b  __aeabi_dadd                     
000045c5  __aeabi_ddiv                     
00004931  __aeabi_dmul                     
00004151  __aeabi_dsub                     
0000534d  __aeabi_errno_addr               
00005255  __aeabi_i2d                      
000027cf  __aeabi_idiv0                    
000027cf  __aeabi_ldiv0                    
00004ddd  __aeabi_memclr                   
00004ddd  __aeabi_memclr4                  
00004ddd  __aeabi_memclr8                  
00004b9f  __aeabi_memcpy                   
00004b9f  __aeabi_memcpy4                  
00004b9f  __aeabi_memcpy8                  
00004ddf  __aeabi_memset                   
00004ddf  __aeabi_memset4                  
00004ddf  __aeabi_memset8                  
00004c3b  __aeabi_uldivmod                 
ffffffff  __binit__                        
ffffffff  __c_args__                       
UNDEFED   __mpu_init                       
20000270  __stack                          
20000000  __start___llvm_prf_cnts          
20000000  __stop___llvm_prf_cnts           
00005221  _c_int00_noargs                  
00005514  _ctypes_                         
UNDEFED   _system_post_cinit               
0000535b  _system_pre_init                 
0000535f  abort                            
0000508d  atoi                             
ffffffff  binit                            
000052bb  copysign                         
000052bb  copysignl                        
20000480  errno                            
00004f2d  frexp                            
00004f2d  frexpl                           
20000000  g_pfnRAMVectors                  
00000000  g_pfnVectors                     
00004821  ldexp                            
00004821  ldexpl                           
00003f1d  main                             
0000529f  memccpy                          
00004b9f  memcpy                           
00004de5  memset                           
2000047c  menu_state                       
0000289d  printDebugMenu                   
00002f61  processChipSelectBoardMenuInput  
00003053  processChipSelectChipNumMenuInput
00002fb9  processChipSelectMemTypeMenuInput
00002b8d  processDebugInput                
00002e75  processMainMenuInput             
00004821  scalbn                           
00004821  scalbnl                          
20000484  selectedBoardNumber              
20000488  selectedChipNumber               
2000048c  selectedChipType                 
00005165  sprintf                          
000052ed  strchr                           
00005303  strlen                           
20000470  timer_current_cycle              
20000474  timer_wakeup                     
20000490  ui32Loop                         
00005317  wcslen                           


GLOBAL SYMBOLS: SORTED BY Symbol Address 

address   name                             
-------   ----                             
00000000  __TI_static_base__               
00000000  g_pfnVectors                     
00000200  __STACK_SIZE                     
0000032d  SysCtlSRAMSizeGet                
00000337  SysCtlFlashSizeGet               
00000363  SysCtlFlashSectorSizeGet         
00000389  SysCtlPeripheralPresent          
000003c9  SysCtlPeripheralReady            
00000409  SysCtlPeripheralPowerOn          
00000445  SysCtlPeripheralPowerOff         
00000481  SysCtlPeripheralReset            
00000509  SysCtlPeripheralEnable           
00000545  SysCtlPeripheralDisable          
00000589  SysCtlPeripheralSleepEnable      
000005cd  SysCtlPeripheralSleepDisable     
00000609  SysCtlPeripheralDeepSleepEnable  
00000659  SysCtlPeripheralDeepSleepDisable 
000006a1  SysCtlPeripheralClockGating      
000006f5  SysCtlIntRegister                
0000070d  SysCtlIntUnregister              
0000071d  SysCtlIntEnable                  
00000731  SysCtlIntDisable                 
00000749  SysCtlIntClear                   
00000759  SysCtlIntStatus                  
00000775  SysCtlLDOSleepSet                
00000785  SysCtlLDOSleepGet                
0000078b  SysCtlLDODeepSleepSet            
0000079b  SysCtlLDODeepSleepGet            
000007a1  SysCtlSleepPowerSet              
000007b5  SysCtlDeepSleepPowerSet          
000007c5  SysCtlReset                      
000007cd  SysCtlSleep                      
000007d5  SysCtlDeepSleep                  
000007f1  SysCtlResetCauseGet              
000007f7  SysCtlResetCauseClear            
0000080b  SysCtlMOSCConfigSet              
00000821  SysCtlPIOSCCalibrate             
00000871  SysCtlResetBehaviorSet           
00000881  SysCtlResetBehaviorGet           
000008d1  SysCtlClockFreqSet               
00000bc9  SysCtlClockSet                   
00000d99  SysCtlClockGet                   
00000f3f  SysCtlDeepSleepClockSet          
00000f5d  SysCtlDeepSleepClockConfigSet    
00000fe7  SysCtlPWMClockSet                
00001001  SysCtlPWMClockGet                
00001017  SysCtlGPIOAHBEnable              
00001033  SysCtlGPIOAHBDisable             
0000104f  SysCtlUSBPLLEnable               
0000105b  SysCtlUSBPLLDisable              
0000106d  SysCtlVoltageEventConfig         
0000107d  SysCtlVoltageEventStatus         
00001089  SysCtlVoltageEventClear          
000010a1  SysCtlVCOGet                     
0000115d  SysCtlNMIStatus                  
00001171  SysCtlNMIClear                   
0000118d  SysCtlClockOutConfig             
000011a9  SysCtlAltClkConfig               
0000124b  GPIODirModeSet                   
000012a7  GPIODirModeGet                   
000012f3  GPIOIntTypeSet                   
00001397  GPIOIntTypeGet                   
0000142d  GPIOPadConfigSet                 
00001667  GPIOPadConfigGet                 
000017b9  GPIOIntEnable                    
000017d3  GPIOIntDisable                   
000017ed  GPIOIntStatus                    
0000180f  GPIOIntClear                     
00001823  GPIOIntRegister                  
00001841  GPIOIntUnregister                
0000185b  GPIOIntRegisterPin               
00001889  GPIOIntUnregisterPin             
000018ad  GPIOPinRead                      
000018c5  GPIOPinWrite                     
000018e5  GPIOPinTypeADC                   
00001909  GPIOPinTypeCAN                   
0000192d  GPIOPinTypeComparator            
00001951  GPIOPinTypeComparatorOutput      
00001975  GPIOPinTypeDIVSCLK               
00001999  GPIOPinTypeEPI                   
000019bd  GPIOPinTypeEthernetLED           
000019e1  GPIOPinTypeEthernetMII           
00001a05  GPIOPinTypeGPIOInput             
00001a29  GPIOPinTypeGPIOOutput            
00001a4d  GPIOPinTypeGPIOOutputOD          
00001a71  GPIOPinTypeHibernateRTCCLK       
00001a95  GPIOPinTypeI2C                   
00001ab9  GPIOPinTypeI2CSCL                
00001add  GPIOPinTypeLCD                   
00001b01  GPIOPinTypeOneWire               
00001b25  GPIOPinTypePWM                   
00001b49  GPIOPinTypeQEI                   
00001b6d  GPIOPinTypeSSI                   
00001b91  GPIOPinTypeTimer                 
00001bb5  GPIOPinTypeTrace                 
00001bd9  GPIOPinTypeUART                  
00001bfd  GPIOPinTypeUSBAnalog             
00001c21  GPIOPinTypeUSBDigital            
00001c45  GPIOPinTypeWakeHigh              
00001c6b  GPIOPinTypeWakeLow               
00001c91  GPIOPinWakeStatus                
00001ca1  GPIOPinConfigure                 
00001cff  GPIODMATriggerEnable             
00001d1d  GPIODMATriggerDisable            
00001d3b  GPIOADCTriggerEnable             
00001d59  GPIOADCTriggerDisable            
00001d81  __TI_printfi                     
000027cf  __aeabi_idiv0                    
000027cf  __aeabi_ldiv0                    
000027d1  UARTDebugIntHandler              
00002809  UARTDebugEnable                  
00002867  UARTDebugSend                    
0000289d  printDebugMenu                   
00002b8d  processDebugInput                
00002e75  processMainMenuInput             
00002f61  processChipSelectBoardMenuInput  
00002fb9  processChipSelectMemTypeMenuInput
00003053  processChipSelectChipNumMenuInput
00003193  UARTParityModeSet                
000031af  UARTParityModeGet                
000031c1  UARTFIFOLevelSet                 
000031d9  UARTFIFOLevelGet                 
00003201  UARTConfigSetExpClk              
00003277  UARTConfigGetExpClk              
000032c3  UARTEnable                       
000032e7  UARTDisable                      
00003311  UARTFIFOEnable                   
00003327  UARTFIFODisable                  
0000333d  UARTEnableSIR                    
0000336b  UARTDisableSIR                   
00003381  UARTSmartCardEnable              
000033b3  UARTSmartCardDisable             
000033c9  UARTModemControlSet              
00003401  UARTModemControlClear            
00003425  UARTModemControlGet              
00003437  UARTModemStatusGet               
0000344b  UARTFlowControlSet               
00003467  UARTFlowControlGet               
00003479  UARTTxIntModeSet                 
00003495  UARTTxIntModeGet                 
000034a7  UARTCharsAvail                   
000034c5  UARTSpaceAvail                   
000034e3  UARTCharGetNonBlocking           
000034ff  UARTCharGet                      
00003515  UARTCharPutNonBlocking           
00003539  UARTCharPut                      
00003557  UARTBreakCtl                     
00003581  UARTBusy                         
0000359f  UARTIntRegister                  
000035bd  UARTIntUnregister                
000035dd  UARTIntEnable                    
000035f5  UARTIntDisable                   
0000360d  UARTIntStatus                    
0000362b  UARTIntClear                     
0000363d  UARTDMAEnable                    
00003655  UARTDMADisable                   
0000366d  UARTRxErrorGet                   
0000367f  UARTRxErrorClear                 
0000368f  UARTClockSourceSet               
000036a3  UARTClockSourceGet               
000036b3  UART9BitEnable                   
000036c9  UART9BitDisable                  
000036df  UART9BitAddrSet                  
00003705  UART9BitAddrSend                 
0000374d  UARTLoopbackEnable               
00003767  IntMasterEnable                  
00003777  IntMasterDisable                 
00003787  IntRegister                      
000037d9  IntUnregister                    
000037ed  IntPriorityGroupingSet           
00003807  IntPriorityGroupingGet           
0000383f  IntPrioritySet                   
0000388f  IntPriorityGet                   
000038b3  IntEnable                        
00003925  IntDisable                       
00003997  IntIsEnabled                     
00003a1d  IntPendSet                       
00003a8d  IntPendClear                     
00003adb  IntPriorityMaskSet               
00003ae7  IntPriorityMaskGet               
00003aef  IntTrigger                       
00003d95  EnableBoard1ChipSelectPins       
00003db9  EnableBoard2ChipSelectPins       
00003ddd  EnableLED                        
00003e09  BlinkRedLED                      
00003e65  BlinkBlueLED                     
00003ec1  BlinkGreenLED                    
00003f1d  main                             
00004151  __aeabi_dsub                     
0000415b  __aeabi_dadd                     
00004309  RetreiveCSPort                   
0000433d  RetreiveCSCode                   
00004401  SetChipSelect                    
000045c5  __aeabi_ddiv                     
00004821  ldexp                            
00004821  ldexpl                           
00004821  scalbn                           
00004821  scalbnl                          
00004931  __aeabi_dmul                     
00004a2d  FPUEnable                        
00004a3f  FPUDisable                       
00004a4d  FPUStackingEnable                
00004a5f  FPULazyStackingEnable            
00004a6b  FPUStackingDisable               
00004a77  FPUHalfPrecisionModeSet          
00004a91  FPUNaNModeSet                    
00004aab  FPUFlushToZeroModeSet            
00004ac5  FPURoundingModeSet               
00004b9f  __aeabi_memcpy                   
00004b9f  __aeabi_memcpy4                  
00004b9f  __aeabi_memcpy8                  
00004b9f  memcpy                           
00004c3b  __aeabi_uldivmod                 
00004cd1  __aeabi_cdcmpeq                  
00004cd1  __aeabi_cdcmple                  
00004d57  __aeabi_cdrcmple                 
00004ddd  __aeabi_memclr                   
00004ddd  __aeabi_memclr4                  
00004ddd  __aeabi_memclr8                  
00004ddf  __aeabi_memset                   
00004ddf  __aeabi_memset4                  
00004ddf  __aeabi_memset8                  
00004de5  memset                           
00004ec5  __TI_decompress_lzss             
00004f2d  frexp                            
00004f2d  frexpl                           
00004fe7  __TI_ltoa                        
0000508d  atoi                             
000050d9  __aeabi_d2iz                     
00005121  __TI_auto_init_nobinit_nopinit   
00005165  sprintf                          
000051e3  CPUcpsid                         
000051ef  CPUprimask                       
000051f9  CPUcpsie                         
00005205  CPUwfi                           
00005209  CPUbasepriSet                    
00005217  CPUbasepriGet                    
00005221  _c_int00_noargs                  
00005255  __aeabi_i2d                      
00005283  __TI_zero_init_nomemset          
0000529f  memccpy                          
000052bb  copysign                         
000052bb  copysignl                        
000052ed  strchr                           
00005303  strlen                           
00005317  wcslen                           
00005329  __TI_decompress_none             
00005337  ResetISR                         
0000534d  __aeabi_errno_addr               
00005355  SysCtlDelay                      
0000535b  _system_pre_init                 
0000535f  C$$EXIT                          
0000535f  abort                            
00005514  _ctypes_                         
00005a84  __TI_Handler_Table_Base          
00005a90  __TI_Handler_Table_Limit         
00005aa0  __TI_CINIT_Base                  
00005ab8  __TI_CINIT_Limit                 
20000000  __start___llvm_prf_cnts          
20000000  __stop___llvm_prf_cnts           
20000000  g_pfnRAMVectors                  
20000270  __stack                          
20000470  __STACK_END                      
20000470  __STACK_TOP                      
20000470  timer_current_cycle              
20000474  timer_wakeup                     
20000478  SysClkSpeed                      
2000047c  menu_state                       
20000480  errno                            
20000484  selectedBoardNumber              
20000488  selectedChipNumber               
2000048c  selectedChipType                 
20000490  ui32Loop                         
ffffffff  __TI_pprof_out_hndl              
ffffffff  __TI_prof_data_size              
ffffffff  __TI_prof_data_start             
ffffffff  __binit__                        
ffffffff  __c_args__                       
ffffffff  binit                            
UNDEFED   __mpu_init                       
UNDEFED   _system_post_cinit               

[281 symbols]
