******************************************************************************
                  TI ARM Linker PC v20.2.7                     
******************************************************************************
>> Linked Mon Jan 16 20:16:18 2023

OUTPUT FILE NAME:   <MDE_UART_CCS.out>
ENTRY POINT SYMBOL: "_c_int00_noargs"  address: 000053ad


MEMORY CONFIGURATION

         name            origin    length      used     unused   attr    fill
----------------------  --------  ---------  --------  --------  ----  --------
  FLASH                 00000000   00040000  00005c42  0003a3be  R  X
  SRAM                  20000000   00008000  00000484  00007b7c  RW X


SEGMENT ALLOCATION MAP

run origin  load origin   length   init length attrs members
----------  ----------- ---------- ----------- ----- -------
00000000    00000000    00005c48   00005c48    r-x
  00000000    00000000    0000026c   0000026c    r-- .intvecs
  0000026c    0000026c    00005282   00005282    r-x .text
  000054f0    000054f0    0000070c   0000070c    r-- .const
  00005c00    00005c00    00000048   00000048    r-- .cinit
20000000    20000000    00000484   00000000    rw-
  20000000    20000000    0000026c   00000000    rw- .vtable
  2000026c    2000026c    00000004   00000000    rw- .bss
  20000270    20000270    00000200   00000000    rw- .stack
  20000470    20000470    00000014   00000000    rw- .data


SECTION ALLOCATION MAP

 output                                  attributes/
section   page    origin      length       input sections
--------  ----  ----------  ----------   ----------------
.intvecs   0    00000000    0000026c     
                  00000000    0000026c     tm4c123gh6pm_startup_ccs.obj (.intvecs)

.text      0    0000026c    00005282     
                  0000026c    00000f80     sysctl.obj (.text)
                  000011ec    00000b94     gpio.obj (.text)
                  00001d80    00000ac4     devtools.obj (.text)
                  00002844    00000a4e     rtsv7M4_T_le_v4SPD16_eabi.lib : _printfi.c.obj (.text:__TI_printfi)
                  00003292    00000002                                   : div0.asm.obj (.text)
                  00003294    0000062e     uart.obj (.text)
                  000038c2    00000002     --HOLE-- [fill = 0]
                  000038c4    000003c0     interrupt.obj (.text)
                  00003c84    00000270     rtsv7M4_T_le_v4SPD16_eabi.lib : _printfi.c.obj (.text:_pconv_a)
                  00003ef4    000001ec     main.obj (.text)
                  000040e0    000001d0     rtsv7M4_T_le_v4SPD16_eabi.lib : _printfi.c.obj (.text:_pconv_g)
                  000042b0    000001b6                                   : fd_add_t2.asm.obj (.text)
                  00004466    00000002     --HOLE-- [fill = 0]
                  00004468    000001ac     multiplexer.obj (.text)
                  00004614    0000013c     rtsv7M4_T_le_v4SPD16_eabi.lib : _printfi.c.obj (.text:_pconv_e)
                  00004750    00000136                                   : fd_div_t2.asm.obj (.text)
                  00004886    00000002     --HOLE-- [fill = 0]
                  00004888    00000124                                   : _printfi.c.obj (.text:fcvt)
                  000049ac    00000110                                   : s_scalbn.c.obj (.text:scalbn)
                  00004abc    000000fc                                   : fd_mul_t2.asm.obj (.text)
                  00004bb8    000000c0     fpu.obj (.text)
                  00004c78    000000b1     rtsv7M4_T_le_v4SPD16_eabi.lib : _printfi.c.obj (.text:_ltostr)
                  00004d29    00000001     --HOLE-- [fill = 0]
                  00004d2a    0000009c                                   : memcpy_t2.asm.obj (.text)
                  00004dc6    00000096                                   : ull_div_t2.asm.obj (.text)
                  00004e5c    00000086                                   : fd_cmp_t2.asm.obj (.text:__aeabi_cdcmple)
                  00004ee2    00000086                                   : fd_cmp_t2.asm.obj (.text:__aeabi_cdrcmple)
                  00004f68    0000007a                                   : memset_t2.asm.obj (.text)
                  00004fe2    0000006e                                   : _printfi.c.obj (.text:_mcpy)
                  00005050    00000068                                   : copy_decompress_lzss.c.obj (.text:decompress:lzss:__TI_decompress_lzss)
                  000050b8    00000064                                   : s_frexp.c.obj (.text:frexp)
                  0000511c    00000056                                   : _printfi.c.obj (.text:_pconv_f)
                  00005172    00000054                                   : _ltoa.c.obj (.text:__TI_ltoa)
                  000051c6    00000052                                   : _printfi.c.obj (.text:_ecpy)
                  00005218    0000004c                                   : atoi.c.obj (.text:atoi)
                  00005264    00000048                                   : fd_toi_t2.asm.obj (.text)
                  000052ac    00000044                                   : autoinit.c.obj (.text:__TI_auto_init_nobinit_nopinit:__TI_auto_init_nobinit_nopinit)
                  000052f0    00000040                                   : sprintf.c.obj (.text:sprintf)
                  00005330    0000003e                                   : _printfi.c.obj (.text:_fcpy)
                  0000536e    0000003e     cpu.obj (.text)
                  000053ac    00000034     rtsv7M4_T_le_v4SPD16_eabi.lib : boot_cortex_m.c.obj (.text:_c_int00_noargs:_c_int00_noargs)
                  000053e0    0000002e                                   : i_tofd_t2.asm.obj (.text)
                  0000540e    0000001c                                   : copy_zero_init.c.obj (.text:decompress:ZI:__TI_zero_init_nomemset:__TI_zero_init_nomemset)
                  0000542a    0000001c                                   : memccpy.c.obj (.text:memccpy)
                  00005446    0000001a                                   : s_copysign.c.obj (.text:copysign)
                  00005460    00000018                                   : sprintf.c.obj (.text:_outs)
                  00005478    00000016                                   : strchr.c.obj (.text:strchr)
                  0000548e    00000014                                   : strlen.c.obj (.text:strlen)
                  000054a2    00000012                                   : wcslen.c.obj (.text:wcslen)
                  000054b4    0000000e                                   : copy_decompress_none.c.obj (.text:decompress:none:__TI_decompress_none)
                  000054c2    0000000c     tm4c123gh6pm_startup_ccs.obj (.text)
                  000054ce    0000000a     rtsv7M4_T_le_v4SPD16_eabi.lib : sprintf.c.obj (.text:_outc)
                  000054d8    00000008                                   : errno.c.obj (.text:__aeabi_errno_addr)
                  000054e0    00000006     sysctl.obj (.text:SysCtlDelay)
                  000054e6    00000004     rtsv7M4_T_le_v4SPD16_eabi.lib : pre_init.c.obj (.text:_system_pre_init)
                  000054ea    00000004                                   : exit.c.obj (.text:abort:abort)

.const     0    000054f0    0000070c     
                  000054f0    000001b0     sysctl.obj (.const:g_pppui32XTALtoVCO)
                  000056a0    00000101     rtsv7M4_T_le_v4SPD16_eabi.lib : ctype.c.obj (.const:.string:_ctypes_)
                  000057a1    00000003     --HOLE-- [fill = 0]
                  000057a4    000000d8     gpio.obj (.const:g_ppui32GPIOIntMapSnowflake)
                  0000587c    000000c0     gpio.obj (.const:g_ppui32GPIOIntMapBlizzard)
                  0000593c    0000009c     interrupt.obj (.const:g_pui32Regs)
                  000059d8    00000090     gpio.obj (.const:g_pui32GPIOBaseAddrs)
                  00005a68    0000006c     sysctl.obj (.const:g_pui32Xtals)
                  00005ad4    00000040     uart.obj (.const:g_ppui32UARTIntMap)
                  00005b14    00000040     uart.obj (.const:g_ppui32UARTIntMapSnowflake)
                  00005b54    00000030     sysctl.obj (.const:g_sXTALtoMEMTIM)
                  00005b84    00000020     interrupt.obj (.const:g_pui32Priority)
                  00005ba4    00000014     interrupt.obj (.const:g_pui32Dii16Regs)
                  00005bb8    00000014     interrupt.obj (.const:g_pui32EnRegs)
                  00005bcc    00000014     interrupt.obj (.const:g_pui32PendRegs)
                  00005be0    00000014     interrupt.obj (.const:g_pui32UnpendRegs)
                  00005bf4    00000008     sysctl.obj (.const:g_pui32VCOFrequencies)

.cinit     0    00005c00    00000048     
                  00005c00    00000012     (.cinit..data.load) [load image, compression = lzss]
                  00005c12    00000002     --HOLE-- [fill = 0]
                  00005c14    0000000c     (__TI_handler_table)
                  00005c20    00000008     (.cinit..bss.load) [load image, compression = zero_init]
                  00005c28    00000008     (.cinit..vtable.load) [load image, compression = zero_init]
                  00005c30    00000018     (__TI_cinit_table)

.init_array 
*          0    00000000    00000000     UNINITIALIZED

.vtable    0    20000000    0000026c     UNINITIALIZED
                  20000000    0000026c     interrupt.obj (.vtable)

.bss       0    2000026c    00000004     UNINITIALIZED
                  2000026c    00000004     (.common:ui32Loop)

.data      0    20000470    00000014     UNINITIALIZED
                  20000470    00000010     main.obj (.data)
                  20000480    00000004     rtsv7M4_T_le_v4SPD16_eabi.lib : errno.c.obj (.data)

.stack     0    20000270    00000200     UNINITIALIZED
                  20000270    00000004     rtsv7M4_T_le_v4SPD16_eabi.lib : boot_cortex_m.c.obj (.stack)
                  20000274    000001fc     --HOLE--

__llvm_prf_cnts 
*          0    20000000    00000000     UNINITIALIZED

MODULE SUMMARY

       Module                         code    ro data   rw data
       ------                         ----    -------   -------
    .\driverlib\
       sysctl.obj                     3974    596       0      
       gpio.obj                       2964    552       0      
       interrupt.obj                  960     268       620    
       uart.obj                       1582    128       0      
       fpu.obj                        192     0         0      
       cpu.obj                        62      0         0      
    +--+------------------------------+-------+---------+---------+
       Total:                         9734    1544      620    
                                                               
    .\source\
       devtools.obj                   2756    0         0      
       tm4c123gh6pm_startup_ccs.obj   12      620       0      
       main.obj                       492     0         20     
       multiplexer.obj                428     0         0      
    +--+------------------------------+-------+---------+---------+
       Total:                         3688    620       20     
                                                               
    C:\ti\ccs1110\ccs\tools\compiler\ti-cgt-arm_20.2.7.LTS\lib\rtsv7M4_T_le_v4SPD16_eabi.lib
       _printfi.c.obj                 4851    0         0      
       fd_add_t2.asm.obj              438     0         0      
       fd_div_t2.asm.obj              310     0         0      
       s_scalbn.c.obj                 272     0         0      
       fd_cmp_t2.asm.obj              268     0         0      
       ctype.c.obj                    0       257       0      
       fd_mul_t2.asm.obj              252     0         0      
       memcpy_t2.asm.obj              156     0         0      
       ull_div_t2.asm.obj             150     0         0      
       memset_t2.asm.obj              122     0         0      
       copy_decompress_lzss.c.obj     104     0         0      
       s_frexp.c.obj                  100     0         0      
       sprintf.c.obj                  98      0         0      
       _ltoa.c.obj                    84      0         0      
       atoi.c.obj                     76      0         0      
       fd_toi_t2.asm.obj              72      0         0      
       autoinit.c.obj                 68      0         0      
       boot_cortex_m.c.obj            52      0         0      
       i_tofd_t2.asm.obj              46      0         0      
       copy_zero_init.c.obj           28      0         0      
       memccpy.c.obj                  28      0         0      
       s_copysign.c.obj               26      0         0      
       strchr.c.obj                   22      0         0      
       strlen.c.obj                   20      0         0      
       wcslen.c.obj                   18      0         0      
       copy_decompress_none.c.obj     14      0         0      
       errno.c.obj                    8       0         4      
       exit.c.obj                     4       0         0      
       pre_init.c.obj                 4       0         0      
       div0.asm.obj                   2       0         0      
    +--+------------------------------+-------+---------+---------+
       Total:                         7693    257       4      
                                                               
       Stack:                         0       0         512    
       Linker Generated:              0       70        0      
    +--+------------------------------+-------+---------+---------+
       Grand Total:                   21115   2491      1156   


LINKER GENERATED COPY TABLES

__TI_cinit_table @ 00005c30 records: 3, size/record: 8, table size: 24
	.data: load addr=00005c00, load size=00000012 bytes, run addr=20000470, run size=00000014 bytes, compression=lzss
	.bss: load addr=00005c20, load size=00000008 bytes, run addr=2000026c, run size=00000004 bytes, compression=zero_init
	.vtable: load addr=00005c28, load size=00000008 bytes, run addr=20000000, run size=0000026c bytes, compression=zero_init


LINKER GENERATED HANDLER TABLE

__TI_handler_table @ 00005c14 records: 3, size/record: 4, table size: 12
	index: 0, handler: __TI_zero_init
	index: 1, handler: __TI_decompress_lzss
	index: 2, handler: __TI_decompress_none


GLOBAL SYMBOLS: SORTED ALPHABETICALLY BY Name 

address   name                             
-------   ----                             
00003fc5  BlinkBlueLED                     
00004021  BlinkGreenLED                    
00003f69  BlinkRedLED                      
000054eb  C$$EXIT                          
000053a3  CPUbasepriGet                    
00005395  CPUbasepriSet                    
0000536f  CPUcpsid                         
00005385  CPUcpsie                         
0000537b  CPUprimask                       
00005391  CPUwfi                           
00003ef5  EnableBoard1ChipSelectPins       
00003f19  EnableBoard2ChipSelectPins       
00003f3d  EnableLED                        
00004bcb  FPUDisable                       
00004bb9  FPUEnable                        
00004c37  FPUFlushToZeroModeSet            
00004c03  FPUHalfPrecisionModeSet          
00004beb  FPULazyStackingEnable            
00004c1d  FPUNaNModeSet                    
00004c51  FPURoundingModeSet               
00004bf7  FPUStackingDisable               
00004bd9  FPUStackingEnable                
00001d59  GPIOADCTriggerDisable            
00001d3b  GPIOADCTriggerEnable             
00001d1d  GPIODMATriggerDisable            
00001cff  GPIODMATriggerEnable             
000012a7  GPIODirModeGet                   
0000124b  GPIODirModeSet                   
0000180f  GPIOIntClear                     
000017d3  GPIOIntDisable                   
000017b9  GPIOIntEnable                    
00001823  GPIOIntRegister                  
0000185b  GPIOIntRegisterPin               
000017ed  GPIOIntStatus                    
00001397  GPIOIntTypeGet                   
000012f3  GPIOIntTypeSet                   
00001841  GPIOIntUnregister                
00001889  GPIOIntUnregisterPin             
00001667  GPIOPadConfigGet                 
0000142d  GPIOPadConfigSet                 
00001ca1  GPIOPinConfigure                 
000018ad  GPIOPinRead                      
000018e5  GPIOPinTypeADC                   
00001909  GPIOPinTypeCAN                   
0000192d  GPIOPinTypeComparator            
00001951  GPIOPinTypeComparatorOutput      
00001975  GPIOPinTypeDIVSCLK               
00001999  GPIOPinTypeEPI                   
000019bd  GPIOPinTypeEthernetLED           
000019e1  GPIOPinTypeEthernetMII           
00001a05  GPIOPinTypeGPIOInput             
00001a29  GPIOPinTypeGPIOOutput            
00001a4d  GPIOPinTypeGPIOOutputOD          
00001a71  GPIOPinTypeHibernateRTCCLK       
00001a95  GPIOPinTypeI2C                   
00001ab9  GPIOPinTypeI2CSCL                
00001add  GPIOPinTypeLCD                   
00001b01  GPIOPinTypeOneWire               
00001b25  GPIOPinTypePWM                   
00001b49  GPIOPinTypeQEI                   
00001b6d  GPIOPinTypeSSI                   
00001b91  GPIOPinTypeTimer                 
00001bb5  GPIOPinTypeTrace                 
00001bd9  GPIOPinTypeUART                  
00001bfd  GPIOPinTypeUSBAnalog             
00001c21  GPIOPinTypeUSBDigital            
00001c45  GPIOPinTypeWakeHigh              
00001c6b  GPIOPinTypeWakeLow               
00001c91  GPIOPinWakeStatus                
000018c5  GPIOPinWrite                     
00003a85  IntDisable                       
00003a13  IntEnable                        
00003af7  IntIsEnabled                     
000038d7  IntMasterDisable                 
000038c7  IntMasterEnable                  
00003bed  IntPendClear                     
00003b7d  IntPendSet                       
000039ef  IntPriorityGet                   
00003967  IntPriorityGroupingGet           
0000394d  IntPriorityGroupingSet           
00003c47  IntPriorityMaskGet               
00003c3b  IntPriorityMaskSet               
0000399f  IntPrioritySet                   
000038e7  IntRegister                      
00003c4f  IntTrigger                       
00003939  IntUnregister                    
000045df  ResetChipSelect1                 
000045f5  ResetChipSelect2                 
000054c3  ResetISR                         
0000449d  RetreiveCSCode                   
00004469  RetreiveCSPort                   
00004561  SetChipSelect                    
20000478  SysClkSpeed                      
000011a9  SysCtlAltClkConfig               
000008d1  SysCtlClockFreqSet               
00000d99  SysCtlClockGet                   
0000118d  SysCtlClockOutConfig             
00000bc9  SysCtlClockSet                   
000007d5  SysCtlDeepSleep                  
00000f5d  SysCtlDeepSleepClockConfigSet    
00000f3f  SysCtlDeepSleepClockSet          
000007b5  SysCtlDeepSleepPowerSet          
000054e1  SysCtlDelay                      
00000363  SysCtlFlashSectorSizeGet         
00000337  SysCtlFlashSizeGet               
00001033  SysCtlGPIOAHBDisable             
00001017  SysCtlGPIOAHBEnable              
00000749  SysCtlIntClear                   
00000731  SysCtlIntDisable                 
0000071d  SysCtlIntEnable                  
000006f5  SysCtlIntRegister                
00000759  SysCtlIntStatus                  
0000070d  SysCtlIntUnregister              
0000079b  SysCtlLDODeepSleepGet            
0000078b  SysCtlLDODeepSleepSet            
00000785  SysCtlLDOSleepGet                
00000775  SysCtlLDOSleepSet                
0000080b  SysCtlMOSCConfigSet              
00001171  SysCtlNMIClear                   
0000115d  SysCtlNMIStatus                  
00000821  SysCtlPIOSCCalibrate             
00001001  SysCtlPWMClockGet                
00000fe7  SysCtlPWMClockSet                
000006a1  SysCtlPeripheralClockGating      
00000659  SysCtlPeripheralDeepSleepDisable 
00000609  SysCtlPeripheralDeepSleepEnable  
00000545  SysCtlPeripheralDisable          
00000509  SysCtlPeripheralEnable           
00000445  SysCtlPeripheralPowerOff         
00000409  SysCtlPeripheralPowerOn          
00000389  SysCtlPeripheralPresent          
000003c9  SysCtlPeripheralReady            
00000481  SysCtlPeripheralReset            
000005cd  SysCtlPeripheralSleepDisable     
00000589  SysCtlPeripheralSleepEnable      
000007c5  SysCtlReset                      
00000881  SysCtlResetBehaviorGet           
00000871  SysCtlResetBehaviorSet           
000007f7  SysCtlResetCauseClear            
000007f1  SysCtlResetCauseGet              
0000032d  SysCtlSRAMSizeGet                
000007cd  SysCtlSleep                      
000007a1  SysCtlSleepPowerSet              
0000105b  SysCtlUSBPLLDisable              
0000104f  SysCtlUSBPLLEnable               
000010a1  SysCtlVCOGet                     
00001089  SysCtlVoltageEventClear          
0000106d  SysCtlVoltageEventConfig         
0000107d  SysCtlVoltageEventStatus         
00003865  UART9BitAddrSend                 
0000383f  UART9BitAddrSet                  
00003829  UART9BitDisable                  
00003813  UART9BitEnable                   
000036b7  UARTBreakCtl                     
000036e1  UARTBusy                         
0000365f  UARTCharGet                      
00003643  UARTCharGetNonBlocking           
00003699  UARTCharPut                      
00003675  UARTCharPutNonBlocking           
00003607  UARTCharsAvail                   
00003803  UARTClockSourceGet               
000037ef  UARTClockSourceSet               
000033d7  UARTConfigGetExpClk              
00003361  UARTConfigSetExpClk              
000037b5  UARTDMADisable                   
0000379d  UARTDMAEnable                    
00001db9  UARTDebugEnable                  
00001d81  UARTDebugIntHandler              
00001e17  UARTDebugSend                    
00003447  UARTDisable                      
000034cb  UARTDisableSIR                   
00003423  UARTEnable                       
0000349d  UARTEnableSIR                    
00003487  UARTFIFODisable                  
00003471  UARTFIFOEnable                   
00003339  UARTFIFOLevelGet                 
00003321  UARTFIFOLevelSet                 
000035c7  UARTFlowControlGet               
000035ab  UARTFlowControlSet               
0000378b  UARTIntClear                     
00003755  UARTIntDisable                   
0000373d  UARTIntEnable                    
000036ff  UARTIntRegister                  
0000376d  UARTIntStatus                    
0000371d  UARTIntUnregister                
000038ad  UARTLoopbackEnable               
00003561  UARTModemControlClear            
00003585  UARTModemControlGet              
00003529  UARTModemControlSet              
00003597  UARTModemStatusGet               
0000330f  UARTParityModeGet                
000032f3  UARTParityModeSet                
000037df  UARTRxErrorClear                 
000037cd  UARTRxErrorGet                   
00003513  UARTSmartCardDisable             
000034e1  UARTSmartCardEnable              
00003625  UARTSpaceAvail                   
000035f5  UARTTxIntModeGet                 
000035d9  UARTTxIntModeSet                 
20000470  __STACK_END                      
00000200  __STACK_SIZE                     
20000470  __STACK_TOP                      
00005c30  __TI_CINIT_Base                  
00005c48  __TI_CINIT_Limit                 
00005c14  __TI_Handler_Table_Base          
00005c20  __TI_Handler_Table_Limit         
000052ad  __TI_auto_init_nobinit_nopinit   
00005051  __TI_decompress_lzss             
000054b5  __TI_decompress_none             
00005173  __TI_ltoa                        
ffffffff  __TI_pprof_out_hndl              
00002845  __TI_printfi                     
ffffffff  __TI_prof_data_size              
ffffffff  __TI_prof_data_start             
00000000  __TI_static_base__               
0000540f  __TI_zero_init_nomemset          
00004e5d  __aeabi_cdcmpeq                  
00004e5d  __aeabi_cdcmple                  
00004ee3  __aeabi_cdrcmple                 
00005265  __aeabi_d2iz                     
000042bb  __aeabi_dadd                     
00004751  __aeabi_ddiv                     
00004abd  __aeabi_dmul                     
000042b1  __aeabi_dsub                     
000054d9  __aeabi_errno_addr               
000053e1  __aeabi_i2d                      
00003293  __aeabi_idiv0                    
00003293  __aeabi_ldiv0                    
00004f69  __aeabi_memclr                   
00004f69  __aeabi_memclr4                  
00004f69  __aeabi_memclr8                  
00004d2b  __aeabi_memcpy                   
00004d2b  __aeabi_memcpy4                  
00004d2b  __aeabi_memcpy8                  
00004f6b  __aeabi_memset                   
00004f6b  __aeabi_memset4                  
00004f6b  __aeabi_memset8                  
00004dc7  __aeabi_uldivmod                 
ffffffff  __binit__                        
ffffffff  __c_args__                       
UNDEFED   __mpu_init                       
20000270  __stack                          
20000000  __start___llvm_prf_cnts          
20000000  __stop___llvm_prf_cnts           
000053ad  _c_int00_noargs                  
000056a0  _ctypes_                         
UNDEFED   _system_post_cinit               
000054e7  _system_pre_init                 
000054eb  abort                            
00005219  atoi                             
ffffffff  binit                            
00005447  copysign                         
00005447  copysignl                        
20000480  errno                            
000050b9  frexp                            
000050b9  frexpl                           
20000000  g_pfnRAMVectors                  
00000000  g_pfnVectors                     
00002791  getMemTypeString                 
000049ad  ldexp                            
000049ad  ldexpl                           
0000407d  main                             
0000542b  memccpy                          
00004d2b  memcpy                           
00004f71  memset                           
2000047c  menu_state                       
00001e4d  printDebugMenu                   
00002591  processChipSelectBoardMenuInput  
000026a9  processChipSelectChipNumMenuInput
000025ff  processChipSelectMemTypeMenuInput
0000237d  processDebugInput                
000024a1  processMainMenuInput             
000049ad  scalbn                           
000049ad  scalbnl                          
2000047d  selectedBoardNumber              
2000047f  selectedChipNumber               
2000047e  selectedChipType                 
000052f1  sprintf                          
00005479  strchr                           
0000548f  strlen                           
20000470  timer_current_cycle              
20000474  timer_wakeup                     
2000026c  ui32Loop                         
000054a3  wcslen                           


GLOBAL SYMBOLS: SORTED BY Symbol Address 

address   name                             
-------   ----                             
00000000  __TI_static_base__               
00000000  g_pfnVectors                     
00000200  __STACK_SIZE                     
0000032d  SysCtlSRAMSizeGet                
00000337  SysCtlFlashSizeGet               
00000363  SysCtlFlashSectorSizeGet         
00000389  SysCtlPeripheralPresent          
000003c9  SysCtlPeripheralReady            
00000409  SysCtlPeripheralPowerOn          
00000445  SysCtlPeripheralPowerOff         
00000481  SysCtlPeripheralReset            
00000509  SysCtlPeripheralEnable           
00000545  SysCtlPeripheralDisable          
00000589  SysCtlPeripheralSleepEnable      
000005cd  SysCtlPeripheralSleepDisable     
00000609  SysCtlPeripheralDeepSleepEnable  
00000659  SysCtlPeripheralDeepSleepDisable 
000006a1  SysCtlPeripheralClockGating      
000006f5  SysCtlIntRegister                
0000070d  SysCtlIntUnregister              
0000071d  SysCtlIntEnable                  
00000731  SysCtlIntDisable                 
00000749  SysCtlIntClear                   
00000759  SysCtlIntStatus                  
00000775  SysCtlLDOSleepSet                
00000785  SysCtlLDOSleepGet                
0000078b  SysCtlLDODeepSleepSet            
0000079b  SysCtlLDODeepSleepGet            
000007a1  SysCtlSleepPowerSet              
000007b5  SysCtlDeepSleepPowerSet          
000007c5  SysCtlReset                      
000007cd  SysCtlSleep                      
000007d5  SysCtlDeepSleep                  
000007f1  SysCtlResetCauseGet              
000007f7  SysCtlResetCauseClear            
0000080b  SysCtlMOSCConfigSet              
00000821  SysCtlPIOSCCalibrate             
00000871  SysCtlResetBehaviorSet           
00000881  SysCtlResetBehaviorGet           
000008d1  SysCtlClockFreqSet               
00000bc9  SysCtlClockSet                   
00000d99  SysCtlClockGet                   
00000f3f  SysCtlDeepSleepClockSet          
00000f5d  SysCtlDeepSleepClockConfigSet    
00000fe7  SysCtlPWMClockSet                
00001001  SysCtlPWMClockGet                
00001017  SysCtlGPIOAHBEnable              
00001033  SysCtlGPIOAHBDisable             
0000104f  SysCtlUSBPLLEnable               
0000105b  SysCtlUSBPLLDisable              
0000106d  SysCtlVoltageEventConfig         
0000107d  SysCtlVoltageEventStatus         
00001089  SysCtlVoltageEventClear          
000010a1  SysCtlVCOGet                     
0000115d  SysCtlNMIStatus                  
00001171  SysCtlNMIClear                   
0000118d  SysCtlClockOutConfig             
000011a9  SysCtlAltClkConfig               
0000124b  GPIODirModeSet                   
000012a7  GPIODirModeGet                   
000012f3  GPIOIntTypeSet                   
00001397  GPIOIntTypeGet                   
0000142d  GPIOPadConfigSet                 
00001667  GPIOPadConfigGet                 
000017b9  GPIOIntEnable                    
000017d3  GPIOIntDisable                   
000017ed  GPIOIntStatus                    
0000180f  GPIOIntClear                     
00001823  GPIOIntRegister                  
00001841  GPIOIntUnregister                
0000185b  GPIOIntRegisterPin               
00001889  GPIOIntUnregisterPin             
000018ad  GPIOPinRead                      
000018c5  GPIOPinWrite                     
000018e5  GPIOPinTypeADC                   
00001909  GPIOPinTypeCAN                   
0000192d  GPIOPinTypeComparator            
00001951  GPIOPinTypeComparatorOutput      
00001975  GPIOPinTypeDIVSCLK               
00001999  GPIOPinTypeEPI                   
000019bd  GPIOPinTypeEthernetLED           
000019e1  GPIOPinTypeEthernetMII           
00001a05  GPIOPinTypeGPIOInput             
00001a29  GPIOPinTypeGPIOOutput            
00001a4d  GPIOPinTypeGPIOOutputOD          
00001a71  GPIOPinTypeHibernateRTCCLK       
00001a95  GPIOPinTypeI2C                   
00001ab9  GPIOPinTypeI2CSCL                
00001add  GPIOPinTypeLCD                   
00001b01  GPIOPinTypeOneWire               
00001b25  GPIOPinTypePWM                   
00001b49  GPIOPinTypeQEI                   
00001b6d  GPIOPinTypeSSI                   
00001b91  GPIOPinTypeTimer                 
00001bb5  GPIOPinTypeTrace                 
00001bd9  GPIOPinTypeUART                  
00001bfd  GPIOPinTypeUSBAnalog             
00001c21  GPIOPinTypeUSBDigital            
00001c45  GPIOPinTypeWakeHigh              
00001c6b  GPIOPinTypeWakeLow               
00001c91  GPIOPinWakeStatus                
00001ca1  GPIOPinConfigure                 
00001cff  GPIODMATriggerEnable             
00001d1d  GPIODMATriggerDisable            
00001d3b  GPIOADCTriggerEnable             
00001d59  GPIOADCTriggerDisable            
00001d81  UARTDebugIntHandler              
00001db9  UARTDebugEnable                  
00001e17  UARTDebugSend                    
00001e4d  printDebugMenu                   
0000237d  processDebugInput                
000024a1  processMainMenuInput             
00002591  processChipSelectBoardMenuInput  
000025ff  processChipSelectMemTypeMenuInput
000026a9  processChipSelectChipNumMenuInput
00002791  getMemTypeString                 
00002845  __TI_printfi                     
00003293  __aeabi_idiv0                    
00003293  __aeabi_ldiv0                    
000032f3  UARTParityModeSet                
0000330f  UARTParityModeGet                
00003321  UARTFIFOLevelSet                 
00003339  UARTFIFOLevelGet                 
00003361  UARTConfigSetExpClk              
000033d7  UARTConfigGetExpClk              
00003423  UARTEnable                       
00003447  UARTDisable                      
00003471  UARTFIFOEnable                   
00003487  UARTFIFODisable                  
0000349d  UARTEnableSIR                    
000034cb  UARTDisableSIR                   
000034e1  UARTSmartCardEnable              
00003513  UARTSmartCardDisable             
00003529  UARTModemControlSet              
00003561  UARTModemControlClear            
00003585  UARTModemControlGet              
00003597  UARTModemStatusGet               
000035ab  UARTFlowControlSet               
000035c7  UARTFlowControlGet               
000035d9  UARTTxIntModeSet                 
000035f5  UARTTxIntModeGet                 
00003607  UARTCharsAvail                   
00003625  UARTSpaceAvail                   
00003643  UARTCharGetNonBlocking           
0000365f  UARTCharGet                      
00003675  UARTCharPutNonBlocking           
00003699  UARTCharPut                      
000036b7  UARTBreakCtl                     
000036e1  UARTBusy                         
000036ff  UARTIntRegister                  
0000371d  UARTIntUnregister                
0000373d  UARTIntEnable                    
00003755  UARTIntDisable                   
0000376d  UARTIntStatus                    
0000378b  UARTIntClear                     
0000379d  UARTDMAEnable                    
000037b5  UARTDMADisable                   
000037cd  UARTRxErrorGet                   
000037df  UARTRxErrorClear                 
000037ef  UARTClockSourceSet               
00003803  UARTClockSourceGet               
00003813  UART9BitEnable                   
00003829  UART9BitDisable                  
0000383f  UART9BitAddrSet                  
00003865  UART9BitAddrSend                 
000038ad  UARTLoopbackEnable               
000038c7  IntMasterEnable                  
000038d7  IntMasterDisable                 
000038e7  IntRegister                      
00003939  IntUnregister                    
0000394d  IntPriorityGroupingSet           
00003967  IntPriorityGroupingGet           
0000399f  IntPrioritySet                   
000039ef  IntPriorityGet                   
00003a13  IntEnable                        
00003a85  IntDisable                       
00003af7  IntIsEnabled                     
00003b7d  IntPendSet                       
00003bed  IntPendClear                     
00003c3b  IntPriorityMaskSet               
00003c47  IntPriorityMaskGet               
00003c4f  IntTrigger                       
00003ef5  EnableBoard1ChipSelectPins       
00003f19  EnableBoard2ChipSelectPins       
00003f3d  EnableLED                        
00003f69  BlinkRedLED                      
00003fc5  BlinkBlueLED                     
00004021  BlinkGreenLED                    
0000407d  main                             
000042b1  __aeabi_dsub                     
000042bb  __aeabi_dadd                     
00004469  RetreiveCSPort                   
0000449d  RetreiveCSCode                   
00004561  SetChipSelect                    
000045df  ResetChipSelect1                 
000045f5  ResetChipSelect2                 
00004751  __aeabi_ddiv                     
000049ad  ldexp                            
000049ad  ldexpl                           
000049ad  scalbn                           
000049ad  scalbnl                          
00004abd  __aeabi_dmul                     
00004bb9  FPUEnable                        
00004bcb  FPUDisable                       
00004bd9  FPUStackingEnable                
00004beb  FPULazyStackingEnable            
00004bf7  FPUStackingDisable               
00004c03  FPUHalfPrecisionModeSet          
00004c1d  FPUNaNModeSet                    
00004c37  FPUFlushToZeroModeSet            
00004c51  FPURoundingModeSet               
00004d2b  __aeabi_memcpy                   
00004d2b  __aeabi_memcpy4                  
00004d2b  __aeabi_memcpy8                  
00004d2b  memcpy                           
00004dc7  __aeabi_uldivmod                 
00004e5d  __aeabi_cdcmpeq                  
00004e5d  __aeabi_cdcmple                  
00004ee3  __aeabi_cdrcmple                 
00004f69  __aeabi_memclr                   
00004f69  __aeabi_memclr4                  
00004f69  __aeabi_memclr8                  
00004f6b  __aeabi_memset                   
00004f6b  __aeabi_memset4                  
00004f6b  __aeabi_memset8                  
00004f71  memset                           
00005051  __TI_decompress_lzss             
000050b9  frexp                            
000050b9  frexpl                           
00005173  __TI_ltoa                        
00005219  atoi                             
00005265  __aeabi_d2iz                     
000052ad  __TI_auto_init_nobinit_nopinit   
000052f1  sprintf                          
0000536f  CPUcpsid                         
0000537b  CPUprimask                       
00005385  CPUcpsie                         
00005391  CPUwfi                           
00005395  CPUbasepriSet                    
000053a3  CPUbasepriGet                    
000053ad  _c_int00_noargs                  
000053e1  __aeabi_i2d                      
0000540f  __TI_zero_init_nomemset          
0000542b  memccpy                          
00005447  copysign                         
00005447  copysignl                        
00005479  strchr                           
0000548f  strlen                           
000054a3  wcslen                           
000054b5  __TI_decompress_none             
000054c3  ResetISR                         
000054d9  __aeabi_errno_addr               
000054e1  SysCtlDelay                      
000054e7  _system_pre_init                 
000054eb  C$$EXIT                          
000054eb  abort                            
000056a0  _ctypes_                         
00005c14  __TI_Handler_Table_Base          
00005c20  __TI_Handler_Table_Limit         
00005c30  __TI_CINIT_Base                  
00005c48  __TI_CINIT_Limit                 
20000000  __start___llvm_prf_cnts          
20000000  __stop___llvm_prf_cnts           
20000000  g_pfnRAMVectors                  
2000026c  ui32Loop                         
20000270  __stack                          
20000470  __STACK_END                      
20000470  __STACK_TOP                      
20000470  timer_current_cycle              
20000474  timer_wakeup                     
20000478  SysClkSpeed                      
2000047c  menu_state                       
2000047d  selectedBoardNumber              
2000047e  selectedChipType                 
2000047f  selectedChipNumber               
20000480  errno                            
ffffffff  __TI_pprof_out_hndl              
ffffffff  __TI_prof_data_size              
ffffffff  __TI_prof_data_start             
ffffffff  __binit__                        
ffffffff  __c_args__                       
ffffffff  binit                            
UNDEFED   __mpu_init                       
UNDEFED   _system_post_cinit               

[284 symbols]
