******************************************************************************
                  TI ARM Linker PC v20.2.7                     
******************************************************************************
>> Linked Sat Dec 24 15:28:28 2022

OUTPUT FILE NAME:   <MDE_UART_CCS.out>
ENTRY POINT SYMBOL: "_c_int00_noargs"  address: 0000527d


MEMORY CONFIGURATION

         name            origin    length      used     unused   attr    fill
----------------------  --------  ---------  --------  --------  ----  --------
  FLASH                 00000000   00040000  00005b12  0003a4ee  R  X
  SRAM                  20000000   00008000  00000490  00007b70  RW X


SEGMENT ALLOCATION MAP

run origin  load origin   length   init length attrs members
----------  ----------- ---------- ----------- ----- -------
00000000    00000000    00005b18   00005b18    r-x
  00000000    00000000    0000026c   0000026c    r-- .intvecs
  0000026c    0000026c    00005152   00005152    r-x .text
  000053c0    000053c0    0000070c   0000070c    r-- .const
  00005ad0    00005ad0    00000048   00000048    r-- .cinit
20000000    20000000    00000490   00000000    rw-
  20000000    20000000    0000026c   00000000    rw- .vtable
  2000026c    2000026c    00000004   00000000    rw- .bss
  20000270    20000270    00000200   00000000    rw- .stack
  20000470    20000470    00000020   00000000    rw- .data


SECTION ALLOCATION MAP

 output                                  attributes/
section   page    origin      length       input sections
--------  ----  ----------  ----------   ----------------
.intvecs   0    00000000    0000026c     
                  00000000    0000026c     tm4c123gh6pm_startup_ccs.obj (.intvecs)

.text      0    0000026c    00005152     
                  0000026c    00000f80     sysctl.obj (.text)
                  000011ec    00000bb8     main.obj (.text)
                  00001da4    00000b94     gpio.obj (.text)
                  00002938    00000a4e     rtsv7M4_T_le_v4SPD16_eabi.lib : _printfi.c.obj (.text:__TI_printfi)
                  00003386    00000002                                   : div0.asm.obj (.text)
                  00003388    0000062e     uart.obj (.text)
                  000039b6    00000002     --HOLE-- [fill = 0]
                  000039b8    000003c0     interrupt.obj (.text)
                  00003d78    00000270     rtsv7M4_T_le_v4SPD16_eabi.lib : _printfi.c.obj (.text:_pconv_a)
                  00003fe8    000001d0                                   : _printfi.c.obj (.text:_pconv_g)
                  000041b8    000001b6                                   : fd_add_t2.asm.obj (.text)
                  0000436e    00000002     --HOLE-- [fill = 0]
                  00004370    00000174     mde_system.obj (.text)
                  000044e4    0000013c     rtsv7M4_T_le_v4SPD16_eabi.lib : _printfi.c.obj (.text:_pconv_e)
                  00004620    00000136                                   : fd_div_t2.asm.obj (.text)
                  00004756    00000002     --HOLE-- [fill = 0]
                  00004758    00000124                                   : _printfi.c.obj (.text:fcvt)
                  0000487c    00000110                                   : s_scalbn.c.obj (.text:scalbn)
                  0000498c    000000fc                                   : fd_mul_t2.asm.obj (.text)
                  00004a88    000000c0     fpu.obj (.text)
                  00004b48    000000b1     rtsv7M4_T_le_v4SPD16_eabi.lib : _printfi.c.obj (.text:_ltostr)
                  00004bf9    00000001     --HOLE-- [fill = 0]
                  00004bfa    0000009c                                   : memcpy_t2.asm.obj (.text)
                  00004c96    00000096                                   : ull_div_t2.asm.obj (.text)
                  00004d2c    00000086                                   : fd_cmp_t2.asm.obj (.text:__aeabi_cdcmple)
                  00004db2    00000086                                   : fd_cmp_t2.asm.obj (.text:__aeabi_cdrcmple)
                  00004e38    0000007a                                   : memset_t2.asm.obj (.text)
                  00004eb2    0000006e                                   : _printfi.c.obj (.text:_mcpy)
                  00004f20    00000068                                   : copy_decompress_lzss.c.obj (.text:decompress:lzss:__TI_decompress_lzss)
                  00004f88    00000064                                   : s_frexp.c.obj (.text:frexp)
                  00004fec    00000056                                   : _printfi.c.obj (.text:_pconv_f)
                  00005042    00000054                                   : _ltoa.c.obj (.text:__TI_ltoa)
                  00005096    00000052                                   : _printfi.c.obj (.text:_ecpy)
                  000050e8    0000004c                                   : atoi.c.obj (.text:atoi)
                  00005134    00000048                                   : fd_toi_t2.asm.obj (.text)
                  0000517c    00000044                                   : autoinit.c.obj (.text:__TI_auto_init_nobinit_nopinit:__TI_auto_init_nobinit_nopinit)
                  000051c0    00000040                                   : sprintf.c.obj (.text:sprintf)
                  00005200    0000003e                                   : _printfi.c.obj (.text:_fcpy)
                  0000523e    0000003e     cpu.obj (.text)
                  0000527c    00000034     rtsv7M4_T_le_v4SPD16_eabi.lib : boot_cortex_m.c.obj (.text:_c_int00_noargs:_c_int00_noargs)
                  000052b0    0000002e                                   : i_tofd_t2.asm.obj (.text)
                  000052de    0000001c                                   : copy_zero_init.c.obj (.text:decompress:ZI:__TI_zero_init_nomemset:__TI_zero_init_nomemset)
                  000052fa    0000001c                                   : memccpy.c.obj (.text:memccpy)
                  00005316    0000001a                                   : s_copysign.c.obj (.text:copysign)
                  00005330    00000018                                   : sprintf.c.obj (.text:_outs)
                  00005348    00000016                                   : strchr.c.obj (.text:strchr)
                  0000535e    00000014                                   : strlen.c.obj (.text:strlen)
                  00005372    00000012                                   : wcslen.c.obj (.text:wcslen)
                  00005384    0000000e                                   : copy_decompress_none.c.obj (.text:decompress:none:__TI_decompress_none)
                  00005392    0000000c     tm4c123gh6pm_startup_ccs.obj (.text)
                  0000539e    0000000a     rtsv7M4_T_le_v4SPD16_eabi.lib : sprintf.c.obj (.text:_outc)
                  000053a8    00000008                                   : errno.c.obj (.text:__aeabi_errno_addr)
                  000053b0    00000006     sysctl.obj (.text:SysCtlDelay)
                  000053b6    00000004     rtsv7M4_T_le_v4SPD16_eabi.lib : pre_init.c.obj (.text:_system_pre_init)
                  000053ba    00000004                                   : exit.c.obj (.text:abort:abort)

.const     0    000053c0    0000070c     
                  000053c0    000001b0     sysctl.obj (.const:g_pppui32XTALtoVCO)
                  00005570    00000101     rtsv7M4_T_le_v4SPD16_eabi.lib : ctype.c.obj (.const:.string:_ctypes_)
                  00005671    00000003     --HOLE-- [fill = 0]
                  00005674    000000d8     gpio.obj (.const:g_ppui32GPIOIntMapSnowflake)
                  0000574c    000000c0     gpio.obj (.const:g_ppui32GPIOIntMapBlizzard)
                  0000580c    0000009c     interrupt.obj (.const:g_pui32Regs)
                  000058a8    00000090     gpio.obj (.const:g_pui32GPIOBaseAddrs)
                  00005938    0000006c     sysctl.obj (.const:g_pui32Xtals)
                  000059a4    00000040     uart.obj (.const:g_ppui32UARTIntMap)
                  000059e4    00000040     uart.obj (.const:g_ppui32UARTIntMapSnowflake)
                  00005a24    00000030     sysctl.obj (.const:g_sXTALtoMEMTIM)
                  00005a54    00000020     interrupt.obj (.const:g_pui32Priority)
                  00005a74    00000014     interrupt.obj (.const:g_pui32Dii16Regs)
                  00005a88    00000014     interrupt.obj (.const:g_pui32EnRegs)
                  00005a9c    00000014     interrupt.obj (.const:g_pui32PendRegs)
                  00005ab0    00000014     interrupt.obj (.const:g_pui32UnpendRegs)
                  00005ac4    00000008     sysctl.obj (.const:g_pui32VCOFrequencies)

.cinit     0    00005ad0    00000048     
                  00005ad0    00000012     (.cinit..data.load) [load image, compression = lzss]
                  00005ae2    00000002     --HOLE-- [fill = 0]
                  00005ae4    0000000c     (__TI_handler_table)
                  00005af0    00000008     (.cinit..bss.load) [load image, compression = zero_init]
                  00005af8    00000008     (.cinit..vtable.load) [load image, compression = zero_init]
                  00005b00    00000018     (__TI_cinit_table)

.init_array 
*          0    00000000    00000000     UNINITIALIZED

.vtable    0    20000000    0000026c     UNINITIALIZED
                  20000000    0000026c     interrupt.obj (.vtable)

.bss       0    2000026c    00000004     UNINITIALIZED
                  2000026c    00000004     (.common:ui32Loop)

.data      0    20000470    00000020     UNINITIALIZED
                  20000470    0000001c     main.obj (.data)
                  2000048c    00000004     rtsv7M4_T_le_v4SPD16_eabi.lib : errno.c.obj (.data)

.stack     0    20000270    00000200     UNINITIALIZED
                  20000270    00000004     rtsv7M4_T_le_v4SPD16_eabi.lib : boot_cortex_m.c.obj (.stack)
                  20000274    000001fc     --HOLE--

__llvm_prf_cnts 
*          0    20000000    00000000     UNINITIALIZED

MODULE SUMMARY

       Module                         code    ro data   rw data
       ------                         ----    -------   -------
    .\driverlib\
       sysctl.obj                     3974    596       0      
       gpio.obj                       2964    552       0      
       interrupt.obj                  960     268       620    
       uart.obj                       1582    128       0      
       fpu.obj                        192     0         0      
       cpu.obj                        62      0         0      
    +--+------------------------------+-------+---------+---------+
       Total:                         9734    1544      620    
                                                               
    .\source\
       main.obj                       3000    0         32     
       tm4c123gh6pm_startup_ccs.obj   12      620       0      
       mde_system.obj                 372     0         0      
    +--+------------------------------+-------+---------+---------+
       Total:                         3384    620       32     
                                                               
    C:\ti\ccs1110\ccs\tools\compiler\ti-cgt-arm_20.2.7.LTS\lib\rtsv7M4_T_le_v4SPD16_eabi.lib
       _printfi.c.obj                 4851    0         0      
       fd_add_t2.asm.obj              438     0         0      
       fd_div_t2.asm.obj              310     0         0      
       s_scalbn.c.obj                 272     0         0      
       fd_cmp_t2.asm.obj              268     0         0      
       ctype.c.obj                    0       257       0      
       fd_mul_t2.asm.obj              252     0         0      
       memcpy_t2.asm.obj              156     0         0      
       ull_div_t2.asm.obj             150     0         0      
       memset_t2.asm.obj              122     0         0      
       copy_decompress_lzss.c.obj     104     0         0      
       s_frexp.c.obj                  100     0         0      
       sprintf.c.obj                  98      0         0      
       _ltoa.c.obj                    84      0         0      
       atoi.c.obj                     76      0         0      
       fd_toi_t2.asm.obj              72      0         0      
       autoinit.c.obj                 68      0         0      
       boot_cortex_m.c.obj            52      0         0      
       i_tofd_t2.asm.obj              46      0         0      
       copy_zero_init.c.obj           28      0         0      
       memccpy.c.obj                  28      0         0      
       s_copysign.c.obj               26      0         0      
       strchr.c.obj                   22      0         0      
       strlen.c.obj                   20      0         0      
       wcslen.c.obj                   18      0         0      
       copy_decompress_none.c.obj     14      0         0      
       errno.c.obj                    8       0         4      
       exit.c.obj                     4       0         0      
       pre_init.c.obj                 4       0         0      
       div0.asm.obj                   2       0         0      
    +--+------------------------------+-------+---------+---------+
       Total:                         7693    257       4      
                                                               
       Stack:                         0       0         512    
       Linker Generated:              0       70        0      
    +--+------------------------------+-------+---------+---------+
       Grand Total:                   20811   2491      1168   


LINKER GENERATED COPY TABLES

__TI_cinit_table @ 00005b00 records: 3, size/record: 8, table size: 24
	.data: load addr=00005ad0, load size=00000012 bytes, run addr=20000470, run size=00000020 bytes, compression=lzss
	.bss: load addr=00005af0, load size=00000008 bytes, run addr=2000026c, run size=00000004 bytes, compression=zero_init
	.vtable: load addr=00005af8, load size=00000008 bytes, run addr=20000000, run size=0000026c bytes, compression=zero_init


LINKER GENERATED HANDLER TABLE

__TI_handler_table @ 00005ae4 records: 3, size/record: 4, table size: 12
	index: 0, handler: __TI_zero_init
	index: 1, handler: __TI_decompress_lzss
	index: 2, handler: __TI_decompress_none


GLOBAL SYMBOLS: SORTED ALPHABETICALLY BY Name 

address   name                            
-------   ----                            
00001c6d  BlinkBlueLED                    
00001cd1  BlinkGreenLED                   
00001c09  BlinkRedLED                     
000053bb  C$$EXIT                         
00005273  CPUbasepriGet                   
00005265  CPUbasepriSet                   
0000523f  CPUcpsid                        
00005255  CPUcpsie                        
0000524b  CPUprimask                      
00005261  CPUwfi                          
00001b73  EnableBoard1ChipSelectPins      
00001b97  EnableBoard2ChipSelectPins      
0000124d  EnableDebugUART                 
00001bdd  EnableLED                       
00004a9b  FPUDisable                      
00004a89  FPUEnable                       
00004b07  FPUFlushToZeroModeSet           
00004ad3  FPUHalfPrecisionModeSet         
00004abb  FPULazyStackingEnable           
00004aed  FPUNaNModeSet                   
00004b21  FPURoundingModeSet              
00004ac7  FPUStackingDisable              
00004aa9  FPUStackingEnable               
00002911  GPIOADCTriggerDisable           
000028f3  GPIOADCTriggerEnable            
000028d5  GPIODMATriggerDisable           
000028b7  GPIODMATriggerEnable            
00001e5f  GPIODirModeGet                  
00001e03  GPIODirModeSet                  
000023c7  GPIOIntClear                    
0000238b  GPIOIntDisable                  
00002371  GPIOIntEnable                   
000023db  GPIOIntRegister                 
00002413  GPIOIntRegisterPin              
000023a5  GPIOIntStatus                   
00001f4f  GPIOIntTypeGet                  
00001eab  GPIOIntTypeSet                  
000023f9  GPIOIntUnregister               
00002441  GPIOIntUnregisterPin            
0000221f  GPIOPadConfigGet                
00001fe5  GPIOPadConfigSet                
00002859  GPIOPinConfigure                
00002465  GPIOPinRead                     
0000249d  GPIOPinTypeADC                  
000024c1  GPIOPinTypeCAN                  
000024e5  GPIOPinTypeComparator           
00002509  GPIOPinTypeComparatorOutput     
0000252d  GPIOPinTypeDIVSCLK              
00002551  GPIOPinTypeEPI                  
00002575  GPIOPinTypeEthernetLED          
00002599  GPIOPinTypeEthernetMII          
000025bd  GPIOPinTypeGPIOInput            
000025e1  GPIOPinTypeGPIOOutput           
00002605  GPIOPinTypeGPIOOutputOD         
00002629  GPIOPinTypeHibernateRTCCLK      
0000264d  GPIOPinTypeI2C                  
00002671  GPIOPinTypeI2CSCL               
00002695  GPIOPinTypeLCD                  
000026b9  GPIOPinTypeOneWire              
000026dd  GPIOPinTypePWM                  
00002701  GPIOPinTypeQEI                  
00002725  GPIOPinTypeSSI                  
00002749  GPIOPinTypeTimer                
0000276d  GPIOPinTypeTrace                
00002791  GPIOPinTypeUART                 
000027b5  GPIOPinTypeUSBAnalog            
000027d9  GPIOPinTypeUSBDigital           
000027fd  GPIOPinTypeWakeHigh             
00002823  GPIOPinTypeWakeLow              
00002849  GPIOPinWakeStatus               
0000247d  GPIOPinWrite                    
00003b79  IntDisable                      
00003b07  IntEnable                       
00003beb  IntIsEnabled                    
000039cb  IntMasterDisable                
000039bb  IntMasterEnable                 
00003ce1  IntPendClear                    
00003c71  IntPendSet                      
00003ae3  IntPriorityGet                  
00003a5b  IntPriorityGroupingGet          
00003a41  IntPriorityGroupingSet          
00003d3b  IntPriorityMaskGet              
00003d2f  IntPriorityMaskSet              
00003a93  IntPrioritySet                  
000039db  IntRegister                     
00003d43  IntTrigger                      
00003a2d  IntUnregister                   
00005393  ResetISR                        
000043a5  RetreiveCSCode                  
00004371  RetreiveCSPort                  
20000478  SysClkSpeed                     
000011a9  SysCtlAltClkConfig              
000008d1  SysCtlClockFreqSet              
00000d99  SysCtlClockGet                  
0000118d  SysCtlClockOutConfig            
00000bc9  SysCtlClockSet                  
000007d5  SysCtlDeepSleep                 
00000f5d  SysCtlDeepSleepClockConfigSet   
00000f3f  SysCtlDeepSleepClockSet         
000007b5  SysCtlDeepSleepPowerSet         
000053b1  SysCtlDelay                     
00000363  SysCtlFlashSectorSizeGet        
00000337  SysCtlFlashSizeGet              
00001033  SysCtlGPIOAHBDisable            
00001017  SysCtlGPIOAHBEnable             
00000749  SysCtlIntClear                  
00000731  SysCtlIntDisable                
0000071d  SysCtlIntEnable                 
000006f5  SysCtlIntRegister               
00000759  SysCtlIntStatus                 
0000070d  SysCtlIntUnregister             
0000079b  SysCtlLDODeepSleepGet           
0000078b  SysCtlLDODeepSleepSet           
00000785  SysCtlLDOSleepGet               
00000775  SysCtlLDOSleepSet               
0000080b  SysCtlMOSCConfigSet             
00001171  SysCtlNMIClear                  
0000115d  SysCtlNMIStatus                 
00000821  SysCtlPIOSCCalibrate            
00001001  SysCtlPWMClockGet               
00000fe7  SysCtlPWMClockSet               
000006a1  SysCtlPeripheralClockGating     
00000659  SysCtlPeripheralDeepSleepDisable
00000609  SysCtlPeripheralDeepSleepEnable 
00000545  SysCtlPeripheralDisable         
00000509  SysCtlPeripheralEnable          
00000445  SysCtlPeripheralPowerOff        
00000409  SysCtlPeripheralPowerOn         
00000389  SysCtlPeripheralPresent         
000003c9  SysCtlPeripheralReady           
00000481  SysCtlPeripheralReset           
000005cd  SysCtlPeripheralSleepDisable    
00000589  SysCtlPeripheralSleepEnable     
000007c5  SysCtlReset                     
00000881  SysCtlResetBehaviorGet          
00000871  SysCtlResetBehaviorSet          
000007f7  SysCtlResetCauseClear           
000007f1  SysCtlResetCauseGet             
0000032d  SysCtlSRAMSizeGet               
000007cd  SysCtlSleep                     
000007a1  SysCtlSleepPowerSet             
0000105b  SysCtlUSBPLLDisable             
0000104f  SysCtlUSBPLLEnable              
000010a1  SysCtlVCOGet                    
00001089  SysCtlVoltageEventClear         
0000106d  SysCtlVoltageEventConfig        
0000107d  SysCtlVoltageEventStatus        
00001215  UART0IntHandler                 
00003959  UART9BitAddrSend                
00003933  UART9BitAddrSet                 
0000391d  UART9BitDisable                 
00003907  UART9BitEnable                  
000037ab  UARTBreakCtl                    
000037d5  UARTBusy                        
00003753  UARTCharGet                     
00003737  UARTCharGetNonBlocking          
0000378d  UARTCharPut                     
00003769  UARTCharPutNonBlocking          
000036fb  UARTCharsAvail                  
000038f7  UARTClockSourceGet              
000038e3  UARTClockSourceSet              
000034cb  UARTConfigGetExpClk             
00003455  UARTConfigSetExpClk             
000038a9  UARTDMADisable                  
00003891  UARTDMAEnable                   
000012ab  UARTDebugSend                   
0000353b  UARTDisable                     
000035bf  UARTDisableSIR                  
00003517  UARTEnable                      
00003591  UARTEnableSIR                   
0000357b  UARTFIFODisable                 
00003565  UARTFIFOEnable                  
0000342d  UARTFIFOLevelGet                
00003415  UARTFIFOLevelSet                
000036bb  UARTFlowControlGet              
0000369f  UARTFlowControlSet              
0000387f  UARTIntClear                    
00003849  UARTIntDisable                  
00003831  UARTIntEnable                   
000037f3  UARTIntRegister                 
00003861  UARTIntStatus                   
00003811  UARTIntUnregister               
000039a1  UARTLoopbackEnable              
00003655  UARTModemControlClear           
00003679  UARTModemControlGet             
0000361d  UARTModemControlSet             
0000368b  UARTModemStatusGet              
00003403  UARTParityModeGet               
000033e7  UARTParityModeSet               
000038d3  UARTRxErrorClear                
000038c1  UARTRxErrorGet                  
000011ed  UARTSend                        
00003607  UARTSmartCardDisable            
000035d5  UARTSmartCardEnable             
00003719  UARTSpaceAvail                  
000036e9  UARTTxIntModeGet                
000036cd  UARTTxIntModeSet                
20000470  __STACK_END                     
00000200  __STACK_SIZE                    
20000470  __STACK_TOP                     
00005b00  __TI_CINIT_Base                 
00005b18  __TI_CINIT_Limit                
00005ae4  __TI_Handler_Table_Base         
00005af0  __TI_Handler_Table_Limit        
0000517d  __TI_auto_init_nobinit_nopinit  
00004f21  __TI_decompress_lzss            
00005385  __TI_decompress_none            
00005043  __TI_ltoa                       
ffffffff  __TI_pprof_out_hndl             
00002939  __TI_printfi                    
ffffffff  __TI_prof_data_size             
ffffffff  __TI_prof_data_start            
00000000  __TI_static_base__              
000052df  __TI_zero_init_nomemset         
00004d2d  __aeabi_cdcmpeq                 
00004d2d  __aeabi_cdcmple                 
00004db3  __aeabi_cdrcmple                
00005135  __aeabi_d2iz                    
000041c3  __aeabi_dadd                    
00004621  __aeabi_ddiv                    
0000498d  __aeabi_dmul                    
000041b9  __aeabi_dsub                    
000053a9  __aeabi_errno_addr              
000052b1  __aeabi_i2d                     
00003387  __aeabi_idiv0                   
00003387  __aeabi_ldiv0                   
00004e39  __aeabi_memclr                  
00004e39  __aeabi_memclr4                 
00004e39  __aeabi_memclr8                 
00004bfb  __aeabi_memcpy                  
00004bfb  __aeabi_memcpy4                 
00004bfb  __aeabi_memcpy8                 
00004e3b  __aeabi_memset                  
00004e3b  __aeabi_memset4                 
00004e3b  __aeabi_memset8                 
00004c97  __aeabi_uldivmod                
ffffffff  __binit__                       
ffffffff  __c_args__                      
UNDEFED   __mpu_init                      
20000270  __stack                         
20000000  __start___llvm_prf_cnts         
20000000  __stop___llvm_prf_cnts          
0000527d  _c_int00_noargs                 
00005570  _ctypes_                        
UNDEFED   _system_post_cinit              
000053b7  _system_pre_init                
000053bb  abort                           
000050e9  atoi                            
ffffffff  binit                           
00005317  copysign                        
00005317  copysignl                       
2000048c  errno                           
00004f89  frexp                           
00004f89  frexpl                          
20000000  g_pfnRAMVectors                 
00000000  g_pfnVectors                    
0000487d  ldexp                           
0000487d  ldexpl                          
00001d2d  main                            
000052fb  memccpy                         
00004bfb  memcpy                          
00004e41  memset                          
2000047c  menu_state                      
000012e5  printMenu                       
000019ad  processCSBoardMenuInput         
00001aa7  processCSNumMenuInput           
00001a0d  processCSTypeMenuInput          
000015d9  processDebugInput               
000018c1  processMainMenuInput            
0000487d  scalbn                          
0000487d  scalbnl                         
20000480  selectedBoardNumber             
20000488  selectedChipNumber              
20000484  selectedChipType                
00004469  setCSOutput                     
000051c1  sprintf                         
00005349  strchr                          
0000535f  strlen                          
20000470  timer_current_cycle             
20000474  timer_wakeup                    
2000026c  ui32Loop                        
00005373  wcslen                          


GLOBAL SYMBOLS: SORTED BY Symbol Address 

address   name                            
-------   ----                            
00000000  __TI_static_base__              
00000000  g_pfnVectors                    
00000200  __STACK_SIZE                    
0000032d  SysCtlSRAMSizeGet               
00000337  SysCtlFlashSizeGet              
00000363  SysCtlFlashSectorSizeGet        
00000389  SysCtlPeripheralPresent         
000003c9  SysCtlPeripheralReady           
00000409  SysCtlPeripheralPowerOn         
00000445  SysCtlPeripheralPowerOff        
00000481  SysCtlPeripheralReset           
00000509  SysCtlPeripheralEnable          
00000545  SysCtlPeripheralDisable         
00000589  SysCtlPeripheralSleepEnable     
000005cd  SysCtlPeripheralSleepDisable    
00000609  SysCtlPeripheralDeepSleepEnable 
00000659  SysCtlPeripheralDeepSleepDisable
000006a1  SysCtlPeripheralClockGating     
000006f5  SysCtlIntRegister               
0000070d  SysCtlIntUnregister             
0000071d  SysCtlIntEnable                 
00000731  SysCtlIntDisable                
00000749  SysCtlIntClear                  
00000759  SysCtlIntStatus                 
00000775  SysCtlLDOSleepSet               
00000785  SysCtlLDOSleepGet               
0000078b  SysCtlLDODeepSleepSet           
0000079b  SysCtlLDODeepSleepGet           
000007a1  SysCtlSleepPowerSet             
000007b5  SysCtlDeepSleepPowerSet         
000007c5  SysCtlReset                     
000007cd  SysCtlSleep                     
000007d5  SysCtlDeepSleep                 
000007f1  SysCtlResetCauseGet             
000007f7  SysCtlResetCauseClear           
0000080b  SysCtlMOSCConfigSet             
00000821  SysCtlPIOSCCalibrate            
00000871  SysCtlResetBehaviorSet          
00000881  SysCtlResetBehaviorGet          
000008d1  SysCtlClockFreqSet              
00000bc9  SysCtlClockSet                  
00000d99  SysCtlClockGet                  
00000f3f  SysCtlDeepSleepClockSet         
00000f5d  SysCtlDeepSleepClockConfigSet   
00000fe7  SysCtlPWMClockSet               
00001001  SysCtlPWMClockGet               
00001017  SysCtlGPIOAHBEnable             
00001033  SysCtlGPIOAHBDisable            
0000104f  SysCtlUSBPLLEnable              
0000105b  SysCtlUSBPLLDisable             
0000106d  SysCtlVoltageEventConfig        
0000107d  SysCtlVoltageEventStatus        
00001089  SysCtlVoltageEventClear         
000010a1  SysCtlVCOGet                    
0000115d  SysCtlNMIStatus                 
00001171  SysCtlNMIClear                  
0000118d  SysCtlClockOutConfig            
000011a9  SysCtlAltClkConfig              
000011ed  UARTSend                        
00001215  UART0IntHandler                 
0000124d  EnableDebugUART                 
000012ab  UARTDebugSend                   
000012e5  printMenu                       
000015d9  processDebugInput               
000018c1  processMainMenuInput            
000019ad  processCSBoardMenuInput         
00001a0d  processCSTypeMenuInput          
00001aa7  processCSNumMenuInput           
00001b73  EnableBoard1ChipSelectPins      
00001b97  EnableBoard2ChipSelectPins      
00001bdd  EnableLED                       
00001c09  BlinkRedLED                     
00001c6d  BlinkBlueLED                    
00001cd1  BlinkGreenLED                   
00001d2d  main                            
00001e03  GPIODirModeSet                  
00001e5f  GPIODirModeGet                  
00001eab  GPIOIntTypeSet                  
00001f4f  GPIOIntTypeGet                  
00001fe5  GPIOPadConfigSet                
0000221f  GPIOPadConfigGet                
00002371  GPIOIntEnable                   
0000238b  GPIOIntDisable                  
000023a5  GPIOIntStatus                   
000023c7  GPIOIntClear                    
000023db  GPIOIntRegister                 
000023f9  GPIOIntUnregister               
00002413  GPIOIntRegisterPin              
00002441  GPIOIntUnregisterPin            
00002465  GPIOPinRead                     
0000247d  GPIOPinWrite                    
0000249d  GPIOPinTypeADC                  
000024c1  GPIOPinTypeCAN                  
000024e5  GPIOPinTypeComparator           
00002509  GPIOPinTypeComparatorOutput     
0000252d  GPIOPinTypeDIVSCLK              
00002551  GPIOPinTypeEPI                  
00002575  GPIOPinTypeEthernetLED          
00002599  GPIOPinTypeEthernetMII          
000025bd  GPIOPinTypeGPIOInput            
000025e1  GPIOPinTypeGPIOOutput           
00002605  GPIOPinTypeGPIOOutputOD         
00002629  GPIOPinTypeHibernateRTCCLK      
0000264d  GPIOPinTypeI2C                  
00002671  GPIOPinTypeI2CSCL               
00002695  GPIOPinTypeLCD                  
000026b9  GPIOPinTypeOneWire              
000026dd  GPIOPinTypePWM                  
00002701  GPIOPinTypeQEI                  
00002725  GPIOPinTypeSSI                  
00002749  GPIOPinTypeTimer                
0000276d  GPIOPinTypeTrace                
00002791  GPIOPinTypeUART                 
000027b5  GPIOPinTypeUSBAnalog            
000027d9  GPIOPinTypeUSBDigital           
000027fd  GPIOPinTypeWakeHigh             
00002823  GPIOPinTypeWakeLow              
00002849  GPIOPinWakeStatus               
00002859  GPIOPinConfigure                
000028b7  GPIODMATriggerEnable            
000028d5  GPIODMATriggerDisable           
000028f3  GPIOADCTriggerEnable            
00002911  GPIOADCTriggerDisable           
00002939  __TI_printfi                    
00003387  __aeabi_idiv0                   
00003387  __aeabi_ldiv0                   
000033e7  UARTParityModeSet               
00003403  UARTParityModeGet               
00003415  UARTFIFOLevelSet                
0000342d  UARTFIFOLevelGet                
00003455  UARTConfigSetExpClk             
000034cb  UARTConfigGetExpClk             
00003517  UARTEnable                      
0000353b  UARTDisable                     
00003565  UARTFIFOEnable                  
0000357b  UARTFIFODisable                 
00003591  UARTEnableSIR                   
000035bf  UARTDisableSIR                  
000035d5  UARTSmartCardEnable             
00003607  UARTSmartCardDisable            
0000361d  UARTModemControlSet             
00003655  UARTModemControlClear           
00003679  UARTModemControlGet             
0000368b  UARTModemStatusGet              
0000369f  UARTFlowControlSet              
000036bb  UARTFlowControlGet              
000036cd  UARTTxIntModeSet                
000036e9  UARTTxIntModeGet                
000036fb  UARTCharsAvail                  
00003719  UARTSpaceAvail                  
00003737  UARTCharGetNonBlocking          
00003753  UARTCharGet                     
00003769  UARTCharPutNonBlocking          
0000378d  UARTCharPut                     
000037ab  UARTBreakCtl                    
000037d5  UARTBusy                        
000037f3  UARTIntRegister                 
00003811  UARTIntUnregister               
00003831  UARTIntEnable                   
00003849  UARTIntDisable                  
00003861  UARTIntStatus                   
0000387f  UARTIntClear                    
00003891  UARTDMAEnable                   
000038a9  UARTDMADisable                  
000038c1  UARTRxErrorGet                  
000038d3  UARTRxErrorClear                
000038e3  UARTClockSourceSet              
000038f7  UARTClockSourceGet              
00003907  UART9BitEnable                  
0000391d  UART9BitDisable                 
00003933  UART9BitAddrSet                 
00003959  UART9BitAddrSend                
000039a1  UARTLoopbackEnable              
000039bb  IntMasterEnable                 
000039cb  IntMasterDisable                
000039db  IntRegister                     
00003a2d  IntUnregister                   
00003a41  IntPriorityGroupingSet          
00003a5b  IntPriorityGroupingGet          
00003a93  IntPrioritySet                  
00003ae3  IntPriorityGet                  
00003b07  IntEnable                       
00003b79  IntDisable                      
00003beb  IntIsEnabled                    
00003c71  IntPendSet                      
00003ce1  IntPendClear                    
00003d2f  IntPriorityMaskSet              
00003d3b  IntPriorityMaskGet              
00003d43  IntTrigger                      
000041b9  __aeabi_dsub                    
000041c3  __aeabi_dadd                    
00004371  RetreiveCSPort                  
000043a5  RetreiveCSCode                  
00004469  setCSOutput                     
00004621  __aeabi_ddiv                    
0000487d  ldexp                           
0000487d  ldexpl                          
0000487d  scalbn                          
0000487d  scalbnl                         
0000498d  __aeabi_dmul                    
00004a89  FPUEnable                       
00004a9b  FPUDisable                      
00004aa9  FPUStackingEnable               
00004abb  FPULazyStackingEnable           
00004ac7  FPUStackingDisable              
00004ad3  FPUHalfPrecisionModeSet         
00004aed  FPUNaNModeSet                   
00004b07  FPUFlushToZeroModeSet           
00004b21  FPURoundingModeSet              
00004bfb  __aeabi_memcpy                  
00004bfb  __aeabi_memcpy4                 
00004bfb  __aeabi_memcpy8                 
00004bfb  memcpy                          
00004c97  __aeabi_uldivmod                
00004d2d  __aeabi_cdcmpeq                 
00004d2d  __aeabi_cdcmple                 
00004db3  __aeabi_cdrcmple                
00004e39  __aeabi_memclr                  
00004e39  __aeabi_memclr4                 
00004e39  __aeabi_memclr8                 
00004e3b  __aeabi_memset                  
00004e3b  __aeabi_memset4                 
00004e3b  __aeabi_memset8                 
00004e41  memset                          
00004f21  __TI_decompress_lzss            
00004f89  frexp                           
00004f89  frexpl                          
00005043  __TI_ltoa                       
000050e9  atoi                            
00005135  __aeabi_d2iz                    
0000517d  __TI_auto_init_nobinit_nopinit  
000051c1  sprintf                         
0000523f  CPUcpsid                        
0000524b  CPUprimask                      
00005255  CPUcpsie                        
00005261  CPUwfi                          
00005265  CPUbasepriSet                   
00005273  CPUbasepriGet                   
0000527d  _c_int00_noargs                 
000052b1  __aeabi_i2d                     
000052df  __TI_zero_init_nomemset         
000052fb  memccpy                         
00005317  copysign                        
00005317  copysignl                       
00005349  strchr                          
0000535f  strlen                          
00005373  wcslen                          
00005385  __TI_decompress_none            
00005393  ResetISR                        
000053a9  __aeabi_errno_addr              
000053b1  SysCtlDelay                     
000053b7  _system_pre_init                
000053bb  C$$EXIT                         
000053bb  abort                           
00005570  _ctypes_                        
00005ae4  __TI_Handler_Table_Base         
00005af0  __TI_Handler_Table_Limit        
00005b00  __TI_CINIT_Base                 
00005b18  __TI_CINIT_Limit                
20000000  __start___llvm_prf_cnts         
20000000  __stop___llvm_prf_cnts          
20000000  g_pfnRAMVectors                 
2000026c  ui32Loop                        
20000270  __stack                         
20000470  __STACK_END                     
20000470  __STACK_TOP                     
20000470  timer_current_cycle             
20000474  timer_wakeup                    
20000478  SysClkSpeed                     
2000047c  menu_state                      
20000480  selectedBoardNumber             
20000484  selectedChipType                
20000488  selectedChipNumber              
2000048c  errno                           
ffffffff  __TI_pprof_out_hndl             
ffffffff  __TI_prof_data_size             
ffffffff  __TI_prof_data_start            
ffffffff  __binit__                       
ffffffff  __c_args__                      
ffffffff  binit                           
UNDEFED   __mpu_init                      
UNDEFED   _system_post_cinit              

[282 symbols]
