******************************************************************************
                  TI ARM Linker PC v20.2.7                     
******************************************************************************
>> Linked Thu Jul 13 21:44:15 2023

OUTPUT FILE NAME:   <MDE_UART_CCS.out>
ENTRY POINT SYMBOL: "_c_int00_noargs"  address: 00006b49


MEMORY CONFIGURATION

         name            origin    length      used     unused   attr    fill
----------------------  --------  ---------  --------  --------  ----  --------
  FLASH                 00000000   00040000  00007466  00038b9a  R  X
  SRAM                  20000000   00008000  00000480  00007b80  RW X


SEGMENT ALLOCATION MAP

run origin  load origin   length   init length attrs members
----------  ----------- ---------- ----------- ----- -------
00000000    00000000    00007468   00007468    r-x
  00000000    00000000    0000026c   0000026c    r-- .intvecs
  0000026c    0000026c    00006a66   00006a66    r-x .text
  00006cd4    00006cd4    0000074c   0000074c    r-- .const
  00007420    00007420    00000048   00000048    r-- .cinit
20000000    20000000    00000480   00000000    rw-
  20000000    20000000    0000026c   00000000    rw- .vtable
  2000026c    2000026c    00000004   00000000    rw- .bss
  20000270    20000270    00000200   00000000    rw- .stack
  20000470    20000470    00000010   00000000    rw- .data


SECTION ALLOCATION MAP

 output                                  attributes/
section   page    origin      length       input sections
--------  ----  ----------  ----------   ----------------
.intvecs   0    00000000    0000026c     
                  00000000    0000026c     tm4c123gh6pm_startup_ccs.obj (.intvecs)

.text      0    0000026c    00006a66     
                  0000026c    00001310     devtools.obj (.text)
                  0000157c    00000f80     sysctl.obj (.text)
                  000024fc    00000b94     gpio.obj (.text)
                  00003090    00000a4e     rtsv7M4_T_le_v4SPD16_eabi.lib : _printfi.c.obj (.text:__TI_printfi)
                  00003ade    00000002                                   : div0.asm.obj (.text)
                  00003ae0    0000062e     uart.obj (.text)
                  0000410e    00000002     --HOLE-- [fill = 0]
                  00004110    00000458     FLASHfunc.obj (.text)
                  00004568    000003c0     interrupt.obj (.text)
                  00004928    00000336     ssi.obj (.text)
                  00004c5e    00000002     --HOLE-- [fill = 0]
                  00004c60    000002d0     MRAMfunc.obj (.text)
                  00004f30    00000270     rtsv7M4_T_le_v4SPD16_eabi.lib : _printfi.c.obj (.text:_pconv_a)
                  000051a0    00000238     FRAMfunc.obj (.text)
                  000053d8    000001e4     main.obj (.text)
                  000055bc    000001d0     rtsv7M4_T_le_v4SPD16_eabi.lib : _printfi.c.obj (.text:_pconv_g)
                  0000578c    000001b6                                   : fd_add_t2.asm.obj (.text)
                  00005942    00000002     --HOLE-- [fill = 0]
                  00005944    000001a8     multiplexer.obj (.text)
                  00005aec    00000184     SRAMfunc.obj (.text)
                  00005c70    0000013c     rtsv7M4_T_le_v4SPD16_eabi.lib : _printfi.c.obj (.text:_pconv_e)
                  00005dac    00000136                                   : fd_div_t2.asm.obj (.text)
                  00005ee2    00000002     --HOLE-- [fill = 0]
                  00005ee4    00000124                                   : _printfi.c.obj (.text:fcvt)
                  00006008    00000110                                   : s_scalbn.c.obj (.text:scalbn)
                  00006118    000000fc                                   : fd_mul_t2.asm.obj (.text)
                  00006214    000000f4     mde.obj (.text)
                  00006308    000000c0     fpu.obj (.text)
                  000063c8    000000b1     rtsv7M4_T_le_v4SPD16_eabi.lib : _printfi.c.obj (.text:_ltostr)
                  00006479    00000001     --HOLE-- [fill = 0]
                  0000647a    0000009c                                   : memcpy_t2.asm.obj (.text)
                  00006516    00000096                                   : ull_div_t2.asm.obj (.text)
                  000065ac    00000086                                   : fd_cmp_t2.asm.obj (.text:__aeabi_cdcmple)
                  00006632    00000086                                   : fd_cmp_t2.asm.obj (.text:__aeabi_cdrcmple)
                  000066b8    0000007a                                   : memset_t2.asm.obj (.text)
                  00006732    0000006e                                   : _printfi.c.obj (.text:_mcpy)
                  000067a0    00000068                                   : copy_decompress_lzss.c.obj (.text:decompress:lzss:__TI_decompress_lzss)
                  00006808    00000064                                   : s_frexp.c.obj (.text:frexp)
                  0000686c    00000056                                   : _printfi.c.obj (.text:_pconv_f)
                  000068c2    00000054                                   : _ltoa.c.obj (.text:__TI_ltoa)
                  00006916    00000052                                   : _printfi.c.obj (.text:_ecpy)
                  00006968    0000004c                                   : atoi.c.obj (.text:atoi)
                  000069b4    0000004c                                   : snprintf.c.obj (.text:snprintf)
                  00006a00    00000048                                   : fd_toi_t2.asm.obj (.text)
                  00006a48    00000044                                   : autoinit.c.obj (.text:__TI_auto_init_nobinit_nopinit:__TI_auto_init_nobinit_nopinit)
                  00006a8c    00000040                                   : sprintf.c.obj (.text:sprintf)
                  00006acc    0000003e                                   : _printfi.c.obj (.text:_fcpy)
                  00006b0a    0000003e     cpu.obj (.text)
                  00006b48    00000034     rtsv7M4_T_le_v4SPD16_eabi.lib : boot_cortex_m.c.obj (.text:_c_int00_noargs:_c_int00_noargs)
                  00006b7c    00000030                                   : snprintf.c.obj (.text:_outs)
                  00006bac    0000002e                                   : i_tofd_t2.asm.obj (.text)
                  00006bda    0000001c                                   : copy_zero_init.c.obj (.text:decompress:ZI:__TI_zero_init_nomemset:__TI_zero_init_nomemset)
                  00006bf6    0000001c                                   : memccpy.c.obj (.text:memccpy)
                  00006c12    0000001a                                   : s_copysign.c.obj (.text:copysign)
                  00006c2c    00000018                                   : snprintf.c.obj (.text:_outc)
                  00006c44    00000018                                   : sprintf.c.obj (.text:_outs)
                  00006c5c    00000016                                   : strchr.c.obj (.text:strchr)
                  00006c72    00000014                                   : strlen.c.obj (.text:strlen)
                  00006c86    00000012                                   : wcslen.c.obj (.text:wcslen)
                  00006c98    0000000e                                   : copy_decompress_none.c.obj (.text:decompress:none:__TI_decompress_none)
                  00006ca6    0000000c     tm4c123gh6pm_startup_ccs.obj (.text)
                  00006cb2    0000000a     rtsv7M4_T_le_v4SPD16_eabi.lib : sprintf.c.obj (.text:_outc)
                  00006cbc    00000008                                   : errno.c.obj (.text:__aeabi_errno_addr)
                  00006cc4    00000006     sysctl.obj (.text:SysCtlDelay)
                  00006cca    00000004     rtsv7M4_T_le_v4SPD16_eabi.lib : pre_init.c.obj (.text:_system_pre_init)
                  00006cce    00000004                                   : exit.c.obj (.text:abort:abort)

.const     0    00006cd4    0000074c     
                  00006cd4    000001b0     sysctl.obj (.const:g_pppui32XTALtoVCO)
                  00006e84    00000101     rtsv7M4_T_le_v4SPD16_eabi.lib : ctype.c.obj (.const:.string:_ctypes_)
                  00006f85    00000003     --HOLE-- [fill = 0]
                  00006f88    000000d8     gpio.obj (.const:g_ppui32GPIOIntMapSnowflake)
                  00007060    000000c0     gpio.obj (.const:g_ppui32GPIOIntMapBlizzard)
                  00007120    0000009c     interrupt.obj (.const:g_pui32Regs)
                  000071bc    00000090     gpio.obj (.const:g_pui32GPIOBaseAddrs)
                  0000724c    0000006c     sysctl.obj (.const:g_pui32Xtals)
                  000072b8    00000040     uart.obj (.const:g_ppui32UARTIntMap)
                  000072f8    00000040     uart.obj (.const:g_ppui32UARTIntMapSnowflake)
                  00007338    00000030     sysctl.obj (.const:g_sXTALtoMEMTIM)
                  00007368    00000020     ssi.obj (.const:g_ppui32SSIIntMap)
                  00007388    00000020     ssi.obj (.const:g_ppui32SSIIntMapSnowflake)
                  000073a8    00000020     interrupt.obj (.const:g_pui32Priority)
                  000073c8    00000014     interrupt.obj (.const:g_pui32Dii16Regs)
                  000073dc    00000014     interrupt.obj (.const:g_pui32EnRegs)
                  000073f0    00000014     interrupt.obj (.const:g_pui32PendRegs)
                  00007404    00000014     interrupt.obj (.const:g_pui32UnpendRegs)
                  00007418    00000008     sysctl.obj (.const:g_pui32VCOFrequencies)

.cinit     0    00007420    00000048     
                  00007420    0000000d     (.cinit..data.load) [load image, compression = lzss]
                  0000742d    00000003     --HOLE-- [fill = 0]
                  00007430    0000000c     (__TI_handler_table)
                  0000743c    00000004     --HOLE-- [fill = 0]
                  00007440    00000008     (.cinit..bss.load) [load image, compression = zero_init]
                  00007448    00000008     (.cinit..vtable.load) [load image, compression = zero_init]
                  00007450    00000018     (__TI_cinit_table)

.init_array 
*          0    00000000    00000000     UNINITIALIZED

.vtable    0    20000000    0000026c     UNINITIALIZED
                  20000000    0000026c     interrupt.obj (.vtable)

.bss       0    2000026c    00000004     UNINITIALIZED
                  2000026c    00000004     (.common:ui32Loop)

.data      0    20000470    00000010     UNINITIALIZED
                  20000470    0000000a     main.obj (.data)
                  2000047a    00000002     --HOLE--
                  2000047c    00000004     rtsv7M4_T_le_v4SPD16_eabi.lib : errno.c.obj (.data)

.stack     0    20000270    00000200     UNINITIALIZED
                  20000270    00000004     rtsv7M4_T_le_v4SPD16_eabi.lib : boot_cortex_m.c.obj (.stack)
                  20000274    000001fc     --HOLE--

__llvm_prf_cnts 
*          0    20000000    00000000     UNINITIALIZED

MODULE SUMMARY

       Module                         code    ro data   rw data
       ------                         ----    -------   -------
    .\driverlib\
       sysctl.obj                     3974    596       0      
       gpio.obj                       2964    552       0      
       interrupt.obj                  960     268       620    
       uart.obj                       1582    128       0      
       ssi.obj                        822     64        0      
       fpu.obj                        192     0         0      
       cpu.obj                        62      0         0      
    +--+------------------------------+-------+---------+---------+
       Total:                         10556   1608      620    
                                                               
    .\source\
       devtools.obj                   4880    0         0      
       tm4c123gh6pm_startup_ccs.obj   12      620       0      
       main.obj                       484     0         14     
       multiplexer.obj                424     0         0      
       mde.obj                        244     0         0      
    +--+------------------------------+-------+---------+---------+
       Total:                         6044    620       14     
                                                               
    .\source\chipDrivers\
       FLASHfunc.obj                  1112    0         0      
       MRAMfunc.obj                   720     0         0      
       FRAMfunc.obj                   568     0         0      
       SRAMfunc.obj                   388     0         0      
    +--+------------------------------+-------+---------+---------+
       Total:                         2788    0         0      
                                                               
    C:\ti\ccs1120\ccs\tools\compiler\ti-cgt-arm_20.2.7.LTS\lib\rtsv7M4_T_le_v4SPD16_eabi.lib
       _printfi.c.obj                 4851    0         0      
       fd_add_t2.asm.obj              438     0         0      
       fd_div_t2.asm.obj              310     0         0      
       s_scalbn.c.obj                 272     0         0      
       fd_cmp_t2.asm.obj              268     0         0      
       ctype.c.obj                    0       257       0      
       fd_mul_t2.asm.obj              252     0         0      
       memcpy_t2.asm.obj              156     0         0      
       ull_div_t2.asm.obj             150     0         0      
       snprintf.c.obj                 148     0         0      
       memset_t2.asm.obj              122     0         0      
       copy_decompress_lzss.c.obj     104     0         0      
       s_frexp.c.obj                  100     0         0      
       sprintf.c.obj                  98      0         0      
       _ltoa.c.obj                    84      0         0      
       atoi.c.obj                     76      0         0      
       fd_toi_t2.asm.obj              72      0         0      
       autoinit.c.obj                 68      0         0      
       boot_cortex_m.c.obj            52      0         0      
       i_tofd_t2.asm.obj              46      0         0      
       copy_zero_init.c.obj           28      0         0      
       memccpy.c.obj                  28      0         0      
       s_copysign.c.obj               26      0         0      
       strchr.c.obj                   22      0         0      
       strlen.c.obj                   20      0         0      
       wcslen.c.obj                   18      0         0      
       copy_decompress_none.c.obj     14      0         0      
       errno.c.obj                    8       0         4      
       exit.c.obj                     4       0         0      
       pre_init.c.obj                 4       0         0      
       div0.asm.obj                   2       0         0      
    +--+------------------------------+-------+---------+---------+
       Total:                         7841    257       4      
                                                               
       Stack:                         0       0         512    
       Linker Generated:              0       65        0      
    +--+------------------------------+-------+---------+---------+
       Grand Total:                   27229   2550      1150   


LINKER GENERATED COPY TABLES

__TI_cinit_table @ 00007450 records: 3, size/record: 8, table size: 24
	.data: load addr=00007420, load size=0000000d bytes, run addr=20000470, run size=00000010 bytes, compression=lzss
	.bss: load addr=00007440, load size=00000008 bytes, run addr=2000026c, run size=00000004 bytes, compression=zero_init
	.vtable: load addr=00007448, load size=00000008 bytes, run addr=20000000, run size=0000026c bytes, compression=zero_init


LINKER GENERATED HANDLER TABLE

__TI_handler_table @ 00007430 records: 3, size/record: 4, table size: 12
	index: 0, handler: __TI_zero_init
	index: 1, handler: __TI_decompress_lzss
	index: 2, handler: __TI_decompress_none


GLOBAL SYMBOLS: SORTED ALPHABETICALLY BY Name 

address   name                            
-------   ----                            
000054a9  BlinkBlueLED                    
00005505  BlinkGreenLED                   
0000544d  BlinkRedLED                     
00006ccf  C$$EXIT                         
00006b3f  CPUbasepriGet                   
00006b31  CPUbasepriSet                   
00006b0b  CPUcpsid                        
00006b21  CPUcpsie                        
00006b17  CPUprimask                      
00006b2d  CPUwfi                          
000053d9  EnableBoard1ChipSelectPins      
00005401  EnableBoard2ChipSelectPins      
00005421  EnableLED                       
00006215  EnableSPI                       
0000631b  FPUDisable                      
00006309  FPUEnable                       
00006387  FPUFlushToZeroModeSet           
00006353  FPUHalfPrecisionModeSet         
0000633b  FPULazyStackingEnable           
0000636d  FPUNaNModeSet                   
000063a1  FPURoundingModeSet              
00006347  FPUStackingDisable              
00006329  FPUStackingEnable               
0000533b  FRAMSequenceRetrieve            
0000527d  FRAMSequenceTransmit            
000051a1  FRAMStatusRead                  
0000421b  FlashErase                      
000044b1  FlashSequenceRetrieve           
00004323  FlashSequenceTransmit           
00004111  FlashStatusRead                 
00003069  GPIOADCTriggerDisable           
0000304b  GPIOADCTriggerEnable            
0000302d  GPIODMATriggerDisable           
0000300f  GPIODMATriggerEnable            
000025b7  GPIODirModeGet                  
0000255b  GPIODirModeSet                  
00002b1f  GPIOIntClear                    
00002ae3  GPIOIntDisable                  
00002ac9  GPIOIntEnable                   
00002b33  GPIOIntRegister                 
00002b6b  GPIOIntRegisterPin              
00002afd  GPIOIntStatus                   
000026a7  GPIOIntTypeGet                  
00002603  GPIOIntTypeSet                  
00002b51  GPIOIntUnregister               
00002b99  GPIOIntUnregisterPin            
00002977  GPIOPadConfigGet                
0000273d  GPIOPadConfigSet                
00002fb1  GPIOPinConfigure                
00002bbd  GPIOPinRead                     
00002bf5  GPIOPinTypeADC                  
00002c19  GPIOPinTypeCAN                  
00002c3d  GPIOPinTypeComparator           
00002c61  GPIOPinTypeComparatorOutput     
00002c85  GPIOPinTypeDIVSCLK              
00002ca9  GPIOPinTypeEPI                  
00002ccd  GPIOPinTypeEthernetLED          
00002cf1  GPIOPinTypeEthernetMII          
00002d15  GPIOPinTypeGPIOInput            
00002d39  GPIOPinTypeGPIOOutput           
00002d5d  GPIOPinTypeGPIOOutputOD         
00002d81  GPIOPinTypeHibernateRTCCLK      
00002da5  GPIOPinTypeI2C                  
00002dc9  GPIOPinTypeI2CSCL               
00002ded  GPIOPinTypeLCD                  
00002e11  GPIOPinTypeOneWire              
00002e35  GPIOPinTypePWM                  
00002e59  GPIOPinTypeQEI                  
00002e7d  GPIOPinTypeSSI                  
00002ea1  GPIOPinTypeTimer                
00002ec5  GPIOPinTypeTrace                
00002ee9  GPIOPinTypeUART                 
00002f0d  GPIOPinTypeUSBAnalog            
00002f31  GPIOPinTypeUSBDigital           
00002f55  GPIOPinTypeWakeHigh             
00002f7b  GPIOPinTypeWakeLow              
00002fa1  GPIOPinWakeStatus               
00002bd5  GPIOPinWrite                    
00004729  IntDisable                      
000046b7  IntEnable                       
0000479b  IntIsEnabled                    
0000457b  IntMasterDisable                
0000456b  IntMasterEnable                 
00004891  IntPendClear                    
00004821  IntPendSet                      
00004693  IntPriorityGet                  
0000460b  IntPriorityGroupingGet          
000045f1  IntPriorityGroupingSet          
000048eb  IntPriorityMaskGet              
000048df  IntPriorityMaskSet              
00004643  IntPrioritySet                  
0000458b  IntRegister                     
000048f3  IntTrigger                      
000045dd  IntUnregister                   
00004e59  MRAMSequenceRetrieve            
00004d7b  MRAMSequenceTransmit            
00004d6d  MRAMStatusCompare               
00004cc7  MRAMStatusPrepare               
00004c61  MRAMStatusRead                  
00005ab9  ResetChipSelect1                
00005acf  ResetChipSelect2                
00006ca7  ResetISR                        
00005973  RetreiveCSCode                  
00005945  RetreiveCSPort                  
00005bd5  SRAMSequenceRetrieve            
00005b4d  SRAMSequenceTransmit            
00005aed  SRAMStatusRead                  
00004be1  SSIAdvDataPutFrameEnd           
00004c07  SSIAdvDataPutFrameEndNonBlocking
00004c49  SSIAdvFrameHoldDisable          
00004c33  SSIAdvFrameHoldEnable           
00004baf  SSIAdvModeSet                   
00004b6d  SSIBusy                         
00004b9f  SSIClockSourceGet               
00004b8b  SSIClockSourceSet               
00004987  SSIConfigSetExpClk              
00004b55  SSIDMADisable                   
00004b3d  SSIDMAEnable                    
00004aff  SSIDataGet                      
00004b1b  SSIDataGetNonBlocking           
00004ac5  SSIDataPut                      
00004adf  SSIDataPutNonBlocking           
00004a17  SSIDisable                      
00004a01  SSIEnable                       
00004ab3  SSIIntClear                     
00004a7d  SSIIntDisable                   
00004a65  SSIIntEnable                    
00004a2d  SSIIntRegister                  
00004a95  SSIIntStatus                    
00004a4b  SSIIntUnregister                
00005a39  SetChipSelect                   
000024b9  SysCtlAltClkConfig              
00001be1  SysCtlClockFreqSet              
000020a9  SysCtlClockGet                  
0000249d  SysCtlClockOutConfig            
00001ed9  SysCtlClockSet                  
00001ae5  SysCtlDeepSleep                 
0000226d  SysCtlDeepSleepClockConfigSet   
0000224f  SysCtlDeepSleepClockSet         
00001ac5  SysCtlDeepSleepPowerSet         
00006cc5  SysCtlDelay                     
00001673  SysCtlFlashSectorSizeGet        
00001647  SysCtlFlashSizeGet              
00002343  SysCtlGPIOAHBDisable            
00002327  SysCtlGPIOAHBEnable             
00001a59  SysCtlIntClear                  
00001a41  SysCtlIntDisable                
00001a2d  SysCtlIntEnable                 
00001a05  SysCtlIntRegister               
00001a69  SysCtlIntStatus                 
00001a1d  SysCtlIntUnregister             
00001aab  SysCtlLDODeepSleepGet           
00001a9b  SysCtlLDODeepSleepSet           
00001a95  SysCtlLDOSleepGet               
00001a85  SysCtlLDOSleepSet               
00001b1b  SysCtlMOSCConfigSet             
00002481  SysCtlNMIClear                  
0000246d  SysCtlNMIStatus                 
00001b31  SysCtlPIOSCCalibrate            
00002311  SysCtlPWMClockGet               
000022f7  SysCtlPWMClockSet               
000019b1  SysCtlPeripheralClockGating     
00001969  SysCtlPeripheralDeepSleepDisable
00001919  SysCtlPeripheralDeepSleepEnable 
00001855  SysCtlPeripheralDisable         
00001819  SysCtlPeripheralEnable          
00001755  SysCtlPeripheralPowerOff        
00001719  SysCtlPeripheralPowerOn         
00001699  SysCtlPeripheralPresent         
000016d9  SysCtlPeripheralReady           
00001791  SysCtlPeripheralReset           
000018dd  SysCtlPeripheralSleepDisable    
00001899  SysCtlPeripheralSleepEnable     
00001ad5  SysCtlReset                     
00001b91  SysCtlResetBehaviorGet          
00001b81  SysCtlResetBehaviorSet          
00001b07  SysCtlResetCauseClear           
00001b01  SysCtlResetCauseGet             
0000163d  SysCtlSRAMSizeGet               
00001add  SysCtlSleep                     
00001ab1  SysCtlSleepPowerSet             
0000236b  SysCtlUSBPLLDisable             
0000235f  SysCtlUSBPLLEnable              
000023b1  SysCtlVCOGet                    
00002399  SysCtlVoltageEventClear         
0000237d  SysCtlVoltageEventConfig        
0000238d  SysCtlVoltageEventStatus        
000040b1  UART9BitAddrSend                
0000408b  UART9BitAddrSet                 
00004075  UART9BitDisable                 
0000405f  UART9BitEnable                  
00003f03  UARTBreakCtl                    
00003f2d  UARTBusy                        
00003eab  UARTCharGet                     
00003e8f  UARTCharGetNonBlocking          
00003ee5  UARTCharPut                     
00003ec1  UARTCharPutNonBlocking          
00003e53  UARTCharsAvail                  
0000404f  UARTClockSourceGet              
0000403b  UARTClockSourceSet              
00003c23  UARTConfigGetExpClk             
00003bad  UARTConfigSetExpClk             
00004001  UARTDMADisable                  
00003fe9  UARTDMAEnable                   
000002a5  UARTDebugEnable                 
0000026d  UARTDebugIntHandler             
00000303  UARTDebugSend                   
00003c93  UARTDisable                     
00003d17  UARTDisableSIR                  
00003c6f  UARTEnable                      
00003ce9  UARTEnableSIR                   
00003cd3  UARTFIFODisable                 
00003cbd  UARTFIFOEnable                  
00003b85  UARTFIFOLevelGet                
00003b6d  UARTFIFOLevelSet                
00003e13  UARTFlowControlGet              
00003df7  UARTFlowControlSet              
00003fd7  UARTIntClear                    
00003fa1  UARTIntDisable                  
00003f89  UARTIntEnable                   
00003f4b  UARTIntRegister                 
00003fb9  UARTIntStatus                   
00003f69  UARTIntUnregister               
000040f9  UARTLoopbackEnable              
00003dad  UARTModemControlClear           
00003dd1  UARTModemControlGet             
00003d75  UARTModemControlSet             
00003de3  UARTModemStatusGet              
00003b5b  UARTParityModeGet               
00003b3f  UARTParityModeSet               
0000402b  UARTRxErrorClear                
00004019  UARTRxErrorGet                  
00003d5f  UARTSmartCardDisable            
00003d2d  UARTSmartCardEnable             
00003e71  UARTSpaceAvail                  
00003e41  UARTTxIntModeGet                
00003e25  UARTTxIntModeSet                
20000470  __STACK_END                     
00000200  __STACK_SIZE                    
20000470  __STACK_TOP                     
00007450  __TI_CINIT_Base                 
00007468  __TI_CINIT_Limit                
00007430  __TI_Handler_Table_Base         
0000743c  __TI_Handler_Table_Limit        
00006a49  __TI_auto_init_nobinit_nopinit  
000067a1  __TI_decompress_lzss            
00006c99  __TI_decompress_none            
000068c3  __TI_ltoa                       
ffffffff  __TI_pprof_out_hndl             
00003091  __TI_printfi                    
ffffffff  __TI_prof_data_size             
ffffffff  __TI_prof_data_start            
00000000  __TI_static_base__              
00006bdb  __TI_zero_init_nomemset         
000065ad  __aeabi_cdcmpeq                 
000065ad  __aeabi_cdcmple                 
00006633  __aeabi_cdrcmple                
00006a01  __aeabi_d2iz                    
00005797  __aeabi_dadd                    
00005dad  __aeabi_ddiv                    
00006119  __aeabi_dmul                    
0000578d  __aeabi_dsub                    
00006cbd  __aeabi_errno_addr              
00006bad  __aeabi_i2d                     
00003adf  __aeabi_idiv0                   
00003adf  __aeabi_ldiv0                   
000066b9  __aeabi_memclr                  
000066b9  __aeabi_memclr4                 
000066b9  __aeabi_memclr8                 
0000647b  __aeabi_memcpy                  
0000647b  __aeabi_memcpy4                 
0000647b  __aeabi_memcpy8                 
000066bb  __aeabi_memset                  
000066bb  __aeabi_memset4                 
000066bb  __aeabi_memset8                 
00006517  __aeabi_uldivmod                
ffffffff  __binit__                       
ffffffff  __c_args__                      
UNDEFED   __mpu_init                      
20000270  __stack                         
20000000  __start___llvm_prf_cnts         
20000000  __stop___llvm_prf_cnts          
00006b49  _c_int00_noargs                 
00006e84  _ctypes_                        
UNDEFED   _system_post_cinit              
00006ccb  _system_pre_init                
00006ccf  abort                           
00006969  atoi                            
ffffffff  binit                           
20000479  chipSelectStep                  
00006c13  copysign                        
00006c13  copysignl                       
20000478  currentCycle                    
2000047c  errno                           
00006809  frexp                           
00006809  frexpl                          
20000000  g_pfnRAMVectors                 
00000000  g_pfnVectors                    
00006009  ldexp                           
00006009  ldexpl                          
00005561  main                            
00006bf7  memccpy                         
0000647b  memcpy                          
000066c1  memset                          
20000475  menuState                       
00000339  printDebugMenu                  
00000d51  processChipFunctionsInput       
00001471  processChipSelectInput          
00000b21  processDebugInput               
00000b77  processMainMenuInput            
00006009  scalbn                          
00006009  scalbnl                         
20000477  selectedBoard                   
20000476  selectedChip                    
000069b5  snprintf                        
00006a8d  sprintf                         
00006c5d  strchr                          
00006c73  strlen                          
20000470  timer_current_cycle             
20000474  timer_wakeup                    
2000026c  ui32Loop                        
00006c87  wcslen                          


GLOBAL SYMBOLS: SORTED BY Symbol Address 

address   name                            
-------   ----                            
00000000  __TI_static_base__              
00000000  g_pfnVectors                    
00000200  __STACK_SIZE                    
0000026d  UARTDebugIntHandler             
000002a5  UARTDebugEnable                 
00000303  UARTDebugSend                   
00000339  printDebugMenu                  
00000b21  processDebugInput               
00000b77  processMainMenuInput            
00000d51  processChipFunctionsInput       
00001471  processChipSelectInput          
0000163d  SysCtlSRAMSizeGet               
00001647  SysCtlFlashSizeGet              
00001673  SysCtlFlashSectorSizeGet        
00001699  SysCtlPeripheralPresent         
000016d9  SysCtlPeripheralReady           
00001719  SysCtlPeripheralPowerOn         
00001755  SysCtlPeripheralPowerOff        
00001791  SysCtlPeripheralReset           
00001819  SysCtlPeripheralEnable          
00001855  SysCtlPeripheralDisable         
00001899  SysCtlPeripheralSleepEnable     
000018dd  SysCtlPeripheralSleepDisable    
00001919  SysCtlPeripheralDeepSleepEnable 
00001969  SysCtlPeripheralDeepSleepDisable
000019b1  SysCtlPeripheralClockGating     
00001a05  SysCtlIntRegister               
00001a1d  SysCtlIntUnregister             
00001a2d  SysCtlIntEnable                 
00001a41  SysCtlIntDisable                
00001a59  SysCtlIntClear                  
00001a69  SysCtlIntStatus                 
00001a85  SysCtlLDOSleepSet               
00001a95  SysCtlLDOSleepGet               
00001a9b  SysCtlLDODeepSleepSet           
00001aab  SysCtlLDODeepSleepGet           
00001ab1  SysCtlSleepPowerSet             
00001ac5  SysCtlDeepSleepPowerSet         
00001ad5  SysCtlReset                     
00001add  SysCtlSleep                     
00001ae5  SysCtlDeepSleep                 
00001b01  SysCtlResetCauseGet             
00001b07  SysCtlResetCauseClear           
00001b1b  SysCtlMOSCConfigSet             
00001b31  SysCtlPIOSCCalibrate            
00001b81  SysCtlResetBehaviorSet          
00001b91  SysCtlResetBehaviorGet          
00001be1  SysCtlClockFreqSet              
00001ed9  SysCtlClockSet                  
000020a9  SysCtlClockGet                  
0000224f  SysCtlDeepSleepClockSet         
0000226d  SysCtlDeepSleepClockConfigSet   
000022f7  SysCtlPWMClockSet               
00002311  SysCtlPWMClockGet               
00002327  SysCtlGPIOAHBEnable             
00002343  SysCtlGPIOAHBDisable            
0000235f  SysCtlUSBPLLEnable              
0000236b  SysCtlUSBPLLDisable             
0000237d  SysCtlVoltageEventConfig        
0000238d  SysCtlVoltageEventStatus        
00002399  SysCtlVoltageEventClear         
000023b1  SysCtlVCOGet                    
0000246d  SysCtlNMIStatus                 
00002481  SysCtlNMIClear                  
0000249d  SysCtlClockOutConfig            
000024b9  SysCtlAltClkConfig              
0000255b  GPIODirModeSet                  
000025b7  GPIODirModeGet                  
00002603  GPIOIntTypeSet                  
000026a7  GPIOIntTypeGet                  
0000273d  GPIOPadConfigSet                
00002977  GPIOPadConfigGet                
00002ac9  GPIOIntEnable                   
00002ae3  GPIOIntDisable                  
00002afd  GPIOIntStatus                   
00002b1f  GPIOIntClear                    
00002b33  GPIOIntRegister                 
00002b51  GPIOIntUnregister               
00002b6b  GPIOIntRegisterPin              
00002b99  GPIOIntUnregisterPin            
00002bbd  GPIOPinRead                     
00002bd5  GPIOPinWrite                    
00002bf5  GPIOPinTypeADC                  
00002c19  GPIOPinTypeCAN                  
00002c3d  GPIOPinTypeComparator           
00002c61  GPIOPinTypeComparatorOutput     
00002c85  GPIOPinTypeDIVSCLK              
00002ca9  GPIOPinTypeEPI                  
00002ccd  GPIOPinTypeEthernetLED          
00002cf1  GPIOPinTypeEthernetMII          
00002d15  GPIOPinTypeGPIOInput            
00002d39  GPIOPinTypeGPIOOutput           
00002d5d  GPIOPinTypeGPIOOutputOD         
00002d81  GPIOPinTypeHibernateRTCCLK      
00002da5  GPIOPinTypeI2C                  
00002dc9  GPIOPinTypeI2CSCL               
00002ded  GPIOPinTypeLCD                  
00002e11  GPIOPinTypeOneWire              
00002e35  GPIOPinTypePWM                  
00002e59  GPIOPinTypeQEI                  
00002e7d  GPIOPinTypeSSI                  
00002ea1  GPIOPinTypeTimer                
00002ec5  GPIOPinTypeTrace                
00002ee9  GPIOPinTypeUART                 
00002f0d  GPIOPinTypeUSBAnalog            
00002f31  GPIOPinTypeUSBDigital           
00002f55  GPIOPinTypeWakeHigh             
00002f7b  GPIOPinTypeWakeLow              
00002fa1  GPIOPinWakeStatus               
00002fb1  GPIOPinConfigure                
0000300f  GPIODMATriggerEnable            
0000302d  GPIODMATriggerDisable           
0000304b  GPIOADCTriggerEnable            
00003069  GPIOADCTriggerDisable           
00003091  __TI_printfi                    
00003adf  __aeabi_idiv0                   
00003adf  __aeabi_ldiv0                   
00003b3f  UARTParityModeSet               
00003b5b  UARTParityModeGet               
00003b6d  UARTFIFOLevelSet                
00003b85  UARTFIFOLevelGet                
00003bad  UARTConfigSetExpClk             
00003c23  UARTConfigGetExpClk             
00003c6f  UARTEnable                      
00003c93  UARTDisable                     
00003cbd  UARTFIFOEnable                  
00003cd3  UARTFIFODisable                 
00003ce9  UARTEnableSIR                   
00003d17  UARTDisableSIR                  
00003d2d  UARTSmartCardEnable             
00003d5f  UARTSmartCardDisable            
00003d75  UARTModemControlSet             
00003dad  UARTModemControlClear           
00003dd1  UARTModemControlGet             
00003de3  UARTModemStatusGet              
00003df7  UARTFlowControlSet              
00003e13  UARTFlowControlGet              
00003e25  UARTTxIntModeSet                
00003e41  UARTTxIntModeGet                
00003e53  UARTCharsAvail                  
00003e71  UARTSpaceAvail                  
00003e8f  UARTCharGetNonBlocking          
00003eab  UARTCharGet                     
00003ec1  UARTCharPutNonBlocking          
00003ee5  UARTCharPut                     
00003f03  UARTBreakCtl                    
00003f2d  UARTBusy                        
00003f4b  UARTIntRegister                 
00003f69  UARTIntUnregister               
00003f89  UARTIntEnable                   
00003fa1  UARTIntDisable                  
00003fb9  UARTIntStatus                   
00003fd7  UARTIntClear                    
00003fe9  UARTDMAEnable                   
00004001  UARTDMADisable                  
00004019  UARTRxErrorGet                  
0000402b  UARTRxErrorClear                
0000403b  UARTClockSourceSet              
0000404f  UARTClockSourceGet              
0000405f  UART9BitEnable                  
00004075  UART9BitDisable                 
0000408b  UART9BitAddrSet                 
000040b1  UART9BitAddrSend                
000040f9  UARTLoopbackEnable              
00004111  FlashStatusRead                 
0000421b  FlashErase                      
00004323  FlashSequenceTransmit           
000044b1  FlashSequenceRetrieve           
0000456b  IntMasterEnable                 
0000457b  IntMasterDisable                
0000458b  IntRegister                     
000045dd  IntUnregister                   
000045f1  IntPriorityGroupingSet          
0000460b  IntPriorityGroupingGet          
00004643  IntPrioritySet                  
00004693  IntPriorityGet                  
000046b7  IntEnable                       
00004729  IntDisable                      
0000479b  IntIsEnabled                    
00004821  IntPendSet                      
00004891  IntPendClear                    
000048df  IntPriorityMaskSet              
000048eb  IntPriorityMaskGet              
000048f3  IntTrigger                      
00004987  SSIConfigSetExpClk              
00004a01  SSIEnable                       
00004a17  SSIDisable                      
00004a2d  SSIIntRegister                  
00004a4b  SSIIntUnregister                
00004a65  SSIIntEnable                    
00004a7d  SSIIntDisable                   
00004a95  SSIIntStatus                    
00004ab3  SSIIntClear                     
00004ac5  SSIDataPut                      
00004adf  SSIDataPutNonBlocking           
00004aff  SSIDataGet                      
00004b1b  SSIDataGetNonBlocking           
00004b3d  SSIDMAEnable                    
00004b55  SSIDMADisable                   
00004b6d  SSIBusy                         
00004b8b  SSIClockSourceSet               
00004b9f  SSIClockSourceGet               
00004baf  SSIAdvModeSet                   
00004be1  SSIAdvDataPutFrameEnd           
00004c07  SSIAdvDataPutFrameEndNonBlocking
00004c33  SSIAdvFrameHoldEnable           
00004c49  SSIAdvFrameHoldDisable          
00004c61  MRAMStatusRead                  
00004cc7  MRAMStatusPrepare               
00004d6d  MRAMStatusCompare               
00004d7b  MRAMSequenceTransmit            
00004e59  MRAMSequenceRetrieve            
000051a1  FRAMStatusRead                  
0000527d  FRAMSequenceTransmit            
0000533b  FRAMSequenceRetrieve            
000053d9  EnableBoard1ChipSelectPins      
00005401  EnableBoard2ChipSelectPins      
00005421  EnableLED                       
0000544d  BlinkRedLED                     
000054a9  BlinkBlueLED                    
00005505  BlinkGreenLED                   
00005561  main                            
0000578d  __aeabi_dsub                    
00005797  __aeabi_dadd                    
00005945  RetreiveCSPort                  
00005973  RetreiveCSCode                  
00005a39  SetChipSelect                   
00005ab9  ResetChipSelect1                
00005acf  ResetChipSelect2                
00005aed  SRAMStatusRead                  
00005b4d  SRAMSequenceTransmit            
00005bd5  SRAMSequenceRetrieve            
00005dad  __aeabi_ddiv                    
00006009  ldexp                           
00006009  ldexpl                          
00006009  scalbn                          
00006009  scalbnl                         
00006119  __aeabi_dmul                    
00006215  EnableSPI                       
00006309  FPUEnable                       
0000631b  FPUDisable                      
00006329  FPUStackingEnable               
0000633b  FPULazyStackingEnable           
00006347  FPUStackingDisable              
00006353  FPUHalfPrecisionModeSet         
0000636d  FPUNaNModeSet                   
00006387  FPUFlushToZeroModeSet           
000063a1  FPURoundingModeSet              
0000647b  __aeabi_memcpy                  
0000647b  __aeabi_memcpy4                 
0000647b  __aeabi_memcpy8                 
0000647b  memcpy                          
00006517  __aeabi_uldivmod                
000065ad  __aeabi_cdcmpeq                 
000065ad  __aeabi_cdcmple                 
00006633  __aeabi_cdrcmple                
000066b9  __aeabi_memclr                  
000066b9  __aeabi_memclr4                 
000066b9  __aeabi_memclr8                 
000066bb  __aeabi_memset                  
000066bb  __aeabi_memset4                 
000066bb  __aeabi_memset8                 
000066c1  memset                          
000067a1  __TI_decompress_lzss            
00006809  frexp                           
00006809  frexpl                          
000068c3  __TI_ltoa                       
00006969  atoi                            
000069b5  snprintf                        
00006a01  __aeabi_d2iz                    
00006a49  __TI_auto_init_nobinit_nopinit  
00006a8d  sprintf                         
00006b0b  CPUcpsid                        
00006b17  CPUprimask                      
00006b21  CPUcpsie                        
00006b2d  CPUwfi                          
00006b31  CPUbasepriSet                   
00006b3f  CPUbasepriGet                   
00006b49  _c_int00_noargs                 
00006bad  __aeabi_i2d                     
00006bdb  __TI_zero_init_nomemset         
00006bf7  memccpy                         
00006c13  copysign                        
00006c13  copysignl                       
00006c5d  strchr                          
00006c73  strlen                          
00006c87  wcslen                          
00006c99  __TI_decompress_none            
00006ca7  ResetISR                        
00006cbd  __aeabi_errno_addr              
00006cc5  SysCtlDelay                     
00006ccb  _system_pre_init                
00006ccf  C$$EXIT                         
00006ccf  abort                           
00006e84  _ctypes_                        
00007430  __TI_Handler_Table_Base         
0000743c  __TI_Handler_Table_Limit        
00007450  __TI_CINIT_Base                 
00007468  __TI_CINIT_Limit                
20000000  __start___llvm_prf_cnts         
20000000  __stop___llvm_prf_cnts          
20000000  g_pfnRAMVectors                 
2000026c  ui32Loop                        
20000270  __stack                         
20000470  __STACK_END                     
20000470  __STACK_TOP                     
20000470  timer_current_cycle             
20000474  timer_wakeup                    
20000475  menuState                       
20000476  selectedChip                    
20000477  selectedBoard                   
20000478  currentCycle                    
20000479  chipSelectStep                  
2000047c  errno                           
ffffffff  __TI_pprof_out_hndl             
ffffffff  __TI_prof_data_size             
ffffffff  __TI_prof_data_start            
ffffffff  __binit__                       
ffffffff  __c_args__                      
ffffffff  binit                           
UNDEFED   __mpu_init                      
UNDEFED   _system_post_cinit              

[322 symbols]
