******************************************************************************
                  TI ARM Linker PC v20.2.7                     
******************************************************************************
>> Linked Wed Nov  1 11:14:28 2023

OUTPUT FILE NAME:   <MDE_UART_CCS.out>
ENTRY POINT SYMBOL: "_c_int00_noargs"  address: 00009231


MEMORY CONFIGURATION

         name            origin    length      used     unused   attr    fill
----------------------  --------  ---------  --------  --------  ----  --------
  FLASH                 00000000   00040000  00009cd8  00036328  R  X
  SRAM                  20000000   00008000  00004611  000039ef  RW X


SEGMENT ALLOCATION MAP

run origin  load origin   length   init length attrs members
----------  ----------- ---------- ----------- ----- -------
00000000    00000000    00009ce0   00009ce0    r-x
  00000000    00000000    0000026c   0000026c    r-- .intvecs
  0000026c    0000026c    000091d2   000091d2    r-x .text
  00009440    00009440    00000842   00000842    r-- .const
  00009c88    00009c88    00000058   00000058    r-- .cinit
20000000    20000000    00004618   00000000    rw-
  20000000    20000000    0000026c   00000000    rw- .vtable
  20000270    20000270    00004000   00000000    rw- .sysmem
  20004270    20004270    00000200   00000000    rw- .stack
  20004470    20004470    00000165   00000000    rw- .bss
  200045d8    200045d8    00000040   00000000    rw- .data


SECTION ALLOCATION MAP

 output                                  attributes/
section   page    origin      length       input sections
--------  ----  ----------  ----------   ----------------
.intvecs   0    00000000    0000026c     
                  00000000    0000026c     tm4c123gh6pm_startup_ccs.obj (.intvecs)

.text      0    0000026c    000091d2     
                  0000026c    00001f2c     devtools.obj (.text)
                  00002198    00000f80     sysctl.obj (.text)
                  00003118    00000b94     gpio.obj (.text)
                  00003cac    00000a4e     rtsv7M4_T_le_v4SPD16_eabi.lib : _printfi.c.obj (.text:__TI_printfi)
                  000046fa    00000002                                   : _lock.c.obj (.text:_nop)
                  000046fc    00000642     timer.obj (.text)
                  00004d3e    00000002     rtsv7M4_T_le_v4SPD16_eabi.lib : div0.asm.obj (.text)
                  00004d40    0000062e     uart.obj (.text)
                  0000536e    00000002     --HOLE-- [fill = 0]
                  00005370    00000520     FLASHfunc.obj (.text)
                  00005890    000004ec     obc_uart.obj (.text)
                  00005d7c    000003c0     interrupt.obj (.text)
                  0000613c    0000035c     MRAMfunc.obj (.text)
                  00006498    00000336     ssi.obj (.text)
                  000067ce    00000002     --HOLE-- [fill = 0]
                  000067d0    00000304     mde.obj (.text)
                  00006ad4    000002b8     FRAMfunc.obj (.text)
                  00006d8c    000002a4     SRAMfunc.obj (.text)
                  00007030    00000270     rtsv7M4_T_le_v4SPD16_eabi.lib : _printfi.c.obj (.text:_pconv_a)
                  000072a0    0000025c     main.obj (.text)
                  000074fc    000001d0     rtsv7M4_T_le_v4SPD16_eabi.lib : _printfi.c.obj (.text:_pconv_g)
                  000076cc    000001b8     bit_errors.obj (.text)
                  00007884    000001b6     rtsv7M4_T_le_v4SPD16_eabi.lib : fd_add_t2.asm.obj (.text)
                  00007a3a    00000002     --HOLE-- [fill = 0]
                  00007a3c    000001a8     multiplexer.obj (.text)
                  00007be4    00000198     mde_timers.obj (.text)
                  00007d7c    00000188     chip_health.obj (.text)
                  00007f04    00000188     watchdog.obj (.text)
                  0000808c    00000166     chips.obj (.text)
                  000081f2    00000002     --HOLE-- [fill = 0]
                  000081f4    0000013c     rtsv7M4_T_le_v4SPD16_eabi.lib : _printfi.c.obj (.text:_pconv_e)
                  00008330    00000136                                   : fd_div_t2.asm.obj (.text)
                  00008466    00000002     --HOLE-- [fill = 0]
                  00008468    00000124                                   : _printfi.c.obj (.text:fcvt)
                  0000858c    00000110                                   : s_scalbn.c.obj (.text:scalbn)
                  0000869c    00000100                                   : memory.c.obj (.text:aligned_alloc)
                  0000879c    000000fc                                   : fd_mul_t2.asm.obj (.text)
                  00008898    000000e4                                   : memory.c.obj (.text:free)
                  0000897c    000000c0     fpu.obj (.text)
                  00008a3c    000000b1     rtsv7M4_T_le_v4SPD16_eabi.lib : _printfi.c.obj (.text:_ltostr)
                  00008aed    00000001     --HOLE-- [fill = 0]
                  00008aee    0000009c                                   : memcpy_t2.asm.obj (.text)
                  00008b8a    00000096                                   : ull_div_t2.asm.obj (.text)
                  00008c20    00000086                                   : fd_cmp_t2.asm.obj (.text:__aeabi_cdcmple)
                  00008ca6    00000086                                   : fd_cmp_t2.asm.obj (.text:__aeabi_cdrcmple)
                  00008d2c    0000007a                                   : memset_t2.asm.obj (.text)
                  00008da6    00000002     --HOLE-- [fill = 0]
                  00008da8    00000070                                   : memory.c.obj (.text:split)
                  00008e18    0000006e                                   : _printfi.c.obj (.text:_mcpy)
                  00008e86    00000068                                   : copy_decompress_lzss.c.obj (.text:decompress:lzss:__TI_decompress_lzss)
                  00008eee    00000002     --HOLE-- [fill = 0]
                  00008ef0    00000064                                   : s_frexp.c.obj (.text:frexp)
                  00008f54    00000056                                   : _printfi.c.obj (.text:_pconv_f)
                  00008faa    00000054                                   : _ltoa.c.obj (.text:__TI_ltoa)
                  00008ffe    00000052                                   : _printfi.c.obj (.text:_ecpy)
                  00009050    0000004c                                   : atoi.c.obj (.text:atoi)
                  0000909c    0000004c                                   : snprintf.c.obj (.text:snprintf)
                  000090e8    00000048                                   : fd_toi_t2.asm.obj (.text)
                  00009130    00000044                                   : autoinit.c.obj (.text:__TI_auto_init_nobinit_nopinit:__TI_auto_init_nobinit_nopinit)
                  00009174    00000040                                   : sprintf.c.obj (.text:sprintf)
                  000091b4    0000003e                                   : _printfi.c.obj (.text:_fcpy)
                  000091f2    0000003e     cpu.obj (.text)
                  00009230    00000034     rtsv7M4_T_le_v4SPD16_eabi.lib : boot_cortex_m.c.obj (.text:_c_int00_noargs:_c_int00_noargs)
                  00009264    00000034                                   : rand.c.obj (.text:rand)
                  00009298    00000030                                   : snprintf.c.obj (.text:_outs)
                  000092c8    0000002e                                   : i_tofd_t2.asm.obj (.text)
                  000092f6    00000002     --HOLE-- [fill = 0]
                  000092f8    00000028                                   : memory.c.obj (.text:free_list_insert)
                  00009320    0000001c                                   : copy_zero_init.c.obj (.text:decompress:ZI:__TI_zero_init_nomemset:__TI_zero_init_nomemset)
                  0000933c    0000001c                                   : memory.c.obj (.text:free_list_remove)
                  00009358    0000001c                                   : memccpy.c.obj (.text:memccpy)
                  00009374    0000001a                                   : s_copysign.c.obj (.text:copysign)
                  0000938e    00000018                                   : snprintf.c.obj (.text:_outc)
                  000093a6    00000018                                   : sprintf.c.obj (.text:_outs)
                  000093be    00000016                                   : strchr.c.obj (.text:strchr)
                  000093d4    00000014                                   : strlen.c.obj (.text:strlen)
                  000093e8    00000012                                   : wcslen.c.obj (.text:wcslen)
                  000093fa    0000000e                                   : copy_decompress_none.c.obj (.text:decompress:none:__TI_decompress_none)
                  00009408    0000000c     tm4c123gh6pm_startup_ccs.obj (.text)
                  00009414    0000000a     rtsv7M4_T_le_v4SPD16_eabi.lib : sprintf.c.obj (.text:_outc)
                  0000941e    00000002     --HOLE-- [fill = 0]
                  00009420    00000008                                   : errno.c.obj (.text:__aeabi_errno_addr)
                  00009428    00000008                                   : memory.c.obj (.text:malloc)
                  00009430    00000006     sysctl.obj (.text:SysCtlDelay)
                  00009436    00000004     rtsv7M4_T_le_v4SPD16_eabi.lib : pre_init.c.obj (.text:_system_pre_init)
                  0000943a    00000004                                   : exit.c.obj (.text:abort:abort)

.const     0    00009440    00000842     
                  00009440    000001b0     sysctl.obj (.const:g_pppui32XTALtoVCO)
                  000095f0    00000101     rtsv7M4_T_le_v4SPD16_eabi.lib : ctype.c.obj (.const:.string:_ctypes_)
                  000096f1    00000003     --HOLE-- [fill = 0]
                  000096f4    000000d8     gpio.obj (.const:g_ppui32GPIOIntMapSnowflake)
                  000097cc    000000c0     gpio.obj (.const:g_ppui32GPIOIntMapBlizzard)
                  0000988c    0000009c     interrupt.obj (.const:g_pui32Regs)
                  00009928    00000090     gpio.obj (.const:g_pui32GPIOBaseAddrs)
                  000099b8    0000006c     sysctl.obj (.const:g_pui32Xtals)
                  00009a24    00000060     timer.obj (.const:g_ppui32TimerIntMap)
                  00009a84    00000040     timer.obj (.const:g_ppui32TimerIntMapSnowflake)
                  00009ac4    00000040     uart.obj (.const:g_ppui32UARTIntMap)
                  00009b04    00000040     uart.obj (.const:g_ppui32UARTIntMapSnowflake)
                  00009b44    00000030     sysctl.obj (.const:g_sXTALtoMEMTIM)
                  00009b74    00000020     ssi.obj (.const:g_ppui32SSIIntMap)
                  00009b94    00000020     ssi.obj (.const:g_ppui32SSIIntMapSnowflake)
                  00009bb4    00000020     interrupt.obj (.const:g_pui32Priority)
                  00009bd4    0000001f     obc_uart.obj (.const:.string:$P$T0$1)
                  00009bf3    00000014     obc_uart.obj (.const:.string:$P$T2$3)
                  00009c07    00000001     --HOLE-- [fill = 0]
                  00009c08    00000014     interrupt.obj (.const:g_pui32Dii16Regs)
                  00009c1c    00000014     interrupt.obj (.const:g_pui32EnRegs)
                  00009c30    00000014     interrupt.obj (.const:g_pui32PendRegs)
                  00009c44    00000014     interrupt.obj (.const:g_pui32UnpendRegs)
                  00009c58    00000010     obc_uart.obj (.const:.string:$P$T1$2)
                  00009c68    00000008     sysctl.obj (.const:g_pui32VCOFrequencies)
                  00009c70    00000006     devtools.obj (.const:.string:$P$T0$1)
                  00009c76    00000006     devtools.obj (.const:.string:$P$T1$2)
                  00009c7c    00000006     obc_uart.obj (.const:.string:$P$T3$4)

.cinit     0    00009c88    00000058     
                  00009c88    00000022     (.cinit..data.load) [load image, compression = lzss]
                  00009caa    00000002     --HOLE-- [fill = 0]
                  00009cac    0000000c     (__TI_handler_table)
                  00009cb8    00000008     (.cinit..bss.load) [load image, compression = zero_init]
                  00009cc0    00000008     (.cinit..vtable.load) [load image, compression = zero_init]
                  00009cc8    00000018     (__TI_cinit_table)

.init_array 
*          0    00000000    00000000     UNINITIALIZED

.vtable    0    20000000    0000026c     UNINITIALIZED
                  20000000    0000026c     interrupt.obj (.vtable)

.sysmem    0    20000270    00004000     UNINITIALIZED
                  20000270    00000010     rtsv7M4_T_le_v4SPD16_eabi.lib : memory.c.obj (.sysmem)
                  20000280    00003ff0     --HOLE--

.stack     0    20004270    00000200     UNINITIALIZED
                  20004270    00000004     rtsv7M4_T_le_v4SPD16_eabi.lib : boot_cortex_m.c.obj (.stack)
                  20004274    000001fc     --HOLE--

.bss       0    20004470    00000165     UNINITIALIZED
                  20004470    00000100     obc_uart.obj (.bss:uart_obc_msg_chars)
                  20004570    00000040     (.common:chip_health_array)
                  200045b0    00000020     (.common:chip_death_array)
                  200045d0    00000004     (.common:ui32Loop)
                  200045d4    00000001     (.common:reading_chip)

.data      0    200045d8    00000040     UNINITIALIZED
                  200045d8    0000001d     main.obj (.data)
                  200045f5    00000003     --HOLE--
                  200045f8    00000008     rtsv7M4_T_le_v4SPD16_eabi.lib : _lock.c.obj (.data:$O1$$)
                  20004600    00000008                                   : memory.c.obj (.data:$O1$$)
                  20004608    00000006     obc_uart.obj (.data)
                  2000460e    00000002     --HOLE--
                  20004610    00000004     rtsv7M4_T_le_v4SPD16_eabi.lib : errno.c.obj (.data)
                  20004614    00000004                                   : rand.c.obj (.data)

__llvm_prf_cnts 
*          0    20000000    00000000     UNINITIALIZED

MODULE SUMMARY

       Module                         code    ro data   rw data
       ------                         ----    -------   -------
    .\driverlib\
       sysctl.obj                     3974    596       0      
       gpio.obj                       2964    552       0      
       interrupt.obj                  960     268       620    
       timer.obj                      1602    160       0      
       uart.obj                       1582    128       0      
       ssi.obj                        822     64        0      
       watchdog.obj                   392     0         0      
       fpu.obj                        192     0         0      
       cpu.obj                        62      0         0      
    +--+------------------------------+-------+---------+---------+
       Total:                         12550   1768      620    
                                                               
    .\source\
       devtools.obj                   7980    12        0      
       obc_uart.obj                   1260    73        262    
       mde.obj                        772     0         0      
       main.obj                       604     0         130    
       tm4c123gh6pm_startup_ccs.obj   12      620       0      
       bit_errors.obj                 440     0         0      
       multiplexer.obj                424     0         0      
       mde_timers.obj                 408     0         0      
       chip_health.obj                392     0         0      
       chips.obj                      358     0         0      
    +--+------------------------------+-------+---------+---------+
       Total:                         12650   705       392    
                                                               
    .\source\chipDrivers\
       FLASHfunc.obj                  1312    0         0      
       MRAMfunc.obj                   860     0         0      
       FRAMfunc.obj                   696     0         0      
       SRAMfunc.obj                   676     0         0      
    +--+------------------------------+-------+---------+---------+
       Total:                         3544    0         0      
                                                               
    C:\ti\ccs1120\ccs\tools\compiler\ti-cgt-arm_20.2.7.LTS\lib\rtsv7M4_T_le_v4SPD16_eabi.lib
       _printfi.c.obj                 4851    0         0      
       memory.c.obj                   672     0         8      
       fd_add_t2.asm.obj              438     0         0      
       fd_div_t2.asm.obj              310     0         0      
       s_scalbn.c.obj                 272     0         0      
       fd_cmp_t2.asm.obj              268     0         0      
       ctype.c.obj                    0       257       0      
       fd_mul_t2.asm.obj              252     0         0      
       memcpy_t2.asm.obj              156     0         0      
       ull_div_t2.asm.obj             150     0         0      
       snprintf.c.obj                 148     0         0      
       memset_t2.asm.obj              122     0         0      
       copy_decompress_lzss.c.obj     104     0         0      
       s_frexp.c.obj                  100     0         0      
       sprintf.c.obj                  98      0         0      
       _ltoa.c.obj                    84      0         0      
       atoi.c.obj                     76      0         0      
       fd_toi_t2.asm.obj              72      0         0      
       autoinit.c.obj                 68      0         0      
       rand.c.obj                     52      0         4      
       boot_cortex_m.c.obj            52      0         0      
       i_tofd_t2.asm.obj              46      0         0      
       copy_zero_init.c.obj           28      0         0      
       memccpy.c.obj                  28      0         0      
       s_copysign.c.obj               26      0         0      
       strchr.c.obj                   22      0         0      
       strlen.c.obj                   20      0         0      
       wcslen.c.obj                   18      0         0      
       copy_decompress_none.c.obj     14      0         0      
       errno.c.obj                    8       0         4      
       _lock.c.obj                    2       0         8      
       exit.c.obj                     4       0         0      
       pre_init.c.obj                 4       0         0      
       div0.asm.obj                   2       0         0      
    +--+------------------------------+-------+---------+---------+
       Total:                         8567    257       24     
                                                               
       Heap:                          0       0         16384  
       Stack:                         0       0         512    
       Linker Generated:              0       86        0      
    +--+------------------------------+-------+---------+---------+
       Grand Total:                   37311   2816      17932  


LINKER GENERATED COPY TABLES

__TI_cinit_table @ 00009cc8 records: 3, size/record: 8, table size: 24
	.data: load addr=00009c88, load size=00000022 bytes, run addr=200045d8, run size=00000040 bytes, compression=lzss
	.bss: load addr=00009cb8, load size=00000008 bytes, run addr=20004470, run size=00000165 bytes, compression=zero_init
	.vtable: load addr=00009cc0, load size=00000008 bytes, run addr=20000000, run size=0000026c bytes, compression=zero_init


LINKER GENERATED HANDLER TABLE

__TI_handler_table @ 00009cac records: 3, size/record: 4, table size: 12
	index: 0, handler: __TI_zero_init
	index: 1, handler: __TI_decompress_lzss
	index: 2, handler: __TI_decompress_none


GLOBAL SYMBOLS: SORTED ALPHABETICALLY BY Name 

address   name                            
-------   ----                            
00007371  BlinkBlueLED                    
000073cd  BlinkGreenLED                   
00007315  BlinkRedLED                     
000069f3  Board1PowerOff                  
000069e5  Board1PowerOn                   
00006a0f  Board2PowerOff                  
00006a01  Board2PowerOn                   
000069af  BoardPowerInit                  
0000943b  C$$EXIT                         
00009227  CPUbasepriGet                   
00009219  CPUbasepriSet                   
000091f3  CPUcpsid                        
00009209  CPUcpsie                        
000091ff  CPUprimask                      
00009215  CPUwfi                          
00007d7d  CheckChipHealth                 
000076cd  CheckErrors                     
00007d0d  ChipWatchdogInt                 
00007cb9  ChipWatchdogPoke                
000072a1  EnableBoard1ChipSelectPins      
000072c9  EnableBoard2ChipSelectPins      
000072e9  EnableLED                       
000068eb  EnableSPI                       
00007861  ErrorQueue_Destroy              
0000772d  ErrorQueue_Init                 
00007775  ErrorQueue_Insert               
000077f5  ErrorQueue_IsEmpty              
00001e3d  ErrorQueue_PrintLink            
00007811  ErrorQueue_Remove               
0000898f  FPUDisable                      
0000897d  FPUEnable                       
000089fb  FPUFlushToZeroModeSet           
000089c7  FPUHalfPrecisionModeSet         
000089af  FPULazyStackingEnable           
000089e1  FPUNaNModeSet                   
00008a15  FPURoundingModeSet              
000089bb  FPUStackingDisable              
0000899d  FPUStackingEnable               
00006c9d  FRAMSequenceRetrieve            
00006bbf  FRAMSequenceTransmit            
00006ad5  FRAMStatusRead                  
00005489  FlashErase                      
00005779  FlashSequenceRetrieve           
0000559f  FlashSequenceTransmit           
00005371  FlashStatusRead                 
00003c85  GPIOADCTriggerDisable           
00003c67  GPIOADCTriggerEnable            
00003c49  GPIODMATriggerDisable           
00003c2b  GPIODMATriggerEnable            
000031d3  GPIODirModeGet                  
00003177  GPIODirModeSet                  
0000373b  GPIOIntClear                    
000036ff  GPIOIntDisable                  
000036e5  GPIOIntEnable                   
0000374f  GPIOIntRegister                 
00003787  GPIOIntRegisterPin              
00003719  GPIOIntStatus                   
000032c3  GPIOIntTypeGet                  
0000321f  GPIOIntTypeSet                  
0000376d  GPIOIntUnregister               
000037b5  GPIOIntUnregisterPin            
00003593  GPIOPadConfigGet                
00003359  GPIOPadConfigSet                
00003bcd  GPIOPinConfigure                
000037d9  GPIOPinRead                     
00003811  GPIOPinTypeADC                  
00003835  GPIOPinTypeCAN                  
00003859  GPIOPinTypeComparator           
0000387d  GPIOPinTypeComparatorOutput     
000038a1  GPIOPinTypeDIVSCLK              
000038c5  GPIOPinTypeEPI                  
000038e9  GPIOPinTypeEthernetLED          
0000390d  GPIOPinTypeEthernetMII          
00003931  GPIOPinTypeGPIOInput            
00003955  GPIOPinTypeGPIOOutput           
00003979  GPIOPinTypeGPIOOutputOD         
0000399d  GPIOPinTypeHibernateRTCCLK      
000039c1  GPIOPinTypeI2C                  
000039e5  GPIOPinTypeI2CSCL               
00003a09  GPIOPinTypeLCD                  
00003a2d  GPIOPinTypeOneWire              
00003a51  GPIOPinTypePWM                  
00003a75  GPIOPinTypeQEI                  
00003a99  GPIOPinTypeSSI                  
00003abd  GPIOPinTypeTimer                
00003ae1  GPIOPinTypeTrace                
00003b05  GPIOPinTypeUART                 
00003b29  GPIOPinTypeUSBAnalog            
00003b4d  GPIOPinTypeUSBDigital           
00003b71  GPIOPinTypeWakeHigh             
00003b97  GPIOPinTypeWakeLow              
00003bbd  GPIOPinWakeStatus               
000037f1  GPIOPinWrite                    
00007ead  InitializeChipHealth            
00005f3d  IntDisable                      
00005ecb  IntEnable                       
00005faf  IntIsEnabled                    
00005d8f  IntMasterDisable                
00005d7f  IntMasterEnable                 
000060a5  IntPendClear                    
00006035  IntPendSet                      
00005ea7  IntPriorityGet                  
00005e1f  IntPriorityGroupingGet          
00005e05  IntPriorityGroupingSet          
000060ff  IntPriorityMaskGet              
000060f3  IntPriorityMaskSet              
00005e57  IntPrioritySet                  
00005d9f  IntRegister                     
00006107  IntTrigger                      
00005df1  IntUnregister                   
000067d1  MDEProcessCycle                 
00005c9b  MDERequestReset                 
00007be5  MDETimerConfigure               
00007c2b  MDETimerDisable                 
00007c13  MDETimerEnable                  
00007c37  MDETimerInt                     
00007d01  MDEWatchdogInt                  
00007cd9  MDEWatchdogPoke                 
00007c55  MDEWatchdogsEnable              
00006363  MRAMSequenceRetrieve            
00006265  MRAMSequenceTransmit            
000061b1  MRAMStatusPrepare               
0000613d  MRAMStatusRead                  
00008109  ReadFromChip                    
00007bb1  ResetChipSelect1                
00007bc7  ResetChipSelect2                
00009409  ResetISR                        
00007a6b  RetreiveCSCode                  
00007a3d  RetreiveCSPort                  
00006ee1  SRAMSequenceRetrieve            
00006df9  SRAMSequenceTransmit            
00006d8d  SRAMStatusRead                  
00006751  SSIAdvDataPutFrameEnd           
00006777  SSIAdvDataPutFrameEndNonBlocking
000067b9  SSIAdvFrameHoldDisable          
000067a3  SSIAdvFrameHoldEnable           
0000671f  SSIAdvModeSet                   
000066dd  SSIBusy                         
0000670f  SSIClockSourceGet               
000066fb  SSIClockSourceSet               
000064f7  SSIConfigSetExpClk              
000066c5  SSIDMADisable                   
000066ad  SSIDMAEnable                    
0000666f  SSIDataGet                      
0000668b  SSIDataGetNonBlocking           
00006635  SSIDataPut                      
0000664f  SSIDataPutNonBlocking           
00006587  SSIDisable                      
00006571  SSIEnable                       
00006623  SSIIntClear                     
000065ed  SSIIntDisable                   
000065d5  SSIIntEnable                    
0000659d  SSIIntRegister                  
00006605  SSIIntStatus                    
000065bb  SSIIntUnregister                
00007b31  SetChipSelect                   
000030d5  SysCtlAltClkConfig              
000027fd  SysCtlClockFreqSet              
00002cc5  SysCtlClockGet                  
000030b9  SysCtlClockOutConfig            
00002af5  SysCtlClockSet                  
00002701  SysCtlDeepSleep                 
00002e89  SysCtlDeepSleepClockConfigSet   
00002e6b  SysCtlDeepSleepClockSet         
000026e1  SysCtlDeepSleepPowerSet         
00009431  SysCtlDelay                     
0000228f  SysCtlFlashSectorSizeGet        
00002263  SysCtlFlashSizeGet              
00002f5f  SysCtlGPIOAHBDisable            
00002f43  SysCtlGPIOAHBEnable             
00002675  SysCtlIntClear                  
0000265d  SysCtlIntDisable                
00002649  SysCtlIntEnable                 
00002621  SysCtlIntRegister               
00002685  SysCtlIntStatus                 
00002639  SysCtlIntUnregister             
000026c7  SysCtlLDODeepSleepGet           
000026b7  SysCtlLDODeepSleepSet           
000026b1  SysCtlLDOSleepGet               
000026a1  SysCtlLDOSleepSet               
00002737  SysCtlMOSCConfigSet             
0000309d  SysCtlNMIClear                  
00003089  SysCtlNMIStatus                 
0000274d  SysCtlPIOSCCalibrate            
00002f2d  SysCtlPWMClockGet               
00002f13  SysCtlPWMClockSet               
000025cd  SysCtlPeripheralClockGating     
00002585  SysCtlPeripheralDeepSleepDisable
00002535  SysCtlPeripheralDeepSleepEnable 
00002471  SysCtlPeripheralDisable         
00002435  SysCtlPeripheralEnable          
00002371  SysCtlPeripheralPowerOff        
00002335  SysCtlPeripheralPowerOn         
000022b5  SysCtlPeripheralPresent         
000022f5  SysCtlPeripheralReady           
000023ad  SysCtlPeripheralReset           
000024f9  SysCtlPeripheralSleepDisable    
000024b5  SysCtlPeripheralSleepEnable     
000026f1  SysCtlReset                     
000027ad  SysCtlResetBehaviorGet          
0000279d  SysCtlResetBehaviorSet          
00002723  SysCtlResetCauseClear           
0000271d  SysCtlResetCauseGet             
00002259  SysCtlSRAMSizeGet               
000026f9  SysCtlSleep                     
000026cd  SysCtlSleepPowerSet             
00002f87  SysCtlUSBPLLDisable             
00002f7b  SysCtlUSBPLLEnable              
00002fcd  SysCtlVCOGet                    
00002fb5  SysCtlVoltageEventClear         
00002f99  SysCtlVoltageEventConfig        
00002fa9  SysCtlVoltageEventStatus        
00004cbd  TimerADCEventGet                
00004cab  TimerADCEventSet                
000049e1  TimerClockSourceGet             
000049b7  TimerClockSourceSet             
000047ab  TimerConfigure                  
000048cb  TimerControlEvent               
00004827  TimerControlLevel               
000048f5  TimerControlStall               
0000485d  TimerControlTrigger             
0000492b  TimerControlWaitOnTrigger       
00004cdd  TimerDMAEventGet                
00004ccb  TimerDMAEventSet                
0000478d  TimerDisable                    
0000476f  TimerEnable                     
00004c87  TimerIntClear                   
00004c51  TimerIntDisable                 
00004c39  TimerIntEnable                  
00004bf3  TimerIntRegister                
00004c69  TimerIntStatus                  
00004c1b  TimerIntUnregister              
00004aab  TimerLoadGet                    
00004ae1  TimerLoadGet64                  
00004a81  TimerLoadSet                    
00004ac7  TimerLoadSet64                  
00004b8b  TimerMatchGet                   
00004bc1  TimerMatchGet64                 
00004b61  TimerMatchSet                   
00004ba7  TimerMatchSet64                 
00004a1b  TimerPrescaleGet                
00004a65  TimerPrescaleMatchGet           
00004a37  TimerPrescaleMatchSet           
000049f1  TimerPrescaleSet                
000049a1  TimerRTCDisable                 
0000498b  TimerRTCEnable                  
00004c99  TimerSynchronize                
00004ceb  TimerUpdateMode                 
00004b13  TimerValueGet                   
00004b2f  TimerValueGet64                 
000059b5  TransmitErrors                  
00005aa5  TransmitHealth                  
00005311  UART9BitAddrSend                
000052eb  UART9BitAddrSet                 
000052d5  UART9BitDisable                 
000052bf  UART9BitEnable                  
00005163  UARTBreakCtl                    
0000518d  UARTBusy                        
0000510b  UARTCharGet                     
000050ef  UARTCharGetNonBlocking          
00005145  UARTCharPut                     
00005121  UARTCharPutNonBlocking          
000050b3  UARTCharsAvail                  
000052af  UARTClockSourceGet              
0000529b  UARTClockSourceSet              
00004e83  UARTConfigGetExpClk             
00004e0d  UARTConfigSetExpClk             
00005261  UARTDMADisable                  
00005249  UARTDMAEnable                   
000002a5  UARTDebugEnable                 
0000026d  UARTDebugIntHandler             
00000303  UARTDebugSend                   
00004ef3  UARTDisable                     
00004f77  UARTDisableSIR                  
00004ecf  UARTEnable                      
00004f49  UARTEnableSIR                   
00004f33  UARTFIFODisable                 
00004f1d  UARTFIFOEnable                  
00004de5  UARTFIFOLevelGet                
00004dcd  UARTFIFOLevelSet                
00005073  UARTFlowControlGet              
00005057  UARTFlowControlSet              
00005237  UARTIntClear                    
00005201  UARTIntDisable                  
000051e9  UARTIntEnable                   
000051ab  UARTIntRegister                 
00005219  UARTIntStatus                   
000051c9  UARTIntUnregister               
00005359  UARTLoopbackEnable              
0000500d  UARTModemControlClear           
00005031  UARTModemControlGet             
00004fd5  UARTModemControlSet             
00005043  UARTModemStatusGet              
0000592b  UARTOBCEnable                   
00005891  UARTOBCIntHandler               
00005c95  UARTOBCIsDataReady              
00005bb1  UARTOBCRecvMsgHandler           
0000598d  UARTOBCSend                     
00005cc3  UARTOBCSetMsg                   
00004dbb  UARTParityModeGet               
00004d9f  UARTParityModeSet               
0000528b  UARTRxErrorClear                
00005279  UARTRxErrorGet                  
00004fbf  UARTSmartCardDisable            
00004f8d  UARTSmartCardEnable             
000050d1  UARTSpaceAvail                  
000050a1  UARTTxIntModeGet                
00005085  UARTTxIntModeSet                
00007f1b  WatchdogEnable                  
0000802d  WatchdogIntClear                
00007ff9  WatchdogIntEnable               
00007fd1  WatchdogIntRegister             
0000800f  WatchdogIntStatus               
0000803d  WatchdogIntTypeSet              
00007fe7  WatchdogIntUnregister           
00007f5d  WatchdogLock                    
00007f81  WatchdogLockState               
00007fb5  WatchdogReloadGet               
00007fa3  WatchdogReloadSet               
00007f47  WatchdogResetDisable            
00007f31  WatchdogResetEnable             
00007f05  WatchdogRunning                 
00008071  WatchdogStallDisable            
00008059  WatchdogStallEnable             
00007f6f  WatchdogUnlock                  
00007fc3  WatchdogValueGet                
0000808d  WriteToChip                     
20004470  __STACK_END                     
00000200  __STACK_SIZE                    
20004470  __STACK_TOP                     
00004000  __SYSMEM_SIZE                   
00009cc8  __TI_CINIT_Base                 
00009ce0  __TI_CINIT_Limit                
00009cac  __TI_Handler_Table_Base         
00009cb8  __TI_Handler_Table_Limit        
00009131  __TI_auto_init_nobinit_nopinit  
00008e87  __TI_decompress_lzss            
000093fb  __TI_decompress_none            
00008fab  __TI_ltoa                       
ffffffff  __TI_pprof_out_hndl             
00003cad  __TI_printfi                    
ffffffff  __TI_prof_data_size             
ffffffff  __TI_prof_data_start            
00000000  __TI_static_base__              
00009321  __TI_zero_init_nomemset         
00008c21  __aeabi_cdcmpeq                 
00008c21  __aeabi_cdcmple                 
00008ca7  __aeabi_cdrcmple                
000090e9  __aeabi_d2iz                    
0000788f  __aeabi_dadd                    
00008331  __aeabi_ddiv                    
0000879d  __aeabi_dmul                    
00007885  __aeabi_dsub                    
00009421  __aeabi_errno_addr              
000092c9  __aeabi_i2d                     
00004d3f  __aeabi_idiv0                   
00004d3f  __aeabi_ldiv0                   
00008d2d  __aeabi_memclr                  
00008d2d  __aeabi_memclr4                 
00008d2d  __aeabi_memclr8                 
00008aef  __aeabi_memcpy                  
00008aef  __aeabi_memcpy4                 
00008aef  __aeabi_memcpy8                 
00008d2f  __aeabi_memset                  
00008d2f  __aeabi_memset4                 
00008d2f  __aeabi_memset8                 
00008b8b  __aeabi_uldivmod                
ffffffff  __binit__                       
ffffffff  __c_args__                      
UNDEFED   __mpu_init                      
20004270  __stack                         
20000000  __start___llvm_prf_cnts         
20000000  __stop___llvm_prf_cnts          
00009231  _c_int00_noargs                 
000095f0  _ctypes_                        
200045f8  _lock                           
000046fb  _nop                            
20000270  _sys_memory                     
UNDEFED   _system_post_cinit              
00009437  _system_pre_init                
200045fc  _unlock                         
0000943b  abort                           
0000869d  aligned_alloc                   
00009051  atoi                            
200045ec  auto_chip_number                
ffffffff  binit                           
200045f3  chipSelectStep                  
200045b0  chip_death_array                
20004570  chip_health_array               
00009375  copysign                        
00009375  copysignl                       
200045f2  currentCycle                    
200045ed  current_chip                    
200045e4  current_error                   
200045ee  cycle_count                     
200045dc  cycle_time_clockrate            
20004610  errno                           
200045e8  errorHead                       
00008899  free                            
00008ef1  frexp                           
00008ef1  frexpl                          
20000000  g_pfnRAMVectors                 
00000000  g_pfnVectors                    
0000858d  ldexp                           
0000858d  ldexpl                          
00007429  main                            
00009429  malloc                          
0000869d  memalign                        
00009359  memccpy                         
00008aef  memcpy                          
00008d35  memset                          
200045f0  menuState                       
00000339  printDebugMenu                  
00001f41  processBoardPowerInput          
0000136d  processChipFunctionsInput       
00001bf9  processChipHealthInput          
00001b3f  processChipSelectInput          
000010e7  processDebugInput               
00001d69  processErrorInput               
00001241  processMainMenuInput            
00001ff1  processOBCCommandInput          
00009265  rand                            
200045d4  reading_chip                    
0000858d  scalbn                          
0000858d  scalbnl                         
200045f4  seedErrors                      
200045f1  selectedBoard                   
0000909d  snprintf                        
00009175  sprintf                         
000093bf  strchr                          
000093d5  strlen                          
200045e0  timer_current_cycle             
200045d8  timer_wakeup                    
200045d0  ui32Loop                        
000093e9  wcslen                          


GLOBAL SYMBOLS: SORTED BY Symbol Address 

address   name                            
-------   ----                            
00000000  __TI_static_base__              
00000000  g_pfnVectors                    
00000200  __STACK_SIZE                    
0000026d  UARTDebugIntHandler             
000002a5  UARTDebugEnable                 
00000303  UARTDebugSend                   
00000339  printDebugMenu                  
000010e7  processDebugInput               
00001241  processMainMenuInput            
0000136d  processChipFunctionsInput       
00001b3f  processChipSelectInput          
00001bf9  processChipHealthInput          
00001d69  processErrorInput               
00001e3d  ErrorQueue_PrintLink            
00001f41  processBoardPowerInput          
00001ff1  processOBCCommandInput          
00002259  SysCtlSRAMSizeGet               
00002263  SysCtlFlashSizeGet              
0000228f  SysCtlFlashSectorSizeGet        
000022b5  SysCtlPeripheralPresent         
000022f5  SysCtlPeripheralReady           
00002335  SysCtlPeripheralPowerOn         
00002371  SysCtlPeripheralPowerOff        
000023ad  SysCtlPeripheralReset           
00002435  SysCtlPeripheralEnable          
00002471  SysCtlPeripheralDisable         
000024b5  SysCtlPeripheralSleepEnable     
000024f9  SysCtlPeripheralSleepDisable    
00002535  SysCtlPeripheralDeepSleepEnable 
00002585  SysCtlPeripheralDeepSleepDisable
000025cd  SysCtlPeripheralClockGating     
00002621  SysCtlIntRegister               
00002639  SysCtlIntUnregister             
00002649  SysCtlIntEnable                 
0000265d  SysCtlIntDisable                
00002675  SysCtlIntClear                  
00002685  SysCtlIntStatus                 
000026a1  SysCtlLDOSleepSet               
000026b1  SysCtlLDOSleepGet               
000026b7  SysCtlLDODeepSleepSet           
000026c7  SysCtlLDODeepSleepGet           
000026cd  SysCtlSleepPowerSet             
000026e1  SysCtlDeepSleepPowerSet         
000026f1  SysCtlReset                     
000026f9  SysCtlSleep                     
00002701  SysCtlDeepSleep                 
0000271d  SysCtlResetCauseGet             
00002723  SysCtlResetCauseClear           
00002737  SysCtlMOSCConfigSet             
0000274d  SysCtlPIOSCCalibrate            
0000279d  SysCtlResetBehaviorSet          
000027ad  SysCtlResetBehaviorGet          
000027fd  SysCtlClockFreqSet              
00002af5  SysCtlClockSet                  
00002cc5  SysCtlClockGet                  
00002e6b  SysCtlDeepSleepClockSet         
00002e89  SysCtlDeepSleepClockConfigSet   
00002f13  SysCtlPWMClockSet               
00002f2d  SysCtlPWMClockGet               
00002f43  SysCtlGPIOAHBEnable             
00002f5f  SysCtlGPIOAHBDisable            
00002f7b  SysCtlUSBPLLEnable              
00002f87  SysCtlUSBPLLDisable             
00002f99  SysCtlVoltageEventConfig        
00002fa9  SysCtlVoltageEventStatus        
00002fb5  SysCtlVoltageEventClear         
00002fcd  SysCtlVCOGet                    
00003089  SysCtlNMIStatus                 
0000309d  SysCtlNMIClear                  
000030b9  SysCtlClockOutConfig            
000030d5  SysCtlAltClkConfig              
00003177  GPIODirModeSet                  
000031d3  GPIODirModeGet                  
0000321f  GPIOIntTypeSet                  
000032c3  GPIOIntTypeGet                  
00003359  GPIOPadConfigSet                
00003593  GPIOPadConfigGet                
000036e5  GPIOIntEnable                   
000036ff  GPIOIntDisable                  
00003719  GPIOIntStatus                   
0000373b  GPIOIntClear                    
0000374f  GPIOIntRegister                 
0000376d  GPIOIntUnregister               
00003787  GPIOIntRegisterPin              
000037b5  GPIOIntUnregisterPin            
000037d9  GPIOPinRead                     
000037f1  GPIOPinWrite                    
00003811  GPIOPinTypeADC                  
00003835  GPIOPinTypeCAN                  
00003859  GPIOPinTypeComparator           
0000387d  GPIOPinTypeComparatorOutput     
000038a1  GPIOPinTypeDIVSCLK              
000038c5  GPIOPinTypeEPI                  
000038e9  GPIOPinTypeEthernetLED          
0000390d  GPIOPinTypeEthernetMII          
00003931  GPIOPinTypeGPIOInput            
00003955  GPIOPinTypeGPIOOutput           
00003979  GPIOPinTypeGPIOOutputOD         
0000399d  GPIOPinTypeHibernateRTCCLK      
000039c1  GPIOPinTypeI2C                  
000039e5  GPIOPinTypeI2CSCL               
00003a09  GPIOPinTypeLCD                  
00003a2d  GPIOPinTypeOneWire              
00003a51  GPIOPinTypePWM                  
00003a75  GPIOPinTypeQEI                  
00003a99  GPIOPinTypeSSI                  
00003abd  GPIOPinTypeTimer                
00003ae1  GPIOPinTypeTrace                
00003b05  GPIOPinTypeUART                 
00003b29  GPIOPinTypeUSBAnalog            
00003b4d  GPIOPinTypeUSBDigital           
00003b71  GPIOPinTypeWakeHigh             
00003b97  GPIOPinTypeWakeLow              
00003bbd  GPIOPinWakeStatus               
00003bcd  GPIOPinConfigure                
00003c2b  GPIODMATriggerEnable            
00003c49  GPIODMATriggerDisable           
00003c67  GPIOADCTriggerEnable            
00003c85  GPIOADCTriggerDisable           
00003cad  __TI_printfi                    
00004000  __SYSMEM_SIZE                   
000046fb  _nop                            
0000476f  TimerEnable                     
0000478d  TimerDisable                    
000047ab  TimerConfigure                  
00004827  TimerControlLevel               
0000485d  TimerControlTrigger             
000048cb  TimerControlEvent               
000048f5  TimerControlStall               
0000492b  TimerControlWaitOnTrigger       
0000498b  TimerRTCEnable                  
000049a1  TimerRTCDisable                 
000049b7  TimerClockSourceSet             
000049e1  TimerClockSourceGet             
000049f1  TimerPrescaleSet                
00004a1b  TimerPrescaleGet                
00004a37  TimerPrescaleMatchSet           
00004a65  TimerPrescaleMatchGet           
00004a81  TimerLoadSet                    
00004aab  TimerLoadGet                    
00004ac7  TimerLoadSet64                  
00004ae1  TimerLoadGet64                  
00004b13  TimerValueGet                   
00004b2f  TimerValueGet64                 
00004b61  TimerMatchSet                   
00004b8b  TimerMatchGet                   
00004ba7  TimerMatchSet64                 
00004bc1  TimerMatchGet64                 
00004bf3  TimerIntRegister                
00004c1b  TimerIntUnregister              
00004c39  TimerIntEnable                  
00004c51  TimerIntDisable                 
00004c69  TimerIntStatus                  
00004c87  TimerIntClear                   
00004c99  TimerSynchronize                
00004cab  TimerADCEventSet                
00004cbd  TimerADCEventGet                
00004ccb  TimerDMAEventSet                
00004cdd  TimerDMAEventGet                
00004ceb  TimerUpdateMode                 
00004d3f  __aeabi_idiv0                   
00004d3f  __aeabi_ldiv0                   
00004d9f  UARTParityModeSet               
00004dbb  UARTParityModeGet               
00004dcd  UARTFIFOLevelSet                
00004de5  UARTFIFOLevelGet                
00004e0d  UARTConfigSetExpClk             
00004e83  UARTConfigGetExpClk             
00004ecf  UARTEnable                      
00004ef3  UARTDisable                     
00004f1d  UARTFIFOEnable                  
00004f33  UARTFIFODisable                 
00004f49  UARTEnableSIR                   
00004f77  UARTDisableSIR                  
00004f8d  UARTSmartCardEnable             
00004fbf  UARTSmartCardDisable            
00004fd5  UARTModemControlSet             
0000500d  UARTModemControlClear           
00005031  UARTModemControlGet             
00005043  UARTModemStatusGet              
00005057  UARTFlowControlSet              
00005073  UARTFlowControlGet              
00005085  UARTTxIntModeSet                
000050a1  UARTTxIntModeGet                
000050b3  UARTCharsAvail                  
000050d1  UARTSpaceAvail                  
000050ef  UARTCharGetNonBlocking          
0000510b  UARTCharGet                     
00005121  UARTCharPutNonBlocking          
00005145  UARTCharPut                     
00005163  UARTBreakCtl                    
0000518d  UARTBusy                        
000051ab  UARTIntRegister                 
000051c9  UARTIntUnregister               
000051e9  UARTIntEnable                   
00005201  UARTIntDisable                  
00005219  UARTIntStatus                   
00005237  UARTIntClear                    
00005249  UARTDMAEnable                   
00005261  UARTDMADisable                  
00005279  UARTRxErrorGet                  
0000528b  UARTRxErrorClear                
0000529b  UARTClockSourceSet              
000052af  UARTClockSourceGet              
000052bf  UART9BitEnable                  
000052d5  UART9BitDisable                 
000052eb  UART9BitAddrSet                 
00005311  UART9BitAddrSend                
00005359  UARTLoopbackEnable              
00005371  FlashStatusRead                 
00005489  FlashErase                      
0000559f  FlashSequenceTransmit           
00005779  FlashSequenceRetrieve           
00005891  UARTOBCIntHandler               
0000592b  UARTOBCEnable                   
0000598d  UARTOBCSend                     
000059b5  TransmitErrors                  
00005aa5  TransmitHealth                  
00005bb1  UARTOBCRecvMsgHandler           
00005c95  UARTOBCIsDataReady              
00005c9b  MDERequestReset                 
00005cc3  UARTOBCSetMsg                   
00005d7f  IntMasterEnable                 
00005d8f  IntMasterDisable                
00005d9f  IntRegister                     
00005df1  IntUnregister                   
00005e05  IntPriorityGroupingSet          
00005e1f  IntPriorityGroupingGet          
00005e57  IntPrioritySet                  
00005ea7  IntPriorityGet                  
00005ecb  IntEnable                       
00005f3d  IntDisable                      
00005faf  IntIsEnabled                    
00006035  IntPendSet                      
000060a5  IntPendClear                    
000060f3  IntPriorityMaskSet              
000060ff  IntPriorityMaskGet              
00006107  IntTrigger                      
0000613d  MRAMStatusRead                  
000061b1  MRAMStatusPrepare               
00006265  MRAMSequenceTransmit            
00006363  MRAMSequenceRetrieve            
000064f7  SSIConfigSetExpClk              
00006571  SSIEnable                       
00006587  SSIDisable                      
0000659d  SSIIntRegister                  
000065bb  SSIIntUnregister                
000065d5  SSIIntEnable                    
000065ed  SSIIntDisable                   
00006605  SSIIntStatus                    
00006623  SSIIntClear                     
00006635  SSIDataPut                      
0000664f  SSIDataPutNonBlocking           
0000666f  SSIDataGet                      
0000668b  SSIDataGetNonBlocking           
000066ad  SSIDMAEnable                    
000066c5  SSIDMADisable                   
000066dd  SSIBusy                         
000066fb  SSIClockSourceSet               
0000670f  SSIClockSourceGet               
0000671f  SSIAdvModeSet                   
00006751  SSIAdvDataPutFrameEnd           
00006777  SSIAdvDataPutFrameEndNonBlocking
000067a3  SSIAdvFrameHoldEnable           
000067b9  SSIAdvFrameHoldDisable          
000067d1  MDEProcessCycle                 
000068eb  EnableSPI                       
000069af  BoardPowerInit                  
000069e5  Board1PowerOn                   
000069f3  Board1PowerOff                  
00006a01  Board2PowerOn                   
00006a0f  Board2PowerOff                  
00006ad5  FRAMStatusRead                  
00006bbf  FRAMSequenceTransmit            
00006c9d  FRAMSequenceRetrieve            
00006d8d  SRAMStatusRead                  
00006df9  SRAMSequenceTransmit            
00006ee1  SRAMSequenceRetrieve            
000072a1  EnableBoard1ChipSelectPins      
000072c9  EnableBoard2ChipSelectPins      
000072e9  EnableLED                       
00007315  BlinkRedLED                     
00007371  BlinkBlueLED                    
000073cd  BlinkGreenLED                   
00007429  main                            
000076cd  CheckErrors                     
0000772d  ErrorQueue_Init                 
00007775  ErrorQueue_Insert               
000077f5  ErrorQueue_IsEmpty              
00007811  ErrorQueue_Remove               
00007861  ErrorQueue_Destroy              
00007885  __aeabi_dsub                    
0000788f  __aeabi_dadd                    
00007a3d  RetreiveCSPort                  
00007a6b  RetreiveCSCode                  
00007b31  SetChipSelect                   
00007bb1  ResetChipSelect1                
00007bc7  ResetChipSelect2                
00007be5  MDETimerConfigure               
00007c13  MDETimerEnable                  
00007c2b  MDETimerDisable                 
00007c37  MDETimerInt                     
00007c55  MDEWatchdogsEnable              
00007cb9  ChipWatchdogPoke                
00007cd9  MDEWatchdogPoke                 
00007d01  MDEWatchdogInt                  
00007d0d  ChipWatchdogInt                 
00007d7d  CheckChipHealth                 
00007ead  InitializeChipHealth            
00007f05  WatchdogRunning                 
00007f1b  WatchdogEnable                  
00007f31  WatchdogResetEnable             
00007f47  WatchdogResetDisable            
00007f5d  WatchdogLock                    
00007f6f  WatchdogUnlock                  
00007f81  WatchdogLockState               
00007fa3  WatchdogReloadSet               
00007fb5  WatchdogReloadGet               
00007fc3  WatchdogValueGet                
00007fd1  WatchdogIntRegister             
00007fe7  WatchdogIntUnregister           
00007ff9  WatchdogIntEnable               
0000800f  WatchdogIntStatus               
0000802d  WatchdogIntClear                
0000803d  WatchdogIntTypeSet              
00008059  WatchdogStallEnable             
00008071  WatchdogStallDisable            
0000808d  WriteToChip                     
00008109  ReadFromChip                    
00008331  __aeabi_ddiv                    
0000858d  ldexp                           
0000858d  ldexpl                          
0000858d  scalbn                          
0000858d  scalbnl                         
0000869d  aligned_alloc                   
0000869d  memalign                        
0000879d  __aeabi_dmul                    
00008899  free                            
0000897d  FPUEnable                       
0000898f  FPUDisable                      
0000899d  FPUStackingEnable               
000089af  FPULazyStackingEnable           
000089bb  FPUStackingDisable              
000089c7  FPUHalfPrecisionModeSet         
000089e1  FPUNaNModeSet                   
000089fb  FPUFlushToZeroModeSet           
00008a15  FPURoundingModeSet              
00008aef  __aeabi_memcpy                  
00008aef  __aeabi_memcpy4                 
00008aef  __aeabi_memcpy8                 
00008aef  memcpy                          
00008b8b  __aeabi_uldivmod                
00008c21  __aeabi_cdcmpeq                 
00008c21  __aeabi_cdcmple                 
00008ca7  __aeabi_cdrcmple                
00008d2d  __aeabi_memclr                  
00008d2d  __aeabi_memclr4                 
00008d2d  __aeabi_memclr8                 
00008d2f  __aeabi_memset                  
00008d2f  __aeabi_memset4                 
00008d2f  __aeabi_memset8                 
00008d35  memset                          
00008e87  __TI_decompress_lzss            
00008ef1  frexp                           
00008ef1  frexpl                          
00008fab  __TI_ltoa                       
00009051  atoi                            
0000909d  snprintf                        
000090e9  __aeabi_d2iz                    
00009131  __TI_auto_init_nobinit_nopinit  
00009175  sprintf                         
000091f3  CPUcpsid                        
000091ff  CPUprimask                      
00009209  CPUcpsie                        
00009215  CPUwfi                          
00009219  CPUbasepriSet                   
00009227  CPUbasepriGet                   
00009231  _c_int00_noargs                 
00009265  rand                            
000092c9  __aeabi_i2d                     
00009321  __TI_zero_init_nomemset         
00009359  memccpy                         
00009375  copysign                        
00009375  copysignl                       
000093bf  strchr                          
000093d5  strlen                          
000093e9  wcslen                          
000093fb  __TI_decompress_none            
00009409  ResetISR                        
00009421  __aeabi_errno_addr              
00009429  malloc                          
00009431  SysCtlDelay                     
00009437  _system_pre_init                
0000943b  C$$EXIT                         
0000943b  abort                           
000095f0  _ctypes_                        
00009cac  __TI_Handler_Table_Base         
00009cb8  __TI_Handler_Table_Limit        
00009cc8  __TI_CINIT_Base                 
00009ce0  __TI_CINIT_Limit                
20000000  __start___llvm_prf_cnts         
20000000  __stop___llvm_prf_cnts          
20000000  g_pfnRAMVectors                 
20000270  _sys_memory                     
20004270  __stack                         
20004470  __STACK_END                     
20004470  __STACK_TOP                     
20004570  chip_health_array               
200045b0  chip_death_array                
200045d0  ui32Loop                        
200045d4  reading_chip                    
200045d8  timer_wakeup                    
200045dc  cycle_time_clockrate            
200045e0  timer_current_cycle             
200045e4  current_error                   
200045e8  errorHead                       
200045ec  auto_chip_number                
200045ed  current_chip                    
200045ee  cycle_count                     
200045f0  menuState                       
200045f1  selectedBoard                   
200045f2  currentCycle                    
200045f3  chipSelectStep                  
200045f4  seedErrors                      
200045f8  _lock                           
200045fc  _unlock                         
20004610  errno                           
ffffffff  __TI_pprof_out_hndl             
ffffffff  __TI_prof_data_size             
ffffffff  __TI_prof_data_start            
ffffffff  __binit__                       
ffffffff  __c_args__                      
ffffffff  binit                           
UNDEFED   __mpu_init                      
UNDEFED   _system_post_cinit              

[435 symbols]
