******************************************************************************
                  TI ARM Linker PC v20.2.7                     
******************************************************************************
>> Linked Tue Oct 31 23:53:28 2023

OUTPUT FILE NAME:   <MDE_UART_CCS.out>
ENTRY POINT SYMBOL: "_c_int00_noargs"  address: 00009131


MEMORY CONFIGURATION

         name            origin    length      used     unused   attr    fill
----------------------  --------  ---------  --------  --------  ----  --------
  FLASH                 00000000   00040000  00009be0  00036420  R  X
  SRAM                  20000000   00008000  00004611  000039ef  RW X


SEGMENT ALLOCATION MAP

run origin  load origin   length   init length attrs members
----------  ----------- ---------- ----------- ----- -------
00000000    00000000    00009be8   00009be8    r-x
  00000000    00000000    0000026c   0000026c    r-- .intvecs
  0000026c    0000026c    000090d2   000090d2    r-x .text
  00009340    00009340    00000842   00000842    r-- .const
  00009b88    00009b88    00000060   00000060    r-- .cinit
20000000    20000000    00004618   00000000    rw-
  20000000    20000000    0000026c   00000000    rw- .vtable
  20000270    20000270    00004000   00000000    rw- .sysmem
  20004270    20004270    00000200   00000000    rw- .stack
  20004470    20004470    00000165   00000000    rw- .bss
  200045d8    200045d8    00000040   00000000    rw- .data


SECTION ALLOCATION MAP

 output                                  attributes/
section   page    origin      length       input sections
--------  ----  ----------  ----------   ----------------
.intvecs   0    00000000    0000026c     
                  00000000    0000026c     tm4c123gh6pm_startup_ccs.obj (.intvecs)

.text      0    0000026c    000090d2     
                  0000026c    00001f0c     devtools.obj (.text)
                  00002178    00000f80     sysctl.obj (.text)
                  000030f8    00000b94     gpio.obj (.text)
                  00003c8c    00000a4e     rtsv7M4_T_le_v4SPD16_eabi.lib : _printfi.c.obj (.text:__TI_printfi)
                  000046da    00000002                                   : _lock.c.obj (.text:_nop)
                  000046dc    00000642     timer.obj (.text)
                  00004d1e    00000002     rtsv7M4_T_le_v4SPD16_eabi.lib : div0.asm.obj (.text)
                  00004d20    0000062e     uart.obj (.text)
                  0000534e    00000002     --HOLE-- [fill = 0]
                  00005350    00000528     FLASHfunc.obj (.text)
                  00005878    000004ec     obc_uart.obj (.text)
                  00005d64    000003c0     interrupt.obj (.text)
                  00006124    00000360     MRAMfunc.obj (.text)
                  00006484    00000336     ssi.obj (.text)
                  000067ba    00000002     --HOLE-- [fill = 0]
                  000067bc    000002c0     FRAMfunc.obj (.text)
                  00006a7c    000002b8     SRAMfunc.obj (.text)
                  00006d34    00000270     rtsv7M4_T_le_v4SPD16_eabi.lib : _printfi.c.obj (.text:_pconv_a)
                  00006fa4    00000258     main.obj (.text)
                  000071fc    000001f4     mde.obj (.text)
                  000073f0    000001d0     rtsv7M4_T_le_v4SPD16_eabi.lib : _printfi.c.obj (.text:_pconv_g)
                  000075c0    000001b8     bit_errors.obj (.text)
                  00007778    000001b6     rtsv7M4_T_le_v4SPD16_eabi.lib : fd_add_t2.asm.obj (.text)
                  0000792e    00000002     --HOLE-- [fill = 0]
                  00007930    000001a8     multiplexer.obj (.text)
                  00007ad8    000001a4     mde_timers.obj (.text)
                  00007c7c    00000188     chip_health.obj (.text)
                  00007e04    00000188     watchdog.obj (.text)
                  00007f8c    00000166     chips.obj (.text)
                  000080f2    00000002     --HOLE-- [fill = 0]
                  000080f4    0000013c     rtsv7M4_T_le_v4SPD16_eabi.lib : _printfi.c.obj (.text:_pconv_e)
                  00008230    00000136                                   : fd_div_t2.asm.obj (.text)
                  00008366    00000002     --HOLE-- [fill = 0]
                  00008368    00000124                                   : _printfi.c.obj (.text:fcvt)
                  0000848c    00000110                                   : s_scalbn.c.obj (.text:scalbn)
                  0000859c    00000100                                   : memory.c.obj (.text:aligned_alloc)
                  0000869c    000000fc                                   : fd_mul_t2.asm.obj (.text)
                  00008798    000000e4                                   : memory.c.obj (.text:free)
                  0000887c    000000c0     fpu.obj (.text)
                  0000893c    000000b1     rtsv7M4_T_le_v4SPD16_eabi.lib : _printfi.c.obj (.text:_ltostr)
                  000089ed    00000001     --HOLE-- [fill = 0]
                  000089ee    0000009c                                   : memcpy_t2.asm.obj (.text)
                  00008a8a    00000096                                   : ull_div_t2.asm.obj (.text)
                  00008b20    00000086                                   : fd_cmp_t2.asm.obj (.text:__aeabi_cdcmple)
                  00008ba6    00000086                                   : fd_cmp_t2.asm.obj (.text:__aeabi_cdrcmple)
                  00008c2c    0000007a                                   : memset_t2.asm.obj (.text)
                  00008ca6    00000002     --HOLE-- [fill = 0]
                  00008ca8    00000070                                   : memory.c.obj (.text:split)
                  00008d18    0000006e                                   : _printfi.c.obj (.text:_mcpy)
                  00008d86    00000068                                   : copy_decompress_lzss.c.obj (.text:decompress:lzss:__TI_decompress_lzss)
                  00008dee    00000002     --HOLE-- [fill = 0]
                  00008df0    00000064                                   : s_frexp.c.obj (.text:frexp)
                  00008e54    00000056                                   : _printfi.c.obj (.text:_pconv_f)
                  00008eaa    00000054                                   : _ltoa.c.obj (.text:__TI_ltoa)
                  00008efe    00000052                                   : _printfi.c.obj (.text:_ecpy)
                  00008f50    0000004c                                   : atoi.c.obj (.text:atoi)
                  00008f9c    0000004c                                   : snprintf.c.obj (.text:snprintf)
                  00008fe8    00000048                                   : fd_toi_t2.asm.obj (.text)
                  00009030    00000044                                   : autoinit.c.obj (.text:__TI_auto_init_nobinit_nopinit:__TI_auto_init_nobinit_nopinit)
                  00009074    00000040                                   : sprintf.c.obj (.text:sprintf)
                  000090b4    0000003e                                   : _printfi.c.obj (.text:_fcpy)
                  000090f2    0000003e     cpu.obj (.text)
                  00009130    00000034     rtsv7M4_T_le_v4SPD16_eabi.lib : boot_cortex_m.c.obj (.text:_c_int00_noargs:_c_int00_noargs)
                  00009164    00000034                                   : rand.c.obj (.text:rand)
                  00009198    00000030                                   : snprintf.c.obj (.text:_outs)
                  000091c8    0000002e                                   : i_tofd_t2.asm.obj (.text)
                  000091f6    00000002     --HOLE-- [fill = 0]
                  000091f8    00000028                                   : memory.c.obj (.text:free_list_insert)
                  00009220    0000001c                                   : copy_zero_init.c.obj (.text:decompress:ZI:__TI_zero_init_nomemset:__TI_zero_init_nomemset)
                  0000923c    0000001c                                   : memory.c.obj (.text:free_list_remove)
                  00009258    0000001c                                   : memccpy.c.obj (.text:memccpy)
                  00009274    0000001a                                   : s_copysign.c.obj (.text:copysign)
                  0000928e    00000018                                   : snprintf.c.obj (.text:_outc)
                  000092a6    00000018                                   : sprintf.c.obj (.text:_outs)
                  000092be    00000016                                   : strchr.c.obj (.text:strchr)
                  000092d4    00000014                                   : strlen.c.obj (.text:strlen)
                  000092e8    00000012                                   : wcslen.c.obj (.text:wcslen)
                  000092fa    0000000e                                   : copy_decompress_none.c.obj (.text:decompress:none:__TI_decompress_none)
                  00009308    0000000c     tm4c123gh6pm_startup_ccs.obj (.text)
                  00009314    0000000a     rtsv7M4_T_le_v4SPD16_eabi.lib : sprintf.c.obj (.text:_outc)
                  0000931e    00000002     --HOLE-- [fill = 0]
                  00009320    00000008                                   : errno.c.obj (.text:__aeabi_errno_addr)
                  00009328    00000008                                   : memory.c.obj (.text:malloc)
                  00009330    00000006     sysctl.obj (.text:SysCtlDelay)
                  00009336    00000004     rtsv7M4_T_le_v4SPD16_eabi.lib : pre_init.c.obj (.text:_system_pre_init)
                  0000933a    00000004                                   : exit.c.obj (.text:abort:abort)

.const     0    00009340    00000842     
                  00009340    000001b0     sysctl.obj (.const:g_pppui32XTALtoVCO)
                  000094f0    00000101     rtsv7M4_T_le_v4SPD16_eabi.lib : ctype.c.obj (.const:.string:_ctypes_)
                  000095f1    00000003     --HOLE-- [fill = 0]
                  000095f4    000000d8     gpio.obj (.const:g_ppui32GPIOIntMapSnowflake)
                  000096cc    000000c0     gpio.obj (.const:g_ppui32GPIOIntMapBlizzard)
                  0000978c    0000009c     interrupt.obj (.const:g_pui32Regs)
                  00009828    00000090     gpio.obj (.const:g_pui32GPIOBaseAddrs)
                  000098b8    0000006c     sysctl.obj (.const:g_pui32Xtals)
                  00009924    00000060     timer.obj (.const:g_ppui32TimerIntMap)
                  00009984    00000040     timer.obj (.const:g_ppui32TimerIntMapSnowflake)
                  000099c4    00000040     uart.obj (.const:g_ppui32UARTIntMap)
                  00009a04    00000040     uart.obj (.const:g_ppui32UARTIntMapSnowflake)
                  00009a44    00000030     sysctl.obj (.const:g_sXTALtoMEMTIM)
                  00009a74    00000020     ssi.obj (.const:g_ppui32SSIIntMap)
                  00009a94    00000020     ssi.obj (.const:g_ppui32SSIIntMapSnowflake)
                  00009ab4    00000020     interrupt.obj (.const:g_pui32Priority)
                  00009ad4    0000001f     obc_uart.obj (.const:.string:$P$T0$1)
                  00009af3    00000014     obc_uart.obj (.const:.string:$P$T2$3)
                  00009b07    00000001     --HOLE-- [fill = 0]
                  00009b08    00000014     interrupt.obj (.const:g_pui32Dii16Regs)
                  00009b1c    00000014     interrupt.obj (.const:g_pui32EnRegs)
                  00009b30    00000014     interrupt.obj (.const:g_pui32PendRegs)
                  00009b44    00000014     interrupt.obj (.const:g_pui32UnpendRegs)
                  00009b58    00000010     obc_uart.obj (.const:.string:$P$T1$2)
                  00009b68    00000008     sysctl.obj (.const:g_pui32VCOFrequencies)
                  00009b70    00000006     devtools.obj (.const:.string:$P$T0$1)
                  00009b76    00000006     devtools.obj (.const:.string:$P$T1$2)
                  00009b7c    00000006     obc_uart.obj (.const:.string:$P$T3$4)

.cinit     0    00009b88    00000060     
                  00009b88    00000025     (.cinit..data.load) [load image, compression = lzss]
                  00009bad    00000003     --HOLE-- [fill = 0]
                  00009bb0    0000000c     (__TI_handler_table)
                  00009bbc    00000004     --HOLE-- [fill = 0]
                  00009bc0    00000008     (.cinit..bss.load) [load image, compression = zero_init]
                  00009bc8    00000008     (.cinit..vtable.load) [load image, compression = zero_init]
                  00009bd0    00000018     (__TI_cinit_table)

.init_array 
*          0    00000000    00000000     UNINITIALIZED

.vtable    0    20000000    0000026c     UNINITIALIZED
                  20000000    0000026c     interrupt.obj (.vtable)

.sysmem    0    20000270    00004000     UNINITIALIZED
                  20000270    00000010     rtsv7M4_T_le_v4SPD16_eabi.lib : memory.c.obj (.sysmem)
                  20000280    00003ff0     --HOLE--

.stack     0    20004270    00000200     UNINITIALIZED
                  20004270    00000004     rtsv7M4_T_le_v4SPD16_eabi.lib : boot_cortex_m.c.obj (.stack)
                  20004274    000001fc     --HOLE--

.bss       0    20004470    00000165     UNINITIALIZED
                  20004470    00000100     obc_uart.obj (.bss:uart_obc_msg_chars)
                  20004570    00000040     (.common:chip_health_array)
                  200045b0    00000020     (.common:chip_death_array)
                  200045d0    00000004     (.common:ui32Loop)
                  200045d4    00000001     (.common:reading_chip)

.data      0    200045d8    00000040     UNINITIALIZED
                  200045d8    0000001d     main.obj (.data)
                  200045f5    00000003     --HOLE--
                  200045f8    00000008     rtsv7M4_T_le_v4SPD16_eabi.lib : _lock.c.obj (.data:$O1$$)
                  20004600    00000008                                   : memory.c.obj (.data:$O1$$)
                  20004608    00000006     obc_uart.obj (.data)
                  2000460e    00000002     --HOLE--
                  20004610    00000004     rtsv7M4_T_le_v4SPD16_eabi.lib : errno.c.obj (.data)
                  20004614    00000004                                   : rand.c.obj (.data)

__llvm_prf_cnts 
*          0    20000000    00000000     UNINITIALIZED

MODULE SUMMARY

       Module                         code    ro data   rw data
       ------                         ----    -------   -------
    .\driverlib\
       sysctl.obj                     3974    596       0      
       gpio.obj                       2964    552       0      
       interrupt.obj                  960     268       620    
       timer.obj                      1602    160       0      
       uart.obj                       1582    128       0      
       ssi.obj                        822     64        0      
       watchdog.obj                   392     0         0      
       fpu.obj                        192     0         0      
       cpu.obj                        62      0         0      
    +--+------------------------------+-------+---------+---------+
       Total:                         12550   1768      620    
                                                               
    .\source\
       devtools.obj                   7948    12        0      
       obc_uart.obj                   1260    73        262    
       main.obj                       600     0         130    
       tm4c123gh6pm_startup_ccs.obj   12      620       0      
       mde.obj                        500     0         0      
       bit_errors.obj                 440     0         0      
       multiplexer.obj                424     0         0      
       mde_timers.obj                 420     0         0      
       chip_health.obj                392     0         0      
       chips.obj                      358     0         0      
    +--+------------------------------+-------+---------+---------+
       Total:                         12354   705       392    
                                                               
    .\source\chipDrivers\
       FLASHfunc.obj                  1320    0         0      
       MRAMfunc.obj                   864     0         0      
       FRAMfunc.obj                   704     0         0      
       SRAMfunc.obj                   696     0         0      
    +--+------------------------------+-------+---------+---------+
       Total:                         3584    0         0      
                                                               
    C:\ti\ccs1120\ccs\tools\compiler\ti-cgt-arm_20.2.7.LTS\lib\rtsv7M4_T_le_v4SPD16_eabi.lib
       _printfi.c.obj                 4851    0         0      
       memory.c.obj                   672     0         8      
       fd_add_t2.asm.obj              438     0         0      
       fd_div_t2.asm.obj              310     0         0      
       s_scalbn.c.obj                 272     0         0      
       fd_cmp_t2.asm.obj              268     0         0      
       ctype.c.obj                    0       257       0      
       fd_mul_t2.asm.obj              252     0         0      
       memcpy_t2.asm.obj              156     0         0      
       ull_div_t2.asm.obj             150     0         0      
       snprintf.c.obj                 148     0         0      
       memset_t2.asm.obj              122     0         0      
       copy_decompress_lzss.c.obj     104     0         0      
       s_frexp.c.obj                  100     0         0      
       sprintf.c.obj                  98      0         0      
       _ltoa.c.obj                    84      0         0      
       atoi.c.obj                     76      0         0      
       fd_toi_t2.asm.obj              72      0         0      
       autoinit.c.obj                 68      0         0      
       rand.c.obj                     52      0         4      
       boot_cortex_m.c.obj            52      0         0      
       i_tofd_t2.asm.obj              46      0         0      
       copy_zero_init.c.obj           28      0         0      
       memccpy.c.obj                  28      0         0      
       s_copysign.c.obj               26      0         0      
       strchr.c.obj                   22      0         0      
       strlen.c.obj                   20      0         0      
       wcslen.c.obj                   18      0         0      
       copy_decompress_none.c.obj     14      0         0      
       errno.c.obj                    8       0         4      
       _lock.c.obj                    2       0         8      
       exit.c.obj                     4       0         0      
       pre_init.c.obj                 4       0         0      
       div0.asm.obj                   2       0         0      
    +--+------------------------------+-------+---------+---------+
       Total:                         8567    257       24     
                                                               
       Heap:                          0       0         16384  
       Stack:                         0       0         512    
       Linker Generated:              0       89        0      
    +--+------------------------------+-------+---------+---------+
       Grand Total:                   37055   2819      17932  


LINKER GENERATED COPY TABLES

__TI_cinit_table @ 00009bd0 records: 3, size/record: 8, table size: 24
	.data: load addr=00009b88, load size=00000025 bytes, run addr=200045d8, run size=00000040 bytes, compression=lzss
	.bss: load addr=00009bc0, load size=00000008 bytes, run addr=20004470, run size=00000165 bytes, compression=zero_init
	.vtable: load addr=00009bc8, load size=00000008 bytes, run addr=20000000, run size=0000026c bytes, compression=zero_init


LINKER GENERATED HANDLER TABLE

__TI_handler_table @ 00009bb0 records: 3, size/record: 4, table size: 12
	index: 0, handler: __TI_zero_init
	index: 1, handler: __TI_decompress_lzss
	index: 2, handler: __TI_decompress_none


GLOBAL SYMBOLS: SORTED ALPHABETICALLY BY Name 

address   name                            
-------   ----                            
00007075  BlinkBlueLED                    
000070d1  BlinkGreenLED                   
00007019  BlinkRedLED                     
00007375  Board1PowerOff                  
00007367  Board1PowerOn                   
00007391  Board2PowerOff                  
00007383  Board2PowerOn                   
00007331  BoardPowerInit                  
0000933b  C$$EXIT                         
00009127  CPUbasepriGet                   
00009119  CPUbasepriSet                   
000090f3  CPUcpsid                        
00009109  CPUcpsie                        
000090ff  CPUprimask                      
00009115  CPUwfi                          
00007c7d  CheckChipHealth                 
000075c1  CheckErrors                     
00007c0b  ChipWatchdogInt                 
00007bb7  ChipWatchdogPoke                
00006fa5  EnableBoard1ChipSelectPins      
00006fcd  EnableBoard2ChipSelectPins      
00006fed  EnableLED                       
0000726d  EnableSPI                       
00007755  ErrorQueue_Destroy              
00007621  ErrorQueue_Init                 
00007669  ErrorQueue_Insert               
000076e9  ErrorQueue_IsEmpty              
00001e1d  ErrorQueue_PrintLink            
00007705  ErrorQueue_Remove               
0000888f  FPUDisable                      
0000887d  FPUEnable                       
000088fb  FPUFlushToZeroModeSet           
000088c7  FPUHalfPrecisionModeSet         
000088af  FPULazyStackingEnable           
000088e1  FPUNaNModeSet                   
00008915  FPURoundingModeSet              
000088bb  FPUStackingDisable              
0000889d  FPUStackingEnable               
00006985  FRAMSequenceRetrieve            
000068a7  FRAMSequenceTransmit            
000067bd  FRAMStatusRead                  
00005469  FlashErase                      
00005759  FlashSequenceRetrieve           
0000557f  FlashSequenceTransmit           
00005351  FlashStatusRead                 
00003c65  GPIOADCTriggerDisable           
00003c47  GPIOADCTriggerEnable            
00003c29  GPIODMATriggerDisable           
00003c0b  GPIODMATriggerEnable            
000031b3  GPIODirModeGet                  
00003157  GPIODirModeSet                  
0000371b  GPIOIntClear                    
000036df  GPIOIntDisable                  
000036c5  GPIOIntEnable                   
0000372f  GPIOIntRegister                 
00003767  GPIOIntRegisterPin              
000036f9  GPIOIntStatus                   
000032a3  GPIOIntTypeGet                  
000031ff  GPIOIntTypeSet                  
0000374d  GPIOIntUnregister               
00003795  GPIOIntUnregisterPin            
00003573  GPIOPadConfigGet                
00003339  GPIOPadConfigSet                
00003bad  GPIOPinConfigure                
000037b9  GPIOPinRead                     
000037f1  GPIOPinTypeADC                  
00003815  GPIOPinTypeCAN                  
00003839  GPIOPinTypeComparator           
0000385d  GPIOPinTypeComparatorOutput     
00003881  GPIOPinTypeDIVSCLK              
000038a5  GPIOPinTypeEPI                  
000038c9  GPIOPinTypeEthernetLED          
000038ed  GPIOPinTypeEthernetMII          
00003911  GPIOPinTypeGPIOInput            
00003935  GPIOPinTypeGPIOOutput           
00003959  GPIOPinTypeGPIOOutputOD         
0000397d  GPIOPinTypeHibernateRTCCLK      
000039a1  GPIOPinTypeI2C                  
000039c5  GPIOPinTypeI2CSCL               
000039e9  GPIOPinTypeLCD                  
00003a0d  GPIOPinTypeOneWire              
00003a31  GPIOPinTypePWM                  
00003a55  GPIOPinTypeQEI                  
00003a79  GPIOPinTypeSSI                  
00003a9d  GPIOPinTypeTimer                
00003ac1  GPIOPinTypeTrace                
00003ae5  GPIOPinTypeUART                 
00003b09  GPIOPinTypeUSBAnalog            
00003b2d  GPIOPinTypeUSBDigital           
00003b51  GPIOPinTypeWakeHigh             
00003b77  GPIOPinTypeWakeLow              
00003b9d  GPIOPinWakeStatus               
000037d1  GPIOPinWrite                    
00007dad  InitializeChipHealth            
00005f25  IntDisable                      
00005eb3  IntEnable                       
00005f97  IntIsEnabled                    
00005d77  IntMasterDisable                
00005d67  IntMasterEnable                 
0000608d  IntPendClear                    
0000601d  IntPendSet                      
00005e8f  IntPriorityGet                  
00005e07  IntPriorityGroupingGet          
00005ded  IntPriorityGroupingSet          
000060e7  IntPriorityMaskGet              
000060db  IntPriorityMaskSet              
00005e3f  IntPrioritySet                  
00005d87  IntRegister                     
000060ef  IntTrigger                      
00005dd9  IntUnregister                   
000071fd  MDEProcessCycle                 
00005c83  MDERequestReset                 
00007ad9  MDETimerConfigure               
00007b1f  MDETimerDisable                 
00007b07  MDETimerEnable                  
00007b2b  MDETimerInt                     
00007bff  MDEWatchdogInt                  
00007bd7  MDEWatchdogPoke                 
00007b53  MDEWatchdogsEnable              
0000634b  MRAMSequenceRetrieve            
0000624d  MRAMSequenceTransmit            
00006199  MRAMStatusPrepare               
00006125  MRAMStatusRead                  
00008009  ReadFromChip                    
00007aa5  ResetChipSelect1                
00007abb  ResetChipSelect2                
00009309  ResetISR                        
0000795f  RetreiveCSCode                  
00007931  RetreiveCSPort                  
00006bdd  SRAMSequenceRetrieve            
00006ae9  SRAMSequenceTransmit            
00006a7d  SRAMStatusRead                  
0000673d  SSIAdvDataPutFrameEnd           
00006763  SSIAdvDataPutFrameEndNonBlocking
000067a5  SSIAdvFrameHoldDisable          
0000678f  SSIAdvFrameHoldEnable           
0000670b  SSIAdvModeSet                   
000066c9  SSIBusy                         
000066fb  SSIClockSourceGet               
000066e7  SSIClockSourceSet               
000064e3  SSIConfigSetExpClk              
000066b1  SSIDMADisable                   
00006699  SSIDMAEnable                    
0000665b  SSIDataGet                      
00006677  SSIDataGetNonBlocking           
00006621  SSIDataPut                      
0000663b  SSIDataPutNonBlocking           
00006573  SSIDisable                      
0000655d  SSIEnable                       
0000660f  SSIIntClear                     
000065d9  SSIIntDisable                   
000065c1  SSIIntEnable                    
00006589  SSIIntRegister                  
000065f1  SSIIntStatus                    
000065a7  SSIIntUnregister                
00007a25  SetChipSelect                   
000030b5  SysCtlAltClkConfig              
000027dd  SysCtlClockFreqSet              
00002ca5  SysCtlClockGet                  
00003099  SysCtlClockOutConfig            
00002ad5  SysCtlClockSet                  
000026e1  SysCtlDeepSleep                 
00002e69  SysCtlDeepSleepClockConfigSet   
00002e4b  SysCtlDeepSleepClockSet         
000026c1  SysCtlDeepSleepPowerSet         
00009331  SysCtlDelay                     
0000226f  SysCtlFlashSectorSizeGet        
00002243  SysCtlFlashSizeGet              
00002f3f  SysCtlGPIOAHBDisable            
00002f23  SysCtlGPIOAHBEnable             
00002655  SysCtlIntClear                  
0000263d  SysCtlIntDisable                
00002629  SysCtlIntEnable                 
00002601  SysCtlIntRegister               
00002665  SysCtlIntStatus                 
00002619  SysCtlIntUnregister             
000026a7  SysCtlLDODeepSleepGet           
00002697  SysCtlLDODeepSleepSet           
00002691  SysCtlLDOSleepGet               
00002681  SysCtlLDOSleepSet               
00002717  SysCtlMOSCConfigSet             
0000307d  SysCtlNMIClear                  
00003069  SysCtlNMIStatus                 
0000272d  SysCtlPIOSCCalibrate            
00002f0d  SysCtlPWMClockGet               
00002ef3  SysCtlPWMClockSet               
000025ad  SysCtlPeripheralClockGating     
00002565  SysCtlPeripheralDeepSleepDisable
00002515  SysCtlPeripheralDeepSleepEnable 
00002451  SysCtlPeripheralDisable         
00002415  SysCtlPeripheralEnable          
00002351  SysCtlPeripheralPowerOff        
00002315  SysCtlPeripheralPowerOn         
00002295  SysCtlPeripheralPresent         
000022d5  SysCtlPeripheralReady           
0000238d  SysCtlPeripheralReset           
000024d9  SysCtlPeripheralSleepDisable    
00002495  SysCtlPeripheralSleepEnable     
000026d1  SysCtlReset                     
0000278d  SysCtlResetBehaviorGet          
0000277d  SysCtlResetBehaviorSet          
00002703  SysCtlResetCauseClear           
000026fd  SysCtlResetCauseGet             
00002239  SysCtlSRAMSizeGet               
000026d9  SysCtlSleep                     
000026ad  SysCtlSleepPowerSet             
00002f67  SysCtlUSBPLLDisable             
00002f5b  SysCtlUSBPLLEnable              
00002fad  SysCtlVCOGet                    
00002f95  SysCtlVoltageEventClear         
00002f79  SysCtlVoltageEventConfig        
00002f89  SysCtlVoltageEventStatus        
00004c9d  TimerADCEventGet                
00004c8b  TimerADCEventSet                
000049c1  TimerClockSourceGet             
00004997  TimerClockSourceSet             
0000478b  TimerConfigure                  
000048ab  TimerControlEvent               
00004807  TimerControlLevel               
000048d5  TimerControlStall               
0000483d  TimerControlTrigger             
0000490b  TimerControlWaitOnTrigger       
00004cbd  TimerDMAEventGet                
00004cab  TimerDMAEventSet                
0000476d  TimerDisable                    
0000474f  TimerEnable                     
00004c67  TimerIntClear                   
00004c31  TimerIntDisable                 
00004c19  TimerIntEnable                  
00004bd3  TimerIntRegister                
00004c49  TimerIntStatus                  
00004bfb  TimerIntUnregister              
00004a8b  TimerLoadGet                    
00004ac1  TimerLoadGet64                  
00004a61  TimerLoadSet                    
00004aa7  TimerLoadSet64                  
00004b6b  TimerMatchGet                   
00004ba1  TimerMatchGet64                 
00004b41  TimerMatchSet                   
00004b87  TimerMatchSet64                 
000049fb  TimerPrescaleGet                
00004a45  TimerPrescaleMatchGet           
00004a17  TimerPrescaleMatchSet           
000049d1  TimerPrescaleSet                
00004981  TimerRTCDisable                 
0000496b  TimerRTCEnable                  
00004c79  TimerSynchronize                
00004ccb  TimerUpdateMode                 
00004af3  TimerValueGet                   
00004b0f  TimerValueGet64                 
0000599d  TransmitErrors                  
00005a8d  TransmitHealth                  
000052f1  UART9BitAddrSend                
000052cb  UART9BitAddrSet                 
000052b5  UART9BitDisable                 
0000529f  UART9BitEnable                  
00005143  UARTBreakCtl                    
0000516d  UARTBusy                        
000050eb  UARTCharGet                     
000050cf  UARTCharGetNonBlocking          
00005125  UARTCharPut                     
00005101  UARTCharPutNonBlocking          
00005093  UARTCharsAvail                  
0000528f  UARTClockSourceGet              
0000527b  UARTClockSourceSet              
00004e63  UARTConfigGetExpClk             
00004ded  UARTConfigSetExpClk             
00005241  UARTDMADisable                  
00005229  UARTDMAEnable                   
000002a5  UARTDebugEnable                 
0000026d  UARTDebugIntHandler             
00000303  UARTDebugSend                   
00004ed3  UARTDisable                     
00004f57  UARTDisableSIR                  
00004eaf  UARTEnable                      
00004f29  UARTEnableSIR                   
00004f13  UARTFIFODisable                 
00004efd  UARTFIFOEnable                  
00004dc5  UARTFIFOLevelGet                
00004dad  UARTFIFOLevelSet                
00005053  UARTFlowControlGet              
00005037  UARTFlowControlSet              
00005217  UARTIntClear                    
000051e1  UARTIntDisable                  
000051c9  UARTIntEnable                   
0000518b  UARTIntRegister                 
000051f9  UARTIntStatus                   
000051a9  UARTIntUnregister               
00005339  UARTLoopbackEnable              
00004fed  UARTModemControlClear           
00005011  UARTModemControlGet             
00004fb5  UARTModemControlSet             
00005023  UARTModemStatusGet              
00005913  UARTOBCEnable                   
00005879  UARTOBCIntHandler               
00005c7d  UARTOBCIsDataReady              
00005b99  UARTOBCRecvMsgHandler           
00005975  UARTOBCSend                     
00005cab  UARTOBCSetMsg                   
00004d9b  UARTParityModeGet               
00004d7f  UARTParityModeSet               
0000526b  UARTRxErrorClear                
00005259  UARTRxErrorGet                  
00004f9f  UARTSmartCardDisable            
00004f6d  UARTSmartCardEnable             
000050b1  UARTSpaceAvail                  
00005081  UARTTxIntModeGet                
00005065  UARTTxIntModeSet                
00007e1b  WatchdogEnable                  
00007f2d  WatchdogIntClear                
00007ef9  WatchdogIntEnable               
00007ed1  WatchdogIntRegister             
00007f0f  WatchdogIntStatus               
00007f3d  WatchdogIntTypeSet              
00007ee7  WatchdogIntUnregister           
00007e5d  WatchdogLock                    
00007e81  WatchdogLockState               
00007eb5  WatchdogReloadGet               
00007ea3  WatchdogReloadSet               
00007e47  WatchdogResetDisable            
00007e31  WatchdogResetEnable             
00007e05  WatchdogRunning                 
00007f71  WatchdogStallDisable            
00007f59  WatchdogStallEnable             
00007e6f  WatchdogUnlock                  
00007ec3  WatchdogValueGet                
00007f8d  WriteToChip                     
20004470  __STACK_END                     
00000200  __STACK_SIZE                    
20004470  __STACK_TOP                     
00004000  __SYSMEM_SIZE                   
00009bd0  __TI_CINIT_Base                 
00009be8  __TI_CINIT_Limit                
00009bb0  __TI_Handler_Table_Base         
00009bbc  __TI_Handler_Table_Limit        
00009031  __TI_auto_init_nobinit_nopinit  
00008d87  __TI_decompress_lzss            
000092fb  __TI_decompress_none            
00008eab  __TI_ltoa                       
ffffffff  __TI_pprof_out_hndl             
00003c8d  __TI_printfi                    
ffffffff  __TI_prof_data_size             
ffffffff  __TI_prof_data_start            
00000000  __TI_static_base__              
00009221  __TI_zero_init_nomemset         
00008b21  __aeabi_cdcmpeq                 
00008b21  __aeabi_cdcmple                 
00008ba7  __aeabi_cdrcmple                
00008fe9  __aeabi_d2iz                    
00007783  __aeabi_dadd                    
00008231  __aeabi_ddiv                    
0000869d  __aeabi_dmul                    
00007779  __aeabi_dsub                    
00009321  __aeabi_errno_addr              
000091c9  __aeabi_i2d                     
00004d1f  __aeabi_idiv0                   
00004d1f  __aeabi_ldiv0                   
00008c2d  __aeabi_memclr                  
00008c2d  __aeabi_memclr4                 
00008c2d  __aeabi_memclr8                 
000089ef  __aeabi_memcpy                  
000089ef  __aeabi_memcpy4                 
000089ef  __aeabi_memcpy8                 
00008c2f  __aeabi_memset                  
00008c2f  __aeabi_memset4                 
00008c2f  __aeabi_memset8                 
00008a8b  __aeabi_uldivmod                
ffffffff  __binit__                       
ffffffff  __c_args__                      
UNDEFED   __mpu_init                      
20004270  __stack                         
20000000  __start___llvm_prf_cnts         
20000000  __stop___llvm_prf_cnts          
00009131  _c_int00_noargs                 
000094f0  _ctypes_                        
200045f8  _lock                           
000046db  _nop                            
20000270  _sys_memory                     
UNDEFED   _system_post_cinit              
00009337  _system_pre_init                
200045fc  _unlock                         
0000933b  abort                           
0000859d  aligned_alloc                   
00008f51  atoi                            
200045ec  auto_chip_number                
ffffffff  binit                           
200045f3  chipSelectStep                  
200045b0  chip_death_array                
20004570  chip_health_array               
00009275  copysign                        
00009275  copysignl                       
200045f2  currentCycle                    
200045ed  current_chip                    
200045e4  current_error                   
200045ee  cycle_count                     
200045e0  cycle_time_clockrate            
20004610  errno                           
200045e8  errorHead                       
00008799  free                            
00008df1  frexp                           
00008df1  frexpl                          
20000000  g_pfnRAMVectors                 
00000000  g_pfnVectors                    
0000848d  ldexp                           
0000848d  ldexpl                          
0000712d  main                            
00009329  malloc                          
0000859d  memalign                        
00009259  memccpy                         
000089ef  memcpy                          
00008c35  memset                          
200045f0  menuState                       
00000339  printDebugMenu                  
00001f21  processBoardPowerInput          
0000134d  processChipFunctionsInput       
00001bd9  processChipHealthInput          
00001b1f  processChipSelectInput          
00001127  processDebugInput               
00001d49  processErrorInput               
0000122d  processMainMenuInput            
00001fd1  processOBCCommandInput          
00009165  rand                            
200045d4  reading_chip                    
0000848d  scalbn                          
0000848d  scalbnl                         
200045f4  seedErrors                      
200045f1  selectedBoard                   
00008f9d  snprintf                        
00009075  sprintf                         
000092bf  strchr                          
000092d5  strlen                          
200045d8  timer_current_cycle             
200045dc  timer_wakeup                    
200045d0  ui32Loop                        
000092e9  wcslen                          


GLOBAL SYMBOLS: SORTED BY Symbol Address 

address   name                            
-------   ----                            
00000000  __TI_static_base__              
00000000  g_pfnVectors                    
00000200  __STACK_SIZE                    
0000026d  UARTDebugIntHandler             
000002a5  UARTDebugEnable                 
00000303  UARTDebugSend                   
00000339  printDebugMenu                  
00001127  processDebugInput               
0000122d  processMainMenuInput            
0000134d  processChipFunctionsInput       
00001b1f  processChipSelectInput          
00001bd9  processChipHealthInput          
00001d49  processErrorInput               
00001e1d  ErrorQueue_PrintLink            
00001f21  processBoardPowerInput          
00001fd1  processOBCCommandInput          
00002239  SysCtlSRAMSizeGet               
00002243  SysCtlFlashSizeGet              
0000226f  SysCtlFlashSectorSizeGet        
00002295  SysCtlPeripheralPresent         
000022d5  SysCtlPeripheralReady           
00002315  SysCtlPeripheralPowerOn         
00002351  SysCtlPeripheralPowerOff        
0000238d  SysCtlPeripheralReset           
00002415  SysCtlPeripheralEnable          
00002451  SysCtlPeripheralDisable         
00002495  SysCtlPeripheralSleepEnable     
000024d9  SysCtlPeripheralSleepDisable    
00002515  SysCtlPeripheralDeepSleepEnable 
00002565  SysCtlPeripheralDeepSleepDisable
000025ad  SysCtlPeripheralClockGating     
00002601  SysCtlIntRegister               
00002619  SysCtlIntUnregister             
00002629  SysCtlIntEnable                 
0000263d  SysCtlIntDisable                
00002655  SysCtlIntClear                  
00002665  SysCtlIntStatus                 
00002681  SysCtlLDOSleepSet               
00002691  SysCtlLDOSleepGet               
00002697  SysCtlLDODeepSleepSet           
000026a7  SysCtlLDODeepSleepGet           
000026ad  SysCtlSleepPowerSet             
000026c1  SysCtlDeepSleepPowerSet         
000026d1  SysCtlReset                     
000026d9  SysCtlSleep                     
000026e1  SysCtlDeepSleep                 
000026fd  SysCtlResetCauseGet             
00002703  SysCtlResetCauseClear           
00002717  SysCtlMOSCConfigSet             
0000272d  SysCtlPIOSCCalibrate            
0000277d  SysCtlResetBehaviorSet          
0000278d  SysCtlResetBehaviorGet          
000027dd  SysCtlClockFreqSet              
00002ad5  SysCtlClockSet                  
00002ca5  SysCtlClockGet                  
00002e4b  SysCtlDeepSleepClockSet         
00002e69  SysCtlDeepSleepClockConfigSet   
00002ef3  SysCtlPWMClockSet               
00002f0d  SysCtlPWMClockGet               
00002f23  SysCtlGPIOAHBEnable             
00002f3f  SysCtlGPIOAHBDisable            
00002f5b  SysCtlUSBPLLEnable              
00002f67  SysCtlUSBPLLDisable             
00002f79  SysCtlVoltageEventConfig        
00002f89  SysCtlVoltageEventStatus        
00002f95  SysCtlVoltageEventClear         
00002fad  SysCtlVCOGet                    
00003069  SysCtlNMIStatus                 
0000307d  SysCtlNMIClear                  
00003099  SysCtlClockOutConfig            
000030b5  SysCtlAltClkConfig              
00003157  GPIODirModeSet                  
000031b3  GPIODirModeGet                  
000031ff  GPIOIntTypeSet                  
000032a3  GPIOIntTypeGet                  
00003339  GPIOPadConfigSet                
00003573  GPIOPadConfigGet                
000036c5  GPIOIntEnable                   
000036df  GPIOIntDisable                  
000036f9  GPIOIntStatus                   
0000371b  GPIOIntClear                    
0000372f  GPIOIntRegister                 
0000374d  GPIOIntUnregister               
00003767  GPIOIntRegisterPin              
00003795  GPIOIntUnregisterPin            
000037b9  GPIOPinRead                     
000037d1  GPIOPinWrite                    
000037f1  GPIOPinTypeADC                  
00003815  GPIOPinTypeCAN                  
00003839  GPIOPinTypeComparator           
0000385d  GPIOPinTypeComparatorOutput     
00003881  GPIOPinTypeDIVSCLK              
000038a5  GPIOPinTypeEPI                  
000038c9  GPIOPinTypeEthernetLED          
000038ed  GPIOPinTypeEthernetMII          
00003911  GPIOPinTypeGPIOInput            
00003935  GPIOPinTypeGPIOOutput           
00003959  GPIOPinTypeGPIOOutputOD         
0000397d  GPIOPinTypeHibernateRTCCLK      
000039a1  GPIOPinTypeI2C                  
000039c5  GPIOPinTypeI2CSCL               
000039e9  GPIOPinTypeLCD                  
00003a0d  GPIOPinTypeOneWire              
00003a31  GPIOPinTypePWM                  
00003a55  GPIOPinTypeQEI                  
00003a79  GPIOPinTypeSSI                  
00003a9d  GPIOPinTypeTimer                
00003ac1  GPIOPinTypeTrace                
00003ae5  GPIOPinTypeUART                 
00003b09  GPIOPinTypeUSBAnalog            
00003b2d  GPIOPinTypeUSBDigital           
00003b51  GPIOPinTypeWakeHigh             
00003b77  GPIOPinTypeWakeLow              
00003b9d  GPIOPinWakeStatus               
00003bad  GPIOPinConfigure                
00003c0b  GPIODMATriggerEnable            
00003c29  GPIODMATriggerDisable           
00003c47  GPIOADCTriggerEnable            
00003c65  GPIOADCTriggerDisable           
00003c8d  __TI_printfi                    
00004000  __SYSMEM_SIZE                   
000046db  _nop                            
0000474f  TimerEnable                     
0000476d  TimerDisable                    
0000478b  TimerConfigure                  
00004807  TimerControlLevel               
0000483d  TimerControlTrigger             
000048ab  TimerControlEvent               
000048d5  TimerControlStall               
0000490b  TimerControlWaitOnTrigger       
0000496b  TimerRTCEnable                  
00004981  TimerRTCDisable                 
00004997  TimerClockSourceSet             
000049c1  TimerClockSourceGet             
000049d1  TimerPrescaleSet                
000049fb  TimerPrescaleGet                
00004a17  TimerPrescaleMatchSet           
00004a45  TimerPrescaleMatchGet           
00004a61  TimerLoadSet                    
00004a8b  TimerLoadGet                    
00004aa7  TimerLoadSet64                  
00004ac1  TimerLoadGet64                  
00004af3  TimerValueGet                   
00004b0f  TimerValueGet64                 
00004b41  TimerMatchSet                   
00004b6b  TimerMatchGet                   
00004b87  TimerMatchSet64                 
00004ba1  TimerMatchGet64                 
00004bd3  TimerIntRegister                
00004bfb  TimerIntUnregister              
00004c19  TimerIntEnable                  
00004c31  TimerIntDisable                 
00004c49  TimerIntStatus                  
00004c67  TimerIntClear                   
00004c79  TimerSynchronize                
00004c8b  TimerADCEventSet                
00004c9d  TimerADCEventGet                
00004cab  TimerDMAEventSet                
00004cbd  TimerDMAEventGet                
00004ccb  TimerUpdateMode                 
00004d1f  __aeabi_idiv0                   
00004d1f  __aeabi_ldiv0                   
00004d7f  UARTParityModeSet               
00004d9b  UARTParityModeGet               
00004dad  UARTFIFOLevelSet                
00004dc5  UARTFIFOLevelGet                
00004ded  UARTConfigSetExpClk             
00004e63  UARTConfigGetExpClk             
00004eaf  UARTEnable                      
00004ed3  UARTDisable                     
00004efd  UARTFIFOEnable                  
00004f13  UARTFIFODisable                 
00004f29  UARTEnableSIR                   
00004f57  UARTDisableSIR                  
00004f6d  UARTSmartCardEnable             
00004f9f  UARTSmartCardDisable            
00004fb5  UARTModemControlSet             
00004fed  UARTModemControlClear           
00005011  UARTModemControlGet             
00005023  UARTModemStatusGet              
00005037  UARTFlowControlSet              
00005053  UARTFlowControlGet              
00005065  UARTTxIntModeSet                
00005081  UARTTxIntModeGet                
00005093  UARTCharsAvail                  
000050b1  UARTSpaceAvail                  
000050cf  UARTCharGetNonBlocking          
000050eb  UARTCharGet                     
00005101  UARTCharPutNonBlocking          
00005125  UARTCharPut                     
00005143  UARTBreakCtl                    
0000516d  UARTBusy                        
0000518b  UARTIntRegister                 
000051a9  UARTIntUnregister               
000051c9  UARTIntEnable                   
000051e1  UARTIntDisable                  
000051f9  UARTIntStatus                   
00005217  UARTIntClear                    
00005229  UARTDMAEnable                   
00005241  UARTDMADisable                  
00005259  UARTRxErrorGet                  
0000526b  UARTRxErrorClear                
0000527b  UARTClockSourceSet              
0000528f  UARTClockSourceGet              
0000529f  UART9BitEnable                  
000052b5  UART9BitDisable                 
000052cb  UART9BitAddrSet                 
000052f1  UART9BitAddrSend                
00005339  UARTLoopbackEnable              
00005351  FlashStatusRead                 
00005469  FlashErase                      
0000557f  FlashSequenceTransmit           
00005759  FlashSequenceRetrieve           
00005879  UARTOBCIntHandler               
00005913  UARTOBCEnable                   
00005975  UARTOBCSend                     
0000599d  TransmitErrors                  
00005a8d  TransmitHealth                  
00005b99  UARTOBCRecvMsgHandler           
00005c7d  UARTOBCIsDataReady              
00005c83  MDERequestReset                 
00005cab  UARTOBCSetMsg                   
00005d67  IntMasterEnable                 
00005d77  IntMasterDisable                
00005d87  IntRegister                     
00005dd9  IntUnregister                   
00005ded  IntPriorityGroupingSet          
00005e07  IntPriorityGroupingGet          
00005e3f  IntPrioritySet                  
00005e8f  IntPriorityGet                  
00005eb3  IntEnable                       
00005f25  IntDisable                      
00005f97  IntIsEnabled                    
0000601d  IntPendSet                      
0000608d  IntPendClear                    
000060db  IntPriorityMaskSet              
000060e7  IntPriorityMaskGet              
000060ef  IntTrigger                      
00006125  MRAMStatusRead                  
00006199  MRAMStatusPrepare               
0000624d  MRAMSequenceTransmit            
0000634b  MRAMSequenceRetrieve            
000064e3  SSIConfigSetExpClk              
0000655d  SSIEnable                       
00006573  SSIDisable                      
00006589  SSIIntRegister                  
000065a7  SSIIntUnregister                
000065c1  SSIIntEnable                    
000065d9  SSIIntDisable                   
000065f1  SSIIntStatus                    
0000660f  SSIIntClear                     
00006621  SSIDataPut                      
0000663b  SSIDataPutNonBlocking           
0000665b  SSIDataGet                      
00006677  SSIDataGetNonBlocking           
00006699  SSIDMAEnable                    
000066b1  SSIDMADisable                   
000066c9  SSIBusy                         
000066e7  SSIClockSourceSet               
000066fb  SSIClockSourceGet               
0000670b  SSIAdvModeSet                   
0000673d  SSIAdvDataPutFrameEnd           
00006763  SSIAdvDataPutFrameEndNonBlocking
0000678f  SSIAdvFrameHoldEnable           
000067a5  SSIAdvFrameHoldDisable          
000067bd  FRAMStatusRead                  
000068a7  FRAMSequenceTransmit            
00006985  FRAMSequenceRetrieve            
00006a7d  SRAMStatusRead                  
00006ae9  SRAMSequenceTransmit            
00006bdd  SRAMSequenceRetrieve            
00006fa5  EnableBoard1ChipSelectPins      
00006fcd  EnableBoard2ChipSelectPins      
00006fed  EnableLED                       
00007019  BlinkRedLED                     
00007075  BlinkBlueLED                    
000070d1  BlinkGreenLED                   
0000712d  main                            
000071fd  MDEProcessCycle                 
0000726d  EnableSPI                       
00007331  BoardPowerInit                  
00007367  Board1PowerOn                   
00007375  Board1PowerOff                  
00007383  Board2PowerOn                   
00007391  Board2PowerOff                  
000075c1  CheckErrors                     
00007621  ErrorQueue_Init                 
00007669  ErrorQueue_Insert               
000076e9  ErrorQueue_IsEmpty              
00007705  ErrorQueue_Remove               
00007755  ErrorQueue_Destroy              
00007779  __aeabi_dsub                    
00007783  __aeabi_dadd                    
00007931  RetreiveCSPort                  
0000795f  RetreiveCSCode                  
00007a25  SetChipSelect                   
00007aa5  ResetChipSelect1                
00007abb  ResetChipSelect2                
00007ad9  MDETimerConfigure               
00007b07  MDETimerEnable                  
00007b1f  MDETimerDisable                 
00007b2b  MDETimerInt                     
00007b53  MDEWatchdogsEnable              
00007bb7  ChipWatchdogPoke                
00007bd7  MDEWatchdogPoke                 
00007bff  MDEWatchdogInt                  
00007c0b  ChipWatchdogInt                 
00007c7d  CheckChipHealth                 
00007dad  InitializeChipHealth            
00007e05  WatchdogRunning                 
00007e1b  WatchdogEnable                  
00007e31  WatchdogResetEnable             
00007e47  WatchdogResetDisable            
00007e5d  WatchdogLock                    
00007e6f  WatchdogUnlock                  
00007e81  WatchdogLockState               
00007ea3  WatchdogReloadSet               
00007eb5  WatchdogReloadGet               
00007ec3  WatchdogValueGet                
00007ed1  WatchdogIntRegister             
00007ee7  WatchdogIntUnregister           
00007ef9  WatchdogIntEnable               
00007f0f  WatchdogIntStatus               
00007f2d  WatchdogIntClear                
00007f3d  WatchdogIntTypeSet              
00007f59  WatchdogStallEnable             
00007f71  WatchdogStallDisable            
00007f8d  WriteToChip                     
00008009  ReadFromChip                    
00008231  __aeabi_ddiv                    
0000848d  ldexp                           
0000848d  ldexpl                          
0000848d  scalbn                          
0000848d  scalbnl                         
0000859d  aligned_alloc                   
0000859d  memalign                        
0000869d  __aeabi_dmul                    
00008799  free                            
0000887d  FPUEnable                       
0000888f  FPUDisable                      
0000889d  FPUStackingEnable               
000088af  FPULazyStackingEnable           
000088bb  FPUStackingDisable              
000088c7  FPUHalfPrecisionModeSet         
000088e1  FPUNaNModeSet                   
000088fb  FPUFlushToZeroModeSet           
00008915  FPURoundingModeSet              
000089ef  __aeabi_memcpy                  
000089ef  __aeabi_memcpy4                 
000089ef  __aeabi_memcpy8                 
000089ef  memcpy                          
00008a8b  __aeabi_uldivmod                
00008b21  __aeabi_cdcmpeq                 
00008b21  __aeabi_cdcmple                 
00008ba7  __aeabi_cdrcmple                
00008c2d  __aeabi_memclr                  
00008c2d  __aeabi_memclr4                 
00008c2d  __aeabi_memclr8                 
00008c2f  __aeabi_memset                  
00008c2f  __aeabi_memset4                 
00008c2f  __aeabi_memset8                 
00008c35  memset                          
00008d87  __TI_decompress_lzss            
00008df1  frexp                           
00008df1  frexpl                          
00008eab  __TI_ltoa                       
00008f51  atoi                            
00008f9d  snprintf                        
00008fe9  __aeabi_d2iz                    
00009031  __TI_auto_init_nobinit_nopinit  
00009075  sprintf                         
000090f3  CPUcpsid                        
000090ff  CPUprimask                      
00009109  CPUcpsie                        
00009115  CPUwfi                          
00009119  CPUbasepriSet                   
00009127  CPUbasepriGet                   
00009131  _c_int00_noargs                 
00009165  rand                            
000091c9  __aeabi_i2d                     
00009221  __TI_zero_init_nomemset         
00009259  memccpy                         
00009275  copysign                        
00009275  copysignl                       
000092bf  strchr                          
000092d5  strlen                          
000092e9  wcslen                          
000092fb  __TI_decompress_none            
00009309  ResetISR                        
00009321  __aeabi_errno_addr              
00009329  malloc                          
00009331  SysCtlDelay                     
00009337  _system_pre_init                
0000933b  C$$EXIT                         
0000933b  abort                           
000094f0  _ctypes_                        
00009bb0  __TI_Handler_Table_Base         
00009bbc  __TI_Handler_Table_Limit        
00009bd0  __TI_CINIT_Base                 
00009be8  __TI_CINIT_Limit                
20000000  __start___llvm_prf_cnts         
20000000  __stop___llvm_prf_cnts          
20000000  g_pfnRAMVectors                 
20000270  _sys_memory                     
20004270  __stack                         
20004470  __STACK_END                     
20004470  __STACK_TOP                     
20004570  chip_health_array               
200045b0  chip_death_array                
200045d0  ui32Loop                        
200045d4  reading_chip                    
200045d8  timer_current_cycle             
200045dc  timer_wakeup                    
200045e0  cycle_time_clockrate            
200045e4  current_error                   
200045e8  errorHead                       
200045ec  auto_chip_number                
200045ed  current_chip                    
200045ee  cycle_count                     
200045f0  menuState                       
200045f1  selectedBoard                   
200045f2  currentCycle                    
200045f3  chipSelectStep                  
200045f4  seedErrors                      
200045f8  _lock                           
200045fc  _unlock                         
20004610  errno                           
ffffffff  __TI_pprof_out_hndl             
ffffffff  __TI_prof_data_size             
ffffffff  __TI_prof_data_start            
ffffffff  __binit__                       
ffffffff  __c_args__                      
ffffffff  binit                           
UNDEFED   __mpu_init                      
UNDEFED   _system_post_cinit              

[435 symbols]
