******************************************************************************
                  TI ARM Linker PC v20.2.7                     
******************************************************************************
>> Linked Thu Nov  2 16:55:43 2023

OUTPUT FILE NAME:   <MDE_UART_CCS.out>
ENTRY POINT SYMBOL: "_c_int00_noargs"  address: 00009689


MEMORY CONFIGURATION

         name            origin    length      used     unused   attr    fill
----------------------  --------  ---------  --------  --------  ----  --------
  FLASH                 00000000   00040000  0000a138  00035ec8  R  X
  SRAM                  20000000   00008000  00004615  000039eb  RW X


SEGMENT ALLOCATION MAP

run origin  load origin   length   init length attrs members
----------  ----------- ---------- ----------- ----- -------
00000000    00000000    0000a140   0000a140    r-x
  00000000    00000000    0000026c   0000026c    r-- .intvecs
  0000026c    0000026c    0000962a   0000962a    r-x .text
  00009898    00009898    00000842   00000842    r-- .const
  0000a0e0    0000a0e0    00000060   00000060    r-- .cinit
20000000    20000000    0000461c   00000000    rw-
  20000000    20000000    0000026c   00000000    rw- .vtable
  20000270    20000270    00004000   00000000    rw- .sysmem
  20004270    20004270    00000200   00000000    rw- .stack
  20004470    20004470    00000165   00000000    rw- .bss
  200045d8    200045d8    00000044   00000000    rw- .data


SECTION ALLOCATION MAP

 output                                  attributes/
section   page    origin      length       input sections
--------  ----  ----------  ----------   ----------------
.intvecs   0    00000000    0000026c     
                  00000000    0000026c     tm4c123gh6pm_startup_ccs.obj (.intvecs)

.text      0    0000026c    0000962a     
                  0000026c    00001f78     devtools.obj (.text)
                  000021e4    00000f80     sysctl.obj (.text)
                  00003164    00000b94     gpio.obj (.text)
                  00003cf8    00000a4e     rtsv7M4_T_le_v4SPD16_eabi.lib : _printfi.c.obj (.text:__TI_printfi)
                  00004746    00000002                                   : _lock.c.obj (.text:_nop)
                  00004748    00000844     FLASHfunc.obj (.text)
                  00004f8c    00000642     timer.obj (.text)
                  000055ce    00000002     rtsv7M4_T_le_v4SPD16_eabi.lib : div0.asm.obj (.text)
                  000055d0    0000062e     uart.obj (.text)
                  00005bfe    00000002     --HOLE-- [fill = 0]
                  00005c00    000004ec     obc_uart.obj (.text)
                  000060ec    000003c0     interrupt.obj (.text)
                  000064ac    00000360     MRAMfunc.obj (.text)
                  0000680c    00000336     ssi.obj (.text)
                  00006b42    00000002     --HOLE-- [fill = 0]
                  00006b44    00000314     mde.obj (.text)
                  00006e58    000002bc     FRAMfunc.obj (.text)
                  00007114    000002b0     SRAMfunc.obj (.text)
                  000073c4    00000288     main.obj (.text)
                  0000764c    00000270     rtsv7M4_T_le_v4SPD16_eabi.lib : _printfi.c.obj (.text:_pconv_a)
                  000078bc    00000224     mde_timers.obj (.text)
                  00007ae0    000001d0     rtsv7M4_T_le_v4SPD16_eabi.lib : _printfi.c.obj (.text:_pconv_g)
                  00007cb0    000001c4     bit_errors.obj (.text)
                  00007e74    000001b6     rtsv7M4_T_le_v4SPD16_eabi.lib : fd_add_t2.asm.obj (.text)
                  0000802a    00000002     --HOLE-- [fill = 0]
                  0000802c    000001a8     multiplexer.obj (.text)
                  000081d4    00000188     chip_health.obj (.text)
                  0000835c    00000188     watchdog.obj (.text)
                  000084e4    00000166     chips.obj (.text)
                  0000864a    00000002     --HOLE-- [fill = 0]
                  0000864c    0000013c     rtsv7M4_T_le_v4SPD16_eabi.lib : _printfi.c.obj (.text:_pconv_e)
                  00008788    00000136                                   : fd_div_t2.asm.obj (.text)
                  000088be    00000002     --HOLE-- [fill = 0]
                  000088c0    00000124                                   : _printfi.c.obj (.text:fcvt)
                  000089e4    00000110                                   : s_scalbn.c.obj (.text:scalbn)
                  00008af4    00000100                                   : memory.c.obj (.text:aligned_alloc)
                  00008bf4    000000fc                                   : fd_mul_t2.asm.obj (.text)
                  00008cf0    000000e4                                   : memory.c.obj (.text:free)
                  00008dd4    000000c0     fpu.obj (.text)
                  00008e94    000000b1     rtsv7M4_T_le_v4SPD16_eabi.lib : _printfi.c.obj (.text:_ltostr)
                  00008f45    00000001     --HOLE-- [fill = 0]
                  00008f46    0000009c                                   : memcpy_t2.asm.obj (.text)
                  00008fe2    00000096                                   : ull_div_t2.asm.obj (.text)
                  00009078    00000086                                   : fd_cmp_t2.asm.obj (.text:__aeabi_cdcmple)
                  000090fe    00000086                                   : fd_cmp_t2.asm.obj (.text:__aeabi_cdrcmple)
                  00009184    0000007a                                   : memset_t2.asm.obj (.text)
                  000091fe    00000002     --HOLE-- [fill = 0]
                  00009200    00000070                                   : memory.c.obj (.text:split)
                  00009270    0000006e                                   : _printfi.c.obj (.text:_mcpy)
                  000092de    00000068                                   : copy_decompress_lzss.c.obj (.text:decompress:lzss:__TI_decompress_lzss)
                  00009346    00000002     --HOLE-- [fill = 0]
                  00009348    00000064                                   : s_frexp.c.obj (.text:frexp)
                  000093ac    00000056                                   : _printfi.c.obj (.text:_pconv_f)
                  00009402    00000054                                   : _ltoa.c.obj (.text:__TI_ltoa)
                  00009456    00000052                                   : _printfi.c.obj (.text:_ecpy)
                  000094a8    0000004c                                   : atoi.c.obj (.text:atoi)
                  000094f4    0000004c                                   : snprintf.c.obj (.text:snprintf)
                  00009540    00000048                                   : fd_toi_t2.asm.obj (.text)
                  00009588    00000044                                   : autoinit.c.obj (.text:__TI_auto_init_nobinit_nopinit:__TI_auto_init_nobinit_nopinit)
                  000095cc    00000040                                   : sprintf.c.obj (.text:sprintf)
                  0000960c    0000003e                                   : _printfi.c.obj (.text:_fcpy)
                  0000964a    0000003e     cpu.obj (.text)
                  00009688    00000034     rtsv7M4_T_le_v4SPD16_eabi.lib : boot_cortex_m.c.obj (.text:_c_int00_noargs:_c_int00_noargs)
                  000096bc    00000034                                   : rand.c.obj (.text:rand)
                  000096f0    00000030                                   : snprintf.c.obj (.text:_outs)
                  00009720    0000002e                                   : i_tofd_t2.asm.obj (.text)
                  0000974e    00000002     --HOLE-- [fill = 0]
                  00009750    00000028                                   : memory.c.obj (.text:free_list_insert)
                  00009778    0000001c                                   : copy_zero_init.c.obj (.text:decompress:ZI:__TI_zero_init_nomemset:__TI_zero_init_nomemset)
                  00009794    0000001c                                   : memory.c.obj (.text:free_list_remove)
                  000097b0    0000001c                                   : memccpy.c.obj (.text:memccpy)
                  000097cc    0000001a                                   : s_copysign.c.obj (.text:copysign)
                  000097e6    00000018                                   : snprintf.c.obj (.text:_outc)
                  000097fe    00000018                                   : sprintf.c.obj (.text:_outs)
                  00009816    00000016                                   : strchr.c.obj (.text:strchr)
                  0000982c    00000014                                   : strlen.c.obj (.text:strlen)
                  00009840    00000012                                   : wcslen.c.obj (.text:wcslen)
                  00009852    0000000e                                   : copy_decompress_none.c.obj (.text:decompress:none:__TI_decompress_none)
                  00009860    0000000c     tm4c123gh6pm_startup_ccs.obj (.text)
                  0000986c    0000000a     rtsv7M4_T_le_v4SPD16_eabi.lib : sprintf.c.obj (.text:_outc)
                  00009876    00000002     --HOLE-- [fill = 0]
                  00009878    00000008                                   : errno.c.obj (.text:__aeabi_errno_addr)
                  00009880    00000008                                   : memory.c.obj (.text:malloc)
                  00009888    00000006     sysctl.obj (.text:SysCtlDelay)
                  0000988e    00000004     rtsv7M4_T_le_v4SPD16_eabi.lib : pre_init.c.obj (.text:_system_pre_init)
                  00009892    00000004                                   : exit.c.obj (.text:abort:abort)

.const     0    00009898    00000842     
                  00009898    000001b0     sysctl.obj (.const:g_pppui32XTALtoVCO)
                  00009a48    00000101     rtsv7M4_T_le_v4SPD16_eabi.lib : ctype.c.obj (.const:.string:_ctypes_)
                  00009b49    00000003     --HOLE-- [fill = 0]
                  00009b4c    000000d8     gpio.obj (.const:g_ppui32GPIOIntMapSnowflake)
                  00009c24    000000c0     gpio.obj (.const:g_ppui32GPIOIntMapBlizzard)
                  00009ce4    0000009c     interrupt.obj (.const:g_pui32Regs)
                  00009d80    00000090     gpio.obj (.const:g_pui32GPIOBaseAddrs)
                  00009e10    0000006c     sysctl.obj (.const:g_pui32Xtals)
                  00009e7c    00000060     timer.obj (.const:g_ppui32TimerIntMap)
                  00009edc    00000040     timer.obj (.const:g_ppui32TimerIntMapSnowflake)
                  00009f1c    00000040     uart.obj (.const:g_ppui32UARTIntMap)
                  00009f5c    00000040     uart.obj (.const:g_ppui32UARTIntMapSnowflake)
                  00009f9c    00000030     sysctl.obj (.const:g_sXTALtoMEMTIM)
                  00009fcc    00000020     ssi.obj (.const:g_ppui32SSIIntMap)
                  00009fec    00000020     ssi.obj (.const:g_ppui32SSIIntMapSnowflake)
                  0000a00c    00000020     interrupt.obj (.const:g_pui32Priority)
                  0000a02c    0000001f     obc_uart.obj (.const:.string:$P$T0$1)
                  0000a04b    00000014     obc_uart.obj (.const:.string:$P$T2$3)
                  0000a05f    00000001     --HOLE-- [fill = 0]
                  0000a060    00000014     interrupt.obj (.const:g_pui32Dii16Regs)
                  0000a074    00000014     interrupt.obj (.const:g_pui32EnRegs)
                  0000a088    00000014     interrupt.obj (.const:g_pui32PendRegs)
                  0000a09c    00000014     interrupt.obj (.const:g_pui32UnpendRegs)
                  0000a0b0    00000010     obc_uart.obj (.const:.string:$P$T1$2)
                  0000a0c0    00000008     sysctl.obj (.const:g_pui32VCOFrequencies)
                  0000a0c8    00000006     devtools.obj (.const:.string:$P$T0$1)
                  0000a0ce    00000006     devtools.obj (.const:.string:$P$T1$2)
                  0000a0d4    00000006     obc_uart.obj (.const:.string:$P$T3$4)

.cinit     0    0000a0e0    00000060     
                  0000a0e0    00000029     (.cinit..data.load) [load image, compression = lzss]
                  0000a109    00000003     --HOLE-- [fill = 0]
                  0000a10c    0000000c     (__TI_handler_table)
                  0000a118    00000008     (.cinit..bss.load) [load image, compression = zero_init]
                  0000a120    00000008     (.cinit..vtable.load) [load image, compression = zero_init]
                  0000a128    00000018     (__TI_cinit_table)

.init_array 
*          0    00000000    00000000     UNINITIALIZED

.vtable    0    20000000    0000026c     UNINITIALIZED
                  20000000    0000026c     interrupt.obj (.vtable)

.sysmem    0    20000270    00004000     UNINITIALIZED
                  20000270    00000010     rtsv7M4_T_le_v4SPD16_eabi.lib : memory.c.obj (.sysmem)
                  20000280    00003ff0     --HOLE--

.stack     0    20004270    00000200     UNINITIALIZED
                  20004270    00000004     rtsv7M4_T_le_v4SPD16_eabi.lib : boot_cortex_m.c.obj (.stack)
                  20004274    000001fc     --HOLE--

.bss       0    20004470    00000165     UNINITIALIZED
                  20004470    00000100     obc_uart.obj (.bss:uart_obc_msg_chars)
                  20004570    00000040     (.common:chip_health_array)
                  200045b0    00000020     (.common:chip_death_array)
                  200045d0    00000004     (.common:ui32Loop)
                  200045d4    00000001     (.common:currentCycle)

.data      0    200045d8    00000044     UNINITIALIZED
                  200045d8    00000024     main.obj (.data)
                  200045fc    00000008     rtsv7M4_T_le_v4SPD16_eabi.lib : _lock.c.obj (.data:$O1$$)
                  20004604    00000008                                   : memory.c.obj (.data:$O1$$)
                  2000460c    00000006     obc_uart.obj (.data)
                  20004612    00000002     --HOLE--
                  20004614    00000004     rtsv7M4_T_le_v4SPD16_eabi.lib : errno.c.obj (.data)
                  20004618    00000004                                   : rand.c.obj (.data)

__llvm_prf_cnts 
*          0    20000000    00000000     UNINITIALIZED

MODULE SUMMARY

       Module                         code    ro data   rw data
       ------                         ----    -------   -------
    .\driverlib\
       sysctl.obj                     3974    596       0      
       gpio.obj                       2964    552       0      
       interrupt.obj                  960     268       620    
       timer.obj                      1602    160       0      
       uart.obj                       1582    128       0      
       ssi.obj                        822     64        0      
       watchdog.obj                   392     0         0      
       fpu.obj                        192     0         0      
       cpu.obj                        62      0         0      
    +--+------------------------------+-------+---------+---------+
       Total:                         12550   1768      620    
                                                               
    .\source\
       devtools.obj                   8056    12        0      
       obc_uart.obj                   1260    73        262    
       mde.obj                        788     0         0      
       main.obj                       648     0         137    
       tm4c123gh6pm_startup_ccs.obj   12      620       0      
       mde_timers.obj                 548     0         0      
       bit_errors.obj                 452     0         0      
       multiplexer.obj                424     0         0      
       chip_health.obj                392     0         0      
       chips.obj                      358     0         0      
    +--+------------------------------+-------+---------+---------+
       Total:                         12938   705       399    
                                                               
    .\source\chipDrivers\
       FLASHfunc.obj                  2116    0         0      
       MRAMfunc.obj                   864     0         0      
       FRAMfunc.obj                   700     0         0      
       SRAMfunc.obj                   688     0         0      
    +--+------------------------------+-------+---------+---------+
       Total:                         4368    0         0      
                                                               
    C:\ti\ccs1120\ccs\tools\compiler\ti-cgt-arm_20.2.7.LTS\lib\rtsv7M4_T_le_v4SPD16_eabi.lib
       _printfi.c.obj                 4851    0         0      
       memory.c.obj                   672     0         8      
       fd_add_t2.asm.obj              438     0         0      
       fd_div_t2.asm.obj              310     0         0      
       s_scalbn.c.obj                 272     0         0      
       fd_cmp_t2.asm.obj              268     0         0      
       ctype.c.obj                    0       257       0      
       fd_mul_t2.asm.obj              252     0         0      
       memcpy_t2.asm.obj              156     0         0      
       ull_div_t2.asm.obj             150     0         0      
       snprintf.c.obj                 148     0         0      
       memset_t2.asm.obj              122     0         0      
       copy_decompress_lzss.c.obj     104     0         0      
       s_frexp.c.obj                  100     0         0      
       sprintf.c.obj                  98      0         0      
       _ltoa.c.obj                    84      0         0      
       atoi.c.obj                     76      0         0      
       fd_toi_t2.asm.obj              72      0         0      
       autoinit.c.obj                 68      0         0      
       rand.c.obj                     52      0         4      
       boot_cortex_m.c.obj            52      0         0      
       i_tofd_t2.asm.obj              46      0         0      
       copy_zero_init.c.obj           28      0         0      
       memccpy.c.obj                  28      0         0      
       s_copysign.c.obj               26      0         0      
       strchr.c.obj                   22      0         0      
       strlen.c.obj                   20      0         0      
       wcslen.c.obj                   18      0         0      
       copy_decompress_none.c.obj     14      0         0      
       errno.c.obj                    8       0         4      
       _lock.c.obj                    2       0         8      
       exit.c.obj                     4       0         0      
       pre_init.c.obj                 4       0         0      
       div0.asm.obj                   2       0         0      
    +--+------------------------------+-------+---------+---------+
       Total:                         8567    257       24     
                                                               
       Heap:                          0       0         16384  
       Stack:                         0       0         512    
       Linker Generated:              0       93        0      
    +--+------------------------------+-------+---------+---------+
       Grand Total:                   38423   2823      17939  


LINKER GENERATED COPY TABLES

__TI_cinit_table @ 0000a128 records: 3, size/record: 8, table size: 24
	.data: load addr=0000a0e0, load size=00000029 bytes, run addr=200045d8, run size=00000044 bytes, compression=lzss
	.bss: load addr=0000a118, load size=00000008 bytes, run addr=20004470, run size=00000165 bytes, compression=zero_init
	.vtable: load addr=0000a120, load size=00000008 bytes, run addr=20000000, run size=0000026c bytes, compression=zero_init


LINKER GENERATED HANDLER TABLE

__TI_handler_table @ 0000a10c records: 3, size/record: 4, table size: 12
	index: 0, handler: __TI_zero_init
	index: 1, handler: __TI_decompress_lzss
	index: 2, handler: __TI_decompress_none


GLOBAL SYMBOLS: SORTED ALPHABETICALLY BY Name 

address   name                            
-------   ----                            
00007495  BlinkBlueLED                    
000074f1  BlinkGreenLED                   
00007439  BlinkRedLED                     
00006d73  Board1PowerOff                  
00006d65  Board1PowerOn                   
00006d8f  Board2PowerOff                  
00006d81  Board2PowerOn                   
00006d2f  BoardPowerInit                  
00009893  C$$EXIT                         
0000967f  CPUbasepriGet                   
00009671  CPUbasepriSet                   
0000964b  CPUcpsid                        
00009661  CPUcpsie                        
00009657  CPUprimask                      
0000966d  CPUwfi                          
000081d5  CheckChipHealth                 
00007cb1  CheckErrors                     
00007a1b  ChipWatchdogInt                 
0000799d  ChipWatchdogPoke                
000073c5  EnableBoard1ChipSelectPins      
000073ed  EnableBoard2ChipSelectPins      
0000740d  EnableLED                       
00006c6b  EnableSPI                       
00007e4d  ErrorQueue_Destroy              
00007d01  ErrorQueue_Init                 
00007d49  ErrorQueue_Insert               
00007dd9  ErrorQueue_IsEmpty              
00001e85  ErrorQueue_PrintLink            
00007df5  ErrorQueue_Remove               
00008de7  FPUDisable                      
00008dd5  FPUEnable                       
00008e53  FPUFlushToZeroModeSet           
00008e1f  FPUHalfPrecisionModeSet         
00008e07  FPULazyStackingEnable           
00008e39  FPUNaNModeSet                   
00008e6d  FPURoundingModeSet              
00008e13  FPUStackingDisable              
00008df5  FPUStackingEnable               
00007021  FRAMSequenceRetrieve            
00006f43  FRAMSequenceTransmit            
00006e59  FRAMStatusRead                  
00004869  FlashConfiguration              
00004b5b  FlashErase                      
00004e61  FlashSequenceRetrieve           
00004c8f  FlashSequenceTransmit           
00004749  FlashStatusRead                 
00003cd1  GPIOADCTriggerDisable           
00003cb3  GPIOADCTriggerEnable            
00003c95  GPIODMATriggerDisable           
00003c77  GPIODMATriggerEnable            
0000321f  GPIODirModeGet                  
000031c3  GPIODirModeSet                  
00003787  GPIOIntClear                    
0000374b  GPIOIntDisable                  
00003731  GPIOIntEnable                   
0000379b  GPIOIntRegister                 
000037d3  GPIOIntRegisterPin              
00003765  GPIOIntStatus                   
0000330f  GPIOIntTypeGet                  
0000326b  GPIOIntTypeSet                  
000037b9  GPIOIntUnregister               
00003801  GPIOIntUnregisterPin            
000035df  GPIOPadConfigGet                
000033a5  GPIOPadConfigSet                
00003c19  GPIOPinConfigure                
00003825  GPIOPinRead                     
0000385d  GPIOPinTypeADC                  
00003881  GPIOPinTypeCAN                  
000038a5  GPIOPinTypeComparator           
000038c9  GPIOPinTypeComparatorOutput     
000038ed  GPIOPinTypeDIVSCLK              
00003911  GPIOPinTypeEPI                  
00003935  GPIOPinTypeEthernetLED          
00003959  GPIOPinTypeEthernetMII          
0000397d  GPIOPinTypeGPIOInput            
000039a1  GPIOPinTypeGPIOOutput           
000039c5  GPIOPinTypeGPIOOutputOD         
000039e9  GPIOPinTypeHibernateRTCCLK      
00003a0d  GPIOPinTypeI2C                  
00003a31  GPIOPinTypeI2CSCL               
00003a55  GPIOPinTypeLCD                  
00003a79  GPIOPinTypeOneWire              
00003a9d  GPIOPinTypePWM                  
00003ac1  GPIOPinTypeQEI                  
00003ae5  GPIOPinTypeSSI                  
00003b09  GPIOPinTypeTimer                
00003b2d  GPIOPinTypeTrace                
00003b51  GPIOPinTypeUART                 
00003b75  GPIOPinTypeUSBAnalog            
00003b99  GPIOPinTypeUSBDigital           
00003bbd  GPIOPinTypeWakeHigh             
00003be3  GPIOPinTypeWakeLow              
00003c09  GPIOPinWakeStatus               
0000383d  GPIOPinWrite                    
00008305  InitializeChipHealth            
000062ad  IntDisable                      
0000623b  IntEnable                       
0000631f  IntIsEnabled                    
000060ff  IntMasterDisable                
000060ef  IntMasterEnable                 
00006415  IntPendClear                    
000063a5  IntPendSet                      
00006217  IntPriorityGet                  
0000618f  IntPriorityGroupingGet          
00006175  IntPriorityGroupingSet          
0000646f  IntPriorityMaskGet              
00006463  IntPriorityMaskSet              
000061c7  IntPrioritySet                  
0000610f  IntRegister                     
00006477  IntTrigger                      
00006161  IntUnregister                   
00006b45  MDEProcessCycle                 
0000600b  MDERequestReset                 
000078bd  MDETimerConfigure               
00007903  MDETimerDisable                 
000078eb  MDETimerEnable                  
0000790f  MDETimerInt                     
000079e9  MDEWatchdogInt                  
000079bf  MDEWatchdogPoke                 
000066d3  MRAMSequenceRetrieve            
000065d5  MRAMSequenceTransmit            
00006521  MRAMStatusPrepare               
000064ad  MRAMStatusRead                  
00008561  ReadFromChip                    
000081a1  ResetChipSelect1                
000081b7  ResetChipSelect2                
00009861  ResetISR                        
0000805b  RetreiveCSCode                  
0000802d  RetreiveCSPort                  
0000726d  SRAMSequenceRetrieve            
00007181  SRAMSequenceTransmit            
00007115  SRAMStatusRead                  
00006ac5  SSIAdvDataPutFrameEnd           
00006aeb  SSIAdvDataPutFrameEndNonBlocking
00006b2d  SSIAdvFrameHoldDisable          
00006b17  SSIAdvFrameHoldEnable           
00006a93  SSIAdvModeSet                   
00006a51  SSIBusy                         
00006a83  SSIClockSourceGet               
00006a6f  SSIClockSourceSet               
0000686b  SSIConfigSetExpClk              
00006a39  SSIDMADisable                   
00006a21  SSIDMAEnable                    
000069e3  SSIDataGet                      
000069ff  SSIDataGetNonBlocking           
000069a9  SSIDataPut                      
000069c3  SSIDataPutNonBlocking           
000068fb  SSIDisable                      
000068e5  SSIEnable                       
00006997  SSIIntClear                     
00006961  SSIIntDisable                   
00006949  SSIIntEnable                    
00006911  SSIIntRegister                  
00006979  SSIIntStatus                    
0000692f  SSIIntUnregister                
00008121  SetChipSelect                   
00003121  SysCtlAltClkConfig              
00002849  SysCtlClockFreqSet              
00002d11  SysCtlClockGet                  
00003105  SysCtlClockOutConfig            
00002b41  SysCtlClockSet                  
0000274d  SysCtlDeepSleep                 
00002ed5  SysCtlDeepSleepClockConfigSet   
00002eb7  SysCtlDeepSleepClockSet         
0000272d  SysCtlDeepSleepPowerSet         
00009889  SysCtlDelay                     
000022db  SysCtlFlashSectorSizeGet        
000022af  SysCtlFlashSizeGet              
00002fab  SysCtlGPIOAHBDisable            
00002f8f  SysCtlGPIOAHBEnable             
000026c1  SysCtlIntClear                  
000026a9  SysCtlIntDisable                
00002695  SysCtlIntEnable                 
0000266d  SysCtlIntRegister               
000026d1  SysCtlIntStatus                 
00002685  SysCtlIntUnregister             
00002713  SysCtlLDODeepSleepGet           
00002703  SysCtlLDODeepSleepSet           
000026fd  SysCtlLDOSleepGet               
000026ed  SysCtlLDOSleepSet               
00002783  SysCtlMOSCConfigSet             
000030e9  SysCtlNMIClear                  
000030d5  SysCtlNMIStatus                 
00002799  SysCtlPIOSCCalibrate            
00002f79  SysCtlPWMClockGet               
00002f5f  SysCtlPWMClockSet               
00002619  SysCtlPeripheralClockGating     
000025d1  SysCtlPeripheralDeepSleepDisable
00002581  SysCtlPeripheralDeepSleepEnable 
000024bd  SysCtlPeripheralDisable         
00002481  SysCtlPeripheralEnable          
000023bd  SysCtlPeripheralPowerOff        
00002381  SysCtlPeripheralPowerOn         
00002301  SysCtlPeripheralPresent         
00002341  SysCtlPeripheralReady           
000023f9  SysCtlPeripheralReset           
00002545  SysCtlPeripheralSleepDisable    
00002501  SysCtlPeripheralSleepEnable     
0000273d  SysCtlReset                     
000027f9  SysCtlResetBehaviorGet          
000027e9  SysCtlResetBehaviorSet          
0000276f  SysCtlResetCauseClear           
00002769  SysCtlResetCauseGet             
000022a5  SysCtlSRAMSizeGet               
00002745  SysCtlSleep                     
00002719  SysCtlSleepPowerSet             
00002fd3  SysCtlUSBPLLDisable             
00002fc7  SysCtlUSBPLLEnable              
00003019  SysCtlVCOGet                    
00003001  SysCtlVoltageEventClear         
00002fe5  SysCtlVoltageEventConfig        
00002ff5  SysCtlVoltageEventStatus        
0000554d  TimerADCEventGet                
0000553b  TimerADCEventSet                
00005271  TimerClockSourceGet             
00005247  TimerClockSourceSet             
0000503b  TimerConfigure                  
0000515b  TimerControlEvent               
000050b7  TimerControlLevel               
00005185  TimerControlStall               
000050ed  TimerControlTrigger             
000051bb  TimerControlWaitOnTrigger       
0000556d  TimerDMAEventGet                
0000555b  TimerDMAEventSet                
0000501d  TimerDisable                    
00004fff  TimerEnable                     
00005517  TimerIntClear                   
000054e1  TimerIntDisable                 
000054c9  TimerIntEnable                  
00005483  TimerIntRegister                
000054f9  TimerIntStatus                  
000054ab  TimerIntUnregister              
0000533b  TimerLoadGet                    
00005371  TimerLoadGet64                  
00005311  TimerLoadSet                    
00005357  TimerLoadSet64                  
0000541b  TimerMatchGet                   
00005451  TimerMatchGet64                 
000053f1  TimerMatchSet                   
00005437  TimerMatchSet64                 
000052ab  TimerPrescaleGet                
000052f5  TimerPrescaleMatchGet           
000052c7  TimerPrescaleMatchSet           
00005281  TimerPrescaleSet                
00005231  TimerRTCDisable                 
0000521b  TimerRTCEnable                  
00005529  TimerSynchronize                
0000557b  TimerUpdateMode                 
000053a3  TimerValueGet                   
000053bf  TimerValueGet64                 
00005d25  TransmitErrors                  
00005e15  TransmitHealth                  
00005ba1  UART9BitAddrSend                
00005b7b  UART9BitAddrSet                 
00005b65  UART9BitDisable                 
00005b4f  UART9BitEnable                  
000059f3  UARTBreakCtl                    
00005a1d  UARTBusy                        
0000599b  UARTCharGet                     
0000597f  UARTCharGetNonBlocking          
000059d5  UARTCharPut                     
000059b1  UARTCharPutNonBlocking          
00005943  UARTCharsAvail                  
00005b3f  UARTClockSourceGet              
00005b2b  UARTClockSourceSet              
00005713  UARTConfigGetExpClk             
0000569d  UARTConfigSetExpClk             
00005af1  UARTDMADisable                  
00005ad9  UARTDMAEnable                   
000002a5  UARTDebugEnable                 
0000026d  UARTDebugIntHandler             
00000303  UARTDebugSend                   
00005783  UARTDisable                     
00005807  UARTDisableSIR                  
0000575f  UARTEnable                      
000057d9  UARTEnableSIR                   
000057c3  UARTFIFODisable                 
000057ad  UARTFIFOEnable                  
00005675  UARTFIFOLevelGet                
0000565d  UARTFIFOLevelSet                
00005903  UARTFlowControlGet              
000058e7  UARTFlowControlSet              
00005ac7  UARTIntClear                    
00005a91  UARTIntDisable                  
00005a79  UARTIntEnable                   
00005a3b  UARTIntRegister                 
00005aa9  UARTIntStatus                   
00005a59  UARTIntUnregister               
00005be9  UARTLoopbackEnable              
0000589d  UARTModemControlClear           
000058c1  UARTModemControlGet             
00005865  UARTModemControlSet             
000058d3  UARTModemStatusGet              
00005c9b  UARTOBCEnable                   
00005c01  UARTOBCIntHandler               
00006005  UARTOBCIsDataReady              
00005f21  UARTOBCRecvMsgHandler           
00005cfd  UARTOBCSend                     
00006033  UARTOBCSetMsg                   
0000564b  UARTParityModeGet               
0000562f  UARTParityModeSet               
00005b1b  UARTRxErrorClear                
00005b09  UARTRxErrorGet                  
0000584f  UARTSmartCardDisable            
0000581d  UARTSmartCardEnable             
00005961  UARTSpaceAvail                  
00005931  UARTTxIntModeGet                
00005915  UARTTxIntModeSet                
00008373  WatchdogEnable                  
00008485  WatchdogIntClear                
00008451  WatchdogIntEnable               
00008429  WatchdogIntRegister             
00008467  WatchdogIntStatus               
00008495  WatchdogIntTypeSet              
0000843f  WatchdogIntUnregister           
000083b5  WatchdogLock                    
000083d9  WatchdogLockState               
0000840d  WatchdogReloadGet               
000083fb  WatchdogReloadSet               
0000839f  WatchdogResetDisable            
00008389  WatchdogResetEnable             
0000835d  WatchdogRunning                 
000084c9  WatchdogStallDisable            
000084b1  WatchdogStallEnable             
000083c7  WatchdogUnlock                  
0000841b  WatchdogValueGet                
0000792d  WatchdogsEnable                 
000084e5  WriteToChip                     
20004470  __STACK_END                     
00000200  __STACK_SIZE                    
20004470  __STACK_TOP                     
00004000  __SYSMEM_SIZE                   
0000a128  __TI_CINIT_Base                 
0000a140  __TI_CINIT_Limit                
0000a10c  __TI_Handler_Table_Base         
0000a118  __TI_Handler_Table_Limit        
00009589  __TI_auto_init_nobinit_nopinit  
000092df  __TI_decompress_lzss            
00009853  __TI_decompress_none            
00009403  __TI_ltoa                       
ffffffff  __TI_pprof_out_hndl             
00003cf9  __TI_printfi                    
ffffffff  __TI_prof_data_size             
ffffffff  __TI_prof_data_start            
00000000  __TI_static_base__              
00009779  __TI_zero_init_nomemset         
00009079  __aeabi_cdcmpeq                 
00009079  __aeabi_cdcmple                 
000090ff  __aeabi_cdrcmple                
00009541  __aeabi_d2iz                    
00007e7f  __aeabi_dadd                    
00008789  __aeabi_ddiv                    
00008bf5  __aeabi_dmul                    
00007e75  __aeabi_dsub                    
00009879  __aeabi_errno_addr              
00009721  __aeabi_i2d                     
000055cf  __aeabi_idiv0                   
000055cf  __aeabi_ldiv0                   
00009185  __aeabi_memclr                  
00009185  __aeabi_memclr4                 
00009185  __aeabi_memclr8                 
00008f47  __aeabi_memcpy                  
00008f47  __aeabi_memcpy4                 
00008f47  __aeabi_memcpy8                 
00009187  __aeabi_memset                  
00009187  __aeabi_memset4                 
00009187  __aeabi_memset8                 
00008fe3  __aeabi_uldivmod                
ffffffff  __binit__                       
ffffffff  __c_args__                      
UNDEFED   __mpu_init                      
20004270  __stack                         
20000000  __start___llvm_prf_cnts         
20000000  __stop___llvm_prf_cnts          
00009689  _c_int00_noargs                 
00009a48  _ctypes_                        
200045fc  _lock                           
00004747  _nop                            
20000270  _sys_memory                     
UNDEFED   _system_post_cinit              
0000988f  _system_pre_init                
20004600  _unlock                         
00009893  abort                           
00008af5  aligned_alloc                   
000094a9  atoi                            
200045f4  auto_chip_number                
ffffffff  binit                           
200045fa  chipSelectStep                  
200045b0  chip_death_array                
20004570  chip_health_array               
000097cd  copysign                        
000097cd  copysignl                       
200045d4  currentCycle                    
200045f5  current_chip                    
200045ec  current_error                   
200045f6  cycle_count                     
200045dc  cycle_time_clockrate            
20004614  errno                           
200045f0  errorHead                       
00008cf1  free                            
00009349  frexp                           
00009349  frexpl                          
20000000  g_pfnRAMVectors                 
00000000  g_pfnVectors                    
000089e5  ldexp                           
000089e5  ldexpl                          
0000754d  main                            
00009881  malloc                          
00008af5  memalign                        
000097b1  memccpy                         
00008f47  memcpy                          
0000918d  memset                          
200045f8  menuState                       
00000339  printDebugMenu                  
00001f8d  processBoardPowerInput          
000013b9  processChipFunctionsInput       
00001c59  processChipHealthInput          
00001b9b  processChipSelectInput          
00001133  processDebugInput               
00001dc9  processErrorInput               
0000128d  processMainMenuInput            
0000203d  processOBCCommandInput          
000096bd  rand                            
200045d9  reading_chip                    
000089e5  scalbn                          
000089e5  scalbnl                         
200045fb  seedErrors                      
200045f9  selectedBoard                   
000094f5  snprintf                        
000095cd  sprintf                         
00009817  strchr                          
0000982d  strlen                          
200045e0  timer_current_cycle             
200045d8  timer_wakeup                    
200045d0  ui32Loop                        
00009841  wcslen                          
200045e4  wd_chip_time                    
200045e8  wd_mde_time                     


GLOBAL SYMBOLS: SORTED BY Symbol Address 

address   name                            
-------   ----                            
00000000  __TI_static_base__              
00000000  g_pfnVectors                    
00000200  __STACK_SIZE                    
0000026d  UARTDebugIntHandler             
000002a5  UARTDebugEnable                 
00000303  UARTDebugSend                   
00000339  printDebugMenu                  
00001133  processDebugInput               
0000128d  processMainMenuInput            
000013b9  processChipFunctionsInput       
00001b9b  processChipSelectInput          
00001c59  processChipHealthInput          
00001dc9  processErrorInput               
00001e85  ErrorQueue_PrintLink            
00001f8d  processBoardPowerInput          
0000203d  processOBCCommandInput          
000022a5  SysCtlSRAMSizeGet               
000022af  SysCtlFlashSizeGet              
000022db  SysCtlFlashSectorSizeGet        
00002301  SysCtlPeripheralPresent         
00002341  SysCtlPeripheralReady           
00002381  SysCtlPeripheralPowerOn         
000023bd  SysCtlPeripheralPowerOff        
000023f9  SysCtlPeripheralReset           
00002481  SysCtlPeripheralEnable          
000024bd  SysCtlPeripheralDisable         
00002501  SysCtlPeripheralSleepEnable     
00002545  SysCtlPeripheralSleepDisable    
00002581  SysCtlPeripheralDeepSleepEnable 
000025d1  SysCtlPeripheralDeepSleepDisable
00002619  SysCtlPeripheralClockGating     
0000266d  SysCtlIntRegister               
00002685  SysCtlIntUnregister             
00002695  SysCtlIntEnable                 
000026a9  SysCtlIntDisable                
000026c1  SysCtlIntClear                  
000026d1  SysCtlIntStatus                 
000026ed  SysCtlLDOSleepSet               
000026fd  SysCtlLDOSleepGet               
00002703  SysCtlLDODeepSleepSet           
00002713  SysCtlLDODeepSleepGet           
00002719  SysCtlSleepPowerSet             
0000272d  SysCtlDeepSleepPowerSet         
0000273d  SysCtlReset                     
00002745  SysCtlSleep                     
0000274d  SysCtlDeepSleep                 
00002769  SysCtlResetCauseGet             
0000276f  SysCtlResetCauseClear           
00002783  SysCtlMOSCConfigSet             
00002799  SysCtlPIOSCCalibrate            
000027e9  SysCtlResetBehaviorSet          
000027f9  SysCtlResetBehaviorGet          
00002849  SysCtlClockFreqSet              
00002b41  SysCtlClockSet                  
00002d11  SysCtlClockGet                  
00002eb7  SysCtlDeepSleepClockSet         
00002ed5  SysCtlDeepSleepClockConfigSet   
00002f5f  SysCtlPWMClockSet               
00002f79  SysCtlPWMClockGet               
00002f8f  SysCtlGPIOAHBEnable             
00002fab  SysCtlGPIOAHBDisable            
00002fc7  SysCtlUSBPLLEnable              
00002fd3  SysCtlUSBPLLDisable             
00002fe5  SysCtlVoltageEventConfig        
00002ff5  SysCtlVoltageEventStatus        
00003001  SysCtlVoltageEventClear         
00003019  SysCtlVCOGet                    
000030d5  SysCtlNMIStatus                 
000030e9  SysCtlNMIClear                  
00003105  SysCtlClockOutConfig            
00003121  SysCtlAltClkConfig              
000031c3  GPIODirModeSet                  
0000321f  GPIODirModeGet                  
0000326b  GPIOIntTypeSet                  
0000330f  GPIOIntTypeGet                  
000033a5  GPIOPadConfigSet                
000035df  GPIOPadConfigGet                
00003731  GPIOIntEnable                   
0000374b  GPIOIntDisable                  
00003765  GPIOIntStatus                   
00003787  GPIOIntClear                    
0000379b  GPIOIntRegister                 
000037b9  GPIOIntUnregister               
000037d3  GPIOIntRegisterPin              
00003801  GPIOIntUnregisterPin            
00003825  GPIOPinRead                     
0000383d  GPIOPinWrite                    
0000385d  GPIOPinTypeADC                  
00003881  GPIOPinTypeCAN                  
000038a5  GPIOPinTypeComparator           
000038c9  GPIOPinTypeComparatorOutput     
000038ed  GPIOPinTypeDIVSCLK              
00003911  GPIOPinTypeEPI                  
00003935  GPIOPinTypeEthernetLED          
00003959  GPIOPinTypeEthernetMII          
0000397d  GPIOPinTypeGPIOInput            
000039a1  GPIOPinTypeGPIOOutput           
000039c5  GPIOPinTypeGPIOOutputOD         
000039e9  GPIOPinTypeHibernateRTCCLK      
00003a0d  GPIOPinTypeI2C                  
00003a31  GPIOPinTypeI2CSCL               
00003a55  GPIOPinTypeLCD                  
00003a79  GPIOPinTypeOneWire              
00003a9d  GPIOPinTypePWM                  
00003ac1  GPIOPinTypeQEI                  
00003ae5  GPIOPinTypeSSI                  
00003b09  GPIOPinTypeTimer                
00003b2d  GPIOPinTypeTrace                
00003b51  GPIOPinTypeUART                 
00003b75  GPIOPinTypeUSBAnalog            
00003b99  GPIOPinTypeUSBDigital           
00003bbd  GPIOPinTypeWakeHigh             
00003be3  GPIOPinTypeWakeLow              
00003c09  GPIOPinWakeStatus               
00003c19  GPIOPinConfigure                
00003c77  GPIODMATriggerEnable            
00003c95  GPIODMATriggerDisable           
00003cb3  GPIOADCTriggerEnable            
00003cd1  GPIOADCTriggerDisable           
00003cf9  __TI_printfi                    
00004000  __SYSMEM_SIZE                   
00004747  _nop                            
00004749  FlashStatusRead                 
00004869  FlashConfiguration              
00004b5b  FlashErase                      
00004c8f  FlashSequenceTransmit           
00004e61  FlashSequenceRetrieve           
00004fff  TimerEnable                     
0000501d  TimerDisable                    
0000503b  TimerConfigure                  
000050b7  TimerControlLevel               
000050ed  TimerControlTrigger             
0000515b  TimerControlEvent               
00005185  TimerControlStall               
000051bb  TimerControlWaitOnTrigger       
0000521b  TimerRTCEnable                  
00005231  TimerRTCDisable                 
00005247  TimerClockSourceSet             
00005271  TimerClockSourceGet             
00005281  TimerPrescaleSet                
000052ab  TimerPrescaleGet                
000052c7  TimerPrescaleMatchSet           
000052f5  TimerPrescaleMatchGet           
00005311  TimerLoadSet                    
0000533b  TimerLoadGet                    
00005357  TimerLoadSet64                  
00005371  TimerLoadGet64                  
000053a3  TimerValueGet                   
000053bf  TimerValueGet64                 
000053f1  TimerMatchSet                   
0000541b  TimerMatchGet                   
00005437  TimerMatchSet64                 
00005451  TimerMatchGet64                 
00005483  TimerIntRegister                
000054ab  TimerIntUnregister              
000054c9  TimerIntEnable                  
000054e1  TimerIntDisable                 
000054f9  TimerIntStatus                  
00005517  TimerIntClear                   
00005529  TimerSynchronize                
0000553b  TimerADCEventSet                
0000554d  TimerADCEventGet                
0000555b  TimerDMAEventSet                
0000556d  TimerDMAEventGet                
0000557b  TimerUpdateMode                 
000055cf  __aeabi_idiv0                   
000055cf  __aeabi_ldiv0                   
0000562f  UARTParityModeSet               
0000564b  UARTParityModeGet               
0000565d  UARTFIFOLevelSet                
00005675  UARTFIFOLevelGet                
0000569d  UARTConfigSetExpClk             
00005713  UARTConfigGetExpClk             
0000575f  UARTEnable                      
00005783  UARTDisable                     
000057ad  UARTFIFOEnable                  
000057c3  UARTFIFODisable                 
000057d9  UARTEnableSIR                   
00005807  UARTDisableSIR                  
0000581d  UARTSmartCardEnable             
0000584f  UARTSmartCardDisable            
00005865  UARTModemControlSet             
0000589d  UARTModemControlClear           
000058c1  UARTModemControlGet             
000058d3  UARTModemStatusGet              
000058e7  UARTFlowControlSet              
00005903  UARTFlowControlGet              
00005915  UARTTxIntModeSet                
00005931  UARTTxIntModeGet                
00005943  UARTCharsAvail                  
00005961  UARTSpaceAvail                  
0000597f  UARTCharGetNonBlocking          
0000599b  UARTCharGet                     
000059b1  UARTCharPutNonBlocking          
000059d5  UARTCharPut                     
000059f3  UARTBreakCtl                    
00005a1d  UARTBusy                        
00005a3b  UARTIntRegister                 
00005a59  UARTIntUnregister               
00005a79  UARTIntEnable                   
00005a91  UARTIntDisable                  
00005aa9  UARTIntStatus                   
00005ac7  UARTIntClear                    
00005ad9  UARTDMAEnable                   
00005af1  UARTDMADisable                  
00005b09  UARTRxErrorGet                  
00005b1b  UARTRxErrorClear                
00005b2b  UARTClockSourceSet              
00005b3f  UARTClockSourceGet              
00005b4f  UART9BitEnable                  
00005b65  UART9BitDisable                 
00005b7b  UART9BitAddrSet                 
00005ba1  UART9BitAddrSend                
00005be9  UARTLoopbackEnable              
00005c01  UARTOBCIntHandler               
00005c9b  UARTOBCEnable                   
00005cfd  UARTOBCSend                     
00005d25  TransmitErrors                  
00005e15  TransmitHealth                  
00005f21  UARTOBCRecvMsgHandler           
00006005  UARTOBCIsDataReady              
0000600b  MDERequestReset                 
00006033  UARTOBCSetMsg                   
000060ef  IntMasterEnable                 
000060ff  IntMasterDisable                
0000610f  IntRegister                     
00006161  IntUnregister                   
00006175  IntPriorityGroupingSet          
0000618f  IntPriorityGroupingGet          
000061c7  IntPrioritySet                  
00006217  IntPriorityGet                  
0000623b  IntEnable                       
000062ad  IntDisable                      
0000631f  IntIsEnabled                    
000063a5  IntPendSet                      
00006415  IntPendClear                    
00006463  IntPriorityMaskSet              
0000646f  IntPriorityMaskGet              
00006477  IntTrigger                      
000064ad  MRAMStatusRead                  
00006521  MRAMStatusPrepare               
000065d5  MRAMSequenceTransmit            
000066d3  MRAMSequenceRetrieve            
0000686b  SSIConfigSetExpClk              
000068e5  SSIEnable                       
000068fb  SSIDisable                      
00006911  SSIIntRegister                  
0000692f  SSIIntUnregister                
00006949  SSIIntEnable                    
00006961  SSIIntDisable                   
00006979  SSIIntStatus                    
00006997  SSIIntClear                     
000069a9  SSIDataPut                      
000069c3  SSIDataPutNonBlocking           
000069e3  SSIDataGet                      
000069ff  SSIDataGetNonBlocking           
00006a21  SSIDMAEnable                    
00006a39  SSIDMADisable                   
00006a51  SSIBusy                         
00006a6f  SSIClockSourceSet               
00006a83  SSIClockSourceGet               
00006a93  SSIAdvModeSet                   
00006ac5  SSIAdvDataPutFrameEnd           
00006aeb  SSIAdvDataPutFrameEndNonBlocking
00006b17  SSIAdvFrameHoldEnable           
00006b2d  SSIAdvFrameHoldDisable          
00006b45  MDEProcessCycle                 
00006c6b  EnableSPI                       
00006d2f  BoardPowerInit                  
00006d65  Board1PowerOn                   
00006d73  Board1PowerOff                  
00006d81  Board2PowerOn                   
00006d8f  Board2PowerOff                  
00006e59  FRAMStatusRead                  
00006f43  FRAMSequenceTransmit            
00007021  FRAMSequenceRetrieve            
00007115  SRAMStatusRead                  
00007181  SRAMSequenceTransmit            
0000726d  SRAMSequenceRetrieve            
000073c5  EnableBoard1ChipSelectPins      
000073ed  EnableBoard2ChipSelectPins      
0000740d  EnableLED                       
00007439  BlinkRedLED                     
00007495  BlinkBlueLED                    
000074f1  BlinkGreenLED                   
0000754d  main                            
000078bd  MDETimerConfigure               
000078eb  MDETimerEnable                  
00007903  MDETimerDisable                 
0000790f  MDETimerInt                     
0000792d  WatchdogsEnable                 
0000799d  ChipWatchdogPoke                
000079bf  MDEWatchdogPoke                 
000079e9  MDEWatchdogInt                  
00007a1b  ChipWatchdogInt                 
00007cb1  CheckErrors                     
00007d01  ErrorQueue_Init                 
00007d49  ErrorQueue_Insert               
00007dd9  ErrorQueue_IsEmpty              
00007df5  ErrorQueue_Remove               
00007e4d  ErrorQueue_Destroy              
00007e75  __aeabi_dsub                    
00007e7f  __aeabi_dadd                    
0000802d  RetreiveCSPort                  
0000805b  RetreiveCSCode                  
00008121  SetChipSelect                   
000081a1  ResetChipSelect1                
000081b7  ResetChipSelect2                
000081d5  CheckChipHealth                 
00008305  InitializeChipHealth            
0000835d  WatchdogRunning                 
00008373  WatchdogEnable                  
00008389  WatchdogResetEnable             
0000839f  WatchdogResetDisable            
000083b5  WatchdogLock                    
000083c7  WatchdogUnlock                  
000083d9  WatchdogLockState               
000083fb  WatchdogReloadSet               
0000840d  WatchdogReloadGet               
0000841b  WatchdogValueGet                
00008429  WatchdogIntRegister             
0000843f  WatchdogIntUnregister           
00008451  WatchdogIntEnable               
00008467  WatchdogIntStatus               
00008485  WatchdogIntClear                
00008495  WatchdogIntTypeSet              
000084b1  WatchdogStallEnable             
000084c9  WatchdogStallDisable            
000084e5  WriteToChip                     
00008561  ReadFromChip                    
00008789  __aeabi_ddiv                    
000089e5  ldexp                           
000089e5  ldexpl                          
000089e5  scalbn                          
000089e5  scalbnl                         
00008af5  aligned_alloc                   
00008af5  memalign                        
00008bf5  __aeabi_dmul                    
00008cf1  free                            
00008dd5  FPUEnable                       
00008de7  FPUDisable                      
00008df5  FPUStackingEnable               
00008e07  FPULazyStackingEnable           
00008e13  FPUStackingDisable              
00008e1f  FPUHalfPrecisionModeSet         
00008e39  FPUNaNModeSet                   
00008e53  FPUFlushToZeroModeSet           
00008e6d  FPURoundingModeSet              
00008f47  __aeabi_memcpy                  
00008f47  __aeabi_memcpy4                 
00008f47  __aeabi_memcpy8                 
00008f47  memcpy                          
00008fe3  __aeabi_uldivmod                
00009079  __aeabi_cdcmpeq                 
00009079  __aeabi_cdcmple                 
000090ff  __aeabi_cdrcmple                
00009185  __aeabi_memclr                  
00009185  __aeabi_memclr4                 
00009185  __aeabi_memclr8                 
00009187  __aeabi_memset                  
00009187  __aeabi_memset4                 
00009187  __aeabi_memset8                 
0000918d  memset                          
000092df  __TI_decompress_lzss            
00009349  frexp                           
00009349  frexpl                          
00009403  __TI_ltoa                       
000094a9  atoi                            
000094f5  snprintf                        
00009541  __aeabi_d2iz                    
00009589  __TI_auto_init_nobinit_nopinit  
000095cd  sprintf                         
0000964b  CPUcpsid                        
00009657  CPUprimask                      
00009661  CPUcpsie                        
0000966d  CPUwfi                          
00009671  CPUbasepriSet                   
0000967f  CPUbasepriGet                   
00009689  _c_int00_noargs                 
000096bd  rand                            
00009721  __aeabi_i2d                     
00009779  __TI_zero_init_nomemset         
000097b1  memccpy                         
000097cd  copysign                        
000097cd  copysignl                       
00009817  strchr                          
0000982d  strlen                          
00009841  wcslen                          
00009853  __TI_decompress_none            
00009861  ResetISR                        
00009879  __aeabi_errno_addr              
00009881  malloc                          
00009889  SysCtlDelay                     
0000988f  _system_pre_init                
00009893  C$$EXIT                         
00009893  abort                           
00009a48  _ctypes_                        
0000a10c  __TI_Handler_Table_Base         
0000a118  __TI_Handler_Table_Limit        
0000a128  __TI_CINIT_Base                 
0000a140  __TI_CINIT_Limit                
20000000  __start___llvm_prf_cnts         
20000000  __stop___llvm_prf_cnts          
20000000  g_pfnRAMVectors                 
20000270  _sys_memory                     
20004270  __stack                         
20004470  __STACK_END                     
20004470  __STACK_TOP                     
20004570  chip_health_array               
200045b0  chip_death_array                
200045d0  ui32Loop                        
200045d4  currentCycle                    
200045d8  timer_wakeup                    
200045d9  reading_chip                    
200045dc  cycle_time_clockrate            
200045e0  timer_current_cycle             
200045e4  wd_chip_time                    
200045e8  wd_mde_time                     
200045ec  current_error                   
200045f0  errorHead                       
200045f4  auto_chip_number                
200045f5  current_chip                    
200045f6  cycle_count                     
200045f8  menuState                       
200045f9  selectedBoard                   
200045fa  chipSelectStep                  
200045fb  seedErrors                      
200045fc  _lock                           
20004600  _unlock                         
20004614  errno                           
ffffffff  __TI_pprof_out_hndl             
ffffffff  __TI_prof_data_size             
ffffffff  __TI_prof_data_start            
ffffffff  __binit__                       
ffffffff  __c_args__                      
ffffffff  binit                           
UNDEFED   __mpu_init                      
UNDEFED   _system_post_cinit              

[438 symbols]
