******************************************************************************
                  TI ARM Linker PC v20.2.7                     
******************************************************************************
>> Linked Fri Aug 11 11:01:17 2023

OUTPUT FILE NAME:   <MDE_UART_CCS.out>
ENTRY POINT SYMBOL: "_c_int00_noargs"  address: 00007721


MEMORY CONFIGURATION

         name            origin    length      used     unused   attr    fill
----------------------  --------  ---------  --------  --------  ----  --------
  FLASH                 00000000   00040000  000080e6  00037f1a  R  X
  SRAM                  20000000   00008000  000004f9  00007b07  RW X


SEGMENT ALLOCATION MAP

run origin  load origin   length   init length attrs members
----------  ----------- ---------- ----------- ----- -------
00000000    00000000    000080e8   000080e8    r-x
  00000000    00000000    0000026c   0000026c    r-- .intvecs
  0000026c    0000026c    0000763e   0000763e    r-x .text
  000078ac    000078ac    000007ec   000007ec    r-- .const
  00008098    00008098    00000050   00000050    r-- .cinit
20000000    20000000    00000500   00000000    rw-
  20000000    20000000    0000026c   00000000    rw- .vtable
  20000270    20000270    00000200   00000000    rw- .stack
  20000470    20000470    00000065   00000000    rw- .bss
  200004d8    200004d8    00000018   00000000    rw- .data
  200004f0    200004f0    00000010   00000000    rw- .sysmem


SECTION ALLOCATION MAP

 output                                  attributes/
section   page    origin      length       input sections
--------  ----  ----------  ----------   ----------------
.intvecs   0    00000000    0000026c     
                  00000000    0000026c     tm4c123gh6pm_startup_ccs.obj (.intvecs)

.text      0    0000026c    0000763e     
                  0000026c    00001310     devtools.obj (.text)
                  0000157c    00000f80     sysctl.obj (.text)
                  000024fc    00000b94     gpio.obj (.text)
                  00003090    00000a4e     rtsv7M4_T_le_v4SPD16_eabi.lib : _printfi.c.obj (.text:__TI_printfi)
                  00003ade    00000002                                   : div0.asm.obj (.text)
                  00003ae0    00000642     timer.obj (.text)
                  00004122    00000002     --HOLE-- [fill = 0]
                  00004124    0000062e     uart.obj (.text)
                  00004752    00000002     --HOLE-- [fill = 0]
                  00004754    00000494     FLASHfunc.obj (.text)
                  00004be8    000003c0     interrupt.obj (.text)
                  00004fa8    00000336     ssi.obj (.text)
                  000052de    00000002     --HOLE-- [fill = 0]
                  000052e0    000002fc     MRAMfunc.obj (.text)
                  000055dc    00000270     rtsv7M4_T_le_v4SPD16_eabi.lib : _printfi.c.obj (.text:_pconv_a)
                  0000584c    00000260     FRAMfunc.obj (.text)
                  00005aac    00000218     main.obj (.text)
                  00005cc4    000001d0     rtsv7M4_T_le_v4SPD16_eabi.lib : _printfi.c.obj (.text:_pconv_g)
                  00005e94    000001b6                                   : fd_add_t2.asm.obj (.text)
                  0000604a    00000002     --HOLE-- [fill = 0]
                  0000604c    000001ac     SRAMfunc.obj (.text)
                  000061f8    000001a8     multiplexer.obj (.text)
                  000063a0    00000188     chip_health.obj (.text)
                  00006528    00000188     watchdog.obj (.text)
                  000066b0    0000015c     mde_timers.obj (.text)
                  0000680c    0000013c     rtsv7M4_T_le_v4SPD16_eabi.lib : _printfi.c.obj (.text:_pconv_e)
                  00006948    00000136                                   : fd_div_t2.asm.obj (.text)
                  00006a7e    00000002     --HOLE-- [fill = 0]
                  00006a80    00000130     mde.obj (.text)
                  00006bb0    00000124     rtsv7M4_T_le_v4SPD16_eabi.lib : _printfi.c.obj (.text:fcvt)
                  00006cd4    00000110                                   : s_scalbn.c.obj (.text:scalbn)
                  00006de4    000000fc                                   : fd_mul_t2.asm.obj (.text)
                  00006ee0    000000c0     fpu.obj (.text)
                  00006fa0    000000b1     rtsv7M4_T_le_v4SPD16_eabi.lib : _printfi.c.obj (.text:_ltostr)
                  00007051    00000001     --HOLE-- [fill = 0]
                  00007052    0000009c                                   : memcpy_t2.asm.obj (.text)
                  000070ee    00000096                                   : ull_div_t2.asm.obj (.text)
                  00007184    00000086                                   : fd_cmp_t2.asm.obj (.text:__aeabi_cdcmple)
                  0000720a    00000086                                   : fd_cmp_t2.asm.obj (.text:__aeabi_cdrcmple)
                  00007290    0000007a                                   : memset_t2.asm.obj (.text)
                  0000730a    0000006e                                   : _printfi.c.obj (.text:_mcpy)
                  00007378    00000068                                   : copy_decompress_lzss.c.obj (.text:decompress:lzss:__TI_decompress_lzss)
                  000073e0    00000064                                   : s_frexp.c.obj (.text:frexp)
                  00007444    00000056                                   : _printfi.c.obj (.text:_pconv_f)
                  0000749a    00000054                                   : _ltoa.c.obj (.text:__TI_ltoa)
                  000074ee    00000052                                   : _printfi.c.obj (.text:_ecpy)
                  00007540    0000004c                                   : atoi.c.obj (.text:atoi)
                  0000758c    0000004c                                   : snprintf.c.obj (.text:snprintf)
                  000075d8    00000048                                   : fd_toi_t2.asm.obj (.text)
                  00007620    00000044                                   : autoinit.c.obj (.text:__TI_auto_init_nobinit_nopinit:__TI_auto_init_nobinit_nopinit)
                  00007664    00000040                                   : sprintf.c.obj (.text:sprintf)
                  000076a4    0000003e                                   : _printfi.c.obj (.text:_fcpy)
                  000076e2    0000003e     cpu.obj (.text)
                  00007720    00000034     rtsv7M4_T_le_v4SPD16_eabi.lib : boot_cortex_m.c.obj (.text:_c_int00_noargs:_c_int00_noargs)
                  00007754    00000030                                   : snprintf.c.obj (.text:_outs)
                  00007784    0000002e                                   : i_tofd_t2.asm.obj (.text)
                  000077b2    0000001c                                   : copy_zero_init.c.obj (.text:decompress:ZI:__TI_zero_init_nomemset:__TI_zero_init_nomemset)
                  000077ce    0000001c                                   : memccpy.c.obj (.text:memccpy)
                  000077ea    0000001a                                   : s_copysign.c.obj (.text:copysign)
                  00007804    00000018                                   : snprintf.c.obj (.text:_outc)
                  0000781c    00000018                                   : sprintf.c.obj (.text:_outs)
                  00007834    00000016                                   : strchr.c.obj (.text:strchr)
                  0000784a    00000014                                   : strlen.c.obj (.text:strlen)
                  0000785e    00000012                                   : wcslen.c.obj (.text:wcslen)
                  00007870    0000000e                                   : copy_decompress_none.c.obj (.text:decompress:none:__TI_decompress_none)
                  0000787e    0000000c     tm4c123gh6pm_startup_ccs.obj (.text)
                  0000788a    0000000a     rtsv7M4_T_le_v4SPD16_eabi.lib : sprintf.c.obj (.text:_outc)
                  00007894    00000008                                   : errno.c.obj (.text:__aeabi_errno_addr)
                  0000789c    00000006     sysctl.obj (.text:SysCtlDelay)
                  000078a2    00000004     rtsv7M4_T_le_v4SPD16_eabi.lib : pre_init.c.obj (.text:_system_pre_init)
                  000078a6    00000004                                   : exit.c.obj (.text:abort:abort)

.const     0    000078ac    000007ec     
                  000078ac    000001b0     sysctl.obj (.const:g_pppui32XTALtoVCO)
                  00007a5c    00000101     rtsv7M4_T_le_v4SPD16_eabi.lib : ctype.c.obj (.const:.string:_ctypes_)
                  00007b5d    00000003     --HOLE-- [fill = 0]
                  00007b60    000000d8     gpio.obj (.const:g_ppui32GPIOIntMapSnowflake)
                  00007c38    000000c0     gpio.obj (.const:g_ppui32GPIOIntMapBlizzard)
                  00007cf8    0000009c     interrupt.obj (.const:g_pui32Regs)
                  00007d94    00000090     gpio.obj (.const:g_pui32GPIOBaseAddrs)
                  00007e24    0000006c     sysctl.obj (.const:g_pui32Xtals)
                  00007e90    00000060     timer.obj (.const:g_ppui32TimerIntMap)
                  00007ef0    00000040     timer.obj (.const:g_ppui32TimerIntMapSnowflake)
                  00007f30    00000040     uart.obj (.const:g_ppui32UARTIntMap)
                  00007f70    00000040     uart.obj (.const:g_ppui32UARTIntMapSnowflake)
                  00007fb0    00000030     sysctl.obj (.const:g_sXTALtoMEMTIM)
                  00007fe0    00000020     ssi.obj (.const:g_ppui32SSIIntMap)
                  00008000    00000020     ssi.obj (.const:g_ppui32SSIIntMapSnowflake)
                  00008020    00000020     interrupt.obj (.const:g_pui32Priority)
                  00008040    00000014     interrupt.obj (.const:g_pui32Dii16Regs)
                  00008054    00000014     interrupt.obj (.const:g_pui32EnRegs)
                  00008068    00000014     interrupt.obj (.const:g_pui32PendRegs)
                  0000807c    00000014     interrupt.obj (.const:g_pui32UnpendRegs)
                  00008090    00000008     sysctl.obj (.const:g_pui32VCOFrequencies)

.cinit     0    00008098    00000050     
                  00008098    00000015     (.cinit..data.load) [load image, compression = lzss]
                  000080ad    00000003     --HOLE-- [fill = 0]
                  000080b0    0000000c     (__TI_handler_table)
                  000080bc    00000004     --HOLE-- [fill = 0]
                  000080c0    00000008     (.cinit..bss.load) [load image, compression = zero_init]
                  000080c8    00000008     (.cinit..vtable.load) [load image, compression = zero_init]
                  000080d0    00000018     (__TI_cinit_table)

.init_array 
*          0    00000000    00000000     UNINITIALIZED

.vtable    0    20000000    0000026c     UNINITIALIZED
                  20000000    0000026c     interrupt.obj (.vtable)

.stack     0    20000270    00000200     UNINITIALIZED
                  20000270    00000004     rtsv7M4_T_le_v4SPD16_eabi.lib : boot_cortex_m.c.obj (.stack)
                  20000274    000001fc     --HOLE--

.bss       0    20000470    00000065     UNINITIALIZED
                  20000470    00000040     (.common:chip_health_array)
                  200004b0    00000020     (.common:chip_death_array)
                  200004d0    00000004     (.common:ui32Loop)
                  200004d4    00000001     (.common:reading_chip)

.data      0    200004d8    00000018     UNINITIALIZED
                  200004d8    00000012     main.obj (.data)
                  200004ea    00000002     --HOLE--
                  200004ec    00000004     rtsv7M4_T_le_v4SPD16_eabi.lib : errno.c.obj (.data)

.sysmem    0    200004f0    00000010     UNINITIALIZED
                  200004f0    00000010     rtsv7M4_T_le_v4SPD16_eabi.lib : memory.c.obj (.sysmem)

__llvm_prf_cnts 
*          0    20000000    00000000     UNINITIALIZED

MODULE SUMMARY

       Module                         code    ro data   rw data
       ------                         ----    -------   -------
    .\driverlib\
       sysctl.obj                     3974    596       0      
       gpio.obj                       2964    552       0      
       interrupt.obj                  960     268       620    
       timer.obj                      1602    160       0      
       uart.obj                       1582    128       0      
       ssi.obj                        822     64        0      
       watchdog.obj                   392     0         0      
       fpu.obj                        192     0         0      
       cpu.obj                        62      0         0      
    +--+------------------------------+-------+---------+---------+
       Total:                         12550   1768      620    
                                                               
    .\source\
       devtools.obj                   4880    0         0      
       main.obj                       536     0         119    
       tm4c123gh6pm_startup_ccs.obj   12      620       0      
       multiplexer.obj                424     0         0      
       chip_health.obj                392     0         0      
       mde_timers.obj                 348     0         0      
       mde.obj                        304     0         0      
    +--+------------------------------+-------+---------+---------+
       Total:                         6896    620       119    
                                                               
    .\source\chipDrivers\
       FLASHfunc.obj                  1172    0         0      
       MRAMfunc.obj                   764     0         0      
       FRAMfunc.obj                   608     0         0      
       SRAMfunc.obj                   428     0         0      
    +--+------------------------------+-------+---------+---------+
       Total:                         2972    0         0      
                                                               
    C:\ti\ccs1120\ccs\tools\compiler\ti-cgt-arm_20.2.7.LTS\lib\rtsv7M4_T_le_v4SPD16_eabi.lib
       _printfi.c.obj                 4851    0         0      
       fd_add_t2.asm.obj              438     0         0      
       fd_div_t2.asm.obj              310     0         0      
       s_scalbn.c.obj                 272     0         0      
       fd_cmp_t2.asm.obj              268     0         0      
       ctype.c.obj                    0       257       0      
       fd_mul_t2.asm.obj              252     0         0      
       memcpy_t2.asm.obj              156     0         0      
       ull_div_t2.asm.obj             150     0         0      
       snprintf.c.obj                 148     0         0      
       memset_t2.asm.obj              122     0         0      
       copy_decompress_lzss.c.obj     104     0         0      
       s_frexp.c.obj                  100     0         0      
       sprintf.c.obj                  98      0         0      
       _ltoa.c.obj                    84      0         0      
       atoi.c.obj                     76      0         0      
       fd_toi_t2.asm.obj              72      0         0      
       autoinit.c.obj                 68      0         0      
       boot_cortex_m.c.obj            52      0         0      
       i_tofd_t2.asm.obj              46      0         0      
       copy_zero_init.c.obj           28      0         0      
       memccpy.c.obj                  28      0         0      
       s_copysign.c.obj               26      0         0      
       strchr.c.obj                   22      0         0      
       strlen.c.obj                   20      0         0      
       wcslen.c.obj                   18      0         0      
       copy_decompress_none.c.obj     14      0         0      
       errno.c.obj                    8       0         4      
       exit.c.obj                     4       0         0      
       pre_init.c.obj                 4       0         0      
       div0.asm.obj                   2       0         0      
    +--+------------------------------+-------+---------+---------+
       Total:                         7841    257       4      
                                                               
       Heap:                          0       0         16     
       Stack:                         0       0         512    
       Linker Generated:              0       73        0      
    +--+------------------------------+-------+---------+---------+
       Grand Total:                   30259   2718      1271   


LINKER GENERATED COPY TABLES

__TI_cinit_table @ 000080d0 records: 3, size/record: 8, table size: 24
	.data: load addr=00008098, load size=00000015 bytes, run addr=200004d8, run size=00000018 bytes, compression=lzss
	.bss: load addr=000080c0, load size=00000008 bytes, run addr=20000470, run size=00000065 bytes, compression=zero_init
	.vtable: load addr=000080c8, load size=00000008 bytes, run addr=20000000, run size=0000026c bytes, compression=zero_init


LINKER GENERATED HANDLER TABLE

__TI_handler_table @ 000080b0 records: 3, size/record: 4, table size: 12
	index: 0, handler: __TI_zero_init
	index: 1, handler: __TI_decompress_lzss
	index: 2, handler: __TI_decompress_none


GLOBAL SYMBOLS: SORTED ALPHABETICALLY BY Name 

address   name                            
-------   ----                            
00005b7d  BlinkBlueLED                    
00005bd9  BlinkGreenLED                   
00005b21  BlinkRedLED                     
000078a7  C$$EXIT                         
00007717  CPUbasepriGet                   
00007709  CPUbasepriSet                   
000076e3  CPUcpsid                        
000076f9  CPUcpsie                        
000076ef  CPUprimask                      
00007705  CPUwfi                          
000063a1  CheckChipHealth                 
00006a83  ChipCycle                       
000067a7  ChipWatchdogInt                 
00006753  ChipWatchdogPoke                
00005aad  EnableBoard1ChipSelectPins      
00005ad5  EnableBoard2ChipSelectPins      
00005af5  EnableLED                       
00006ab3  EnableSPI                       
00006ef3  FPUDisable                      
00006ee1  FPUEnable                       
00006f5f  FPUFlushToZeroModeSet           
00006f2b  FPUHalfPrecisionModeSet         
00006f13  FPULazyStackingEnable           
00006f45  FPUNaNModeSet                   
00006f79  FPURoundingModeSet              
00006f1f  FPUStackingDisable              
00006f01  FPUStackingEnable               
00005a01  FRAMSequenceRetrieve            
00005937  FRAMSequenceTransmit            
0000584d  FRAMStatusRead                  
0000486d  FlashErase                      
00004b21  FlashSequenceRetrieve           
00004983  FlashSequenceTransmit           
00004755  FlashStatusRead                 
00003069  GPIOADCTriggerDisable           
0000304b  GPIOADCTriggerEnable            
0000302d  GPIODMATriggerDisable           
0000300f  GPIODMATriggerEnable            
000025b7  GPIODirModeGet                  
0000255b  GPIODirModeSet                  
00002b1f  GPIOIntClear                    
00002ae3  GPIOIntDisable                  
00002ac9  GPIOIntEnable                   
00002b33  GPIOIntRegister                 
00002b6b  GPIOIntRegisterPin              
00002afd  GPIOIntStatus                   
000026a7  GPIOIntTypeGet                  
00002603  GPIOIntTypeSet                  
00002b51  GPIOIntUnregister               
00002b99  GPIOIntUnregisterPin            
00002977  GPIOPadConfigGet                
0000273d  GPIOPadConfigSet                
00002fb1  GPIOPinConfigure                
00002bbd  GPIOPinRead                     
00002bf5  GPIOPinTypeADC                  
00002c19  GPIOPinTypeCAN                  
00002c3d  GPIOPinTypeComparator           
00002c61  GPIOPinTypeComparatorOutput     
00002c85  GPIOPinTypeDIVSCLK              
00002ca9  GPIOPinTypeEPI                  
00002ccd  GPIOPinTypeEthernetLED          
00002cf1  GPIOPinTypeEthernetMII          
00002d15  GPIOPinTypeGPIOInput            
00002d39  GPIOPinTypeGPIOOutput           
00002d5d  GPIOPinTypeGPIOOutputOD         
00002d81  GPIOPinTypeHibernateRTCCLK      
00002da5  GPIOPinTypeI2C                  
00002dc9  GPIOPinTypeI2CSCL               
00002ded  GPIOPinTypeLCD                  
00002e11  GPIOPinTypeOneWire              
00002e35  GPIOPinTypePWM                  
00002e59  GPIOPinTypeQEI                  
00002e7d  GPIOPinTypeSSI                  
00002ea1  GPIOPinTypeTimer                
00002ec5  GPIOPinTypeTrace                
00002ee9  GPIOPinTypeUART                 
00002f0d  GPIOPinTypeUSBAnalog            
00002f31  GPIOPinTypeUSBDigital           
00002f55  GPIOPinTypeWakeHigh             
00002f7b  GPIOPinTypeWakeLow              
00002fa1  GPIOPinWakeStatus               
00002bd5  GPIOPinWrite                    
000064d1  InitializeChipHealth            
00004da9  IntDisable                      
00004d37  IntEnable                       
00004e1b  IntIsEnabled                    
00004bfb  IntMasterDisable                
00004beb  IntMasterEnable                 
00004f11  IntPendClear                    
00004ea1  IntPendSet                      
00004d13  IntPriorityGet                  
00004c8b  IntPriorityGroupingGet          
00004c71  IntPriorityGroupingSet          
00004f6b  IntPriorityMaskGet              
00004f5f  IntPriorityMaskSet              
00004cc3  IntPrioritySet                  
00004c0b  IntRegister                     
00004f73  IntTrigger                      
00004c5d  IntUnregister                   
00006a81  MDECycleStart                   
000066b1  MDETimerEnable                  
000066df  MDETimerInt                     
0000679b  MDEWatchdogInt                  
00006773  MDEWatchdogPoke                 
000066ef  MDEWatchdogsEnable              
000054f3  MRAMSequenceRetrieve            
00005409  MRAMSequenceTransmit            
00005355  MRAMStatusPrepare               
000052e1  MRAMStatusRead                  
0000636d  ResetChipSelect1                
00006383  ResetChipSelect2                
0000787f  ResetISR                        
00006227  RetreiveCSCode                  
000061f9  RetreiveCSPort                  
0000614d  SRAMSequenceRetrieve            
000060b9  SRAMSequenceTransmit            
0000604d  SRAMStatusRead                  
00005261  SSIAdvDataPutFrameEnd           
00005287  SSIAdvDataPutFrameEndNonBlocking
000052c9  SSIAdvFrameHoldDisable          
000052b3  SSIAdvFrameHoldEnable           
0000522f  SSIAdvModeSet                   
000051ed  SSIBusy                         
0000521f  SSIClockSourceGet               
0000520b  SSIClockSourceSet               
00005007  SSIConfigSetExpClk              
000051d5  SSIDMADisable                   
000051bd  SSIDMAEnable                    
0000517f  SSIDataGet                      
0000519b  SSIDataGetNonBlocking           
00005145  SSIDataPut                      
0000515f  SSIDataPutNonBlocking           
00005097  SSIDisable                      
00005081  SSIEnable                       
00005133  SSIIntClear                     
000050fd  SSIIntDisable                   
000050e5  SSIIntEnable                    
000050ad  SSIIntRegister                  
00005115  SSIIntStatus                    
000050cb  SSIIntUnregister                
000062ed  SetChipSelect                   
000024b9  SysCtlAltClkConfig              
00001be1  SysCtlClockFreqSet              
000020a9  SysCtlClockGet                  
0000249d  SysCtlClockOutConfig            
00001ed9  SysCtlClockSet                  
00001ae5  SysCtlDeepSleep                 
0000226d  SysCtlDeepSleepClockConfigSet   
0000224f  SysCtlDeepSleepClockSet         
00001ac5  SysCtlDeepSleepPowerSet         
0000789d  SysCtlDelay                     
00001673  SysCtlFlashSectorSizeGet        
00001647  SysCtlFlashSizeGet              
00002343  SysCtlGPIOAHBDisable            
00002327  SysCtlGPIOAHBEnable             
00001a59  SysCtlIntClear                  
00001a41  SysCtlIntDisable                
00001a2d  SysCtlIntEnable                 
00001a05  SysCtlIntRegister               
00001a69  SysCtlIntStatus                 
00001a1d  SysCtlIntUnregister             
00001aab  SysCtlLDODeepSleepGet           
00001a9b  SysCtlLDODeepSleepSet           
00001a95  SysCtlLDOSleepGet               
00001a85  SysCtlLDOSleepSet               
00001b1b  SysCtlMOSCConfigSet             
00002481  SysCtlNMIClear                  
0000246d  SysCtlNMIStatus                 
00001b31  SysCtlPIOSCCalibrate            
00002311  SysCtlPWMClockGet               
000022f7  SysCtlPWMClockSet               
000019b1  SysCtlPeripheralClockGating     
00001969  SysCtlPeripheralDeepSleepDisable
00001919  SysCtlPeripheralDeepSleepEnable 
00001855  SysCtlPeripheralDisable         
00001819  SysCtlPeripheralEnable          
00001755  SysCtlPeripheralPowerOff        
00001719  SysCtlPeripheralPowerOn         
00001699  SysCtlPeripheralPresent         
000016d9  SysCtlPeripheralReady           
00001791  SysCtlPeripheralReset           
000018dd  SysCtlPeripheralSleepDisable    
00001899  SysCtlPeripheralSleepEnable     
00001ad5  SysCtlReset                     
00001b91  SysCtlResetBehaviorGet          
00001b81  SysCtlResetBehaviorSet          
00001b07  SysCtlResetCauseClear           
00001b01  SysCtlResetCauseGet             
0000163d  SysCtlSRAMSizeGet               
00001add  SysCtlSleep                     
00001ab1  SysCtlSleepPowerSet             
0000236b  SysCtlUSBPLLDisable             
0000235f  SysCtlUSBPLLEnable              
000023b1  SysCtlVCOGet                    
00002399  SysCtlVoltageEventClear         
0000237d  SysCtlVoltageEventConfig        
0000238d  SysCtlVoltageEventStatus        
000040a1  TimerADCEventGet                
0000408f  TimerADCEventSet                
00003dc5  TimerClockSourceGet             
00003d9b  TimerClockSourceSet             
00003b8f  TimerConfigure                  
00003caf  TimerControlEvent               
00003c0b  TimerControlLevel               
00003cd9  TimerControlStall               
00003c41  TimerControlTrigger             
00003d0f  TimerControlWaitOnTrigger       
000040c1  TimerDMAEventGet                
000040af  TimerDMAEventSet                
00003b71  TimerDisable                    
00003b53  TimerEnable                     
0000406b  TimerIntClear                   
00004035  TimerIntDisable                 
0000401d  TimerIntEnable                  
00003fd7  TimerIntRegister                
0000404d  TimerIntStatus                  
00003fff  TimerIntUnregister              
00003e8f  TimerLoadGet                    
00003ec5  TimerLoadGet64                  
00003e65  TimerLoadSet                    
00003eab  TimerLoadSet64                  
00003f6f  TimerMatchGet                   
00003fa5  TimerMatchGet64                 
00003f45  TimerMatchSet                   
00003f8b  TimerMatchSet64                 
00003dff  TimerPrescaleGet                
00003e49  TimerPrescaleMatchGet           
00003e1b  TimerPrescaleMatchSet           
00003dd5  TimerPrescaleSet                
00003d85  TimerRTCDisable                 
00003d6f  TimerRTCEnable                  
0000407d  TimerSynchronize                
000040cf  TimerUpdateMode                 
00003ef7  TimerValueGet                   
00003f13  TimerValueGet64                 
000046f5  UART9BitAddrSend                
000046cf  UART9BitAddrSet                 
000046b9  UART9BitDisable                 
000046a3  UART9BitEnable                  
00004547  UARTBreakCtl                    
00004571  UARTBusy                        
000044ef  UARTCharGet                     
000044d3  UARTCharGetNonBlocking          
00004529  UARTCharPut                     
00004505  UARTCharPutNonBlocking          
00004497  UARTCharsAvail                  
00004693  UARTClockSourceGet              
0000467f  UARTClockSourceSet              
00004267  UARTConfigGetExpClk             
000041f1  UARTConfigSetExpClk             
00004645  UARTDMADisable                  
0000462d  UARTDMAEnable                   
000002a5  UARTDebugEnable                 
0000026d  UARTDebugIntHandler             
00000303  UARTDebugSend                   
000042d7  UARTDisable                     
0000435b  UARTDisableSIR                  
000042b3  UARTEnable                      
0000432d  UARTEnableSIR                   
00004317  UARTFIFODisable                 
00004301  UARTFIFOEnable                  
000041c9  UARTFIFOLevelGet                
000041b1  UARTFIFOLevelSet                
00004457  UARTFlowControlGet              
0000443b  UARTFlowControlSet              
0000461b  UARTIntClear                    
000045e5  UARTIntDisable                  
000045cd  UARTIntEnable                   
0000458f  UARTIntRegister                 
000045fd  UARTIntStatus                   
000045ad  UARTIntUnregister               
0000473d  UARTLoopbackEnable              
000043f1  UARTModemControlClear           
00004415  UARTModemControlGet             
000043b9  UARTModemControlSet             
00004427  UARTModemStatusGet              
0000419f  UARTParityModeGet               
00004183  UARTParityModeSet               
0000466f  UARTRxErrorClear                
0000465d  UARTRxErrorGet                  
000043a3  UARTSmartCardDisable            
00004371  UARTSmartCardEnable             
000044b5  UARTSpaceAvail                  
00004485  UARTTxIntModeGet                
00004469  UARTTxIntModeSet                
0000653f  WatchdogEnable                  
00006651  WatchdogIntClear                
0000661d  WatchdogIntEnable               
000065f5  WatchdogIntRegister             
00006633  WatchdogIntStatus               
00006661  WatchdogIntTypeSet              
0000660b  WatchdogIntUnregister           
00006581  WatchdogLock                    
000065a5  WatchdogLockState               
000065d9  WatchdogReloadGet               
000065c7  WatchdogReloadSet               
0000656b  WatchdogResetDisable            
00006555  WatchdogResetEnable             
00006529  WatchdogRunning                 
00006695  WatchdogStallDisable            
0000667d  WatchdogStallEnable             
00006593  WatchdogUnlock                  
000065e7  WatchdogValueGet                
20000470  __STACK_END                     
00000200  __STACK_SIZE                    
20000470  __STACK_TOP                     
00000010  __SYSMEM_SIZE                   
000080d0  __TI_CINIT_Base                 
000080e8  __TI_CINIT_Limit                
000080b0  __TI_Handler_Table_Base         
000080bc  __TI_Handler_Table_Limit        
00007621  __TI_auto_init_nobinit_nopinit  
00007379  __TI_decompress_lzss            
00007871  __TI_decompress_none            
0000749b  __TI_ltoa                       
ffffffff  __TI_pprof_out_hndl             
00003091  __TI_printfi                    
ffffffff  __TI_prof_data_size             
ffffffff  __TI_prof_data_start            
00000000  __TI_static_base__              
000077b3  __TI_zero_init_nomemset         
00007185  __aeabi_cdcmpeq                 
00007185  __aeabi_cdcmple                 
0000720b  __aeabi_cdrcmple                
000075d9  __aeabi_d2iz                    
00005e9f  __aeabi_dadd                    
00006949  __aeabi_ddiv                    
00006de5  __aeabi_dmul                    
00005e95  __aeabi_dsub                    
00007895  __aeabi_errno_addr              
00007785  __aeabi_i2d                     
00003adf  __aeabi_idiv0                   
00003adf  __aeabi_ldiv0                   
00007291  __aeabi_memclr                  
00007291  __aeabi_memclr4                 
00007291  __aeabi_memclr8                 
00007053  __aeabi_memcpy                  
00007053  __aeabi_memcpy4                 
00007053  __aeabi_memcpy8                 
00007293  __aeabi_memset                  
00007293  __aeabi_memset4                 
00007293  __aeabi_memset8                 
000070ef  __aeabi_uldivmod                
ffffffff  __binit__                       
ffffffff  __c_args__                      
UNDEFED   __mpu_init                      
20000270  __stack                         
20000000  __start___llvm_prf_cnts         
20000000  __stop___llvm_prf_cnts          
00007721  _c_int00_noargs                 
00007a5c  _ctypes_                        
200004f0  _sys_memory                     
UNDEFED   _system_post_cinit              
000078a3  _system_pre_init                
000078a7  abort                           
00007541  atoi                            
200004e4  auto_chip_number                
ffffffff  binit                           
200004e9  chipSelectStep                  
200004b0  chip_death_array                
20000470  chip_health_array               
000077eb  copysign                        
000077eb  copysignl                       
200004e8  currentCycle                    
200004e5  current_chip                    
200004e0  current_error                   
200004ec  errno                           
000073e1  frexp                           
000073e1  frexpl                          
20000000  g_pfnRAMVectors                 
00000000  g_pfnVectors                    
00006cd5  ldexp                           
00006cd5  ldexpl                          
00005c35  main                            
000077cf  memccpy                         
00007053  memcpy                          
00007299  memset                          
200004e6  menuState                       
00000339  printDebugMenu                  
00000d51  processChipFunctionsInput       
00001471  processChipSelectInput          
00000b21  processDebugInput               
00000b77  processMainMenuInput            
200004d4  reading_chip                    
00006cd5  scalbn                          
00006cd5  scalbnl                         
200004e7  selectedBoard                   
0000758d  snprintf                        
00007665  sprintf                         
00007835  strchr                          
0000784b  strlen                          
200004d8  timer_current_cycle             
200004dc  timer_wakeup                    
200004d0  ui32Loop                        
0000785f  wcslen                          


GLOBAL SYMBOLS: SORTED BY Symbol Address 

address   name                            
-------   ----                            
00000000  __TI_static_base__              
00000000  g_pfnVectors                    
00000010  __SYSMEM_SIZE                   
00000200  __STACK_SIZE                    
0000026d  UARTDebugIntHandler             
000002a5  UARTDebugEnable                 
00000303  UARTDebugSend                   
00000339  printDebugMenu                  
00000b21  processDebugInput               
00000b77  processMainMenuInput            
00000d51  processChipFunctionsInput       
00001471  processChipSelectInput          
0000163d  SysCtlSRAMSizeGet               
00001647  SysCtlFlashSizeGet              
00001673  SysCtlFlashSectorSizeGet        
00001699  SysCtlPeripheralPresent         
000016d9  SysCtlPeripheralReady           
00001719  SysCtlPeripheralPowerOn         
00001755  SysCtlPeripheralPowerOff        
00001791  SysCtlPeripheralReset           
00001819  SysCtlPeripheralEnable          
00001855  SysCtlPeripheralDisable         
00001899  SysCtlPeripheralSleepEnable     
000018dd  SysCtlPeripheralSleepDisable    
00001919  SysCtlPeripheralDeepSleepEnable 
00001969  SysCtlPeripheralDeepSleepDisable
000019b1  SysCtlPeripheralClockGating     
00001a05  SysCtlIntRegister               
00001a1d  SysCtlIntUnregister             
00001a2d  SysCtlIntEnable                 
00001a41  SysCtlIntDisable                
00001a59  SysCtlIntClear                  
00001a69  SysCtlIntStatus                 
00001a85  SysCtlLDOSleepSet               
00001a95  SysCtlLDOSleepGet               
00001a9b  SysCtlLDODeepSleepSet           
00001aab  SysCtlLDODeepSleepGet           
00001ab1  SysCtlSleepPowerSet             
00001ac5  SysCtlDeepSleepPowerSet         
00001ad5  SysCtlReset                     
00001add  SysCtlSleep                     
00001ae5  SysCtlDeepSleep                 
00001b01  SysCtlResetCauseGet             
00001b07  SysCtlResetCauseClear           
00001b1b  SysCtlMOSCConfigSet             
00001b31  SysCtlPIOSCCalibrate            
00001b81  SysCtlResetBehaviorSet          
00001b91  SysCtlResetBehaviorGet          
00001be1  SysCtlClockFreqSet              
00001ed9  SysCtlClockSet                  
000020a9  SysCtlClockGet                  
0000224f  SysCtlDeepSleepClockSet         
0000226d  SysCtlDeepSleepClockConfigSet   
000022f7  SysCtlPWMClockSet               
00002311  SysCtlPWMClockGet               
00002327  SysCtlGPIOAHBEnable             
00002343  SysCtlGPIOAHBDisable            
0000235f  SysCtlUSBPLLEnable              
0000236b  SysCtlUSBPLLDisable             
0000237d  SysCtlVoltageEventConfig        
0000238d  SysCtlVoltageEventStatus        
00002399  SysCtlVoltageEventClear         
000023b1  SysCtlVCOGet                    
0000246d  SysCtlNMIStatus                 
00002481  SysCtlNMIClear                  
0000249d  SysCtlClockOutConfig            
000024b9  SysCtlAltClkConfig              
0000255b  GPIODirModeSet                  
000025b7  GPIODirModeGet                  
00002603  GPIOIntTypeSet                  
000026a7  GPIOIntTypeGet                  
0000273d  GPIOPadConfigSet                
00002977  GPIOPadConfigGet                
00002ac9  GPIOIntEnable                   
00002ae3  GPIOIntDisable                  
00002afd  GPIOIntStatus                   
00002b1f  GPIOIntClear                    
00002b33  GPIOIntRegister                 
00002b51  GPIOIntUnregister               
00002b6b  GPIOIntRegisterPin              
00002b99  GPIOIntUnregisterPin            
00002bbd  GPIOPinRead                     
00002bd5  GPIOPinWrite                    
00002bf5  GPIOPinTypeADC                  
00002c19  GPIOPinTypeCAN                  
00002c3d  GPIOPinTypeComparator           
00002c61  GPIOPinTypeComparatorOutput     
00002c85  GPIOPinTypeDIVSCLK              
00002ca9  GPIOPinTypeEPI                  
00002ccd  GPIOPinTypeEthernetLED          
00002cf1  GPIOPinTypeEthernetMII          
00002d15  GPIOPinTypeGPIOInput            
00002d39  GPIOPinTypeGPIOOutput           
00002d5d  GPIOPinTypeGPIOOutputOD         
00002d81  GPIOPinTypeHibernateRTCCLK      
00002da5  GPIOPinTypeI2C                  
00002dc9  GPIOPinTypeI2CSCL               
00002ded  GPIOPinTypeLCD                  
00002e11  GPIOPinTypeOneWire              
00002e35  GPIOPinTypePWM                  
00002e59  GPIOPinTypeQEI                  
00002e7d  GPIOPinTypeSSI                  
00002ea1  GPIOPinTypeTimer                
00002ec5  GPIOPinTypeTrace                
00002ee9  GPIOPinTypeUART                 
00002f0d  GPIOPinTypeUSBAnalog            
00002f31  GPIOPinTypeUSBDigital           
00002f55  GPIOPinTypeWakeHigh             
00002f7b  GPIOPinTypeWakeLow              
00002fa1  GPIOPinWakeStatus               
00002fb1  GPIOPinConfigure                
0000300f  GPIODMATriggerEnable            
0000302d  GPIODMATriggerDisable           
0000304b  GPIOADCTriggerEnable            
00003069  GPIOADCTriggerDisable           
00003091  __TI_printfi                    
00003adf  __aeabi_idiv0                   
00003adf  __aeabi_ldiv0                   
00003b53  TimerEnable                     
00003b71  TimerDisable                    
00003b8f  TimerConfigure                  
00003c0b  TimerControlLevel               
00003c41  TimerControlTrigger             
00003caf  TimerControlEvent               
00003cd9  TimerControlStall               
00003d0f  TimerControlWaitOnTrigger       
00003d6f  TimerRTCEnable                  
00003d85  TimerRTCDisable                 
00003d9b  TimerClockSourceSet             
00003dc5  TimerClockSourceGet             
00003dd5  TimerPrescaleSet                
00003dff  TimerPrescaleGet                
00003e1b  TimerPrescaleMatchSet           
00003e49  TimerPrescaleMatchGet           
00003e65  TimerLoadSet                    
00003e8f  TimerLoadGet                    
00003eab  TimerLoadSet64                  
00003ec5  TimerLoadGet64                  
00003ef7  TimerValueGet                   
00003f13  TimerValueGet64                 
00003f45  TimerMatchSet                   
00003f6f  TimerMatchGet                   
00003f8b  TimerMatchSet64                 
00003fa5  TimerMatchGet64                 
00003fd7  TimerIntRegister                
00003fff  TimerIntUnregister              
0000401d  TimerIntEnable                  
00004035  TimerIntDisable                 
0000404d  TimerIntStatus                  
0000406b  TimerIntClear                   
0000407d  TimerSynchronize                
0000408f  TimerADCEventSet                
000040a1  TimerADCEventGet                
000040af  TimerDMAEventSet                
000040c1  TimerDMAEventGet                
000040cf  TimerUpdateMode                 
00004183  UARTParityModeSet               
0000419f  UARTParityModeGet               
000041b1  UARTFIFOLevelSet                
000041c9  UARTFIFOLevelGet                
000041f1  UARTConfigSetExpClk             
00004267  UARTConfigGetExpClk             
000042b3  UARTEnable                      
000042d7  UARTDisable                     
00004301  UARTFIFOEnable                  
00004317  UARTFIFODisable                 
0000432d  UARTEnableSIR                   
0000435b  UARTDisableSIR                  
00004371  UARTSmartCardEnable             
000043a3  UARTSmartCardDisable            
000043b9  UARTModemControlSet             
000043f1  UARTModemControlClear           
00004415  UARTModemControlGet             
00004427  UARTModemStatusGet              
0000443b  UARTFlowControlSet              
00004457  UARTFlowControlGet              
00004469  UARTTxIntModeSet                
00004485  UARTTxIntModeGet                
00004497  UARTCharsAvail                  
000044b5  UARTSpaceAvail                  
000044d3  UARTCharGetNonBlocking          
000044ef  UARTCharGet                     
00004505  UARTCharPutNonBlocking          
00004529  UARTCharPut                     
00004547  UARTBreakCtl                    
00004571  UARTBusy                        
0000458f  UARTIntRegister                 
000045ad  UARTIntUnregister               
000045cd  UARTIntEnable                   
000045e5  UARTIntDisable                  
000045fd  UARTIntStatus                   
0000461b  UARTIntClear                    
0000462d  UARTDMAEnable                   
00004645  UARTDMADisable                  
0000465d  UARTRxErrorGet                  
0000466f  UARTRxErrorClear                
0000467f  UARTClockSourceSet              
00004693  UARTClockSourceGet              
000046a3  UART9BitEnable                  
000046b9  UART9BitDisable                 
000046cf  UART9BitAddrSet                 
000046f5  UART9BitAddrSend                
0000473d  UARTLoopbackEnable              
00004755  FlashStatusRead                 
0000486d  FlashErase                      
00004983  FlashSequenceTransmit           
00004b21  FlashSequenceRetrieve           
00004beb  IntMasterEnable                 
00004bfb  IntMasterDisable                
00004c0b  IntRegister                     
00004c5d  IntUnregister                   
00004c71  IntPriorityGroupingSet          
00004c8b  IntPriorityGroupingGet          
00004cc3  IntPrioritySet                  
00004d13  IntPriorityGet                  
00004d37  IntEnable                       
00004da9  IntDisable                      
00004e1b  IntIsEnabled                    
00004ea1  IntPendSet                      
00004f11  IntPendClear                    
00004f5f  IntPriorityMaskSet              
00004f6b  IntPriorityMaskGet              
00004f73  IntTrigger                      
00005007  SSIConfigSetExpClk              
00005081  SSIEnable                       
00005097  SSIDisable                      
000050ad  SSIIntRegister                  
000050cb  SSIIntUnregister                
000050e5  SSIIntEnable                    
000050fd  SSIIntDisable                   
00005115  SSIIntStatus                    
00005133  SSIIntClear                     
00005145  SSIDataPut                      
0000515f  SSIDataPutNonBlocking           
0000517f  SSIDataGet                      
0000519b  SSIDataGetNonBlocking           
000051bd  SSIDMAEnable                    
000051d5  SSIDMADisable                   
000051ed  SSIBusy                         
0000520b  SSIClockSourceSet               
0000521f  SSIClockSourceGet               
0000522f  SSIAdvModeSet                   
00005261  SSIAdvDataPutFrameEnd           
00005287  SSIAdvDataPutFrameEndNonBlocking
000052b3  SSIAdvFrameHoldEnable           
000052c9  SSIAdvFrameHoldDisable          
000052e1  MRAMStatusRead                  
00005355  MRAMStatusPrepare               
00005409  MRAMSequenceTransmit            
000054f3  MRAMSequenceRetrieve            
0000584d  FRAMStatusRead                  
00005937  FRAMSequenceTransmit            
00005a01  FRAMSequenceRetrieve            
00005aad  EnableBoard1ChipSelectPins      
00005ad5  EnableBoard2ChipSelectPins      
00005af5  EnableLED                       
00005b21  BlinkRedLED                     
00005b7d  BlinkBlueLED                    
00005bd9  BlinkGreenLED                   
00005c35  main                            
00005e95  __aeabi_dsub                    
00005e9f  __aeabi_dadd                    
0000604d  SRAMStatusRead                  
000060b9  SRAMSequenceTransmit            
0000614d  SRAMSequenceRetrieve            
000061f9  RetreiveCSPort                  
00006227  RetreiveCSCode                  
000062ed  SetChipSelect                   
0000636d  ResetChipSelect1                
00006383  ResetChipSelect2                
000063a1  CheckChipHealth                 
000064d1  InitializeChipHealth            
00006529  WatchdogRunning                 
0000653f  WatchdogEnable                  
00006555  WatchdogResetEnable             
0000656b  WatchdogResetDisable            
00006581  WatchdogLock                    
00006593  WatchdogUnlock                  
000065a5  WatchdogLockState               
000065c7  WatchdogReloadSet               
000065d9  WatchdogReloadGet               
000065e7  WatchdogValueGet                
000065f5  WatchdogIntRegister             
0000660b  WatchdogIntUnregister           
0000661d  WatchdogIntEnable               
00006633  WatchdogIntStatus               
00006651  WatchdogIntClear                
00006661  WatchdogIntTypeSet              
0000667d  WatchdogStallEnable             
00006695  WatchdogStallDisable            
000066b1  MDETimerEnable                  
000066df  MDETimerInt                     
000066ef  MDEWatchdogsEnable              
00006753  ChipWatchdogPoke                
00006773  MDEWatchdogPoke                 
0000679b  MDEWatchdogInt                  
000067a7  ChipWatchdogInt                 
00006949  __aeabi_ddiv                    
00006a81  MDECycleStart                   
00006a83  ChipCycle                       
00006ab3  EnableSPI                       
00006cd5  ldexp                           
00006cd5  ldexpl                          
00006cd5  scalbn                          
00006cd5  scalbnl                         
00006de5  __aeabi_dmul                    
00006ee1  FPUEnable                       
00006ef3  FPUDisable                      
00006f01  FPUStackingEnable               
00006f13  FPULazyStackingEnable           
00006f1f  FPUStackingDisable              
00006f2b  FPUHalfPrecisionModeSet         
00006f45  FPUNaNModeSet                   
00006f5f  FPUFlushToZeroModeSet           
00006f79  FPURoundingModeSet              
00007053  __aeabi_memcpy                  
00007053  __aeabi_memcpy4                 
00007053  __aeabi_memcpy8                 
00007053  memcpy                          
000070ef  __aeabi_uldivmod                
00007185  __aeabi_cdcmpeq                 
00007185  __aeabi_cdcmple                 
0000720b  __aeabi_cdrcmple                
00007291  __aeabi_memclr                  
00007291  __aeabi_memclr4                 
00007291  __aeabi_memclr8                 
00007293  __aeabi_memset                  
00007293  __aeabi_memset4                 
00007293  __aeabi_memset8                 
00007299  memset                          
00007379  __TI_decompress_lzss            
000073e1  frexp                           
000073e1  frexpl                          
0000749b  __TI_ltoa                       
00007541  atoi                            
0000758d  snprintf                        
000075d9  __aeabi_d2iz                    
00007621  __TI_auto_init_nobinit_nopinit  
00007665  sprintf                         
000076e3  CPUcpsid                        
000076ef  CPUprimask                      
000076f9  CPUcpsie                        
00007705  CPUwfi                          
00007709  CPUbasepriSet                   
00007717  CPUbasepriGet                   
00007721  _c_int00_noargs                 
00007785  __aeabi_i2d                     
000077b3  __TI_zero_init_nomemset         
000077cf  memccpy                         
000077eb  copysign                        
000077eb  copysignl                       
00007835  strchr                          
0000784b  strlen                          
0000785f  wcslen                          
00007871  __TI_decompress_none            
0000787f  ResetISR                        
00007895  __aeabi_errno_addr              
0000789d  SysCtlDelay                     
000078a3  _system_pre_init                
000078a7  C$$EXIT                         
000078a7  abort                           
00007a5c  _ctypes_                        
000080b0  __TI_Handler_Table_Base         
000080bc  __TI_Handler_Table_Limit        
000080d0  __TI_CINIT_Base                 
000080e8  __TI_CINIT_Limit                
20000000  __start___llvm_prf_cnts         
20000000  __stop___llvm_prf_cnts          
20000000  g_pfnRAMVectors                 
20000270  __stack                         
20000470  __STACK_END                     
20000470  __STACK_TOP                     
20000470  chip_health_array               
200004b0  chip_death_array                
200004d0  ui32Loop                        
200004d4  reading_chip                    
200004d8  timer_current_cycle             
200004dc  timer_wakeup                    
200004e0  current_error                   
200004e4  auto_chip_number                
200004e5  current_chip                    
200004e6  menuState                       
200004e7  selectedBoard                   
200004e8  currentCycle                    
200004e9  chipSelectStep                  
200004ec  errno                           
200004f0  _sys_memory                     
ffffffff  __TI_pprof_out_hndl             
ffffffff  __TI_prof_data_size             
ffffffff  __TI_prof_data_start            
ffffffff  __binit__                       
ffffffff  __c_args__                      
ffffffff  binit                           
UNDEFED   __mpu_init                      
UNDEFED   _system_post_cinit              

[395 symbols]
