<?xml version="1.0" encoding="ISO-8859-1" ?>
<link_info>
   <banner>TI ARM Linker PC v20.2.7.LTS</banner>
   <copyright>Copyright (c) 1996-2018 Texas Instruments Incorporated</copyright>
   <link_time>0x651f2910</link_time>
   <link_errors>0x0</link_errors>
   <output_file>MDE_UART_CCS.out</output_file>
   <entry_point>
      <name>_c_int00_noargs</name>
      <address>0x8005</address>
   </entry_point>
   <input_file_list>
      <input_file id="fl-2">
         <path>.\driverlib\</path>
         <kind>object</kind>
         <file>adc.obj</file>
         <name>adc.obj</name>
      </input_file>
      <input_file id="fl-3">
         <path>.\driverlib\</path>
         <kind>object</kind>
         <file>aes.obj</file>
         <name>aes.obj</name>
      </input_file>
      <input_file id="fl-4">
         <path>.\driverlib\</path>
         <kind>object</kind>
         <file>can.obj</file>
         <name>can.obj</name>
      </input_file>
      <input_file id="fl-5">
         <path>.\driverlib\</path>
         <kind>object</kind>
         <file>comp.obj</file>
         <name>comp.obj</name>
      </input_file>
      <input_file id="fl-6">
         <path>.\driverlib\</path>
         <kind>object</kind>
         <file>cpu.obj</file>
         <name>cpu.obj</name>
      </input_file>
      <input_file id="fl-7">
         <path>.\driverlib\</path>
         <kind>object</kind>
         <file>crc.obj</file>
         <name>crc.obj</name>
      </input_file>
      <input_file id="fl-8">
         <path>.\driverlib\</path>
         <kind>object</kind>
         <file>des.obj</file>
         <name>des.obj</name>
      </input_file>
      <input_file id="fl-9">
         <path>.\driverlib\</path>
         <kind>object</kind>
         <file>emac.obj</file>
         <name>emac.obj</name>
      </input_file>
      <input_file id="fl-a">
         <path>.\driverlib\</path>
         <kind>object</kind>
         <file>epi.obj</file>
         <name>epi.obj</name>
      </input_file>
      <input_file id="fl-b">
         <path>.\driverlib\</path>
         <kind>object</kind>
         <file>epi_workaround_ccs.obj</file>
         <name>epi_workaround_ccs.obj</name>
      </input_file>
      <input_file id="fl-c">
         <path>.\driverlib\</path>
         <kind>object</kind>
         <file>fpu.obj</file>
         <name>fpu.obj</name>
      </input_file>
      <input_file id="fl-d">
         <path>.\driverlib\</path>
         <kind>object</kind>
         <file>gpio.obj</file>
         <name>gpio.obj</name>
      </input_file>
      <input_file id="fl-e">
         <path>.\driverlib\</path>
         <kind>object</kind>
         <file>hibernate.obj</file>
         <name>hibernate.obj</name>
      </input_file>
      <input_file id="fl-f">
         <path>.\driverlib\</path>
         <kind>object</kind>
         <file>i2c.obj</file>
         <name>i2c.obj</name>
      </input_file>
      <input_file id="fl-10">
         <path>.\driverlib\</path>
         <kind>object</kind>
         <file>interrupt.obj</file>
         <name>interrupt.obj</name>
      </input_file>
      <input_file id="fl-11">
         <path>.\driverlib\</path>
         <kind>object</kind>
         <file>lcd.obj</file>
         <name>lcd.obj</name>
      </input_file>
      <input_file id="fl-12">
         <path>.\driverlib\</path>
         <kind>object</kind>
         <file>mpu.obj</file>
         <name>mpu.obj</name>
      </input_file>
      <input_file id="fl-13">
         <path>.\driverlib\</path>
         <kind>object</kind>
         <file>onewire.obj</file>
         <name>onewire.obj</name>
      </input_file>
      <input_file id="fl-14">
         <path>.\driverlib\</path>
         <kind>object</kind>
         <file>pwm.obj</file>
         <name>pwm.obj</name>
      </input_file>
      <input_file id="fl-15">
         <path>.\driverlib\</path>
         <kind>object</kind>
         <file>qei.obj</file>
         <name>qei.obj</name>
      </input_file>
      <input_file id="fl-16">
         <path>.\driverlib\</path>
         <kind>object</kind>
         <file>shamd5.obj</file>
         <name>shamd5.obj</name>
      </input_file>
      <input_file id="fl-17">
         <path>.\driverlib\</path>
         <kind>object</kind>
         <file>ssi.obj</file>
         <name>ssi.obj</name>
      </input_file>
      <input_file id="fl-18">
         <path>.\driverlib\</path>
         <kind>object</kind>
         <file>sw_crc.obj</file>
         <name>sw_crc.obj</name>
      </input_file>
      <input_file id="fl-19">
         <path>.\driverlib\</path>
         <kind>object</kind>
         <file>sysctl.obj</file>
         <name>sysctl.obj</name>
      </input_file>
      <input_file id="fl-1a">
         <path>.\driverlib\</path>
         <kind>object</kind>
         <file>sysexc.obj</file>
         <name>sysexc.obj</name>
      </input_file>
      <input_file id="fl-1b">
         <path>.\driverlib\</path>
         <kind>object</kind>
         <file>systick.obj</file>
         <name>systick.obj</name>
      </input_file>
      <input_file id="fl-1c">
         <path>.\driverlib\</path>
         <kind>object</kind>
         <file>timer.obj</file>
         <name>timer.obj</name>
      </input_file>
      <input_file id="fl-1d">
         <path>.\driverlib\</path>
         <kind>object</kind>
         <file>uart.obj</file>
         <name>uart.obj</name>
      </input_file>
      <input_file id="fl-1e">
         <path>.\driverlib\</path>
         <kind>object</kind>
         <file>udma.obj</file>
         <name>udma.obj</name>
      </input_file>
      <input_file id="fl-1f">
         <path>.\driverlib\</path>
         <kind>object</kind>
         <file>usb.obj</file>
         <name>usb.obj</name>
      </input_file>
      <input_file id="fl-20">
         <path>.\driverlib\</path>
         <kind>object</kind>
         <file>watchdog.obj</file>
         <name>watchdog.obj</name>
      </input_file>
      <input_file id="fl-21">
         <path>.\source\</path>
         <kind>object</kind>
         <file>bit_errors.obj</file>
         <name>bit_errors.obj</name>
      </input_file>
      <input_file id="fl-22">
         <path>.\source\</path>
         <kind>object</kind>
         <file>chip_health.obj</file>
         <name>chip_health.obj</name>
      </input_file>
      <input_file id="fl-23">
         <path>.\source\</path>
         <kind>object</kind>
         <file>chips.obj</file>
         <name>chips.obj</name>
      </input_file>
      <input_file id="fl-24">
         <path>.\source\</path>
         <kind>object</kind>
         <file>devtools.obj</file>
         <name>devtools.obj</name>
      </input_file>
      <input_file id="fl-25">
         <path>.\source\</path>
         <kind>object</kind>
         <file>main.obj</file>
         <name>main.obj</name>
      </input_file>
      <input_file id="fl-26">
         <path>.\source\</path>
         <kind>object</kind>
         <file>mde.obj</file>
         <name>mde.obj</name>
      </input_file>
      <input_file id="fl-27">
         <path>.\source\</path>
         <kind>object</kind>
         <file>mde_timers.obj</file>
         <name>mde_timers.obj</name>
      </input_file>
      <input_file id="fl-28">
         <path>.\source\</path>
         <kind>object</kind>
         <file>multiplexer.obj</file>
         <name>multiplexer.obj</name>
      </input_file>
      <input_file id="fl-29">
         <path>.\source\</path>
         <kind>object</kind>
         <file>obc_uart.obj</file>
         <name>obc_uart.obj</name>
      </input_file>
      <input_file id="fl-2a">
         <path>.\source\</path>
         <kind>object</kind>
         <file>tm4c123gh6pm_startup_ccs.obj</file>
         <name>tm4c123gh6pm_startup_ccs.obj</name>
      </input_file>
      <input_file id="fl-2b">
         <path>.\source\chipDrivers\</path>
         <kind>object</kind>
         <file>FLASHfunc.obj</file>
         <name>FLASHfunc.obj</name>
      </input_file>
      <input_file id="fl-2c">
         <path>.\source\chipDrivers\</path>
         <kind>object</kind>
         <file>FRAMfunc.obj</file>
         <name>FRAMfunc.obj</name>
      </input_file>
      <input_file id="fl-2d">
         <path>.\source\chipDrivers\</path>
         <kind>object</kind>
         <file>MRAMfunc.obj</file>
         <name>MRAMfunc.obj</name>
      </input_file>
      <input_file id="fl-2e">
         <path>.\source\chipDrivers\</path>
         <kind>object</kind>
         <file>SRAMfunc.obj</file>
         <name>SRAMfunc.obj</name>
      </input_file>
      <input_file id="fl-33">
         <kind>object</kind>
         <file>&lt;internal&gt;</file>
         <name>&lt;internal&gt;</name>
      </input_file>
      <input_file id="fl-e9">
         <path>C:\ti\ccs1120\ccs\tools\compiler\ti-cgt-arm_20.2.7.LTS\lib\</path>
         <kind>archive</kind>
         <file>rtsv7M4_T_le_v4SPD16_eabi.lib</file>
         <name>snprintf.c.obj</name>
      </input_file>
      <input_file id="fl-ea">
         <path>C:\ti\ccs1120\ccs\tools\compiler\ti-cgt-arm_20.2.7.LTS\lib\</path>
         <kind>archive</kind>
         <file>rtsv7M4_T_le_v4SPD16_eabi.lib</file>
         <name>sprintf.c.obj</name>
      </input_file>
      <input_file id="fl-eb">
         <path>C:\ti\ccs1120\ccs\tools\compiler\ti-cgt-arm_20.2.7.LTS\lib\</path>
         <kind>archive</kind>
         <file>rtsv7M4_T_le_v4SPD16_eabi.lib</file>
         <name>memcpy_t2.asm.obj</name>
      </input_file>
      <input_file id="fl-ec">
         <path>C:\ti\ccs1120\ccs\tools\compiler\ti-cgt-arm_20.2.7.LTS\lib\</path>
         <kind>archive</kind>
         <file>rtsv7M4_T_le_v4SPD16_eabi.lib</file>
         <name>copy_zero_init.c.obj</name>
      </input_file>
      <input_file id="fl-ed">
         <path>C:\ti\ccs1120\ccs\tools\compiler\ti-cgt-arm_20.2.7.LTS\lib\</path>
         <kind>archive</kind>
         <file>rtsv7M4_T_le_v4SPD16_eabi.lib</file>
         <name>copy_decompress_none.c.obj</name>
      </input_file>
      <input_file id="fl-ee">
         <path>C:\ti\ccs1120\ccs\tools\compiler\ti-cgt-arm_20.2.7.LTS\lib\</path>
         <kind>archive</kind>
         <file>rtsv7M4_T_le_v4SPD16_eabi.lib</file>
         <name>copy_decompress_lzss.c.obj</name>
      </input_file>
      <input_file id="fl-ef">
         <path>C:\ti\ccs1120\ccs\tools\compiler\ti-cgt-arm_20.2.7.LTS\lib\</path>
         <kind>archive</kind>
         <file>rtsv7M4_T_le_v4SPD16_eabi.lib</file>
         <name>memory.c.obj</name>
      </input_file>
      <input_file id="fl-f0">
         <path>C:\ti\ccs1120\ccs\tools\compiler\ti-cgt-arm_20.2.7.LTS\lib\</path>
         <kind>archive</kind>
         <file>rtsv7M4_T_le_v4SPD16_eabi.lib</file>
         <name>strlen.c.obj</name>
      </input_file>
      <input_file id="fl-f1">
         <path>C:\ti\ccs1120\ccs\tools\compiler\ti-cgt-arm_20.2.7.LTS\lib\</path>
         <kind>archive</kind>
         <file>rtsv7M4_T_le_v4SPD16_eabi.lib</file>
         <name>boot_cortex_m.c.obj</name>
      </input_file>
      <input_file id="fl-f2">
         <path>C:\ti\ccs1120\ccs\tools\compiler\ti-cgt-arm_20.2.7.LTS\lib\</path>
         <kind>archive</kind>
         <file>rtsv7M4_T_le_v4SPD16_eabi.lib</file>
         <name>_printfi.c.obj</name>
      </input_file>
      <input_file id="fl-f3">
         <path>C:\ti\ccs1120\ccs\tools\compiler\ti-cgt-arm_20.2.7.LTS\lib\</path>
         <kind>archive</kind>
         <file>rtsv7M4_T_le_v4SPD16_eabi.lib</file>
         <name>fd_add_t2.asm.obj</name>
      </input_file>
      <input_file id="fl-f4">
         <path>C:\ti\ccs1120\ccs\tools\compiler\ti-cgt-arm_20.2.7.LTS\lib\</path>
         <kind>archive</kind>
         <file>rtsv7M4_T_le_v4SPD16_eabi.lib</file>
         <name>fd_cmp_t2.asm.obj</name>
      </input_file>
      <input_file id="fl-f5">
         <path>C:\ti\ccs1120\ccs\tools\compiler\ti-cgt-arm_20.2.7.LTS\lib\</path>
         <kind>archive</kind>
         <file>rtsv7M4_T_le_v4SPD16_eabi.lib</file>
         <name>fd_div_t2.asm.obj</name>
      </input_file>
      <input_file id="fl-f6">
         <path>C:\ti\ccs1120\ccs\tools\compiler\ti-cgt-arm_20.2.7.LTS\lib\</path>
         <kind>archive</kind>
         <file>rtsv7M4_T_le_v4SPD16_eabi.lib</file>
         <name>fd_mul_t2.asm.obj</name>
      </input_file>
      <input_file id="fl-f7">
         <path>C:\ti\ccs1120\ccs\tools\compiler\ti-cgt-arm_20.2.7.LTS\lib\</path>
         <kind>archive</kind>
         <file>rtsv7M4_T_le_v4SPD16_eabi.lib</file>
         <name>fd_toi_t2.asm.obj</name>
      </input_file>
      <input_file id="fl-f8">
         <path>C:\ti\ccs1120\ccs\tools\compiler\ti-cgt-arm_20.2.7.LTS\lib\</path>
         <kind>archive</kind>
         <file>rtsv7M4_T_le_v4SPD16_eabi.lib</file>
         <name>i_tofd_t2.asm.obj</name>
      </input_file>
      <input_file id="fl-f9">
         <path>C:\ti\ccs1120\ccs\tools\compiler\ti-cgt-arm_20.2.7.LTS\lib\</path>
         <kind>archive</kind>
         <file>rtsv7M4_T_le_v4SPD16_eabi.lib</file>
         <name>memset_t2.asm.obj</name>
      </input_file>
      <input_file id="fl-fa">
         <path>C:\ti\ccs1120\ccs\tools\compiler\ti-cgt-arm_20.2.7.LTS\lib\</path>
         <kind>archive</kind>
         <file>rtsv7M4_T_le_v4SPD16_eabi.lib</file>
         <name>ull_div_t2.asm.obj</name>
      </input_file>
      <input_file id="fl-fb">
         <path>C:\ti\ccs1120\ccs\tools\compiler\ti-cgt-arm_20.2.7.LTS\lib\</path>
         <kind>archive</kind>
         <file>rtsv7M4_T_le_v4SPD16_eabi.lib</file>
         <name>autoinit.c.obj</name>
      </input_file>
      <input_file id="fl-fc">
         <path>C:\ti\ccs1120\ccs\tools\compiler\ti-cgt-arm_20.2.7.LTS\lib\</path>
         <kind>archive</kind>
         <file>rtsv7M4_T_le_v4SPD16_eabi.lib</file>
         <name>pre_init.c.obj</name>
      </input_file>
      <input_file id="fl-fd">
         <path>C:\ti\ccs1120\ccs\tools\compiler\ti-cgt-arm_20.2.7.LTS\lib\</path>
         <kind>archive</kind>
         <file>rtsv7M4_T_le_v4SPD16_eabi.lib</file>
         <name>cpy_tbl.c.obj</name>
      </input_file>
      <input_file id="fl-fe">
         <path>C:\ti\ccs1120\ccs\tools\compiler\ti-cgt-arm_20.2.7.LTS\lib\</path>
         <kind>archive</kind>
         <file>rtsv7M4_T_le_v4SPD16_eabi.lib</file>
         <name>exit.c.obj</name>
      </input_file>
      <input_file id="fl-ff">
         <path>C:\ti\ccs1120\ccs\tools\compiler\ti-cgt-arm_20.2.7.LTS\lib\</path>
         <kind>archive</kind>
         <file>rtsv7M4_T_le_v4SPD16_eabi.lib</file>
         <name>_lock.c.obj</name>
      </input_file>
      <input_file id="fl-100">
         <path>C:\ti\ccs1120\ccs\tools\compiler\ti-cgt-arm_20.2.7.LTS\lib\</path>
         <kind>archive</kind>
         <file>rtsv7M4_T_le_v4SPD16_eabi.lib</file>
         <name>_ltoa.c.obj</name>
      </input_file>
      <input_file id="fl-101">
         <path>C:\ti\ccs1120\ccs\tools\compiler\ti-cgt-arm_20.2.7.LTS\lib\</path>
         <kind>archive</kind>
         <file>rtsv7M4_T_le_v4SPD16_eabi.lib</file>
         <name>args_main.c.obj</name>
      </input_file>
      <input_file id="fl-102">
         <path>C:\ti\ccs1120\ccs\tools\compiler\ti-cgt-arm_20.2.7.LTS\lib\</path>
         <kind>archive</kind>
         <file>rtsv7M4_T_le_v4SPD16_eabi.lib</file>
         <name>atoi.c.obj</name>
      </input_file>
      <input_file id="fl-103">
         <path>C:\ti\ccs1120\ccs\tools\compiler\ti-cgt-arm_20.2.7.LTS\lib\</path>
         <kind>archive</kind>
         <file>rtsv7M4_T_le_v4SPD16_eabi.lib</file>
         <name>ctype.c.obj</name>
      </input_file>
      <input_file id="fl-104">
         <path>C:\ti\ccs1120\ccs\tools\compiler\ti-cgt-arm_20.2.7.LTS\lib\</path>
         <kind>archive</kind>
         <file>rtsv7M4_T_le_v4SPD16_eabi.lib</file>
         <name>memccpy.c.obj</name>
      </input_file>
      <input_file id="fl-105">
         <path>C:\ti\ccs1120\ccs\tools\compiler\ti-cgt-arm_20.2.7.LTS\lib\</path>
         <kind>archive</kind>
         <file>rtsv7M4_T_le_v4SPD16_eabi.lib</file>
         <name>strchr.c.obj</name>
      </input_file>
      <input_file id="fl-106">
         <path>C:\ti\ccs1120\ccs\tools\compiler\ti-cgt-arm_20.2.7.LTS\lib\</path>
         <kind>archive</kind>
         <file>rtsv7M4_T_le_v4SPD16_eabi.lib</file>
         <name>errno.c.obj</name>
      </input_file>
      <input_file id="fl-107">
         <path>C:\ti\ccs1120\ccs\tools\compiler\ti-cgt-arm_20.2.7.LTS\lib\</path>
         <kind>archive</kind>
         <file>rtsv7M4_T_le_v4SPD16_eabi.lib</file>
         <name>wcslen.c.obj</name>
      </input_file>
      <input_file id="fl-108">
         <path>C:\ti\ccs1120\ccs\tools\compiler\ti-cgt-arm_20.2.7.LTS\lib\</path>
         <kind>archive</kind>
         <file>rtsv7M4_T_le_v4SPD16_eabi.lib</file>
         <name>s_frexp.c.obj</name>
      </input_file>
      <input_file id="fl-109">
         <path>C:\ti\ccs1120\ccs\tools\compiler\ti-cgt-arm_20.2.7.LTS\lib\</path>
         <kind>archive</kind>
         <file>rtsv7M4_T_le_v4SPD16_eabi.lib</file>
         <name>s_scalbn.c.obj</name>
      </input_file>
      <input_file id="fl-10a">
         <path>C:\ti\ccs1120\ccs\tools\compiler\ti-cgt-arm_20.2.7.LTS\lib\</path>
         <kind>archive</kind>
         <file>rtsv7M4_T_le_v4SPD16_eabi.lib</file>
         <name>div0.asm.obj</name>
      </input_file>
      <input_file id="fl-10b">
         <path>C:\ti\ccs1120\ccs\tools\compiler\ti-cgt-arm_20.2.7.LTS\lib\</path>
         <kind>archive</kind>
         <file>rtsv7M4_T_le_v4SPD16_eabi.lib</file>
         <name>s_copysign.c.obj</name>
      </input_file>
   </input_file_list>
   <object_component_list>
      <object_component id="oc-12">
         <name>.intvecs</name>
         <load_address>0x0</load_address>
         <run_address>0x0</run_address>
         <size>0x26c</size>
         <input_file_ref idref="fl-2a"/>
      </object_component>
      <object_component id="oc-105">
         <name>.text</name>
         <load_address>0x26c</load_address>
         <run_address>0x26c</run_address>
         <size>0x1760</size>
         <input_file_ref idref="fl-24"/>
      </object_component>
      <object_component id="oc-e1">
         <name>.text</name>
         <load_address>0x19cc</load_address>
         <run_address>0x19cc</run_address>
         <size>0xf80</size>
         <input_file_ref idref="fl-19"/>
      </object_component>
      <object_component id="oc-e7">
         <name>.text</name>
         <load_address>0x294c</load_address>
         <run_address>0x294c</run_address>
         <size>0xb94</size>
         <input_file_ref idref="fl-d"/>
      </object_component>
      <object_component id="oc-25a">
         <name>.text:__TI_printfi</name>
         <load_address>0x34e0</load_address>
         <run_address>0x34e0</run_address>
         <size>0xa4e</size>
         <input_file_ref idref="fl-f2"/>
      </object_component>
      <object_component id="oc-2cd">
         <name>.text:_nop</name>
         <load_address>0x3f2e</load_address>
         <run_address>0x3f2e</run_address>
         <size>0x2</size>
         <input_file_ref idref="fl-ff"/>
      </object_component>
      <object_component id="oc-196">
         <name>.text</name>
         <load_address>0x3f30</load_address>
         <run_address>0x3f30</run_address>
         <size>0x642</size>
         <input_file_ref idref="fl-1c"/>
      </object_component>
      <object_component id="oc-3ff">
         <name>.text</name>
         <load_address>0x4572</load_address>
         <run_address>0x4572</run_address>
         <size>0x2</size>
         <input_file_ref idref="fl-10a"/>
      </object_component>
      <object_component id="oc-1bb">
         <name>.text</name>
         <load_address>0x4574</load_address>
         <run_address>0x4574</run_address>
         <size>0x62e</size>
         <input_file_ref idref="fl-1d"/>
      </object_component>
      <object_component id="oc-1c7">
         <name>.text</name>
         <load_address>0x4ba4</load_address>
         <run_address>0x4ba4</run_address>
         <size>0x4e8</size>
         <input_file_ref idref="fl-2b"/>
      </object_component>
      <object_component id="oc-db">
         <name>.text</name>
         <load_address>0x508c</load_address>
         <run_address>0x508c</run_address>
         <size>0x3c0</size>
         <input_file_ref idref="fl-10"/>
      </object_component>
      <object_component id="oc-1d3">
         <name>.text</name>
         <load_address>0x544c</load_address>
         <run_address>0x544c</run_address>
         <size>0x358</size>
         <input_file_ref idref="fl-2d"/>
      </object_component>
      <object_component id="oc-1b3">
         <name>.text</name>
         <load_address>0x57a4</load_address>
         <run_address>0x57a4</run_address>
         <size>0x336</size>
         <input_file_ref idref="fl-17"/>
      </object_component>
      <object_component id="oc-1cd">
         <name>.text</name>
         <load_address>0x5adc</load_address>
         <run_address>0x5adc</run_address>
         <size>0x28c</size>
         <input_file_ref idref="fl-2c"/>
      </object_component>
      <object_component id="oc-315">
         <name>.text:_pconv_a</name>
         <load_address>0x5d68</load_address>
         <run_address>0x5d68</run_address>
         <size>0x270</size>
         <input_file_ref idref="fl-f2"/>
      </object_component>
      <object_component id="oc-a2">
         <name>.text</name>
         <load_address>0x5fd8</load_address>
         <run_address>0x5fd8</run_address>
         <size>0x214</size>
         <input_file_ref idref="fl-25"/>
      </object_component>
      <object_component id="oc-1d9">
         <name>.text</name>
         <load_address>0x61ec</load_address>
         <run_address>0x61ec</run_address>
         <size>0x1d8</size>
         <input_file_ref idref="fl-2e"/>
      </object_component>
      <object_component id="oc-303">
         <name>.text:_pconv_g</name>
         <load_address>0x63c4</load_address>
         <run_address>0x63c4</run_address>
         <size>0x1d0</size>
         <input_file_ref idref="fl-f2"/>
      </object_component>
      <object_component id="oc-3a2">
         <name>.text</name>
         <load_address>0x6594</load_address>
         <run_address>0x6594</run_address>
         <size>0x1b6</size>
         <input_file_ref idref="fl-f3"/>
      </object_component>
      <object_component id="oc-ff">
         <name>.text</name>
         <load_address>0x674c</load_address>
         <run_address>0x674c</run_address>
         <size>0x1ac</size>
         <input_file_ref idref="fl-26"/>
      </object_component>
      <object_component id="oc-ed">
         <name>.text</name>
         <load_address>0x68f8</load_address>
         <run_address>0x68f8</run_address>
         <size>0x1a8</size>
         <input_file_ref idref="fl-28"/>
      </object_component>
      <object_component id="oc-f9">
         <name>.text</name>
         <load_address>0x6aa0</load_address>
         <run_address>0x6aa0</run_address>
         <size>0x1a4</size>
         <input_file_ref idref="fl-27"/>
      </object_component>
      <object_component id="oc-10b">
         <name>.text</name>
         <load_address>0x6c44</load_address>
         <run_address>0x6c44</run_address>
         <size>0x188</size>
         <input_file_ref idref="fl-22"/>
      </object_component>
      <object_component id="oc-1a8">
         <name>.text</name>
         <load_address>0x6dcc</load_address>
         <run_address>0x6dcc</run_address>
         <size>0x188</size>
         <input_file_ref idref="fl-20"/>
      </object_component>
      <object_component id="oc-30f">
         <name>.text:_pconv_e</name>
         <load_address>0x6f54</load_address>
         <run_address>0x6f54</run_address>
         <size>0x13c</size>
         <input_file_ref idref="fl-f2"/>
      </object_component>
      <object_component id="oc-388">
         <name>.text</name>
         <load_address>0x7090</load_address>
         <run_address>0x7090</run_address>
         <size>0x136</size>
         <input_file_ref idref="fl-f5"/>
      </object_component>
      <object_component id="oc-3b4">
         <name>.text:fcvt</name>
         <load_address>0x71c8</load_address>
         <run_address>0x71c8</run_address>
         <size>0x124</size>
         <input_file_ref idref="fl-f2"/>
      </object_component>
      <object_component id="oc-3c8">
         <name>.text:scalbn</name>
         <load_address>0x72ec</load_address>
         <run_address>0x72ec</run_address>
         <size>0x110</size>
         <input_file_ref idref="fl-109"/>
      </object_component>
      <object_component id="oc-3f1">
         <name>.text:aligned_alloc</name>
         <load_address>0x73fc</load_address>
         <run_address>0x73fc</run_address>
         <size>0x100</size>
         <input_file_ref idref="fl-ef"/>
      </object_component>
      <object_component id="oc-383">
         <name>.text</name>
         <load_address>0x74fc</load_address>
         <run_address>0x74fc</run_address>
         <size>0xfc</size>
         <input_file_ref idref="fl-f6"/>
      </object_component>
      <object_component id="oc-1df">
         <name>.text:free</name>
         <load_address>0x75f8</load_address>
         <run_address>0x75f8</run_address>
         <size>0xe4</size>
         <input_file_ref idref="fl-ef"/>
      </object_component>
      <object_component id="oc-f3">
         <name>.text</name>
         <load_address>0x76dc</load_address>
         <run_address>0x76dc</run_address>
         <size>0xc0</size>
         <input_file_ref idref="fl-c"/>
      </object_component>
      <object_component id="oc-2f8">
         <name>.text:_ltostr</name>
         <load_address>0x779c</load_address>
         <run_address>0x779c</run_address>
         <size>0xb1</size>
         <input_file_ref idref="fl-f2"/>
      </object_component>
      <object_component id="oc-3e">
         <name>.text</name>
         <load_address>0x784e</load_address>
         <run_address>0x784e</run_address>
         <size>0x9c</size>
         <input_file_ref idref="fl-eb"/>
      </object_component>
      <object_component id="oc-37c">
         <name>.text</name>
         <load_address>0x78ea</load_address>
         <run_address>0x78ea</run_address>
         <size>0x96</size>
         <input_file_ref idref="fl-fa"/>
      </object_component>
      <object_component id="oc-2fe">
         <name>.text:__aeabi_cdcmple</name>
         <load_address>0x7980</load_address>
         <run_address>0x7980</run_address>
         <size>0x86</size>
         <input_file_ref idref="fl-f4"/>
      </object_component>
      <object_component id="oc-38d">
         <name>.text:__aeabi_cdrcmple</name>
         <load_address>0x7a06</load_address>
         <run_address>0x7a06</run_address>
         <size>0x86</size>
         <input_file_ref idref="fl-f4"/>
      </object_component>
      <object_component id="oc-96">
         <name>.text</name>
         <load_address>0x7a8c</load_address>
         <run_address>0x7a8c</run_address>
         <size>0x7a</size>
         <input_file_ref idref="fl-f9"/>
      </object_component>
      <object_component id="oc-2ac">
         <name>.text</name>
         <load_address>0x7b08</load_address>
         <run_address>0x7b08</run_address>
         <size>0x74</size>
         <input_file_ref idref="fl-21"/>
      </object_component>
      <object_component id="oc-434">
         <name>.text:split</name>
         <load_address>0x7b7c</load_address>
         <run_address>0x7b7c</run_address>
         <size>0x70</size>
         <input_file_ref idref="fl-ef"/>
      </object_component>
      <object_component id="oc-3ad">
         <name>.text:_mcpy</name>
         <load_address>0x7bec</load_address>
         <run_address>0x7bec</run_address>
         <size>0x6e</size>
         <input_file_ref idref="fl-f2"/>
      </object_component>
      <object_component id="oc-15">
         <name>.text:decompress:lzss:__TI_decompress_lzss</name>
         <load_address>0x7c5a</load_address>
         <run_address>0x7c5a</run_address>
         <size>0x68</size>
         <input_file_ref idref="fl-ee"/>
      </object_component>
      <object_component id="oc-3c2">
         <name>.text:frexp</name>
         <load_address>0x7cc4</load_address>
         <run_address>0x7cc4</run_address>
         <size>0x64</size>
         <input_file_ref idref="fl-108"/>
      </object_component>
      <object_component id="oc-309">
         <name>.text:_pconv_f</name>
         <load_address>0x7d28</load_address>
         <run_address>0x7d28</run_address>
         <size>0x56</size>
         <input_file_ref idref="fl-f2"/>
      </object_component>
      <object_component id="oc-397">
         <name>.text:__TI_ltoa</name>
         <load_address>0x7d7e</load_address>
         <run_address>0x7d7e</run_address>
         <size>0x54</size>
         <input_file_ref idref="fl-100"/>
      </object_component>
      <object_component id="oc-3a7">
         <name>.text:_ecpy</name>
         <load_address>0x7dd2</load_address>
         <run_address>0x7dd2</run_address>
         <size>0x52</size>
         <input_file_ref idref="fl-f2"/>
      </object_component>
      <object_component id="oc-2f2">
         <name>.text:atoi</name>
         <load_address>0x7e24</load_address>
         <run_address>0x7e24</run_address>
         <size>0x4c</size>
         <input_file_ref idref="fl-102"/>
      </object_component>
      <object_component id="oc-1c1">
         <name>.text:snprintf</name>
         <load_address>0x7e70</load_address>
         <run_address>0x7e70</run_address>
         <size>0x4c</size>
         <input_file_ref idref="fl-e9"/>
      </object_component>
      <object_component id="oc-392">
         <name>.text</name>
         <load_address>0x7ebc</load_address>
         <run_address>0x7ebc</run_address>
         <size>0x48</size>
         <input_file_ref idref="fl-f7"/>
      </object_component>
      <object_component id="oc-124">
         <name>.text:__TI_auto_init_nobinit_nopinit:__TI_auto_init_nobinit_nopinit</name>
         <load_address>0x7f04</load_address>
         <run_address>0x7f04</run_address>
         <size>0x44</size>
         <input_file_ref idref="fl-fb"/>
      </object_component>
      <object_component id="oc-19c">
         <name>.text:sprintf</name>
         <load_address>0x7f48</load_address>
         <run_address>0x7f48</run_address>
         <size>0x40</size>
         <input_file_ref idref="fl-ea"/>
      </object_component>
      <object_component id="oc-3ba">
         <name>.text:_fcpy</name>
         <load_address>0x7f88</load_address>
         <run_address>0x7f88</run_address>
         <size>0x3e</size>
         <input_file_ref idref="fl-f2"/>
      </object_component>
      <object_component id="oc-158">
         <name>.text</name>
         <load_address>0x7fc6</load_address>
         <run_address>0x7fc6</run_address>
         <size>0x3e</size>
         <input_file_ref idref="fl-6"/>
      </object_component>
      <object_component id="oc-5c">
         <name>.text:_c_int00_noargs:_c_int00_noargs</name>
         <load_address>0x8004</load_address>
         <run_address>0x8004</run_address>
         <size>0x34</size>
         <input_file_ref idref="fl-f1"/>
      </object_component>
      <object_component id="oc-290">
         <name>.text:_outs</name>
         <load_address>0x8038</load_address>
         <run_address>0x8038</run_address>
         <size>0x30</size>
         <input_file_ref idref="fl-e9"/>
      </object_component>
      <object_component id="oc-39d">
         <name>.text</name>
         <load_address>0x8068</load_address>
         <run_address>0x8068</run_address>
         <size>0x2e</size>
         <input_file_ref idref="fl-f8"/>
      </object_component>
      <object_component id="oc-2bc">
         <name>.text:free_list_insert</name>
         <load_address>0x8098</load_address>
         <run_address>0x8098</run_address>
         <size>0x28</size>
         <input_file_ref idref="fl-ef"/>
      </object_component>
      <object_component id="oc-2b6">
         <name>.text:free_list_remove</name>
         <load_address>0x80c0</load_address>
         <run_address>0x80c0</run_address>
         <size>0x1c</size>
         <input_file_ref idref="fl-ef"/>
      </object_component>
      <object_component id="oc-31b">
         <name>.text:memccpy</name>
         <load_address>0x80dc</load_address>
         <run_address>0x80dc</run_address>
         <size>0x1c</size>
         <input_file_ref idref="fl-104"/>
      </object_component>
      <object_component id="oc-418">
         <name>.text:copysign</name>
         <load_address>0x80f8</load_address>
         <run_address>0x80f8</run_address>
         <size>0x1a</size>
         <input_file_ref idref="fl-10b"/>
      </object_component>
      <object_component id="oc-296">
         <name>.text:_outc</name>
         <load_address>0x8112</load_address>
         <run_address>0x8112</run_address>
         <size>0x18</size>
         <input_file_ref idref="fl-e9"/>
      </object_component>
      <object_component id="oc-260">
         <name>.text:_outs</name>
         <load_address>0x812a</load_address>
         <run_address>0x812a</run_address>
         <size>0x18</size>
         <input_file_ref idref="fl-ea"/>
      </object_component>
      <object_component id="oc-3ce">
         <name>.text:strchr</name>
         <load_address>0x8142</load_address>
         <run_address>0x8142</run_address>
         <size>0x16</size>
         <input_file_ref idref="fl-105"/>
      </object_component>
      <object_component id="oc-1a2">
         <name>.text:strlen</name>
         <load_address>0x8158</load_address>
         <run_address>0x8158</run_address>
         <size>0x14</size>
         <input_file_ref idref="fl-f0"/>
      </object_component>
      <object_component id="oc-321">
         <name>.text:wcslen</name>
         <load_address>0x816c</load_address>
         <run_address>0x816c</run_address>
         <size>0x12</size>
         <input_file_ref idref="fl-107"/>
      </object_component>
      <object_component id="oc-1b">
         <name>.text:decompress:none:__TI_decompress_none</name>
         <load_address>0x817e</load_address>
         <run_address>0x817e</run_address>
         <size>0xe</size>
         <input_file_ref idref="fl-ed"/>
      </object_component>
      <object_component id="oc-50">
         <name>.text:decompress:ZI:__TI_zero_init</name>
         <load_address>0x818c</load_address>
         <run_address>0x818c</run_address>
         <size>0xc</size>
         <input_file_ref idref="fl-ec"/>
      </object_component>
      <object_component id="oc-2a">
         <name>.text</name>
         <load_address>0x8198</load_address>
         <run_address>0x8198</run_address>
         <size>0xc</size>
         <input_file_ref idref="fl-2a"/>
      </object_component>
      <object_component id="oc-266">
         <name>.text:_outc</name>
         <load_address>0x81a4</load_address>
         <run_address>0x81a4</run_address>
         <size>0xa</size>
         <input_file_ref idref="fl-ea"/>
      </object_component>
      <object_component id="oc-327">
         <name>.text:__aeabi_errno_addr</name>
         <load_address>0x81b0</load_address>
         <run_address>0x81b0</run_address>
         <size>0x8</size>
         <input_file_ref idref="fl-106"/>
      </object_component>
      <object_component id="oc-356">
         <name>.text:malloc</name>
         <load_address>0x81b8</load_address>
         <run_address>0x81b8</run_address>
         <size>0x8</size>
         <input_file_ref idref="fl-ef"/>
      </object_component>
      <object_component id="oc-181">
         <name>.text:SysCtlDelay</name>
         <load_address>0x81c0</load_address>
         <run_address>0x81c0</run_address>
         <size>0x6</size>
         <input_file_ref idref="fl-19"/>
      </object_component>
      <object_component id="oc-9c">
         <name>.text:_system_pre_init</name>
         <load_address>0x81c6</load_address>
         <run_address>0x81c6</run_address>
         <size>0x4</size>
         <input_file_ref idref="fl-fc"/>
      </object_component>
      <object_component id="oc-118">
         <name>.text:abort:abort</name>
         <load_address>0x81ca</load_address>
         <run_address>0x81ca</run_address>
         <size>0x4</size>
         <input_file_ref idref="fl-fe"/>
      </object_component>
      <object_component id="oc-17e">
         <name>.const:g_pppui32XTALtoVCO</name>
         <load_address>0x81d0</load_address>
         <run_address>0x81d0</run_address>
         <size>0x1b0</size>
         <input_file_ref idref="fl-19"/>
      </object_component>
      <object_component id="oc-377">
         <name>.const:.string:_ctypes_</name>
         <load_address>0x8380</load_address>
         <run_address>0x8380</run_address>
         <size>0x101</size>
         <input_file_ref idref="fl-103"/>
      </object_component>
      <object_component id="oc-18c">
         <name>.const:g_ppui32GPIOIntMapSnowflake</name>
         <load_address>0x8484</load_address>
         <run_address>0x8484</run_address>
         <size>0xd8</size>
         <input_file_ref idref="fl-d"/>
      </object_component>
      <object_component id="oc-189">
         <name>.const:g_ppui32GPIOIntMapBlizzard</name>
         <load_address>0x855c</load_address>
         <run_address>0x855c</run_address>
         <size>0xc0</size>
         <input_file_ref idref="fl-d"/>
      </object_component>
      <object_component id="oc-164">
         <name>.const:g_pui32Regs</name>
         <load_address>0x861c</load_address>
         <run_address>0x861c</run_address>
         <size>0x9c</size>
         <input_file_ref idref="fl-10"/>
      </object_component>
      <object_component id="oc-18f">
         <name>.const:g_pui32GPIOBaseAddrs</name>
         <load_address>0x86b8</load_address>
         <run_address>0x86b8</run_address>
         <size>0x90</size>
         <input_file_ref idref="fl-d"/>
      </object_component>
      <object_component id="oc-178">
         <name>.const:g_pui32Xtals</name>
         <load_address>0x8748</load_address>
         <run_address>0x8748</run_address>
         <size>0x6c</size>
         <input_file_ref idref="fl-19"/>
      </object_component>
      <object_component id="oc-252">
         <name>.const:g_ppui32TimerIntMap</name>
         <load_address>0x87b4</load_address>
         <run_address>0x87b4</run_address>
         <size>0x60</size>
         <input_file_ref idref="fl-1c"/>
      </object_component>
      <object_component id="oc-255">
         <name>.const:g_ppui32TimerIntMapSnowflake</name>
         <load_address>0x8814</load_address>
         <run_address>0x8814</run_address>
         <size>0x40</size>
         <input_file_ref idref="fl-1c"/>
      </object_component>
      <object_component id="oc-288">
         <name>.const:g_ppui32UARTIntMap</name>
         <load_address>0x8854</load_address>
         <run_address>0x8854</run_address>
         <size>0x40</size>
         <input_file_ref idref="fl-1d"/>
      </object_component>
      <object_component id="oc-28b">
         <name>.const:g_ppui32UARTIntMapSnowflake</name>
         <load_address>0x8894</load_address>
         <run_address>0x8894</run_address>
         <size>0x40</size>
         <input_file_ref idref="fl-1d"/>
      </object_component>
      <object_component id="oc-175">
         <name>.const:g_sXTALtoMEMTIM</name>
         <load_address>0x88d4</load_address>
         <run_address>0x88d4</run_address>
         <size>0x30</size>
         <input_file_ref idref="fl-19"/>
      </object_component>
      <object_component id="oc-27e">
         <name>.const:g_ppui32SSIIntMap</name>
         <load_address>0x8904</load_address>
         <run_address>0x8904</run_address>
         <size>0x20</size>
         <input_file_ref idref="fl-17"/>
      </object_component>
      <object_component id="oc-281">
         <name>.const:g_ppui32SSIIntMapSnowflake</name>
         <load_address>0x8924</load_address>
         <run_address>0x8924</run_address>
         <size>0x20</size>
         <input_file_ref idref="fl-17"/>
      </object_component>
      <object_component id="oc-161">
         <name>.const:g_pui32Priority</name>
         <load_address>0x8944</load_address>
         <run_address>0x8944</run_address>
         <size>0x20</size>
         <input_file_ref idref="fl-10"/>
      </object_component>
      <object_component id="oc-16a">
         <name>.const:g_pui32Dii16Regs</name>
         <load_address>0x8964</load_address>
         <run_address>0x8964</run_address>
         <size>0x14</size>
         <input_file_ref idref="fl-10"/>
      </object_component>
      <object_component id="oc-167">
         <name>.const:g_pui32EnRegs</name>
         <load_address>0x8978</load_address>
         <run_address>0x8978</run_address>
         <size>0x14</size>
         <input_file_ref idref="fl-10"/>
      </object_component>
      <object_component id="oc-16d">
         <name>.const:g_pui32PendRegs</name>
         <load_address>0x898c</load_address>
         <run_address>0x898c</run_address>
         <size>0x14</size>
         <input_file_ref idref="fl-10"/>
      </object_component>
      <object_component id="oc-170">
         <name>.const:g_pui32UnpendRegs</name>
         <load_address>0x89a0</load_address>
         <run_address>0x89a0</run_address>
         <size>0x14</size>
         <input_file_ref idref="fl-10"/>
      </object_component>
      <object_component id="oc-17b">
         <name>.const:g_pui32VCOFrequencies</name>
         <load_address>0x89b4</load_address>
         <run_address>0x89b4</run_address>
         <size>0x8</size>
         <input_file_ref idref="fl-19"/>
      </object_component>
      <object_component id="oc-479">
         <name>.cinit..data.load</name>
         <load_address>0x89c0</load_address>
         <run_address>0x89c0</run_address>
         <size>0x1f</size>
      </object_component>
      <object_component id="oc-476">
         <name>__TI_handler_table</name>
         <load_address>0x89e0</load_address>
         <run_address>0x89e0</run_address>
         <size>0xc</size>
      </object_component>
      <object_component id="oc-47a">
         <name>.cinit..bss.load</name>
         <load_address>0x89f0</load_address>
         <run_address>0x89f0</run_address>
         <size>0x8</size>
      </object_component>
      <object_component id="oc-478">
         <name>.cinit..vtable.load</name>
         <load_address>0x89f8</load_address>
         <run_address>0x89f8</run_address>
         <size>0x8</size>
      </object_component>
      <object_component id="oc-477">
         <name>__TI_cinit_table</name>
         <load_address>0x8a00</load_address>
         <run_address>0x8a00</run_address>
         <size>0x18</size>
      </object_component>
      <object_component id="oc-15e">
         <name>.vtable</name>
         <uninitialized>true</uninitialized>
         <run_address>0x20000000</run_address>
         <size>0x26c</size>
         <input_file_ref idref="fl-10"/>
      </object_component>
      <object_component id="oc-114">
         <name>.data</name>
         <load_address>0x20001478</load_address>
         <run_address>0x20001478</run_address>
         <size>0x17</size>
         <input_file_ref idref="fl-25"/>
      </object_component>
      <object_component id="oc-361">
         <name>.data:$O1$$</name>
         <load_address>0x20001498</load_address>
         <run_address>0x20001498</run_address>
         <size>0x8</size>
         <input_file_ref idref="fl-ef"/>
      </object_component>
      <object_component id="oc-20f">
         <name>.data:$O1$$</name>
         <load_address>0x20001490</load_address>
         <run_address>0x20001490</run_address>
         <size>0x8</size>
         <input_file_ref idref="fl-ff"/>
      </object_component>
      <object_component id="oc-3de">
         <name>.data</name>
         <load_address>0x200014a0</load_address>
         <run_address>0x200014a0</run_address>
         <size>0x4</size>
         <input_file_ref idref="fl-106"/>
      </object_component>
      <object_component id="oc-1af">
         <name>.common:chip_health_array</name>
         <uninitialized>true</uninitialized>
         <run_address>0x2000120c</run_address>
         <size>0x40</size>
      </object_component>
      <object_component id="oc-1e5">
         <name>.common:error_buffer</name>
         <uninitialized>true</uninitialized>
         <run_address>0x2000026c</run_address>
         <size>0xfa0</size>
      </object_component>
      <object_component id="oc-1b0">
         <name>.common:chip_death_array</name>
         <uninitialized>true</uninitialized>
         <run_address>0x2000124c</run_address>
         <size>0x20</size>
      </object_component>
      <object_component id="oc-1ae">
         <name>.common:reading_chip</name>
         <uninitialized>true</uninitialized>
         <run_address>0x20001270</run_address>
         <size>0x1</size>
      </object_component>
      <object_component id="oc-111">
         <name>.common:ui32Loop</name>
         <uninitialized>true</uninitialized>
         <run_address>0x2000126c</run_address>
         <size>0x4</size>
      </object_component>
      <object_component id="oc-24">
         <name>.sysmem</name>
         <uninitialized>true</uninitialized>
         <run_address>0x200014a8</run_address>
         <size>0x10</size>
         <input_file_ref idref="fl-ef"/>
      </object_component>
      <object_component id="oc-47d">
         <name>.sysmem</name>
         <uninitialized>true</uninitialized>
         <run_address>0x200014a8</run_address>
         <size>0x0</size>
      </object_component>
      <object_component id="oc-27">
         <name>.stack</name>
         <uninitialized>true</uninitialized>
         <run_address>0x20001278</run_address>
         <size>0x4</size>
         <input_file_ref idref="fl-f1"/>
      </object_component>
      <object_component id="oc-47c">
         <name>.stack</name>
         <uninitialized>true</uninitialized>
         <run_address>0x20001278</run_address>
         <size>0x0</size>
      </object_component>
      <object_component id="oc-ca">
         <name>.debug_info</name>
         <load_address>0x0</load_address>
         <run_address>0x0</run_address>
         <size>0x32c</size>
         <input_file_ref idref="fl-2"/>
      </object_component>
      <object_component id="oc-77">
         <name>.debug_info</name>
         <load_address>0x32c</load_address>
         <run_address>0x32c</run_address>
         <size>0x26b</size>
         <input_file_ref idref="fl-2"/>
      </object_component>
      <object_component id="oc-c5">
         <name>.debug_info</name>
         <load_address>0x597</load_address>
         <run_address>0x597</run_address>
         <size>0x8b</size>
         <input_file_ref idref="fl-2"/>
      </object_component>
      <object_component id="oc-c0">
         <name>.debug_info</name>
         <load_address>0x622</load_address>
         <run_address>0x622</run_address>
         <size>0x2a4</size>
         <input_file_ref idref="fl-2"/>
      </object_component>
      <object_component id="oc-183">
         <name>.debug_info</name>
         <load_address>0x8c6</load_address>
         <run_address>0x8c6</run_address>
         <size>0xef</size>
         <input_file_ref idref="fl-2"/>
      </object_component>
      <object_component id="oc-7c">
         <name>.debug_info</name>
         <load_address>0x9b5</load_address>
         <run_address>0x9b5</run_address>
         <size>0xbb</size>
         <input_file_ref idref="fl-2"/>
      </object_component>
      <object_component id="oc-15a">
         <name>.debug_info</name>
         <load_address>0xa70</load_address>
         <run_address>0xa70</run_address>
         <size>0x332</size>
         <input_file_ref idref="fl-6"/>
      </object_component>
      <object_component id="oc-39">
         <name>.debug_info</name>
         <load_address>0xda2</load_address>
         <run_address>0xda2</run_address>
         <size>0x84</size>
         <input_file_ref idref="fl-6"/>
      </object_component>
      <object_component id="oc-f4">
         <name>.debug_info</name>
         <load_address>0xe26</load_address>
         <run_address>0xe26</run_address>
         <size>0x522</size>
         <input_file_ref idref="fl-c"/>
      </object_component>
      <object_component id="oc-193">
         <name>.debug_info</name>
         <load_address>0x1348</load_address>
         <run_address>0x1348</run_address>
         <size>0x356</size>
         <input_file_ref idref="fl-d"/>
      </object_component>
      <object_component id="oc-18a">
         <name>.debug_info</name>
         <load_address>0x169e</load_address>
         <run_address>0x169e</run_address>
         <size>0xf6</size>
         <input_file_ref idref="fl-d"/>
      </object_component>
      <object_component id="oc-18d">
         <name>.debug_info</name>
         <load_address>0x1794</load_address>
         <run_address>0x1794</run_address>
         <size>0xf8</size>
         <input_file_ref idref="fl-d"/>
      </object_component>
      <object_component id="oc-190">
         <name>.debug_info</name>
         <load_address>0x188c</load_address>
         <run_address>0x188c</run_address>
         <size>0xea</size>
         <input_file_ref idref="fl-d"/>
      </object_component>
      <object_component id="oc-e8">
         <name>.debug_info</name>
         <load_address>0x1976</load_address>
         <run_address>0x1976</run_address>
         <size>0x3119</size>
         <input_file_ref idref="fl-d"/>
      </object_component>
      <object_component id="oc-174">
         <name>.debug_info</name>
         <load_address>0x4a8f</load_address>
         <run_address>0x4a8f</run_address>
         <size>0x333</size>
         <input_file_ref idref="fl-10"/>
      </object_component>
      <object_component id="oc-162">
         <name>.debug_info</name>
         <load_address>0x4dc2</load_address>
         <run_address>0x4dc2</run_address>
         <size>0xe5</size>
         <input_file_ref idref="fl-10"/>
      </object_component>
      <object_component id="oc-165">
         <name>.debug_info</name>
         <load_address>0x4ea7</load_address>
         <run_address>0x4ea7</run_address>
         <size>0xdd</size>
         <input_file_ref idref="fl-10"/>
      </object_component>
      <object_component id="oc-168">
         <name>.debug_info</name>
         <load_address>0x4f84</load_address>
         <run_address>0x4f84</run_address>
         <size>0xe1</size>
         <input_file_ref idref="fl-10"/>
      </object_component>
      <object_component id="oc-16b">
         <name>.debug_info</name>
         <load_address>0x5065</load_address>
         <run_address>0x5065</run_address>
         <size>0xe7</size>
         <input_file_ref idref="fl-10"/>
      </object_component>
      <object_component id="oc-16e">
         <name>.debug_info</name>
         <load_address>0x514c</load_address>
         <run_address>0x514c</run_address>
         <size>0xe5</size>
         <input_file_ref idref="fl-10"/>
      </object_component>
      <object_component id="oc-171">
         <name>.debug_info</name>
         <load_address>0x5231</load_address>
         <run_address>0x5231</run_address>
         <size>0xe9</size>
         <input_file_ref idref="fl-10"/>
      </object_component>
      <object_component id="oc-15f">
         <name>.debug_info</name>
         <load_address>0x531a</load_address>
         <run_address>0x531a</run_address>
         <size>0xe6</size>
         <input_file_ref idref="fl-10"/>
      </object_component>
      <object_component id="oc-dd">
         <name>.debug_info</name>
         <load_address>0x5400</load_address>
         <run_address>0x5400</run_address>
         <size>0xce6</size>
         <input_file_ref idref="fl-10"/>
      </object_component>
      <object_component id="oc-285">
         <name>.debug_info</name>
         <load_address>0x60e6</load_address>
         <run_address>0x60e6</run_address>
         <size>0x337</size>
         <input_file_ref idref="fl-17"/>
      </object_component>
      <object_component id="oc-27f">
         <name>.debug_info</name>
         <load_address>0x641d</load_address>
         <run_address>0x641d</run_address>
         <size>0xe3</size>
         <input_file_ref idref="fl-17"/>
      </object_component>
      <object_component id="oc-282">
         <name>.debug_info</name>
         <load_address>0x6500</load_address>
         <run_address>0x6500</run_address>
         <size>0xf5</size>
         <input_file_ref idref="fl-17"/>
      </object_component>
      <object_component id="oc-1b4">
         <name>.debug_info</name>
         <load_address>0x65f5</load_address>
         <run_address>0x65f5</run_address>
         <size>0x1522</size>
         <input_file_ref idref="fl-17"/>
      </object_component>
      <object_component id="oc-188">
         <name>.debug_info</name>
         <load_address>0x7b17</load_address>
         <run_address>0x7b17</run_address>
         <size>0x3b8</size>
         <input_file_ref idref="fl-19"/>
      </object_component>
      <object_component id="oc-179">
         <name>.debug_info</name>
         <load_address>0x7ecf</load_address>
         <run_address>0x7ecf</run_address>
         <size>0xdc</size>
         <input_file_ref idref="fl-19"/>
      </object_component>
      <object_component id="oc-17f">
         <name>.debug_info</name>
         <load_address>0x7fab</load_address>
         <run_address>0x7fab</run_address>
         <size>0xe8</size>
         <input_file_ref idref="fl-19"/>
      </object_component>
      <object_component id="oc-176">
         <name>.debug_info</name>
         <load_address>0x8093</load_address>
         <run_address>0x8093</run_address>
         <size>0xe2</size>
         <input_file_ref idref="fl-19"/>
      </object_component>
      <object_component id="oc-17c">
         <name>.debug_info</name>
         <load_address>0x8175</load_address>
         <run_address>0x8175</run_address>
         <size>0xef</size>
         <input_file_ref idref="fl-19"/>
      </object_component>
      <object_component id="oc-e2">
         <name>.debug_info</name>
         <load_address>0x8264</load_address>
         <run_address>0x8264</run_address>
         <size>0x2b2c</size>
         <input_file_ref idref="fl-19"/>
      </object_component>
      <object_component id="oc-246">
         <name>.debug_info</name>
         <load_address>0xad90</load_address>
         <run_address>0xad90</run_address>
         <size>0x51</size>
         <input_file_ref idref="fl-19"/>
      </object_component>
      <object_component id="oc-259">
         <name>.debug_info</name>
         <load_address>0xade1</load_address>
         <run_address>0xade1</run_address>
         <size>0x343</size>
         <input_file_ref idref="fl-1c"/>
      </object_component>
      <object_component id="oc-253">
         <name>.debug_info</name>
         <load_address>0xb124</load_address>
         <run_address>0xb124</run_address>
         <size>0xe9</size>
         <input_file_ref idref="fl-1c"/>
      </object_component>
      <object_component id="oc-256">
         <name>.debug_info</name>
         <load_address>0xb20d</load_address>
         <run_address>0xb20d</run_address>
         <size>0xfb</size>
         <input_file_ref idref="fl-1c"/>
      </object_component>
      <object_component id="oc-197">
         <name>.debug_info</name>
         <load_address>0xb308</load_address>
         <run_address>0xb308</run_address>
         <size>0x2471</size>
         <input_file_ref idref="fl-1c"/>
      </object_component>
      <object_component id="oc-28f">
         <name>.debug_info</name>
         <load_address>0xd779</load_address>
         <run_address>0xd779</run_address>
         <size>0x338</size>
         <input_file_ref idref="fl-1d"/>
      </object_component>
      <object_component id="oc-289">
         <name>.debug_info</name>
         <load_address>0xdab1</load_address>
         <run_address>0xdab1</run_address>
         <size>0xe6</size>
         <input_file_ref idref="fl-1d"/>
      </object_component>
      <object_component id="oc-28c">
         <name>.debug_info</name>
         <load_address>0xdb97</load_address>
         <run_address>0xdb97</run_address>
         <size>0xf8</size>
         <input_file_ref idref="fl-1d"/>
      </object_component>
      <object_component id="oc-1bd">
         <name>.debug_info</name>
         <load_address>0xdc8f</load_address>
         <run_address>0xdc8f</run_address>
         <size>0x26f8</size>
         <input_file_ref idref="fl-1d"/>
      </object_component>
      <object_component id="oc-276">
         <name>.debug_info</name>
         <load_address>0x10387</load_address>
         <run_address>0x10387</run_address>
         <size>0x30d</size>
         <input_file_ref idref="fl-20"/>
      </object_component>
      <object_component id="oc-1ac">
         <name>.debug_info</name>
         <load_address>0x10694</load_address>
         <run_address>0x10694</run_address>
         <size>0xda2</size>
         <input_file_ref idref="fl-20"/>
      </object_component>
      <object_component id="oc-2ca">
         <name>.debug_info</name>
         <load_address>0x11436</load_address>
         <run_address>0x11436</run_address>
         <size>0x31d</size>
         <input_file_ref idref="fl-21"/>
      </object_component>
      <object_component id="oc-2ae">
         <name>.debug_info</name>
         <load_address>0x11753</load_address>
         <run_address>0x11753</run_address>
         <size>0x273</size>
         <input_file_ref idref="fl-21"/>
      </object_component>
      <object_component id="oc-1fa">
         <name>.debug_info</name>
         <load_address>0x119c6</load_address>
         <run_address>0x119c6</run_address>
         <size>0x86</size>
         <input_file_ref idref="fl-21"/>
      </object_component>
      <object_component id="oc-2c5">
         <name>.debug_info</name>
         <load_address>0x11a4c</load_address>
         <run_address>0x11a4c</run_address>
         <size>0x110</size>
         <input_file_ref idref="fl-21"/>
      </object_component>
      <object_component id="oc-26e">
         <name>.debug_info</name>
         <load_address>0x11b5c</load_address>
         <run_address>0x11b5c</run_address>
         <size>0x2c</size>
         <input_file_ref idref="fl-21"/>
      </object_component>
      <object_component id="oc-1ff">
         <name>.debug_info</name>
         <load_address>0x11b88</load_address>
         <run_address>0x11b88</run_address>
         <size>0x35</size>
         <input_file_ref idref="fl-21"/>
      </object_component>
      <object_component id="oc-341">
         <name>.debug_info</name>
         <load_address>0x11bbd</load_address>
         <run_address>0x11bbd</run_address>
         <size>0x3ae</size>
         <input_file_ref idref="fl-22"/>
      </object_component>
      <object_component id="oc-10f">
         <name>.debug_info</name>
         <load_address>0x11f6b</load_address>
         <run_address>0x11f6b</run_address>
         <size>0x35a</size>
         <input_file_ref idref="fl-22"/>
      </object_component>
      <object_component id="oc-1e8">
         <name>.debug_info</name>
         <load_address>0x122c5</load_address>
         <run_address>0x122c5</run_address>
         <size>0x86</size>
         <input_file_ref idref="fl-22"/>
      </object_component>
      <object_component id="oc-1ed">
         <name>.debug_info</name>
         <load_address>0x1234b</load_address>
         <run_address>0x1234b</run_address>
         <size>0x86</size>
         <input_file_ref idref="fl-22"/>
      </object_component>
      <object_component id="oc-1f5">
         <name>.debug_info</name>
         <load_address>0x123d1</load_address>
         <run_address>0x123d1</run_address>
         <size>0x5e</size>
         <input_file_ref idref="fl-22"/>
      </object_component>
      <object_component id="oc-279">
         <name>.debug_info</name>
         <load_address>0x1242f</load_address>
         <run_address>0x1242f</run_address>
         <size>0xcc</size>
         <input_file_ref idref="fl-22"/>
      </object_component>
      <object_component id="oc-1e7">
         <name>.debug_info</name>
         <load_address>0x124fb</load_address>
         <run_address>0x124fb</run_address>
         <size>0xb66</size>
         <input_file_ref idref="fl-24"/>
      </object_component>
      <object_component id="oc-106">
         <name>.debug_info</name>
         <load_address>0x13061</load_address>
         <run_address>0x13061</run_address>
         <size>0x1dd4</size>
         <input_file_ref idref="fl-24"/>
      </object_component>
      <object_component id="oc-206">
         <name>.debug_info</name>
         <load_address>0x14e35</load_address>
         <run_address>0x14e35</run_address>
         <size>0x16e</size>
         <input_file_ref idref="fl-24"/>
      </object_component>
      <object_component id="oc-112">
         <name>.debug_info</name>
         <load_address>0x14fa3</load_address>
         <run_address>0x14fa3</run_address>
         <size>0x655</size>
         <input_file_ref idref="fl-25"/>
      </object_component>
      <object_component id="oc-115">
         <name>.debug_info</name>
         <load_address>0x155f8</load_address>
         <run_address>0x155f8</run_address>
         <size>0x296</size>
         <input_file_ref idref="fl-25"/>
      </object_component>
      <object_component id="oc-a4">
         <name>.debug_info</name>
         <load_address>0x1588e</load_address>
         <run_address>0x1588e</run_address>
         <size>0x683</size>
         <input_file_ref idref="fl-25"/>
      </object_component>
      <object_component id="oc-1ba">
         <name>.debug_info</name>
         <load_address>0x15f11</load_address>
         <run_address>0x15f11</run_address>
         <size>0x578</size>
         <input_file_ref idref="fl-26"/>
      </object_component>
      <object_component id="oc-101">
         <name>.debug_info</name>
         <load_address>0x16489</load_address>
         <run_address>0x16489</run_address>
         <size>0x49e</size>
         <input_file_ref idref="fl-26"/>
      </object_component>
      <object_component id="oc-1b2">
         <name>.debug_info</name>
         <load_address>0x16927</load_address>
         <run_address>0x16927</run_address>
         <size>0x775</size>
         <input_file_ref idref="fl-27"/>
      </object_component>
      <object_component id="oc-fa">
         <name>.debug_info</name>
         <load_address>0x1709c</load_address>
         <run_address>0x1709c</run_address>
         <size>0x786</size>
         <input_file_ref idref="fl-27"/>
      </object_component>
      <object_component id="oc-ef">
         <name>.debug_info</name>
         <load_address>0x17822</load_address>
         <run_address>0x17822</run_address>
         <size>0x548</size>
         <input_file_ref idref="fl-28"/>
      </object_component>
      <object_component id="oc-32">
         <name>.debug_info</name>
         <load_address>0x17d6a</load_address>
         <run_address>0x17d6a</run_address>
         <size>0x2ad</size>
         <input_file_ref idref="fl-2a"/>
      </object_component>
      <object_component id="oc-13">
         <name>.debug_info</name>
         <load_address>0x18017</load_address>
         <run_address>0x18017</run_address>
         <size>0xec</size>
         <input_file_ref idref="fl-2a"/>
      </object_component>
      <object_component id="oc-2b">
         <name>.debug_info</name>
         <load_address>0x18103</load_address>
         <run_address>0x18103</run_address>
         <size>0x2a0</size>
         <input_file_ref idref="fl-2a"/>
      </object_component>
      <object_component id="oc-2a9">
         <name>.debug_info</name>
         <load_address>0x183a3</load_address>
         <run_address>0x183a3</run_address>
         <size>0x451</size>
         <input_file_ref idref="fl-2b"/>
      </object_component>
      <object_component id="oc-1c8">
         <name>.debug_info</name>
         <load_address>0x187f4</load_address>
         <run_address>0x187f4</run_address>
         <size>0xe18</size>
         <input_file_ref idref="fl-2b"/>
      </object_component>
      <object_component id="oc-2ab">
         <name>.debug_info</name>
         <load_address>0x1960c</load_address>
         <run_address>0x1960c</run_address>
         <size>0x427</size>
         <input_file_ref idref="fl-2c"/>
      </object_component>
      <object_component id="oc-1cf">
         <name>.debug_info</name>
         <load_address>0x19a33</load_address>
         <run_address>0x19a33</run_address>
         <size>0x8e2</size>
         <input_file_ref idref="fl-2c"/>
      </object_component>
      <object_component id="oc-2b3">
         <name>.debug_info</name>
         <load_address>0x1a315</load_address>
         <run_address>0x1a315</run_address>
         <size>0x47e</size>
         <input_file_ref idref="fl-2d"/>
      </object_component>
      <object_component id="oc-1d4">
         <name>.debug_info</name>
         <load_address>0x1a793</load_address>
         <run_address>0x1a793</run_address>
         <size>0xb04</size>
         <input_file_ref idref="fl-2d"/>
      </object_component>
      <object_component id="oc-2b5">
         <name>.debug_info</name>
         <load_address>0x1b297</load_address>
         <run_address>0x1b297</run_address>
         <size>0x427</size>
         <input_file_ref idref="fl-2e"/>
      </object_component>
      <object_component id="oc-1da">
         <name>.debug_info</name>
         <load_address>0x1b6be</load_address>
         <run_address>0x1b6be</run_address>
         <size>0x770</size>
         <input_file_ref idref="fl-2e"/>
      </object_component>
      <object_component id="oc-29d">
         <name>.debug_info</name>
         <load_address>0x1be2e</load_address>
         <run_address>0x1be2e</run_address>
         <size>0x33a</size>
         <input_file_ref idref="fl-e9"/>
      </object_component>
      <object_component id="oc-1c2">
         <name>.debug_info</name>
         <load_address>0x1c168</load_address>
         <run_address>0x1c168</run_address>
         <size>0x1ee</size>
         <input_file_ref idref="fl-e9"/>
      </object_component>
      <object_component id="oc-292">
         <name>.debug_info</name>
         <load_address>0x1c356</load_address>
         <run_address>0x1c356</run_address>
         <size>0x1c3</size>
         <input_file_ref idref="fl-e9"/>
      </object_component>
      <object_component id="oc-298">
         <name>.debug_info</name>
         <load_address>0x1c519</load_address>
         <run_address>0x1c519</run_address>
         <size>0x176</size>
         <input_file_ref idref="fl-e9"/>
      </object_component>
      <object_component id="oc-29e">
         <name>.debug_info</name>
         <load_address>0x1c68f</load_address>
         <run_address>0x1c68f</run_address>
         <size>0x2c</size>
         <input_file_ref idref="fl-e9"/>
      </object_component>
      <object_component id="oc-2a3">
         <name>.debug_info</name>
         <load_address>0x1c6bb</load_address>
         <run_address>0x1c6bb</run_address>
         <size>0x69</size>
         <input_file_ref idref="fl-e9"/>
      </object_component>
      <object_component id="oc-26d">
         <name>.debug_info</name>
         <load_address>0x1c724</load_address>
         <run_address>0x1c724</run_address>
         <size>0x333</size>
         <input_file_ref idref="fl-ea"/>
      </object_component>
      <object_component id="oc-19e">
         <name>.debug_info</name>
         <load_address>0x1ca57</load_address>
         <run_address>0x1ca57</run_address>
         <size>0x1d1</size>
         <input_file_ref idref="fl-ea"/>
      </object_component>
      <object_component id="oc-263">
         <name>.debug_info</name>
         <load_address>0x1cc28</load_address>
         <run_address>0x1cc28</run_address>
         <size>0x18d</size>
         <input_file_ref idref="fl-ea"/>
      </object_component>
      <object_component id="oc-267">
         <name>.debug_info</name>
         <load_address>0x1cdb5</load_address>
         <run_address>0x1cdb5</run_address>
         <size>0x16d</size>
         <input_file_ref idref="fl-ea"/>
      </object_component>
      <object_component id="oc-3f">
         <name>.debug_info</name>
         <load_address>0x1cf22</load_address>
         <run_address>0x1cf22</run_address>
         <size>0x119</size>
         <input_file_ref idref="fl-eb"/>
      </object_component>
      <object_component id="oc-95">
         <name>.debug_info</name>
         <load_address>0x1d03b</load_address>
         <run_address>0x1d03b</run_address>
         <size>0x2d4</size>
         <input_file_ref idref="fl-ec"/>
      </object_component>
      <object_component id="oc-52">
         <name>.debug_info</name>
         <load_address>0x1d30f</load_address>
         <run_address>0x1d30f</run_address>
         <size>0x1b5</size>
         <input_file_ref idref="fl-ec"/>
      </object_component>
      <object_component id="oc-90">
         <name>.debug_info</name>
         <load_address>0x1d4c4</load_address>
         <run_address>0x1d4c4</run_address>
         <size>0x46</size>
         <input_file_ref idref="fl-ec"/>
      </object_component>
      <object_component id="oc-d2">
         <name>.debug_info</name>
         <load_address>0x1d50a</load_address>
         <run_address>0x1d50a</run_address>
         <size>0x2c</size>
         <input_file_ref idref="fl-ec"/>
      </object_component>
      <object_component id="oc-49">
         <name>.debug_info</name>
         <load_address>0x1d536</load_address>
         <run_address>0x1d536</run_address>
         <size>0x2a8</size>
         <input_file_ref idref="fl-ed"/>
      </object_component>
      <object_component id="oc-1e">
         <name>.debug_info</name>
         <load_address>0x1d7de</load_address>
         <run_address>0x1d7de</run_address>
         <size>0x1ea</size>
         <input_file_ref idref="fl-ed"/>
      </object_component>
      <object_component id="oc-44">
         <name>.debug_info</name>
         <load_address>0x1d9c8</load_address>
         <run_address>0x1d9c8</run_address>
         <size>0x46</size>
         <input_file_ref idref="fl-ed"/>
      </object_component>
      <object_component id="oc-88">
         <name>.debug_info</name>
         <load_address>0x1da0e</load_address>
         <run_address>0x1da0e</run_address>
         <size>0x2c</size>
         <input_file_ref idref="fl-ed"/>
      </object_component>
      <object_component id="oc-86">
         <name>.debug_info</name>
         <load_address>0x1da3a</load_address>
         <run_address>0x1da3a</run_address>
         <size>0x29e</size>
         <input_file_ref idref="fl-ee"/>
      </object_component>
      <object_component id="oc-16">
         <name>.debug_info</name>
         <load_address>0x1dcd8</load_address>
         <run_address>0x1dcd8</run_address>
         <size>0x250</size>
         <input_file_ref idref="fl-ee"/>
      </object_component>
      <object_component id="oc-34">
         <name>.debug_info</name>
         <load_address>0x1df28</load_address>
         <run_address>0x1df28</run_address>
         <size>0x60</size>
         <input_file_ref idref="fl-ee"/>
      </object_component>
      <object_component id="oc-cb">
         <name>.debug_info</name>
         <load_address>0x1df88</load_address>
         <run_address>0x1df88</run_address>
         <size>0x46</size>
         <input_file_ref idref="fl-ee"/>
      </object_component>
      <object_component id="oc-81">
         <name>.debug_info</name>
         <load_address>0x1dfce</load_address>
         <run_address>0x1dfce</run_address>
         <size>0x39</size>
         <input_file_ref idref="fl-ee"/>
      </object_component>
      <object_component id="oc-70">
         <name>.debug_info</name>
         <load_address>0x1e007</load_address>
         <run_address>0x1e007</run_address>
         <size>0x3b2</size>
         <input_file_ref idref="fl-ef"/>
      </object_component>
      <object_component id="oc-25">
         <name>.debug_info</name>
         <load_address>0x1e3b9</load_address>
         <run_address>0x1e3b9</run_address>
         <size>0x10c</size>
         <input_file_ref idref="fl-ef"/>
      </object_component>
      <object_component id="oc-362">
         <name>.debug_info</name>
         <load_address>0x1e4c5</load_address>
         <run_address>0x1e4c5</run_address>
         <size>0x13f</size>
         <input_file_ref idref="fl-ef"/>
      </object_component>
      <object_component id="oc-357">
         <name>.debug_info</name>
         <load_address>0x1e604</load_address>
         <run_address>0x1e604</run_address>
         <size>0x168</size>
         <input_file_ref idref="fl-ef"/>
      </object_component>
      <object_component id="oc-2b9">
         <name>.debug_info</name>
         <load_address>0x1e76c</load_address>
         <run_address>0x1e76c</run_address>
         <size>0x18e</size>
         <input_file_ref idref="fl-ef"/>
      </object_component>
      <object_component id="oc-2c0">
         <name>.debug_info</name>
         <load_address>0x1e8fa</load_address>
         <run_address>0x1e8fa</run_address>
         <size>0x19f</size>
         <input_file_ref idref="fl-ef"/>
      </object_component>
      <object_component id="oc-1e2">
         <name>.debug_info</name>
         <load_address>0x1ea99</load_address>
         <run_address>0x1ea99</run_address>
         <size>0x203</size>
         <input_file_ref idref="fl-ef"/>
      </object_component>
      <object_component id="oc-438">
         <name>.debug_info</name>
         <load_address>0x1ec9c</load_address>
         <run_address>0x1ec9c</run_address>
         <size>0x1db</size>
         <input_file_ref idref="fl-ef"/>
      </object_component>
      <object_component id="oc-3f3">
         <name>.debug_info</name>
         <load_address>0x1ee77</load_address>
         <run_address>0x1ee77</run_address>
         <size>0x299</size>
         <input_file_ref idref="fl-ef"/>
      </object_component>
      <object_component id="oc-bb">
         <name>.debug_info</name>
         <load_address>0x1f110</load_address>
         <run_address>0x1f110</run_address>
         <size>0xb2</size>
         <input_file_ref idref="fl-ef"/>
      </object_component>
      <object_component id="oc-b6">
         <name>.debug_info</name>
         <load_address>0x1f1c2</load_address>
         <run_address>0x1f1c2</run_address>
         <size>0x2c</size>
         <input_file_ref idref="fl-ef"/>
      </object_component>
      <object_component id="oc-274">
         <name>.debug_info</name>
         <load_address>0x1f1ee</load_address>
         <run_address>0x1f1ee</run_address>
         <size>0x28f</size>
         <input_file_ref idref="fl-f0"/>
      </object_component>
      <object_component id="oc-1a5">
         <name>.debug_info</name>
         <load_address>0x1f47d</load_address>
         <run_address>0x1f47d</run_address>
         <size>0x245</size>
         <input_file_ref idref="fl-f0"/>
      </object_component>
      <object_component id="oc-28">
         <name>.debug_info</name>
         <load_address>0x1f6c2</load_address>
         <run_address>0x1f6c2</run_address>
         <size>0x10b</size>
         <input_file_ref idref="fl-f1"/>
      </object_component>
      <object_component id="oc-5e">
         <name>.debug_info</name>
         <load_address>0x1f7cd</load_address>
         <run_address>0x1f7cd</run_address>
         <size>0x1a9</size>
         <input_file_ref idref="fl-f1"/>
      </object_component>
      <object_component id="oc-32e">
         <name>.debug_info</name>
         <load_address>0x1f976</load_address>
         <run_address>0x1f976</run_address>
         <size>0x590</size>
         <input_file_ref idref="fl-f2"/>
      </object_component>
      <object_component id="oc-2f9">
         <name>.debug_info</name>
         <load_address>0x1ff06</load_address>
         <run_address>0x1ff06</run_address>
         <size>0x21e</size>
         <input_file_ref idref="fl-f2"/>
      </object_component>
      <object_component id="oc-3a8">
         <name>.debug_info</name>
         <load_address>0x20124</load_address>
         <run_address>0x20124</run_address>
         <size>0x1b3</size>
         <input_file_ref idref="fl-f2"/>
      </object_component>
      <object_component id="oc-3ae">
         <name>.debug_info</name>
         <load_address>0x202d7</load_address>
         <run_address>0x202d7</run_address>
         <size>0x21b</size>
         <input_file_ref idref="fl-f2"/>
      </object_component>
      <object_component id="oc-304">
         <name>.debug_info</name>
         <load_address>0x204f2</load_address>
         <run_address>0x204f2</run_address>
         <size>0x3c0</size>
         <input_file_ref idref="fl-f2"/>
      </object_component>
      <object_component id="oc-3b5">
         <name>.debug_info</name>
         <load_address>0x208b2</load_address>
         <run_address>0x208b2</run_address>
         <size>0x30a</size>
         <input_file_ref idref="fl-f2"/>
      </object_component>
      <object_component id="oc-3bb">
         <name>.debug_info</name>
         <load_address>0x20bbc</load_address>
         <run_address>0x20bbc</run_address>
         <size>0x215</size>
         <input_file_ref idref="fl-f2"/>
      </object_component>
      <object_component id="oc-30a">
         <name>.debug_info</name>
         <load_address>0x20dd1</load_address>
         <run_address>0x20dd1</run_address>
         <size>0x215</size>
         <input_file_ref idref="fl-f2"/>
      </object_component>
      <object_component id="oc-310">
         <name>.debug_info</name>
         <load_address>0x20fe6</load_address>
         <run_address>0x20fe6</run_address>
         <size>0x304</size>
         <input_file_ref idref="fl-f2"/>
      </object_component>
      <object_component id="oc-316">
         <name>.debug_info</name>
         <load_address>0x212ea</load_address>
         <run_address>0x212ea</run_address>
         <size>0x4b5</size>
         <input_file_ref idref="fl-f2"/>
      </object_component>
      <object_component id="oc-25b">
         <name>.debug_info</name>
         <load_address>0x2179f</load_address>
         <run_address>0x2179f</run_address>
         <size>0x5f4</size>
         <input_file_ref idref="fl-f2"/>
      </object_component>
      <object_component id="oc-32f">
         <name>.debug_info</name>
         <load_address>0x21d93</load_address>
         <run_address>0x21d93</run_address>
         <size>0x86</size>
         <input_file_ref idref="fl-f2"/>
      </object_component>
      <object_component id="oc-3e5">
         <name>.debug_info</name>
         <load_address>0x21e19</load_address>
         <run_address>0x21e19</run_address>
         <size>0x39</size>
         <input_file_ref idref="fl-f2"/>
      </object_component>
      <object_component id="oc-42f">
         <name>.debug_info</name>
         <load_address>0x21e52</load_address>
         <run_address>0x21e52</run_address>
         <size>0xb6</size>
         <input_file_ref idref="fl-f2"/>
      </object_component>
      <object_component id="oc-3ea">
         <name>.debug_info</name>
         <load_address>0x21f08</load_address>
         <run_address>0x21f08</run_address>
         <size>0x46</size>
         <input_file_ref idref="fl-f2"/>
      </object_component>
      <object_component id="oc-334">
         <name>.debug_info</name>
         <load_address>0x21f4e</load_address>
         <run_address>0x21f4e</run_address>
         <size>0x46</size>
[...]
      </symbol>
      <symbol id="sm-6d6">
         <name>UARTDebugSend</name>
         <value>0x303</value>
         <object_component_ref idref="oc-105"/>
      </symbol>
      <symbol id="sm-6d7">
         <name>UARTDebugIntHandler</name>
         <value>0x26d</value>
         <object_component_ref idref="oc-105"/>
      </symbol>
      <symbol id="sm-6d8">
         <name>printErrorBuffer</name>
         <value>0x1889</value>
         <object_component_ref idref="oc-105"/>
      </symbol>
      <symbol id="sm-6d9">
         <name>printDebugMenu</name>
         <value>0x339</value>
         <object_component_ref idref="oc-105"/>
      </symbol>
      <symbol id="sm-6da">
         <name>processChipFunctionsInput</name>
         <value>0xf0d</value>
         <object_component_ref idref="oc-105"/>
      </symbol>
      <symbol id="sm-6db">
         <name>processChipHealthInput</name>
         <value>0x1737</value>
         <object_component_ref idref="oc-105"/>
      </symbol>
      <symbol id="sm-6dc">
         <name>processMainMenuInput</name>
         <value>0xcd1</value>
         <object_component_ref idref="oc-105"/>
      </symbol>
      <symbol id="sm-6dd">
         <name>processDebugInput</name>
         <value>0xc6f</value>
         <object_component_ref idref="oc-105"/>
      </symbol>
      <symbol id="sm-6de">
         <name>UARTDebugEnable</name>
         <value>0x2a5</value>
         <object_component_ref idref="oc-105"/>
      </symbol>
      <symbol id="sm-71f">
         <name>chip_health_array</name>
         <value>0x2000120c</value>
      </symbol>
      <symbol id="sm-720">
         <name>error_buffer</name>
         <value>0x2000026c</value>
      </symbol>
      <symbol id="sm-721">
         <name>chip_death_array</name>
         <value>0x2000124c</value>
      </symbol>
      <symbol id="sm-722">
         <name>reading_chip</name>
         <value>0x20001270</value>
      </symbol>
      <symbol id="sm-723">
         <name>ui32Loop</name>
         <value>0x2000126c</value>
      </symbol>
      <symbol id="sm-724">
         <name>BlinkBlueLED</name>
         <value>0x60a9</value>
         <object_component_ref idref="oc-a2"/>
      </symbol>
      <symbol id="sm-725">
         <name>seedErrors</name>
         <value>0x2000148e</value>
         <object_component_ref idref="oc-114"/>
      </symbol>
      <symbol id="sm-726">
         <name>chipSelectStep</name>
         <value>0x2000148d</value>
         <object_component_ref idref="oc-114"/>
      </symbol>
      <symbol id="sm-727">
         <name>currentCycle</name>
         <value>0x2000148c</value>
         <object_component_ref idref="oc-114"/>
      </symbol>
      <symbol id="sm-728">
         <name>EnableBoard1ChipSelectPins</name>
         <value>0x5fd9</value>
         <object_component_ref idref="oc-a2"/>
      </symbol>
      <symbol id="sm-729">
         <name>EnableBoard2ChipSelectPins</name>
         <value>0x6001</value>
         <object_component_ref idref="oc-a2"/>
      </symbol>
      <symbol id="sm-72a">
         <name>menuState</name>
         <value>0x2000148a</value>
         <object_component_ref idref="oc-114"/>
      </symbol>
      <symbol id="sm-72b">
         <name>cycle_time_clockrate</name>
         <value>0x20001480</value>
         <object_component_ref idref="oc-114"/>
      </symbol>
      <symbol id="sm-72c">
         <name>main</name>
         <value>0x6161</value>
         <object_component_ref idref="oc-a2"/>
      </symbol>
      <symbol id="sm-72d">
         <name>timer_current_cycle</name>
         <value>0x20001478</value>
         <object_component_ref idref="oc-114"/>
      </symbol>
      <symbol id="sm-72e">
         <name>BlinkGreenLED</name>
         <value>0x6105</value>
         <object_component_ref idref="oc-a2"/>
      </symbol>
      <symbol id="sm-72f">
         <name>auto_chip_number</name>
         <value>0x20001488</value>
         <object_component_ref idref="oc-114"/>
      </symbol>
      <symbol id="sm-730">
         <name>BlinkRedLED</name>
         <value>0x604d</value>
         <object_component_ref idref="oc-a2"/>
      </symbol>
      <symbol id="sm-731">
         <name>timer_wakeup</name>
         <value>0x2000147c</value>
         <object_component_ref idref="oc-114"/>
      </symbol>
      <symbol id="sm-732">
         <name>selectedBoard</name>
         <value>0x2000148b</value>
         <object_component_ref idref="oc-114"/>
      </symbol>
      <symbol id="sm-733">
         <name>EnableLED</name>
         <value>0x6021</value>
         <object_component_ref idref="oc-a2"/>
      </symbol>
      <symbol id="sm-734">
         <name>current_error</name>
         <value>0x20001484</value>
         <object_component_ref idref="oc-114"/>
      </symbol>
      <symbol id="sm-735">
         <name>current_chip</name>
         <value>0x20001489</value>
         <object_component_ref idref="oc-114"/>
      </symbol>
      <symbol id="sm-761">
         <name>EnableSPI</name>
         <value>0x67d7</value>
         <object_component_ref idref="oc-ff"/>
      </symbol>
      <symbol id="sm-762">
         <name>ChipCycle</name>
         <value>0x6785</value>
         <object_component_ref idref="oc-ff"/>
      </symbol>
      <symbol id="sm-763">
         <name>MDEProcessCycle</name>
         <value>0x674d</value>
         <object_component_ref idref="oc-ff"/>
      </symbol>
      <symbol id="sm-78c">
         <name>MDEWatchdogsEnable</name>
         <value>0x6b1b</value>
         <object_component_ref idref="oc-f9"/>
      </symbol>
      <symbol id="sm-78d">
         <name>MDETimerEnable</name>
         <value>0x6acf</value>
         <object_component_ref idref="oc-f9"/>
      </symbol>
      <symbol id="sm-78e">
         <name>MDEWatchdogPoke</name>
         <value>0x6b9f</value>
         <object_component_ref idref="oc-f9"/>
      </symbol>
      <symbol id="sm-78f">
         <name>MDETimerDisable</name>
         <value>0x6ae7</value>
         <object_component_ref idref="oc-f9"/>
      </symbol>
      <symbol id="sm-790">
         <name>MDETimerConfigure</name>
         <value>0x6aa1</value>
         <object_component_ref idref="oc-f9"/>
      </symbol>
      <symbol id="sm-791">
         <name>MDETimerInt</name>
         <value>0x6af3</value>
         <object_component_ref idref="oc-f9"/>
      </symbol>
      <symbol id="sm-792">
         <name>MDEWatchdogInt</name>
         <value>0x6bc7</value>
         <object_component_ref idref="oc-f9"/>
      </symbol>
      <symbol id="sm-793">
         <name>ChipWatchdogInt</name>
         <value>0x6bd3</value>
         <object_component_ref idref="oc-f9"/>
      </symbol>
      <symbol id="sm-794">
         <name>ChipWatchdogPoke</name>
         <value>0x6b7f</value>
         <object_component_ref idref="oc-f9"/>
      </symbol>
      <symbol id="sm-7c3">
         <name>SetChipSelect</name>
         <value>0x69ed</value>
         <object_component_ref idref="oc-ed"/>
      </symbol>
      <symbol id="sm-7c4">
         <name>RetreiveCSCode</name>
         <value>0x6927</value>
         <object_component_ref idref="oc-ed"/>
      </symbol>
      <symbol id="sm-7c5">
         <name>RetreiveCSPort</name>
         <value>0x68f9</value>
         <object_component_ref idref="oc-ed"/>
      </symbol>
      <symbol id="sm-7c6">
         <name>ResetChipSelect2</name>
         <value>0x6a83</value>
         <object_component_ref idref="oc-ed"/>
      </symbol>
      <symbol id="sm-7c7">
         <name>ResetChipSelect1</name>
         <value>0x6a6d</value>
         <object_component_ref idref="oc-ed"/>
      </symbol>
      <symbol id="sm-7e4">
         <name>ResetISR</name>
         <value>0x8199</value>
         <object_component_ref idref="oc-2a"/>
      </symbol>
      <symbol id="sm-7e5">
         <name>g_pfnVectors</name>
         <value>0x0</value>
         <object_component_ref idref="oc-12"/>
      </symbol>
      <symbol id="sm-830">
         <name>FlashSequenceTransmit</name>
         <value>0x4dd3</value>
         <object_component_ref idref="oc-1c7"/>
      </symbol>
      <symbol id="sm-831">
         <name>FlashErase</name>
         <value>0x4cbd</value>
         <object_component_ref idref="oc-1c7"/>
      </symbol>
      <symbol id="sm-832">
         <name>FlashSequenceRetrieve</name>
         <value>0x4f81</value>
         <object_component_ref idref="oc-1c7"/>
      </symbol>
      <symbol id="sm-833">
         <name>FlashStatusRead</name>
         <value>0x4ba5</value>
         <object_component_ref idref="oc-1c7"/>
      </symbol>
      <symbol id="sm-85d">
         <name>FRAMStatusRead</name>
         <value>0x5add</value>
         <object_component_ref idref="oc-1cd"/>
      </symbol>
      <symbol id="sm-85e">
         <name>FRAMSequenceTransmit</name>
         <value>0x5bc7</value>
         <object_component_ref idref="oc-1cd"/>
      </symbol>
      <symbol id="sm-85f">
         <name>FRAMSequenceRetrieve</name>
         <value>0x5c85</value>
         <object_component_ref idref="oc-1cd"/>
      </symbol>
      <symbol id="sm-897">
         <name>MRAMStatusRead</name>
         <value>0x544d</value>
         <object_component_ref idref="oc-1d3"/>
      </symbol>
      <symbol id="sm-898">
         <name>MRAMSequenceTransmit</name>
         <value>0x5575</value>
         <object_component_ref idref="oc-1d3"/>
      </symbol>
      <symbol id="sm-899">
         <name>MRAMSequenceRetrieve</name>
         <value>0x566b</value>
         <object_component_ref idref="oc-1d3"/>
      </symbol>
      <symbol id="sm-89a">
         <name>MRAMStatusPrepare</name>
         <value>0x54c1</value>
         <object_component_ref idref="oc-1d3"/>
      </symbol>
      <symbol id="sm-8bf">
         <name>SRAMSequenceTransmit</name>
         <value>0x6259</value>
         <object_component_ref idref="oc-1d9"/>
      </symbol>
      <symbol id="sm-8c0">
         <name>SRAMStatusRead</name>
         <value>0x61ed</value>
         <object_component_ref idref="oc-1d9"/>
      </symbol>
      <symbol id="sm-8c1">
         <name>SRAMSequenceRetrieve</name>
         <value>0x62e1</value>
         <object_component_ref idref="oc-1d9"/>
      </symbol>
      <symbol id="sm-8f0">
         <name>snprintf</name>
         <value>0x7e71</value>
         <object_component_ref idref="oc-1c1"/>
      </symbol>
      <symbol id="sm-912">
         <name>sprintf</name>
         <value>0x7f49</value>
         <object_component_ref idref="oc-19c"/>
      </symbol>
      <symbol id="sm-92d">
         <name>memcpy</name>
         <value>0x784f</value>
         <object_component_ref idref="oc-3e"/>
      </symbol>
      <symbol id="sm-92e">
         <name>__aeabi_memcpy</name>
         <value>0x784f</value>
         <object_component_ref idref="oc-3e"/>
      </symbol>
      <symbol id="sm-92f">
         <name>__aeabi_memcpy8</name>
         <value>0x784f</value>
         <object_component_ref idref="oc-3e"/>
      </symbol>
      <symbol id="sm-930">
         <name>__aeabi_memcpy4</name>
         <value>0x784f</value>
         <object_component_ref idref="oc-3e"/>
      </symbol>
      <symbol id="sm-947">
         <name>__TI_zero_init</name>
         <value>0x818d</value>
         <object_component_ref idref="oc-50"/>
      </symbol>
      <symbol id="sm-95e">
         <name>__TI_decompress_none</name>
         <value>0x817f</value>
         <object_component_ref idref="oc-1b"/>
      </symbol>
      <symbol id="sm-981">
         <name>__TI_decompress_lzss</name>
         <value>0x7c5b</value>
         <object_component_ref idref="oc-15"/>
      </symbol>
      <symbol id="sm-a0a">
         <name>_sys_memory</name>
         <value>0x200014a8</value>
         <object_component_ref idref="oc-24"/>
      </symbol>
      <symbol id="sm-a0b">
         <name>free</name>
         <value>0x75f9</value>
         <object_component_ref idref="oc-1df"/>
      </symbol>
      <symbol id="sm-a0c">
         <name>memalign</name>
         <value>0x73fd</value>
         <object_component_ref idref="oc-3f1"/>
      </symbol>
      <symbol id="sm-a0d">
         <name>malloc</name>
         <value>0x81b9</value>
         <object_component_ref idref="oc-356"/>
      </symbol>
      <symbol id="sm-a0e">
         <name>aligned_alloc</name>
         <value>0x73fd</value>
         <object_component_ref idref="oc-3f1"/>
      </symbol>
      <symbol id="sm-a1c">
         <name>strlen</name>
         <value>0x8159</value>
         <object_component_ref idref="oc-1a2"/>
      </symbol>
      <symbol id="sm-a2f">
         <name>__stack</name>
         <value>0x20001278</value>
         <object_component_ref idref="oc-27"/>
      </symbol>
      <symbol id="sm-a30">
         <name>_c_int00_noargs</name>
         <value>0x8005</value>
         <object_component_ref idref="oc-5c"/>
      </symbol>
      <symbol id="sm-b95">
         <name>__TI_printfi</name>
         <value>0x34e1</value>
         <object_component_ref idref="oc-25a"/>
      </symbol>
      <symbol id="sm-bac">
         <name>__aeabi_dsub</name>
         <value>0x6595</value>
         <object_component_ref idref="oc-3a2"/>
      </symbol>
      <symbol id="sm-bad">
         <name>__aeabi_dadd</name>
         <value>0x659f</value>
         <object_component_ref idref="oc-3a2"/>
      </symbol>
      <symbol id="sm-bcf">
         <name>__aeabi_cdcmpeq</name>
         <value>0x7981</value>
         <object_component_ref idref="oc-2fe"/>
      </symbol>
      <symbol id="sm-bd0">
         <name>__aeabi_cdcmple</name>
         <value>0x7981</value>
         <object_component_ref idref="oc-2fe"/>
      </symbol>
      <symbol id="sm-bd1">
         <name>__aeabi_cdrcmple</name>
         <value>0x7a07</value>
         <object_component_ref idref="oc-38d"/>
      </symbol>
      <symbol id="sm-be5">
         <name>__aeabi_ddiv</name>
         <value>0x7091</value>
         <object_component_ref idref="oc-388"/>
      </symbol>
      <symbol id="sm-bf0">
         <name>__aeabi_dmul</name>
         <value>0x74fd</value>
         <object_component_ref idref="oc-383"/>
      </symbol>
      <symbol id="sm-bfa">
         <name>__aeabi_d2iz</name>
         <value>0x7ebd</value>
         <object_component_ref idref="oc-392"/>
      </symbol>
      <symbol id="sm-c04">
         <name>__aeabi_i2d</name>
         <value>0x8069</value>
         <object_component_ref idref="oc-39d"/>
      </symbol>
      <symbol id="sm-c13">
         <name>__aeabi_memset</name>
         <value>0x7a8f</value>
         <object_component_ref idref="oc-96"/>
      </symbol>
      <symbol id="sm-c14">
         <name>memset</name>
         <value>0x7a95</value>
         <object_component_ref idref="oc-96"/>
      </symbol>
      <symbol id="sm-c15">
         <name>__aeabi_memset8</name>
         <value>0x7a8f</value>
         <object_component_ref idref="oc-96"/>
      </symbol>
      <symbol id="sm-c16">
         <name>__aeabi_memset4</name>
         <value>0x7a8f</value>
         <object_component_ref idref="oc-96"/>
      </symbol>
      <symbol id="sm-c17">
         <name>__aeabi_memclr8</name>
         <value>0x7a8d</value>
         <object_component_ref idref="oc-96"/>
      </symbol>
      <symbol id="sm-c18">
         <name>__aeabi_memclr4</name>
         <value>0x7a8d</value>
         <object_component_ref idref="oc-96"/>
      </symbol>
      <symbol id="sm-c19">
         <name>__aeabi_memclr</name>
         <value>0x7a8d</value>
         <object_component_ref idref="oc-96"/>
      </symbol>
      <symbol id="sm-c26">
         <name>__aeabi_uldivmod</name>
         <value>0x78eb</value>
         <object_component_ref idref="oc-37c"/>
      </symbol>
      <symbol id="sm-c4e">
         <name>__TI_auto_init_nobinit_nopinit</name>
         <value>0x7f05</value>
         <object_component_ref idref="oc-124"/>
      </symbol>
      <symbol id="sm-c58">
         <name>_system_pre_init</name>
         <value>0x81c7</value>
         <object_component_ref idref="oc-9c"/>
      </symbol>
      <symbol id="sm-c64">
         <name>C$$EXIT</name>
         <value>0x81cb</value>
         <object_component_ref idref="oc-118"/>
      </symbol>
      <symbol id="sm-c65">
         <name>abort</name>
         <value>0x81cb</value>
         <object_component_ref idref="oc-118"/>
      </symbol>
      <symbol id="sm-c7a">
         <name>_nop</name>
         <value>0x3f2f</value>
         <object_component_ref idref="oc-2cd"/>
      </symbol>
      <symbol id="sm-c7b">
         <name>_lock</name>
         <value>0x20001490</value>
         <object_component_ref idref="oc-20f"/>
      </symbol>
      <symbol id="sm-c7c">
         <name>_unlock</name>
         <value>0x20001494</value>
         <object_component_ref idref="oc-20f"/>
      </symbol>
      <symbol id="sm-c8b">
         <name>__TI_ltoa</name>
         <value>0x7d7f</value>
         <object_component_ref idref="oc-397"/>
      </symbol>
      <symbol id="sm-ca2">
         <name>atoi</name>
         <value>0x7e25</value>
         <object_component_ref idref="oc-2f2"/>
      </symbol>
      <symbol id="sm-cad">
         <name>_ctypes_</name>
         <value>0x8380</value>
         <object_component_ref idref="oc-377"/>
      </symbol>
      <symbol id="sm-cbd">
         <name>memccpy</name>
         <value>0x80dd</value>
         <object_component_ref idref="oc-31b"/>
      </symbol>
      <symbol id="sm-ccd">
         <name>strchr</name>
         <value>0x8143</value>
         <object_component_ref idref="oc-3ce"/>
      </symbol>
      <symbol id="sm-ce3">
         <name>__aeabi_errno_addr</name>
         <value>0x81b1</value>
         <object_component_ref idref="oc-327"/>
      </symbol>
      <symbol id="sm-ce4">
         <name>errno</name>
         <value>0x200014a0</value>
         <object_component_ref idref="oc-3de"/>
      </symbol>
      <symbol id="sm-cfd">
         <name>wcslen</name>
         <value>0x816d</value>
         <object_component_ref idref="oc-321"/>
      </symbol>
      <symbol id="sm-d1d">
         <name>frexpl</name>
         <value>0x7cc5</value>
         <object_component_ref idref="oc-3c2"/>
      </symbol>
      <symbol id="sm-d1e">
         <name>frexp</name>
         <value>0x7cc5</value>
         <object_component_ref idref="oc-3c2"/>
      </symbol>
      <symbol id="sm-d3b">
         <name>scalbn</name>
         <value>0x72ed</value>
         <object_component_ref idref="oc-3c8"/>
      </symbol>
      <symbol id="sm-d3c">
         <name>scalbnl</name>
         <value>0x72ed</value>
         <object_component_ref idref="oc-3c8"/>
      </symbol>
      <symbol id="sm-d3d">
         <name>ldexpl</name>
         <value>0x72ed</value>
         <object_component_ref idref="oc-3c8"/>
      </symbol>
      <symbol id="sm-d3e">
         <name>ldexp</name>
         <value>0x72ed</value>
         <object_component_ref idref="oc-3c8"/>
      </symbol>
      <symbol id="sm-d48">
         <name>__aeabi_idiv0</name>
         <value>0x4573</value>
         <object_component_ref idref="oc-3ff"/>
      </symbol>
      <symbol id="sm-d49">
         <name>__aeabi_ldiv0</name>
         <value>0x4573</value>
         <object_component_ref idref="oc-3ff"/>
      </symbol>
      <symbol id="sm-d53">
         <name>copysign</name>
         <value>0x80f9</value>
         <object_component_ref idref="oc-418"/>
      </symbol>
      <symbol id="sm-d54">
         <name>copysignl</name>
         <value>0x80f9</value>
         <object_component_ref idref="oc-418"/>
      </symbol>
      <symbol id="sm-d55">
         <name>__TI_static_base__</name>
         <value>0x0</value>
      </symbol>
      <symbol id="sm-d58">
         <name>__mpu_init</name>
         <value>0x0</value>
      </symbol>
      <symbol id="sm-d59">
         <name>_system_post_cinit</name>
         <value>0x0</value>
      </symbol>
   </symbol_table>
   <title>Link successful</title>
</link_info>
